Exception on /api/customer/restaurants/:
Traceback (most recent call last):
  File "e:\MealMate\backend\venv\lib\site-packages\django\db\models\fields\related_descriptors.py", line 173, in __get__
    rel_obj = self.field.get_cached_value(instance)
  File "e:\MealMate\backend\venv\lib\site-packages\django\db\models\fields\mixins.py", line 15, in get_cached_value
    return instance._state.fields_cache[cache_name]
KeyError: 'owner'

During handling of the above exception, another exception occurred:

Traceback (most recent call last):
  File "e:\MealMate\backend\venv\lib\site-packages\django\db\models\fields\__init__.py", line 1823, in get_prep_value
    return int(value)
TypeError: int() argument must be a string, a bytes-like object or a real number, not 'ObjectId'

The above exception was the direct cause of the following exception:

Traceback (most recent call last):
  File "e:\MealMate\backend\venv\lib\site-packages\django\core\handlers\base.py", line 181, in _get_response
    response = wrapped_callback(request, *callback_args, **callback_kwargs)
  File "e:\MealMate\backend\venv\lib\site-packages\django\views\decorators\csrf.py", line 54, in wrapped_view
    return view_func(*args, **kwargs)
  File "e:\MealMate\backend\venv\lib\site-packages\rest_framework\viewsets.py", line 125, in view
    return self.dispatch(request, *args, **kwargs)
  File "e:\MealMate\backend\venv\lib\site-packages\rest_framework\views.py", line 509, in dispatch
    response = self.handle_exception(exc)
  File "e:\MealMate\backend\venv\lib\site-packages\rest_framework\views.py", line 469, in handle_exception
    self.raise_uncaught_exception(exc)
  File "e:\MealMate\backend\venv\lib\site-packages\rest_framework\views.py", line 480, in raise_uncaught_exception
    raise exc
  File "e:\MealMate\backend\venv\lib\site-packages\rest_framework\views.py", line 506, in dispatch
    response = handler(request, *args, **kwargs)
  File "e:\MealMate\backend\venv\lib\site-packages\rest_framework\mixins.py", line 46, in list
    return Response(serializer.data)
  File "e:\MealMate\backend\venv\lib\site-packages\rest_framework\serializers.py", line 768, in data
    ret = super().data
  File "e:\MealMate\backend\venv\lib\site-packages\rest_framework\serializers.py", line 253, in data
    self._data = self.to_representation(self.instance)
  File "e:\MealMate\backend\venv\lib\site-packages\rest_framework\serializers.py", line 686, in to_representation
    return [
  File "e:\MealMate\backend\venv\lib\site-packages\rest_framework\serializers.py", line 687, in <listcomp>
    self.child.to_representation(item) for item in iterable
  File "e:\MealMate\backend\venv\lib\site-packages\rest_framework\serializers.py", line 509, in to_representation
    attribute = field.get_attribute(instance)
  File "e:\MealMate\backend\venv\lib\site-packages\rest_framework\fields.py", line 446, in get_attribute
    return get_attribute(instance, self.source_attrs)
  File "e:\MealMate\backend\venv\lib\site-packages\rest_framework\fields.py", line 96, in get_attribute
    instance = getattr(instance, attr)
  File "e:\MealMate\backend\venv\lib\site-packages\django\db\models\fields\related_descriptors.py", line 187, in __get__
    rel_obj = self.get_object(instance)
  File "e:\MealMate\backend\venv\lib\site-packages\django\db\models\fields\related_descriptors.py", line 307, in get_object
    return super().get_object(instance)
  File "e:\MealMate\backend\venv\lib\site-packages\django\db\models\fields\related_descriptors.py", line 154, in get_object
    return qs.get(self.field.get_reverse_related_filter(instance))
  File "e:\MealMate\backend\venv\lib\site-packages\django\db\models\query.py", line 424, in get
    clone = self._chain() if self.query.combinator else self.filter(*args, **kwargs)
  File "e:\MealMate\backend\venv\lib\site-packages\django\db\models\query.py", line 941, in filter
    return self._filter_or_exclude(False, args, kwargs)
  File "e:\MealMate\backend\venv\lib\site-packages\django\db\models\query.py", line 961, in _filter_or_exclude
    clone._filter_or_exclude_inplace(negate, args, kwargs)
  File "e:\MealMate\backend\venv\lib\site-packages\django\db\models\query.py", line 968, in _filter_or_exclude_inplace
    self._query.add_q(Q(*args, **kwargs))
  File "e:\MealMate\backend\venv\lib\site-packages\django\db\models\sql\query.py", line 1416, in add_q
    clause, _ = self._add_q(q_object, self.used_aliases)
  File "e:\MealMate\backend\venv\lib\site-packages\django\db\models\sql\query.py", line 1435, in _add_q
    child_clause, needed_inner = self.build_filter(
  File "e:\MealMate\backend\venv\lib\site-packages\django\db\models\sql\query.py", line 1288, in build_filter
    return self._add_q(
  File "e:\MealMate\backend\venv\lib\site-packages\django\db\models\sql\query.py", line 1435, in _add_q
    child_clause, needed_inner = self.build_filter(
  File "e:\MealMate\backend\venv\lib\site-packages\django\db\models\sql\query.py", line 1370, in build_filter
    condition = self.build_lookup(lookups, col, value)
  File "e:\MealMate\backend\venv\lib\site-packages\django\db\models\sql\query.py", line 1216, in build_lookup
    lookup = lookup_class(lhs, rhs)
  File "e:\MealMate\backend\venv\lib\site-packages\django\db\models\lookups.py", line 25, in __init__
    self.rhs = self.get_prep_lookup()
  File "e:\MealMate\backend\venv\lib\site-packages\django\db\models\lookups.py", line 77, in get_prep_lookup
    return self.lhs.output_field.get_prep_value(self.rhs)
  File "e:\MealMate\backend\venv\lib\site-packages\django\db\models\fields\__init__.py", line 1825, in get_prep_value
    raise e.__class__(
TypeError: Field 'id' expected a number but got ObjectId('6a7403a3ebdeaa8dda9319fb').
--------------------------------------------------------------------------------
Exception on /api/customer/restaurants/:
Traceback (most recent call last):
  File "e:\MealMate\backend\venv\lib\site-packages\django\db\models\fields\related_descriptors.py", line 173, in __get__
    rel_obj = self.field.get_cached_value(instance)
  File "e:\MealMate\backend\venv\lib\site-packages\django\db\models\fields\mixins.py", line 15, in get_cached_value
    return instance._state.fields_cache[cache_name]
KeyError: 'owner'

During handling of the above exception, another exception occurred:

Traceback (most recent call last):
  File "e:\MealMate\backend\venv\lib\site-packages\django\db\models\fields\__init__.py", line 1823, in get_prep_value
    return int(value)
TypeError: int() argument must be a string, a bytes-like object or a real number, not 'ObjectId'

The above exception was the direct cause of the following exception:

Traceback (most recent call last):
  File "e:\MealMate\backend\venv\lib\site-packages\django\core\handlers\base.py", line 181, in _get_response
    response = wrapped_callback(request, *callback_args, **callback_kwargs)
  File "e:\MealMate\backend\venv\lib\site-packages\django\views\decorators\csrf.py", line 54, in wrapped_view
    return view_func(*args, **kwargs)
  File "e:\MealMate\backend\venv\lib\site-packages\rest_framework\viewsets.py", line 125, in view
    return self.dispatch(request, *args, **kwargs)
  File "e:\MealMate\backend\venv\lib\site-packages\rest_framework\views.py", line 509, in dispatch
    response = self.handle_exception(exc)
  File "e:\MealMate\backend\venv\lib\site-packages\rest_framework\views.py", line 469, in handle_exception
    self.raise_uncaught_exception(exc)
  File "e:\MealMate\backend\venv\lib\site-packages\rest_framework\views.py", line 480, in raise_uncaught_exception
    raise exc
  File "e:\MealMate\backend\venv\lib\site-packages\rest_framework\views.py", line 506, in dispatch
    response = handler(request, *args, **kwargs)
  File "e:\MealMate\backend\venv\lib\site-packages\rest_framework\mixins.py", line 46, in list
    return Response(serializer.data)
  File "e:\MealMate\backend\venv\lib\site-packages\rest_framework\serializers.py", line 768, in data
    ret = super().data
  File "e:\MealMate\backend\venv\lib\site-packages\rest_framework\serializers.py", line 253, in data
    self._data = self.to_representation(self.instance)
  File "e:\MealMate\backend\venv\lib\site-packages\rest_framework\serializers.py", line 686, in to_representation
    return [
  File "e:\MealMate\backend\venv\lib\site-packages\rest_framework\serializers.py", line 687, in <listcomp>
    self.child.to_representation(item) for item in iterable
  File "e:\MealMate\backend\venv\lib\site-packages\rest_framework\serializers.py", line 509, in to_representation
    attribute = field.get_attribute(instance)
  File "e:\MealMate\backend\venv\lib\site-packages\rest_framework\fields.py", line 446, in get_attribute
    return get_attribute(instance, self.source_attrs)
  File "e:\MealMate\backend\venv\lib\site-packages\rest_framework\fields.py", line 96, in get_attribute
    instance = getattr(instance, attr)
  File "e:\MealMate\backend\venv\lib\site-packages\django\db\models\fields\related_descriptors.py", line 187, in __get__
    rel_obj = self.get_object(instance)
  File "e:\MealMate\backend\venv\lib\site-packages\django\db\models\fields\related_descriptors.py", line 307, in get_object
    return super().get_object(instance)
  File "e:\MealMate\backend\venv\lib\site-packages\django\db\models\fields\related_descriptors.py", line 154, in get_object
    return qs.get(self.field.get_reverse_related_filter(instance))
  File "e:\MealMate\backend\venv\lib\site-packages\django\db\models\query.py", line 424, in get
    clone = self._chain() if self.query.combinator else self.filter(*args, **kwargs)
  File "e:\MealMate\backend\venv\lib\site-packages\django\db\models\query.py", line 941, in filter
    return self._filter_or_exclude(False, args, kwargs)
  File "e:\MealMate\backend\venv\lib\site-packages\django\db\models\query.py", line 961, in _filter_or_exclude
    clone._filter_or_exclude_inplace(negate, args, kwargs)
  File "e:\MealMate\backend\venv\lib\site-packages\django\db\models\query.py", line 968, in _filter_or_exclude_inplace
    self._query.add_q(Q(*args, **kwargs))
  File "e:\MealMate\backend\venv\lib\site-packages\django\db\models\sql\query.py", line 1416, in add_q
    clause, _ = self._add_q(q_object, self.used_aliases)
  File "e:\MealMate\backend\venv\lib\site-packages\django\db\models\sql\query.py", line 1435, in _add_q
    child_clause, needed_inner = self.build_filter(
  File "e:\MealMate\backend\venv\lib\site-packages\django\db\models\sql\query.py", line 1288, in build_filter
    return self._add_q(
  File "e:\MealMate\backend\venv\lib\site-packages\django\db\models\sql\query.py", line 1435, in _add_q
    child_clause, needed_inner = self.build_filter(
  File "e:\MealMate\backend\venv\lib\site-packages\django\db\models\sql\query.py", line 1370, in build_filter
    condition = self.build_lookup(lookups, col, value)
  File "e:\MealMate\backend\venv\lib\site-packages\django\db\models\sql\query.py", line 1216, in build_lookup
    lookup = lookup_class(lhs, rhs)
  File "e:\MealMate\backend\venv\lib\site-packages\django\db\models\lookups.py", line 25, in __init__
    self.rhs = self.get_prep_lookup()
  File "e:\MealMate\backend\venv\lib\site-packages\django\db\models\lookups.py", line 77, in get_prep_lookup
    return self.lhs.output_field.get_prep_value(self.rhs)
  File "e:\MealMate\backend\venv\lib\site-packages\django\db\models\fields\__init__.py", line 1825, in get_prep_value
    raise e.__class__(
TypeError: Field 'id' expected a number but got ObjectId('6a7403a3ebdeaa8dda9319fb').
--------------------------------------------------------------------------------
Exception on /api/customer/restaurants/:
Traceback (most recent call last):
  File "e:\MealMate\backend\venv\lib\site-packages\django\db\models\fields\related_descriptors.py", line 173, in __get__
    rel_obj = self.field.get_cached_value(instance)
  File "e:\MealMate\backend\venv\lib\site-packages\django\db\models\fields\mixins.py", line 15, in get_cached_value
    return instance._state.fields_cache[cache_name]
KeyError: 'owner'

During handling of the above exception, another exception occurred:

Traceback (most recent call last):
  File "e:\MealMate\backend\venv\lib\site-packages\django\db\models\fields\__init__.py", line 1823, in get_prep_value
    return int(value)
TypeError: int() argument must be a string, a bytes-like object or a real number, not 'ObjectId'

The above exception was the direct cause of the following exception:

Traceback (most recent call last):
  File "e:\MealMate\backend\venv\lib\site-packages\django\core\handlers\base.py", line 181, in _get_response
    response = wrapped_callback(request, *callback_args, **callback_kwargs)
  File "e:\MealMate\backend\venv\lib\site-packages\django\views\decorators\csrf.py", line 54, in wrapped_view
    return view_func(*args, **kwargs)
  File "e:\MealMate\backend\venv\lib\site-packages\rest_framework\viewsets.py", line 125, in view
    return self.dispatch(request, *args, **kwargs)
  File "e:\MealMate\backend\venv\lib\site-packages\rest_framework\views.py", line 509, in dispatch
    response = self.handle_exception(exc)
  File "e:\MealMate\backend\venv\lib\site-packages\rest_framework\views.py", line 469, in handle_exception
    self.raise_uncaught_exception(exc)
  File "e:\MealMate\backend\venv\lib\site-packages\rest_framework\views.py", line 480, in raise_uncaught_exception
    raise exc
  File "e:\MealMate\backend\venv\lib\site-packages\rest_framework\views.py", line 506, in dispatch
    response = handler(request, *args, **kwargs)
  File "e:\MealMate\backend\venv\lib\site-packages\rest_framework\mixins.py", line 46, in list
    return Response(serializer.data)
  File "e:\MealMate\backend\venv\lib\site-packages\rest_framework\serializers.py", line 768, in data
    ret = super().data
  File "e:\MealMate\backend\venv\lib\site-packages\rest_framework\serializers.py", line 253, in data
    self._data = self.to_representation(self.instance)
  File "e:\MealMate\backend\venv\lib\site-packages\rest_framework\serializers.py", line 686, in to_representation
    return [
  File "e:\MealMate\backend\venv\lib\site-packages\rest_framework\serializers.py", line 687, in <listcomp>
    self.child.to_representation(item) for item in iterable
  File "e:\MealMate\backend\venv\lib\site-packages\rest_framework\serializers.py", line 509, in to_representation
    attribute = field.get_attribute(instance)
  File "e:\MealMate\backend\venv\lib\site-packages\rest_framework\fields.py", line 446, in get_attribute
    return get_attribute(instance, self.source_attrs)
  File "e:\MealMate\backend\venv\lib\site-packages\rest_framework\fields.py", line 96, in get_attribute
    instance = getattr(instance, attr)
  File "e:\MealMate\backend\venv\lib\site-packages\django\db\models\fields\related_descriptors.py", line 187, in __get__
    rel_obj = self.get_object(instance)
  File "e:\MealMate\backend\venv\lib\site-packages\django\db\models\fields\related_descriptors.py", line 307, in get_object
    return super().get_object(instance)
  File "e:\MealMate\backend\venv\lib\site-packages\django\db\models\fields\related_descriptors.py", line 154, in get_object
    return qs.get(self.field.get_reverse_related_filter(instance))
  File "e:\MealMate\backend\venv\lib\site-packages\django\db\models\query.py", line 424, in get
    clone = self._chain() if self.query.combinator else self.filter(*args, **kwargs)
  File "e:\MealMate\backend\venv\lib\site-packages\django\db\models\query.py", line 941, in filter
    return self._filter_or_exclude(False, args, kwargs)
  File "e:\MealMate\backend\venv\lib\site-packages\django\db\models\query.py", line 961, in _filter_or_exclude
    clone._filter_or_exclude_inplace(negate, args, kwargs)
  File "e:\MealMate\backend\venv\lib\site-packages\django\db\models\query.py", line 968, in _filter_or_exclude_inplace
    self._query.add_q(Q(*args, **kwargs))
  File "e:\MealMate\backend\venv\lib\site-packages\django\db\models\sql\query.py", line 1416, in add_q
    clause, _ = self._add_q(q_object, self.used_aliases)
  File "e:\MealMate\backend\venv\lib\site-packages\django\db\models\sql\query.py", line 1435, in _add_q
    child_clause, needed_inner = self.build_filter(
  File "e:\MealMate\backend\venv\lib\site-packages\django\db\models\sql\query.py", line 1288, in build_filter
    return self._add_q(
  File "e:\MealMate\backend\venv\lib\site-packages\django\db\models\sql\query.py", line 1435, in _add_q
    child_clause, needed_inner = self.build_filter(
  File "e:\MealMate\backend\venv\lib\site-packages\django\db\models\sql\query.py", line 1370, in build_filter
    condition = self.build_lookup(lookups, col, value)
  File "e:\MealMate\backend\venv\lib\site-packages\django\db\models\sql\query.py", line 1216, in build_lookup
    lookup = lookup_class(lhs, rhs)
  File "e:\MealMate\backend\venv\lib\site-packages\django\db\models\lookups.py", line 25, in __init__
    self.rhs = self.get_prep_lookup()
  File "e:\MealMate\backend\venv\lib\site-packages\django\db\models\lookups.py", line 77, in get_prep_lookup
    return self.lhs.output_field.get_prep_value(self.rhs)
  File "e:\MealMate\backend\venv\lib\site-packages\django\db\models\fields\__init__.py", line 1825, in get_prep_value
    raise e.__class__(
TypeError: Field 'id' expected a number but got ObjectId('6a7403a3ebdeaa8dda9319fb').
--------------------------------------------------------------------------------
Exception on /api/customer/restaurants/:
Traceback (most recent call last):
  File "e:\MealMate\backend\venv\lib\site-packages\django\db\models\fields\related_descriptors.py", line 173, in __get__
    rel_obj = self.field.get_cached_value(instance)
  File "e:\MealMate\backend\venv\lib\site-packages\django\db\models\fields\mixins.py", line 15, in get_cached_value
    return instance._state.fields_cache[cache_name]
KeyError: 'owner'

During handling of the above exception, another exception occurred:

Traceback (most recent call last):
  File "e:\MealMate\backend\venv\lib\site-packages\django\db\models\fields\__init__.py", line 1823, in get_prep_value
    return int(value)
TypeError: int() argument must be a string, a bytes-like object or a real number, not 'ObjectId'

The above exception was the direct cause of the following exception:

Traceback (most recent call last):
  File "e:\MealMate\backend\venv\lib\site-packages\django\core\handlers\base.py", line 181, in _get_response
    response = wrapped_callback(request, *callback_args, **callback_kwargs)
  File "e:\MealMate\backend\venv\lib\site-packages\django\views\decorators\csrf.py", line 54, in wrapped_view
    return view_func(*args, **kwargs)
  File "e:\MealMate\backend\venv\lib\site-packages\rest_framework\viewsets.py", line 125, in view
    return self.dispatch(request, *args, **kwargs)
  File "e:\MealMate\backend\venv\lib\site-packages\rest_framework\views.py", line 509, in dispatch
    response = self.handle_exception(exc)
  File "e:\MealMate\backend\venv\lib\site-packages\rest_framework\views.py", line 469, in handle_exception
    self.raise_uncaught_exception(exc)
  File "e:\MealMate\backend\venv\lib\site-packages\rest_framework\views.py", line 480, in raise_uncaught_exception
    raise exc
  File "e:\MealMate\backend\venv\lib\site-packages\rest_framework\views.py", line 506, in dispatch
    response = handler(request, *args, **kwargs)
  File "e:\MealMate\backend\venv\lib\site-packages\rest_framework\mixins.py", line 46, in list
    return Response(serializer.data)
  File "e:\MealMate\backend\venv\lib\site-packages\rest_framework\serializers.py", line 768, in data
    ret = super().data
  File "e:\MealMate\backend\venv\lib\site-packages\rest_framework\serializers.py", line 253, in data
    self._data = self.to_representation(self.instance)
  File "e:\MealMate\backend\venv\lib\site-packages\rest_framework\serializers.py", line 686, in to_representation
    return [
  File "e:\MealMate\backend\venv\lib\site-packages\rest_framework\serializers.py", line 687, in <listcomp>
    self.child.to_representation(item) for item in iterable
  File "e:\MealMate\backend\venv\lib\site-packages\rest_framework\serializers.py", line 509, in to_representation
    attribute = field.get_attribute(instance)
  File "e:\MealMate\backend\venv\lib\site-packages\rest_framework\fields.py", line 446, in get_attribute
    return get_attribute(instance, self.source_attrs)
  File "e:\MealMate\backend\venv\lib\site-packages\rest_framework\fields.py", line 96, in get_attribute
    instance = getattr(instance, attr)
  File "e:\MealMate\backend\venv\lib\site-packages\django\db\models\fields\related_descriptors.py", line 187, in __get__
    rel_obj = self.get_object(instance)
  File "e:\MealMate\backend\venv\lib\site-packages\django\db\models\fields\related_descriptors.py", line 307, in get_object
    return super().get_object(instance)
  File "e:\MealMate\backend\venv\lib\site-packages\django\db\models\fields\related_descriptors.py", line 154, in get_object
    return qs.get(self.field.get_reverse_related_filter(instance))
  File "e:\MealMate\backend\venv\lib\site-packages\django\db\models\query.py", line 424, in get
    clone = self._chain() if self.query.combinator else self.filter(*args, **kwargs)
  File "e:\MealMate\backend\venv\lib\site-packages\django\db\models\query.py", line 941, in filter
    return self._filter_or_exclude(False, args, kwargs)
  File "e:\MealMate\backend\venv\lib\site-packages\django\db\models\query.py", line 961, in _filter_or_exclude
    clone._filter_or_exclude_inplace(negate, args, kwargs)
  File "e:\MealMate\backend\venv\lib\site-packages\django\db\models\query.py", line 968, in _filter_or_exclude_inplace
    self._query.add_q(Q(*args, **kwargs))
  File "e:\MealMate\backend\venv\lib\site-packages\django\db\models\sql\query.py", line 1416, in add_q
    clause, _ = self._add_q(q_object, self.used_aliases)
  File "e:\MealMate\backend\venv\lib\site-packages\django\db\models\sql\query.py", line 1435, in _add_q
    child_clause, needed_inner = self.build_filter(
  File "e:\MealMate\backend\venv\lib\site-packages\django\db\models\sql\query.py", line 1288, in build_filter
    return self._add_q(
  File "e:\MealMate\backend\venv\lib\site-packages\django\db\models\sql\query.py", line 1435, in _add_q
    child_clause, needed_inner = self.build_filter(
  File "e:\MealMate\backend\venv\lib\site-packages\django\db\models\sql\query.py", line 1370, in build_filter
    condition = self.build_lookup(lookups, col, value)
  File "e:\MealMate\backend\venv\lib\site-packages\django\db\models\sql\query.py", line 1216, in build_lookup
    lookup = lookup_class(lhs, rhs)
  File "e:\MealMate\backend\venv\lib\site-packages\django\db\models\lookups.py", line 25, in __init__
    self.rhs = self.get_prep_lookup()
  File "e:\MealMate\backend\venv\lib\site-packages\django\db\models\lookups.py", line 77, in get_prep_lookup
    return self.lhs.output_field.get_prep_value(self.rhs)
  File "e:\MealMate\backend\venv\lib\site-packages\django\db\models\fields\__init__.py", line 1825, in get_prep_value
    raise e.__class__(
TypeError: Field 'id' expected a number but got ObjectId('6a7403a3ebdeaa8dda9319fb').
--------------------------------------------------------------------------------
Exception on /api/customer/restaurants/:
Traceback (most recent call last):
  File "e:\MealMate\backend\venv\lib\site-packages\django\db\models\fields\related_descriptors.py", line 173, in __get__
    rel_obj = self.field.get_cached_value(instance)
  File "e:\MealMate\backend\venv\lib\site-packages\django\db\models\fields\mixins.py", line 15, in get_cached_value
    return instance._state.fields_cache[cache_name]
KeyError: 'owner'

During handling of the above exception, another exception occurred:

Traceback (most recent call last):
  File "e:\MealMate\backend\venv\lib\site-packages\django\db\models\fields\__init__.py", line 1823, in get_prep_value
    return int(value)
TypeError: int() argument must be a string, a bytes-like object or a real number, not 'ObjectId'

The above exception was the direct cause of the following exception:

Traceback (most recent call last):
  File "e:\MealMate\backend\venv\lib\site-packages\django\core\handlers\base.py", line 181, in _get_response
    response = wrapped_callback(request, *callback_args, **callback_kwargs)
  File "e:\MealMate\backend\venv\lib\site-packages\django\views\decorators\csrf.py", line 54, in wrapped_view
    return view_func(*args, **kwargs)
  File "e:\MealMate\backend\venv\lib\site-packages\rest_framework\viewsets.py", line 125, in view
    return self.dispatch(request, *args, **kwargs)
  File "e:\MealMate\backend\venv\lib\site-packages\rest_framework\views.py", line 509, in dispatch
    response = self.handle_exception(exc)
  File "e:\MealMate\backend\venv\lib\site-packages\rest_framework\views.py", line 469, in handle_exception
    self.raise_uncaught_exception(exc)
  File "e:\MealMate\backend\venv\lib\site-packages\rest_framework\views.py", line 480, in raise_uncaught_exception
    raise exc
  File "e:\MealMate\backend\venv\lib\site-packages\rest_framework\views.py", line 506, in dispatch
    response = handler(request, *args, **kwargs)
  File "e:\MealMate\backend\venv\lib\site-packages\rest_framework\mixins.py", line 46, in list
    return Response(serializer.data)
  File "e:\MealMate\backend\venv\lib\site-packages\rest_framework\serializers.py", line 768, in data
    ret = super().data
  File "e:\MealMate\backend\venv\lib\site-packages\rest_framework\serializers.py", line 253, in data
    self._data = self.to_representation(self.instance)
  File "e:\MealMate\backend\venv\lib\site-packages\rest_framework\serializers.py", line 686, in to_representation
    return [
  File "e:\MealMate\backend\venv\lib\site-packages\rest_framework\serializers.py", line 687, in <listcomp>
    self.child.to_representation(item) for item in iterable
  File "e:\MealMate\backend\venv\lib\site-packages\rest_framework\serializers.py", line 509, in to_representation
    attribute = field.get_attribute(instance)
  File "e:\MealMate\backend\venv\lib\site-packages\rest_framework\fields.py", line 446, in get_attribute
    return get_attribute(instance, self.source_attrs)
  File "e:\MealMate\backend\venv\lib\site-packages\rest_framework\fields.py", line 96, in get_attribute
    instance = getattr(instance, attr)
  File "e:\MealMate\backend\venv\lib\site-packages\django\db\models\fields\related_descriptors.py", line 187, in __get__
    rel_obj = self.get_object(instance)
  File "e:\MealMate\backend\venv\lib\site-packages\django\db\models\fields\related_descriptors.py", line 307, in get_object
    return super().get_object(instance)
  File "e:\MealMate\backend\venv\lib\site-packages\django\db\models\fields\related_descriptors.py", line 154, in get_object
    return qs.get(self.field.get_reverse_related_filter(instance))
  File "e:\MealMate\backend\venv\lib\site-packages\django\db\models\query.py", line 424, in get
    clone = self._chain() if self.query.combinator else self.filter(*args, **kwargs)
  File "e:\MealMate\backend\venv\lib\site-packages\django\db\models\query.py", line 941, in filter
    return self._filter_or_exclude(False, args, kwargs)
  File "e:\MealMate\backend\venv\lib\site-packages\django\db\models\query.py", line 961, in _filter_or_exclude
    clone._filter_or_exclude_inplace(negate, args, kwargs)
  File "e:\MealMate\backend\venv\lib\site-packages\django\db\models\query.py", line 968, in _filter_or_exclude_inplace
    self._query.add_q(Q(*args, **kwargs))
  File "e:\MealMate\backend\venv\lib\site-packages\django\db\models\sql\query.py", line 1416, in add_q
    clause, _ = self._add_q(q_object, self.used_aliases)
  File "e:\MealMate\backend\venv\lib\site-packages\django\db\models\sql\query.py", line 1435, in _add_q
    child_clause, needed_inner = self.build_filter(
  File "e:\MealMate\backend\venv\lib\site-packages\django\db\models\sql\query.py", line 1288, in build_filter
    return self._add_q(
  File "e:\MealMate\backend\venv\lib\site-packages\django\db\models\sql\query.py", line 1435, in _add_q
    child_clause, needed_inner = self.build_filter(
  File "e:\MealMate\backend\venv\lib\site-packages\django\db\models\sql\query.py", line 1370, in build_filter
    condition = self.build_lookup(lookups, col, value)
  File "e:\MealMate\backend\venv\lib\site-packages\django\db\models\sql\query.py", line 1216, in build_lookup
    lookup = lookup_class(lhs, rhs)
  File "e:\MealMate\backend\venv\lib\site-packages\django\db\models\lookups.py", line 25, in __init__
    self.rhs = self.get_prep_lookup()
  File "e:\MealMate\backend\venv\lib\site-packages\django\db\models\lookups.py", line 77, in get_prep_lookup
    return self.lhs.output_field.get_prep_value(self.rhs)
  File "e:\MealMate\backend\venv\lib\site-packages\django\db\models\fields\__init__.py", line 1825, in get_prep_value
    raise e.__class__(
TypeError: Field 'id' expected a number but got ObjectId('6a7403a3ebdeaa8dda9319fb').
--------------------------------------------------------------------------------
Exception on /api/customer/restaurants/:
Traceback (most recent call last):
  File "e:\MealMate\backend\venv\lib\site-packages\django\db\models\fields\related_descriptors.py", line 173, in __get__
    rel_obj = self.field.get_cached_value(instance)
  File "e:\MealMate\backend\venv\lib\site-packages\django\db\models\fields\mixins.py", line 15, in get_cached_value
    return instance._state.fields_cache[cache_name]
KeyError: 'owner'

During handling of the above exception, another exception occurred:

Traceback (most recent call last):
  File "e:\MealMate\backend\venv\lib\site-packages\django\db\models\fields\__init__.py", line 1823, in get_prep_value
    return int(value)
TypeError: int() argument must be a string, a bytes-like object or a real number, not 'ObjectId'

The above exception was the direct cause of the following exception:

Traceback (most recent call last):
  File "e:\MealMate\backend\venv\lib\site-packages\django\core\handlers\base.py", line 181, in _get_response
    response = wrapped_callback(request, *callback_args, **callback_kwargs)
  File "e:\MealMate\backend\venv\lib\site-packages\django\views\decorators\csrf.py", line 54, in wrapped_view
    return view_func(*args, **kwargs)
  File "e:\MealMate\backend\venv\lib\site-packages\rest_framework\viewsets.py", line 125, in view
    return self.dispatch(request, *args, **kwargs)
  File "e:\MealMate\backend\venv\lib\site-packages\rest_framework\views.py", line 509, in dispatch
    response = self.handle_exception(exc)
  File "e:\MealMate\backend\venv\lib\site-packages\rest_framework\views.py", line 469, in handle_exception
    self.raise_uncaught_exception(exc)
  File "e:\MealMate\backend\venv\lib\site-packages\rest_framework\views.py", line 480, in raise_uncaught_exception
    raise exc
  File "e:\MealMate\backend\venv\lib\site-packages\rest_framework\views.py", line 506, in dispatch
    response = handler(request, *args, **kwargs)
  File "e:\MealMate\backend\venv\lib\site-packages\rest_framework\mixins.py", line 46, in list
    return Response(serializer.data)
  File "e:\MealMate\backend\venv\lib\site-packages\rest_framework\serializers.py", line 768, in data
    ret = super().data
  File "e:\MealMate\backend\venv\lib\site-packages\rest_framework\serializers.py", line 253, in data
    self._data = self.to_representation(self.instance)
  File "e:\MealMate\backend\venv\lib\site-packages\rest_framework\serializers.py", line 686, in to_representation
    return [
  File "e:\MealMate\backend\venv\lib\site-packages\rest_framework\serializers.py", line 687, in <listcomp>
    self.child.to_representation(item) for item in iterable
  File "e:\MealMate\backend\venv\lib\site-packages\rest_framework\serializers.py", line 509, in to_representation
    attribute = field.get_attribute(instance)
  File "e:\MealMate\backend\venv\lib\site-packages\rest_framework\fields.py", line 446, in get_attribute
    return get_attribute(instance, self.source_attrs)
  File "e:\MealMate\backend\venv\lib\site-packages\rest_framework\fields.py", line 96, in get_attribute
    instance = getattr(instance, attr)
  File "e:\MealMate\backend\venv\lib\site-packages\django\db\models\fields\related_descriptors.py", line 187, in __get__
    rel_obj = self.get_object(instance)
  File "e:\MealMate\backend\venv\lib\site-packages\django\db\models\fields\related_descriptors.py", line 307, in get_object
    return super().get_object(instance)
  File "e:\MealMate\backend\venv\lib\site-packages\django\db\models\fields\related_descriptors.py", line 154, in get_object
    return qs.get(self.field.get_reverse_related_filter(instance))
  File "e:\MealMate\backend\venv\lib\site-packages\django\db\models\query.py", line 424, in get
    clone = self._chain() if self.query.combinator else self.filter(*args, **kwargs)
  File "e:\MealMate\backend\venv\lib\site-packages\django\db\models\query.py", line 941, in filter
    return self._filter_or_exclude(False, args, kwargs)
  File "e:\MealMate\backend\venv\lib\site-packages\django\db\models\query.py", line 961, in _filter_or_exclude
    clone._filter_or_exclude_inplace(negate, args, kwargs)
  File "e:\MealMate\backend\venv\lib\site-packages\django\db\models\query.py", line 968, in _filter_or_exclude_inplace
    self._query.add_q(Q(*args, **kwargs))
  File "e:\MealMate\backend\venv\lib\site-packages\django\db\models\sql\query.py", line 1416, in add_q
    clause, _ = self._add_q(q_object, self.used_aliases)
  File "e:\MealMate\backend\venv\lib\site-packages\django\db\models\sql\query.py", line 1435, in _add_q
    child_clause, needed_inner = self.build_filter(
  File "e:\MealMate\backend\venv\lib\site-packages\django\db\models\sql\query.py", line 1288, in build_filter
    return self._add_q(
  File "e:\MealMate\backend\venv\lib\site-packages\django\db\models\sql\query.py", line 1435, in _add_q
    child_clause, needed_inner = self.build_filter(
  File "e:\MealMate\backend\venv\lib\site-packages\django\db\models\sql\query.py", line 1370, in build_filter
    condition = self.build_lookup(lookups, col, value)
  File "e:\MealMate\backend\venv\lib\site-packages\django\db\models\sql\query.py", line 1216, in build_lookup
    lookup = lookup_class(lhs, rhs)
  File "e:\MealMate\backend\venv\lib\site-packages\django\db\models\lookups.py", line 25, in __init__
    self.rhs = self.get_prep_lookup()
  File "e:\MealMate\backend\venv\lib\site-packages\django\db\models\lookups.py", line 77, in get_prep_lookup
    return self.lhs.output_field.get_prep_value(self.rhs)
  File "e:\MealMate\backend\venv\lib\site-packages\django\db\models\fields\__init__.py", line 1825, in get_prep_value
    raise e.__class__(
TypeError: Field 'id' expected a number but got ObjectId('6a7403a3ebdeaa8dda9319fb').
--------------------------------------------------------------------------------
Exception on /api/customer/restaurants/:
Traceback (most recent call last):
  File "e:\MealMate\backend\venv\lib\site-packages\django\db\models\fields\related_descriptors.py", line 173, in __get__
    rel_obj = self.field.get_cached_value(instance)
  File "e:\MealMate\backend\venv\lib\site-packages\django\db\models\fields\mixins.py", line 15, in get_cached_value
    return instance._state.fields_cache[cache_name]
KeyError: 'owner'

During handling of the above exception, another exception occurred:

Traceback (most recent call last):
  File "e:\MealMate\backend\venv\lib\site-packages\django\db\models\fields\__init__.py", line 1823, in get_prep_value
    return int(value)
TypeError: int() argument must be a string, a bytes-like object or a real number, not 'ObjectId'

The above exception was the direct cause of the following exception:

Traceback (most recent call last):
  File "e:\MealMate\backend\venv\lib\site-packages\django\core\handlers\base.py", line 181, in _get_response
    response = wrapped_callback(request, *callback_args, **callback_kwargs)
  File "e:\MealMate\backend\venv\lib\site-packages\django\views\decorators\csrf.py", line 54, in wrapped_view
    return view_func(*args, **kwargs)
  File "e:\MealMate\backend\venv\lib\site-packages\rest_framework\viewsets.py", line 125, in view
    return self.dispatch(request, *args, **kwargs)
  File "e:\MealMate\backend\venv\lib\site-packages\rest_framework\views.py", line 509, in dispatch
    response = self.handle_exception(exc)
  File "e:\MealMate\backend\venv\lib\site-packages\rest_framework\views.py", line 469, in handle_exception
    self.raise_uncaught_exception(exc)
  File "e:\MealMate\backend\venv\lib\site-packages\rest_framework\views.py", line 480, in raise_uncaught_exception
    raise exc
  File "e:\MealMate\backend\venv\lib\site-packages\rest_framework\views.py", line 506, in dispatch
    response = handler(request, *args, **kwargs)
  File "e:\MealMate\backend\venv\lib\site-packages\rest_framework\mixins.py", line 46, in list
    return Response(serializer.data)
  File "e:\MealMate\backend\venv\lib\site-packages\rest_framework\serializers.py", line 768, in data
    ret = super().data
  File "e:\MealMate\backend\venv\lib\site-packages\rest_framework\serializers.py", line 253, in data
    self._data = self.to_representation(self.instance)
  File "e:\MealMate\backend\venv\lib\site-packages\rest_framework\serializers.py", line 686, in to_representation
    return [
  File "e:\MealMate\backend\venv\lib\site-packages\rest_framework\serializers.py", line 687, in <listcomp>
    self.child.to_representation(item) for item in iterable
  File "e:\MealMate\backend\venv\lib\site-packages\rest_framework\serializers.py", line 509, in to_representation
    attribute = field.get_attribute(instance)
  File "e:\MealMate\backend\venv\lib\site-packages\rest_framework\fields.py", line 446, in get_attribute
    return get_attribute(instance, self.source_attrs)
  File "e:\MealMate\backend\venv\lib\site-packages\rest_framework\fields.py", line 96, in get_attribute
    instance = getattr(instance, attr)
  File "e:\MealMate\backend\venv\lib\site-packages\django\db\models\fields\related_descriptors.py", line 187, in __get__
    rel_obj = self.get_object(instance)
  File "e:\MealMate\backend\venv\lib\site-packages\django\db\models\fields\related_descriptors.py", line 307, in get_object
    return super().get_object(instance)
  File "e:\MealMate\backend\venv\lib\site-packages\django\db\models\fields\related_descriptors.py", line 154, in get_object
    return qs.get(self.field.get_reverse_related_filter(instance))
  File "e:\MealMate\backend\venv\lib\site-packages\django\db\models\query.py", line 424, in get
    clone = self._chain() if self.query.combinator else self.filter(*args, **kwargs)
  File "e:\MealMate\backend\venv\lib\site-packages\django\db\models\query.py", line 941, in filter
    return self._filter_or_exclude(False, args, kwargs)
  File "e:\MealMate\backend\venv\lib\site-packages\django\db\models\query.py", line 961, in _filter_or_exclude
    clone._filter_or_exclude_inplace(negate, args, kwargs)
  File "e:\MealMate\backend\venv\lib\site-packages\django\db\models\query.py", line 968, in _filter_or_exclude_inplace
    self._query.add_q(Q(*args, **kwargs))
  File "e:\MealMate\backend\venv\lib\site-packages\django\db\models\sql\query.py", line 1416, in add_q
    clause, _ = self._add_q(q_object, self.used_aliases)
  File "e:\MealMate\backend\venv\lib\site-packages\django\db\models\sql\query.py", line 1435, in _add_q
    child_clause, needed_inner = self.build_filter(
  File "e:\MealMate\backend\venv\lib\site-packages\django\db\models\sql\query.py", line 1288, in build_filter
    return self._add_q(
  File "e:\MealMate\backend\venv\lib\site-packages\django\db\models\sql\query.py", line 1435, in _add_q
    child_clause, needed_inner = self.build_filter(
  File "e:\MealMate\backend\venv\lib\site-packages\django\db\models\sql\query.py", line 1370, in build_filter
    condition = self.build_lookup(lookups, col, value)
  File "e:\MealMate\backend\venv\lib\site-packages\django\db\models\sql\query.py", line 1216, in build_lookup
    lookup = lookup_class(lhs, rhs)
  File "e:\MealMate\backend\venv\lib\site-packages\django\db\models\lookups.py", line 25, in __init__
    self.rhs = self.get_prep_lookup()
  File "e:\MealMate\backend\venv\lib\site-packages\django\db\models\lookups.py", line 77, in get_prep_lookup
    return self.lhs.output_field.get_prep_value(self.rhs)
  File "e:\MealMate\backend\venv\lib\site-packages\django\db\models\fields\__init__.py", line 1825, in get_prep_value
    raise e.__class__(
TypeError: Field 'id' expected a number but got ObjectId('6a7403a3ebdeaa8dda9319fb').
--------------------------------------------------------------------------------
Exception on /api/customer/restaurants/:
Traceback (most recent call last):
  File "e:\MealMate\backend\venv\lib\site-packages\django\db\models\fields\related_descriptors.py", line 173, in __get__
    rel_obj = self.field.get_cached_value(instance)
  File "e:\MealMate\backend\venv\lib\site-packages\django\db\models\fields\mixins.py", line 15, in get_cached_value
    return instance._state.fields_cache[cache_name]
KeyError: 'owner'

During handling of the above exception, another exception occurred:

Traceback (most recent call last):
  File "e:\MealMate\backend\venv\lib\site-packages\django\db\models\fields\__init__.py", line 1823, in get_prep_value
    return int(value)
TypeError: int() argument must be a string, a bytes-like object or a real number, not 'ObjectId'

The above exception was the direct cause of the following exception:

Traceback (most recent call last):
  File "e:\MealMate\backend\venv\lib\site-packages\django\core\handlers\base.py", line 181, in _get_response
    response = wrapped_callback(request, *callback_args, **callback_kwargs)
  File "e:\MealMate\backend\venv\lib\site-packages\django\views\decorators\csrf.py", line 54, in wrapped_view
    return view_func(*args, **kwargs)
  File "e:\MealMate\backend\venv\lib\site-packages\rest_framework\viewsets.py", line 125, in view
    return self.dispatch(request, *args, **kwargs)
  File "e:\MealMate\backend\venv\lib\site-packages\rest_framework\views.py", line 509, in dispatch
    response = self.handle_exception(exc)
  File "e:\MealMate\backend\venv\lib\site-packages\rest_framework\views.py", line 469, in handle_exception
    self.raise_uncaught_exception(exc)
  File "e:\MealMate\backend\venv\lib\site-packages\rest_framework\views.py", line 480, in raise_uncaught_exception
    raise exc
  File "e:\MealMate\backend\venv\lib\site-packages\rest_framework\views.py", line 506, in dispatch
    response = handler(request, *args, **kwargs)
  File "e:\MealMate\backend\venv\lib\site-packages\rest_framework\mixins.py", line 46, in list
    return Response(serializer.data)
  File "e:\MealMate\backend\venv\lib\site-packages\rest_framework\serializers.py", line 768, in data
    ret = super().data
  File "e:\MealMate\backend\venv\lib\site-packages\rest_framework\serializers.py", line 253, in data
    self._data = self.to_representation(self.instance)
  File "e:\MealMate\backend\venv\lib\site-packages\rest_framework\serializers.py", line 686, in to_representation
    return [
  File "e:\MealMate\backend\venv\lib\site-packages\rest_framework\serializers.py", line 687, in <listcomp>
    self.child.to_representation(item) for item in iterable
  File "e:\MealMate\backend\venv\lib\site-packages\rest_framework\serializers.py", line 509, in to_representation
    attribute = field.get_attribute(instance)
  File "e:\MealMate\backend\venv\lib\site-packages\rest_framework\fields.py", line 446, in get_attribute
    return get_attribute(instance, self.source_attrs)
  File "e:\MealMate\backend\venv\lib\site-packages\rest_framework\fields.py", line 96, in get_attribute
    instance = getattr(instance, attr)
  File "e:\MealMate\backend\venv\lib\site-packages\django\db\models\fields\related_descriptors.py", line 187, in __get__
    rel_obj = self.get_object(instance)
  File "e:\MealMate\backend\venv\lib\site-packages\django\db\models\fields\related_descriptors.py", line 307, in get_object
    return super().get_object(instance)
  File "e:\MealMate\backend\venv\lib\site-packages\django\db\models\fields\related_descriptors.py", line 154, in get_object
    return qs.get(self.field.get_reverse_related_filter(instance))
  File "e:\MealMate\backend\venv\lib\site-packages\django\db\models\query.py", line 424, in get
    clone = self._chain() if self.query.combinator else self.filter(*args, **kwargs)
  File "e:\MealMate\backend\venv\lib\site-packages\django\db\models\query.py", line 941, in filter
    return self._filter_or_exclude(False, args, kwargs)
  File "e:\MealMate\backend\venv\lib\site-packages\django\db\models\query.py", line 961, in _filter_or_exclude
    clone._filter_or_exclude_inplace(negate, args, kwargs)
  File "e:\MealMate\backend\venv\lib\site-packages\django\db\models\query.py", line 968, in _filter_or_exclude_inplace
    self._query.add_q(Q(*args, **kwargs))
  File "e:\MealMate\backend\venv\lib\site-packages\django\db\models\sql\query.py", line 1416, in add_q
    clause, _ = self._add_q(q_object, self.used_aliases)
  File "e:\MealMate\backend\venv\lib\site-packages\django\db\models\sql\query.py", line 1435, in _add_q
    child_clause, needed_inner = self.build_filter(
  File "e:\MealMate\backend\venv\lib\site-packages\django\db\models\sql\query.py", line 1288, in build_filter
    return self._add_q(
  File "e:\MealMate\backend\venv\lib\site-packages\django\db\models\sql\query.py", line 1435, in _add_q
    child_clause, needed_inner = self.build_filter(
  File "e:\MealMate\backend\venv\lib\site-packages\django\db\models\sql\query.py", line 1370, in build_filter
    condition = self.build_lookup(lookups, col, value)
  File "e:\MealMate\backend\venv\lib\site-packages\django\db\models\sql\query.py", line 1216, in build_lookup
    lookup = lookup_class(lhs, rhs)
  File "e:\MealMate\backend\venv\lib\site-packages\django\db\models\lookups.py", line 25, in __init__
    self.rhs = self.get_prep_lookup()
  File "e:\MealMate\backend\venv\lib\site-packages\django\db\models\lookups.py", line 77, in get_prep_lookup
    return self.lhs.output_field.get_prep_value(self.rhs)
  File "e:\MealMate\backend\venv\lib\site-packages\django\db\models\fields\__init__.py", line 1825, in get_prep_value
    raise e.__class__(
TypeError: Field 'id' expected a number but got ObjectId('6a7403a3ebdeaa8dda9319fb').
--------------------------------------------------------------------------------
Exception on /api/customer/restaurants/:
Traceback (most recent call last):
  File "e:\MealMate\backend\venv\lib\site-packages\django\db\models\fields\related_descriptors.py", line 173, in __get__
    rel_obj = self.field.get_cached_value(instance)
  File "e:\MealMate\backend\venv\lib\site-packages\django\db\models\fields\mixins.py", line 15, in get_cached_value
    return instance._state.fields_cache[cache_name]
KeyError: 'owner'

During handling of the above exception, another exception occurred:

Traceback (most recent call last):
  File "e:\MealMate\backend\venv\lib\site-packages\django\db\models\fields\__init__.py", line 1823, in get_prep_value
    return int(value)
TypeError: int() argument must be a string, a bytes-like object or a real number, not 'ObjectId'

The above exception was the direct cause of the following exception:

Traceback (most recent call last):
  File "e:\MealMate\backend\venv\lib\site-packages\django\core\handlers\base.py", line 181, in _get_response
    response = wrapped_callback(request, *callback_args, **callback_kwargs)
  File "e:\MealMate\backend\venv\lib\site-packages\django\views\decorators\csrf.py", line 54, in wrapped_view
    return view_func(*args, **kwargs)
  File "e:\MealMate\backend\venv\lib\site-packages\rest_framework\viewsets.py", line 125, in view
    return self.dispatch(request, *args, **kwargs)
  File "e:\MealMate\backend\venv\lib\site-packages\rest_framework\views.py", line 509, in dispatch
    response = self.handle_exception(exc)
  File "e:\MealMate\backend\venv\lib\site-packages\rest_framework\views.py", line 469, in handle_exception
    self.raise_uncaught_exception(exc)
  File "e:\MealMate\backend\venv\lib\site-packages\rest_framework\views.py", line 480, in raise_uncaught_exception
    raise exc
  File "e:\MealMate\backend\venv\lib\site-packages\rest_framework\views.py", line 506, in dispatch
    response = handler(request, *args, **kwargs)
  File "e:\MealMate\backend\venv\lib\site-packages\rest_framework\mixins.py", line 46, in list
    return Response(serializer.data)
  File "e:\MealMate\backend\venv\lib\site-packages\rest_framework\serializers.py", line 768, in data
    ret = super().data
  File "e:\MealMate\backend\venv\lib\site-packages\rest_framework\serializers.py", line 253, in data
    self._data = self.to_representation(self.instance)
  File "e:\MealMate\backend\venv\lib\site-packages\rest_framework\serializers.py", line 686, in to_representation
    return [
  File "e:\MealMate\backend\venv\lib\site-packages\rest_framework\serializers.py", line 687, in <listcomp>
    self.child.to_representation(item) for item in iterable
  File "e:\MealMate\backend\venv\lib\site-packages\rest_framework\serializers.py", line 509, in to_representation
    attribute = field.get_attribute(instance)
  File "e:\MealMate\backend\venv\lib\site-packages\rest_framework\fields.py", line 446, in get_attribute
    return get_attribute(instance, self.source_attrs)
  File "e:\MealMate\backend\venv\lib\site-packages\rest_framework\fields.py", line 96, in get_attribute
    instance = getattr(instance, attr)
  File "e:\MealMate\backend\venv\lib\site-packages\django\db\models\fields\related_descriptors.py", line 187, in __get__
    rel_obj = self.get_object(instance)
  File "e:\MealMate\backend\venv\lib\site-packages\django\db\models\fields\related_descriptors.py", line 307, in get_object
    return super().get_object(instance)
  File "e:\MealMate\backend\venv\lib\site-packages\django\db\models\fields\related_descriptors.py", line 154, in get_object
    return qs.get(self.field.get_reverse_related_filter(instance))
  File "e:\MealMate\backend\venv\lib\site-packages\django\db\models\query.py", line 424, in get
    clone = self._chain() if self.query.combinator else self.filter(*args, **kwargs)
  File "e:\MealMate\backend\venv\lib\site-packages\django\db\models\query.py", line 941, in filter
    return self._filter_or_exclude(False, args, kwargs)
  File "e:\MealMate\backend\venv\lib\site-packages\django\db\models\query.py", line 961, in _filter_or_exclude
    clone._filter_or_exclude_inplace(negate, args, kwargs)
  File "e:\MealMate\backend\venv\lib\site-packages\django\db\models\query.py", line 968, in _filter_or_exclude_inplace
    self._query.add_q(Q(*args, **kwargs))
  File "e:\MealMate\backend\venv\lib\site-packages\django\db\models\sql\query.py", line 1416, in add_q
    clause, _ = self._add_q(q_object, self.used_aliases)
  File "e:\MealMate\backend\venv\lib\site-packages\django\db\models\sql\query.py", line 1435, in _add_q
    child_clause, needed_inner = self.build_filter(
  File "e:\MealMate\backend\venv\lib\site-packages\django\db\models\sql\query.py", line 1288, in build_filter
    return self._add_q(
  File "e:\MealMate\backend\venv\lib\site-packages\django\db\models\sql\query.py", line 1435, in _add_q
    child_clause, needed_inner = self.build_filter(
  File "e:\MealMate\backend\venv\lib\site-packages\django\db\models\sql\query.py", line 1370, in build_filter
    condition = self.build_lookup(lookups, col, value)
  File "e:\MealMate\backend\venv\lib\site-packages\django\db\models\sql\query.py", line 1216, in build_lookup
    lookup = lookup_class(lhs, rhs)
  File "e:\MealMate\backend\venv\lib\site-packages\django\db\models\lookups.py", line 25, in __init__
    self.rhs = self.get_prep_lookup()
  File "e:\MealMate\backend\venv\lib\site-packages\django\db\models\lookups.py", line 77, in get_prep_lookup
    return self.lhs.output_field.get_prep_value(self.rhs)
  File "e:\MealMate\backend\venv\lib\site-packages\django\db\models\fields\__init__.py", line 1825, in get_prep_value
    raise e.__class__(
TypeError: Field 'id' expected a number but got ObjectId('6a7403a3ebdeaa8dda9319fb').
--------------------------------------------------------------------------------
Exception on /api/customer/restaurants/:
Traceback (most recent call last):
  File "e:\MealMate\backend\venv\lib\site-packages\django\db\models\fields\related_descriptors.py", line 173, in __get__
    rel_obj = self.field.get_cached_value(instance)
  File "e:\MealMate\backend\venv\lib\site-packages\django\db\models\fields\mixins.py", line 15, in get_cached_value
    return instance._state.fields_cache[cache_name]
KeyError: 'owner'

During handling of the above exception, another exception occurred:

Traceback (most recent call last):
  File "e:\MealMate\backend\venv\lib\site-packages\django\db\models\fields\__init__.py", line 1823, in get_prep_value
    return int(value)
TypeError: int() argument must be a string, a bytes-like object or a real number, not 'ObjectId'

The above exception was the direct cause of the following exception:

Traceback (most recent call last):
  File "e:\MealMate\backend\venv\lib\site-packages\django\core\handlers\base.py", line 181, in _get_response
    response = wrapped_callback(request, *callback_args, **callback_kwargs)
  File "e:\MealMate\backend\venv\lib\site-packages\django\views\decorators\csrf.py", line 54, in wrapped_view
    return view_func(*args, **kwargs)
  File "e:\MealMate\backend\venv\lib\site-packages\rest_framework\viewsets.py", line 125, in view
    return self.dispatch(request, *args, **kwargs)
  File "e:\MealMate\backend\venv\lib\site-packages\rest_framework\views.py", line 509, in dispatch
    response = self.handle_exception(exc)
  File "e:\MealMate\backend\venv\lib\site-packages\rest_framework\views.py", line 469, in handle_exception
    self.raise_uncaught_exception(exc)
  File "e:\MealMate\backend\venv\lib\site-packages\rest_framework\views.py", line 480, in raise_uncaught_exception
    raise exc
  File "e:\MealMate\backend\venv\lib\site-packages\rest_framework\views.py", line 506, in dispatch
    response = handler(request, *args, **kwargs)
  File "e:\MealMate\backend\venv\lib\site-packages\rest_framework\mixins.py", line 46, in list
    return Response(serializer.data)
  File "e:\MealMate\backend\venv\lib\site-packages\rest_framework\serializers.py", line 768, in data
    ret = super().data
  File "e:\MealMate\backend\venv\lib\site-packages\rest_framework\serializers.py", line 253, in data
    self._data = self.to_representation(self.instance)
  File "e:\MealMate\backend\venv\lib\site-packages\rest_framework\serializers.py", line 686, in to_representation
    return [
  File "e:\MealMate\backend\venv\lib\site-packages\rest_framework\serializers.py", line 687, in <listcomp>
    self.child.to_representation(item) for item in iterable
  File "e:\MealMate\backend\venv\lib\site-packages\rest_framework\serializers.py", line 509, in to_representation
    attribute = field.get_attribute(instance)
  File "e:\MealMate\backend\venv\lib\site-packages\rest_framework\fields.py", line 446, in get_attribute
    return get_attribute(instance, self.source_attrs)
  File "e:\MealMate\backend\venv\lib\site-packages\rest_framework\fields.py", line 96, in get_attribute
    instance = getattr(instance, attr)
  File "e:\MealMate\backend\venv\lib\site-packages\django\db\models\fields\related_descriptors.py", line 187, in __get__
    rel_obj = self.get_object(instance)
  File "e:\MealMate\backend\venv\lib\site-packages\django\db\models\fields\related_descriptors.py", line 307, in get_object
    return super().get_object(instance)
  File "e:\MealMate\backend\venv\lib\site-packages\django\db\models\fields\related_descriptors.py", line 154, in get_object
    return qs.get(self.field.get_reverse_related_filter(instance))
  File "e:\MealMate\backend\venv\lib\site-packages\django\db\models\query.py", line 424, in get
    clone = self._chain() if self.query.combinator else self.filter(*args, **kwargs)
  File "e:\MealMate\backend\venv\lib\site-packages\django\db\models\query.py", line 941, in filter
    return self._filter_or_exclude(False, args, kwargs)
  File "e:\MealMate\backend\venv\lib\site-packages\django\db\models\query.py", line 961, in _filter_or_exclude
    clone._filter_or_exclude_inplace(negate, args, kwargs)
  File "e:\MealMate\backend\venv\lib\site-packages\django\db\models\query.py", line 968, in _filter_or_exclude_inplace
    self._query.add_q(Q(*args, **kwargs))
  File "e:\MealMate\backend\venv\lib\site-packages\django\db\models\sql\query.py", line 1416, in add_q
    clause, _ = self._add_q(q_object, self.used_aliases)
  File "e:\MealMate\backend\venv\lib\site-packages\django\db\models\sql\query.py", line 1435, in _add_q
    child_clause, needed_inner = self.build_filter(
  File "e:\MealMate\backend\venv\lib\site-packages\django\db\models\sql\query.py", line 1288, in build_filter
    return self._add_q(
  File "e:\MealMate\backend\venv\lib\site-packages\django\db\models\sql\query.py", line 1435, in _add_q
    child_clause, needed_inner = self.build_filter(
  File "e:\MealMate\backend\venv\lib\site-packages\django\db\models\sql\query.py", line 1370, in build_filter
    condition = self.build_lookup(lookups, col, value)
  File "e:\MealMate\backend\venv\lib\site-packages\django\db\models\sql\query.py", line 1216, in build_lookup
    lookup = lookup_class(lhs, rhs)
  File "e:\MealMate\backend\venv\lib\site-packages\django\db\models\lookups.py", line 25, in __init__
    self.rhs = self.get_prep_lookup()
  File "e:\MealMate\backend\venv\lib\site-packages\django\db\models\lookups.py", line 77, in get_prep_lookup
    return self.lhs.output_field.get_prep_value(self.rhs)
  File "e:\MealMate\backend\venv\lib\site-packages\django\db\models\fields\__init__.py", line 1825, in get_prep_value
    raise e.__class__(
TypeError: Field 'id' expected a number but got ObjectId('6a7403a3ebdeaa8dda9319fb').
--------------------------------------------------------------------------------
Exception on /api/customer/restaurants/:
Traceback (most recent call last):
  File "e:\MealMate\backend\venv\lib\site-packages\django\db\models\fields\related_descriptors.py", line 173, in __get__
    rel_obj = self.field.get_cached_value(instance)
  File "e:\MealMate\backend\venv\lib\site-packages\django\db\models\fields\mixins.py", line 15, in get_cached_value
    return instance._state.fields_cache[cache_name]
KeyError: 'owner'

During handling of the above exception, another exception occurred:

Traceback (most recent call last):
  File "e:\MealMate\backend\venv\lib\site-packages\django\db\models\fields\__init__.py", line 1823, in get_prep_value
    return int(value)
TypeError: int() argument must be a string, a bytes-like object or a real number, not 'ObjectId'

The above exception was the direct cause of the following exception:

Traceback (most recent call last):
  File "e:\MealMate\backend\venv\lib\site-packages\django\core\handlers\base.py", line 181, in _get_response
    response = wrapped_callback(request, *callback_args, **callback_kwargs)
  File "e:\MealMate\backend\venv\lib\site-packages\django\views\decorators\csrf.py", line 54, in wrapped_view
    return view_func(*args, **kwargs)
  File "e:\MealMate\backend\venv\lib\site-packages\rest_framework\viewsets.py", line 125, in view
    return self.dispatch(request, *args, **kwargs)
  File "e:\MealMate\backend\venv\lib\site-packages\rest_framework\views.py", line 509, in dispatch
    response = self.handle_exception(exc)
  File "e:\MealMate\backend\venv\lib\site-packages\rest_framework\views.py", line 469, in handle_exception
    self.raise_uncaught_exception(exc)
  File "e:\MealMate\backend\venv\lib\site-packages\rest_framework\views.py", line 480, in raise_uncaught_exception
    raise exc
  File "e:\MealMate\backend\venv\lib\site-packages\rest_framework\views.py", line 506, in dispatch
    response = handler(request, *args, **kwargs)
  File "e:\MealMate\backend\venv\lib\site-packages\rest_framework\mixins.py", line 46, in list
    return Response(serializer.data)
  File "e:\MealMate\backend\venv\lib\site-packages\rest_framework\serializers.py", line 768, in data
    ret = super().data
  File "e:\MealMate\backend\venv\lib\site-packages\rest_framework\serializers.py", line 253, in data
    self._data = self.to_representation(self.instance)
  File "e:\MealMate\backend\venv\lib\site-packages\rest_framework\serializers.py", line 686, in to_representation
    return [
  File "e:\MealMate\backend\venv\lib\site-packages\rest_framework\serializers.py", line 687, in <listcomp>
    self.child.to_representation(item) for item in iterable
  File "e:\MealMate\backend\venv\lib\site-packages\rest_framework\serializers.py", line 509, in to_representation
    attribute = field.get_attribute(instance)
  File "e:\MealMate\backend\venv\lib\site-packages\rest_framework\fields.py", line 446, in get_attribute
    return get_attribute(instance, self.source_attrs)
  File "e:\MealMate\backend\venv\lib\site-packages\rest_framework\fields.py", line 96, in get_attribute
    instance = getattr(instance, attr)
  File "e:\MealMate\backend\venv\lib\site-packages\django\db\models\fields\related_descriptors.py", line 187, in __get__
    rel_obj = self.get_object(instance)
  File "e:\MealMate\backend\venv\lib\site-packages\django\db\models\fields\related_descriptors.py", line 307, in get_object
    return super().get_object(instance)
  File "e:\MealMate\backend\venv\lib\site-packages\django\db\models\fields\related_descriptors.py", line 154, in get_object
    return qs.get(self.field.get_reverse_related_filter(instance))
  File "e:\MealMate\backend\venv\lib\site-packages\django\db\models\query.py", line 424, in get
    clone = self._chain() if self.query.combinator else self.filter(*args, **kwargs)
  File "e:\MealMate\backend\venv\lib\site-packages\django\db\models\query.py", line 941, in filter
    return self._filter_or_exclude(False, args, kwargs)
  File "e:\MealMate\backend\venv\lib\site-packages\django\db\models\query.py", line 961, in _filter_or_exclude
    clone._filter_or_exclude_inplace(negate, args, kwargs)
  File "e:\MealMate\backend\venv\lib\site-packages\django\db\models\query.py", line 968, in _filter_or_exclude_inplace
    self._query.add_q(Q(*args, **kwargs))
  File "e:\MealMate\backend\venv\lib\site-packages\django\db\models\sql\query.py", line 1416, in add_q
    clause, _ = self._add_q(q_object, self.used_aliases)
  File "e:\MealMate\backend\venv\lib\site-packages\django\db\models\sql\query.py", line 1435, in _add_q
    child_clause, needed_inner = self.build_filter(
  File "e:\MealMate\backend\venv\lib\site-packages\django\db\models\sql\query.py", line 1288, in build_filter
    return self._add_q(
  File "e:\MealMate\backend\venv\lib\site-packages\django\db\models\sql\query.py", line 1435, in _add_q
    child_clause, needed_inner = self.build_filter(
  File "e:\MealMate\backend\venv\lib\site-packages\django\db\models\sql\query.py", line 1370, in build_filter
    condition = self.build_lookup(lookups, col, value)
  File "e:\MealMate\backend\venv\lib\site-packages\django\db\models\sql\query.py", line 1216, in build_lookup
    lookup = lookup_class(lhs, rhs)
  File "e:\MealMate\backend\venv\lib\site-packages\django\db\models\lookups.py", line 25, in __init__
    self.rhs = self.get_prep_lookup()
  File "e:\MealMate\backend\venv\lib\site-packages\django\db\models\lookups.py", line 77, in get_prep_lookup
    return self.lhs.output_field.get_prep_value(self.rhs)
  File "e:\MealMate\backend\venv\lib\site-packages\django\db\models\fields\__init__.py", line 1825, in get_prep_value
    raise e.__class__(
TypeError: Field 'id' expected a number but got ObjectId('6a7403a3ebdeaa8dda9319fb').
--------------------------------------------------------------------------------
Exception on /api/customer/restaurants/:
Traceback (most recent call last):
  File "e:\MealMate\backend\venv\lib\site-packages\django\db\models\fields\related_descriptors.py", line 173, in __get__
    rel_obj = self.field.get_cached_value(instance)
  File "e:\MealMate\backend\venv\lib\site-packages\django\db\models\fields\mixins.py", line 15, in get_cached_value
    return instance._state.fields_cache[cache_name]
KeyError: 'owner'

During handling of the above exception, another exception occurred:

Traceback (most recent call last):
  File "e:\MealMate\backend\venv\lib\site-packages\django\db\models\fields\__init__.py", line 1823, in get_prep_value
    return int(value)
TypeError: int() argument must be a string, a bytes-like object or a real number, not 'ObjectId'

The above exception was the direct cause of the following exception:

Traceback (most recent call last):
  File "e:\MealMate\backend\venv\lib\site-packages\django\core\handlers\base.py", line 181, in _get_response
    response = wrapped_callback(request, *callback_args, **callback_kwargs)
  File "e:\MealMate\backend\venv\lib\site-packages\django\views\decorators\csrf.py", line 54, in wrapped_view
    return view_func(*args, **kwargs)
  File "e:\MealMate\backend\venv\lib\site-packages\rest_framework\viewsets.py", line 125, in view
    return self.dispatch(request, *args, **kwargs)
  File "e:\MealMate\backend\venv\lib\site-packages\rest_framework\views.py", line 509, in dispatch
    response = self.handle_exception(exc)
  File "e:\MealMate\backend\venv\lib\site-packages\rest_framework\views.py", line 469, in handle_exception
    self.raise_uncaught_exception(exc)
  File "e:\MealMate\backend\venv\lib\site-packages\rest_framework\views.py", line 480, in raise_uncaught_exception
    raise exc
  File "e:\MealMate\backend\venv\lib\site-packages\rest_framework\views.py", line 506, in dispatch
    response = handler(request, *args, **kwargs)
  File "e:\MealMate\backend\venv\lib\site-packages\rest_framework\mixins.py", line 46, in list
    return Response(serializer.data)
  File "e:\MealMate\backend\venv\lib\site-packages\rest_framework\serializers.py", line 768, in data
    ret = super().data
  File "e:\MealMate\backend\venv\lib\site-packages\rest_framework\serializers.py", line 253, in data
    self._data = self.to_representation(self.instance)
  File "e:\MealMate\backend\venv\lib\site-packages\rest_framework\serializers.py", line 686, in to_representation
    return [
  File "e:\MealMate\backend\venv\lib\site-packages\rest_framework\serializers.py", line 687, in <listcomp>
    self.child.to_representation(item) for item in iterable
  File "e:\MealMate\backend\venv\lib\site-packages\rest_framework\serializers.py", line 509, in to_representation
    attribute = field.get_attribute(instance)
  File "e:\MealMate\backend\venv\lib\site-packages\rest_framework\fields.py", line 446, in get_attribute
    return get_attribute(instance, self.source_attrs)
  File "e:\MealMate\backend\venv\lib\site-packages\rest_framework\fields.py", line 96, in get_attribute
    instance = getattr(instance, attr)
  File "e:\MealMate\backend\venv\lib\site-packages\django\db\models\fields\related_descriptors.py", line 187, in __get__
    rel_obj = self.get_object(instance)
  File "e:\MealMate\backend\venv\lib\site-packages\django\db\models\fields\related_descriptors.py", line 307, in get_object
    return super().get_object(instance)
  File "e:\MealMate\backend\venv\lib\site-packages\django\db\models\fields\related_descriptors.py", line 154, in get_object
    return qs.get(self.field.get_reverse_related_filter(instance))
  File "e:\MealMate\backend\venv\lib\site-packages\django\db\models\query.py", line 424, in get
    clone = self._chain() if self.query.combinator else self.filter(*args, **kwargs)
  File "e:\MealMate\backend\venv\lib\site-packages\django\db\models\query.py", line 941, in filter
    return self._filter_or_exclude(False, args, kwargs)
  File "e:\MealMate\backend\venv\lib\site-packages\django\db\models\query.py", line 961, in _filter_or_exclude
    clone._filter_or_exclude_inplace(negate, args, kwargs)
  File "e:\MealMate\backend\venv\lib\site-packages\django\db\models\query.py", line 968, in _filter_or_exclude_inplace
    self._query.add_q(Q(*args, **kwargs))
  File "e:\MealMate\backend\venv\lib\site-packages\django\db\models\sql\query.py", line 1416, in add_q
    clause, _ = self._add_q(q_object, self.used_aliases)
  File "e:\MealMate\backend\venv\lib\site-packages\django\db\models\sql\query.py", line 1435, in _add_q
    child_clause, needed_inner = self.build_filter(
  File "e:\MealMate\backend\venv\lib\site-packages\django\db\models\sql\query.py", line 1288, in build_filter
    return self._add_q(
  File "e:\MealMate\backend\venv\lib\site-packages\django\db\models\sql\query.py", line 1435, in _add_q
    child_clause, needed_inner = self.build_filter(
  File "e:\MealMate\backend\venv\lib\site-packages\django\db\models\sql\query.py", line 1370, in build_filter
    condition = self.build_lookup(lookups, col, value)
  File "e:\MealMate\backend\venv\lib\site-packages\django\db\models\sql\query.py", line 1216, in build_lookup
    lookup = lookup_class(lhs, rhs)
  File "e:\MealMate\backend\venv\lib\site-packages\django\db\models\lookups.py", line 25, in __init__
    self.rhs = self.get_prep_lookup()
  File "e:\MealMate\backend\venv\lib\site-packages\django\db\models\lookups.py", line 77, in get_prep_lookup
    return self.lhs.output_field.get_prep_value(self.rhs)
  File "e:\MealMate\backend\venv\lib\site-packages\django\db\models\fields\__init__.py", line 1825, in get_prep_value
    raise e.__class__(
TypeError: Field 'id' expected a number but got ObjectId('6a7403a3ebdeaa8dda9319fb').
--------------------------------------------------------------------------------
Exception on /api/customer/restaurants/:
Traceback (most recent call last):
  File "e:\MealMate\backend\venv\lib\site-packages\django\db\models\fields\related_descriptors.py", line 173, in __get__
    rel_obj = self.field.get_cached_value(instance)
  File "e:\MealMate\backend\venv\lib\site-packages\django\db\models\fields\mixins.py", line 15, in get_cached_value
    return instance._state.fields_cache[cache_name]
KeyError: 'owner'

During handling of the above exception, another exception occurred:

Traceback (most recent call last):
  File "e:\MealMate\backend\venv\lib\site-packages\django\db\models\fields\__init__.py", line 1823, in get_prep_value
    return int(value)
TypeError: int() argument must be a string, a bytes-like object or a real number, not 'ObjectId'

The above exception was the direct cause of the following exception:

Traceback (most recent call last):
  File "e:\MealMate\backend\venv\lib\site-packages\django\core\handlers\base.py", line 181, in _get_response
    response = wrapped_callback(request, *callback_args, **callback_kwargs)
  File "e:\MealMate\backend\venv\lib\site-packages\django\views\decorators\csrf.py", line 54, in wrapped_view
    return view_func(*args, **kwargs)
  File "e:\MealMate\backend\venv\lib\site-packages\rest_framework\viewsets.py", line 125, in view
    return self.dispatch(request, *args, **kwargs)
  File "e:\MealMate\backend\venv\lib\site-packages\rest_framework\views.py", line 509, in dispatch
    response = self.handle_exception(exc)
  File "e:\MealMate\backend\venv\lib\site-packages\rest_framework\views.py", line 469, in handle_exception
    self.raise_uncaught_exception(exc)
  File "e:\MealMate\backend\venv\lib\site-packages\rest_framework\views.py", line 480, in raise_uncaught_exception
    raise exc
  File "e:\MealMate\backend\venv\lib\site-packages\rest_framework\views.py", line 506, in dispatch
    response = handler(request, *args, **kwargs)
  File "e:\MealMate\backend\venv\lib\site-packages\rest_framework\mixins.py", line 46, in list
    return Response(serializer.data)
  File "e:\MealMate\backend\venv\lib\site-packages\rest_framework\serializers.py", line 768, in data
    ret = super().data
  File "e:\MealMate\backend\venv\lib\site-packages\rest_framework\serializers.py", line 253, in data
    self._data = self.to_representation(self.instance)
  File "e:\MealMate\backend\venv\lib\site-packages\rest_framework\serializers.py", line 686, in to_representation
    return [
  File "e:\MealMate\backend\venv\lib\site-packages\rest_framework\serializers.py", line 687, in <listcomp>
    self.child.to_representation(item) for item in iterable
  File "e:\MealMate\backend\venv\lib\site-packages\rest_framework\serializers.py", line 509, in to_representation
    attribute = field.get_attribute(instance)
  File "e:\MealMate\backend\venv\lib\site-packages\rest_framework\fields.py", line 446, in get_attribute
    return get_attribute(instance, self.source_attrs)
  File "e:\MealMate\backend\venv\lib\site-packages\rest_framework\fields.py", line 96, in get_attribute
    instance = getattr(instance, attr)
  File "e:\MealMate\backend\venv\lib\site-packages\django\db\models\fields\related_descriptors.py", line 187, in __get__
    rel_obj = self.get_object(instance)
  File "e:\MealMate\backend\venv\lib\site-packages\django\db\models\fields\related_descriptors.py", line 307, in get_object
    return super().get_object(instance)
  File "e:\MealMate\backend\venv\lib\site-packages\django\db\models\fields\related_descriptors.py", line 154, in get_object
    return qs.get(self.field.get_reverse_related_filter(instance))
  File "e:\MealMate\backend\venv\lib\site-packages\django\db\models\query.py", line 424, in get
    clone = self._chain() if self.query.combinator else self.filter(*args, **kwargs)
  File "e:\MealMate\backend\venv\lib\site-packages\django\db\models\query.py", line 941, in filter
    return self._filter_or_exclude(False, args, kwargs)
  File "e:\MealMate\backend\venv\lib\site-packages\django\db\models\query.py", line 961, in _filter_or_exclude
    clone._filter_or_exclude_inplace(negate, args, kwargs)
  File "e:\MealMate\backend\venv\lib\site-packages\django\db\models\query.py", line 968, in _filter_or_exclude_inplace
    self._query.add_q(Q(*args, **kwargs))
  File "e:\MealMate\backend\venv\lib\site-packages\django\db\models\sql\query.py", line 1416, in add_q
    clause, _ = self._add_q(q_object, self.used_aliases)
  File "e:\MealMate\backend\venv\lib\site-packages\django\db\models\sql\query.py", line 1435, in _add_q
    child_clause, needed_inner = self.build_filter(
  File "e:\MealMate\backend\venv\lib\site-packages\django\db\models\sql\query.py", line 1288, in build_filter
    return self._add_q(
  File "e:\MealMate\backend\venv\lib\site-packages\django\db\models\sql\query.py", line 1435, in _add_q
    child_clause, needed_inner = self.build_filter(
  File "e:\MealMate\backend\venv\lib\site-packages\django\db\models\sql\query.py", line 1370, in build_filter
    condition = self.build_lookup(lookups, col, value)
  File "e:\MealMate\backend\venv\lib\site-packages\django\db\models\sql\query.py", line 1216, in build_lookup
    lookup = lookup_class(lhs, rhs)
  File "e:\MealMate\backend\venv\lib\site-packages\django\db\models\lookups.py", line 25, in __init__
    self.rhs = self.get_prep_lookup()
  File "e:\MealMate\backend\venv\lib\site-packages\django\db\models\lookups.py", line 77, in get_prep_lookup
    return self.lhs.output_field.get_prep_value(self.rhs)
  File "e:\MealMate\backend\venv\lib\site-packages\django\db\models\fields\__init__.py", line 1825, in get_prep_value
    raise e.__class__(
TypeError: Field 'id' expected a number but got ObjectId('6a7403a3ebdeaa8dda9319fb').
--------------------------------------------------------------------------------
Exception on /api/customer/restaurants/:
Traceback (most recent call last):
  File "e:\MealMate\backend\venv\lib\site-packages\django\db\models\fields\related_descriptors.py", line 173, in __get__
    rel_obj = self.field.get_cached_value(instance)
  File "e:\MealMate\backend\venv\lib\site-packages\django\db\models\fields\mixins.py", line 15, in get_cached_value
    return instance._state.fields_cache[cache_name]
KeyError: 'owner'

During handling of the above exception, another exception occurred:

Traceback (most recent call last):
  File "e:\MealMate\backend\venv\lib\site-packages\django\db\models\fields\__init__.py", line 1823, in get_prep_value
    return int(value)
TypeError: int() argument must be a string, a bytes-like object or a real number, not 'ObjectId'

The above exception was the direct cause of the following exception:

Traceback (most recent call last):
  File "e:\MealMate\backend\venv\lib\site-packages\django\core\handlers\base.py", line 181, in _get_response
    response = wrapped_callback(request, *callback_args, **callback_kwargs)
  File "e:\MealMate\backend\venv\lib\site-packages\django\views\decorators\csrf.py", line 54, in wrapped_view
    return view_func(*args, **kwargs)
  File "e:\MealMate\backend\venv\lib\site-packages\rest_framework\viewsets.py", line 125, in view
    return self.dispatch(request, *args, **kwargs)
  File "e:\MealMate\backend\venv\lib\site-packages\rest_framework\views.py", line 509, in dispatch
    response = self.handle_exception(exc)
  File "e:\MealMate\backend\venv\lib\site-packages\rest_framework\views.py", line 469, in handle_exception
    self.raise_uncaught_exception(exc)
  File "e:\MealMate\backend\venv\lib\site-packages\rest_framework\views.py", line 480, in raise_uncaught_exception
    raise exc
  File "e:\MealMate\backend\venv\lib\site-packages\rest_framework\views.py", line 506, in dispatch
    response = handler(request, *args, **kwargs)
  File "e:\MealMate\backend\venv\lib\site-packages\rest_framework\mixins.py", line 46, in list
    return Response(serializer.data)
  File "e:\MealMate\backend\venv\lib\site-packages\rest_framework\serializers.py", line 768, in data
    ret = super().data
  File "e:\MealMate\backend\venv\lib\site-packages\rest_framework\serializers.py", line 253, in data
    self._data = self.to_representation(self.instance)
  File "e:\MealMate\backend\venv\lib\site-packages\rest_framework\serializers.py", line 686, in to_representation
    return [
  File "e:\MealMate\backend\venv\lib\site-packages\rest_framework\serializers.py", line 687, in <listcomp>
    self.child.to_representation(item) for item in iterable
  File "e:\MealMate\backend\venv\lib\site-packages\rest_framework\serializers.py", line 509, in to_representation
    attribute = field.get_attribute(instance)
  File "e:\MealMate\backend\venv\lib\site-packages\rest_framework\fields.py", line 446, in get_attribute
    return get_attribute(instance, self.source_attrs)
  File "e:\MealMate\backend\venv\lib\site-packages\rest_framework\fields.py", line 96, in get_attribute
    instance = getattr(instance, attr)
  File "e:\MealMate\backend\venv\lib\site-packages\django\db\models\fields\related_descriptors.py", line 187, in __get__
    rel_obj = self.get_object(instance)
  File "e:\MealMate\backend\venv\lib\site-packages\django\db\models\fields\related_descriptors.py", line 307, in get_object
    return super().get_object(instance)
  File "e:\MealMate\backend\venv\lib\site-packages\django\db\models\fields\related_descriptors.py", line 154, in get_object
    return qs.get(self.field.get_reverse_related_filter(instance))
  File "e:\MealMate\backend\venv\lib\site-packages\django\db\models\query.py", line 424, in get
    clone = self._chain() if self.query.combinator else self.filter(*args, **kwargs)
  File "e:\MealMate\backend\venv\lib\site-packages\django\db\models\query.py", line 941, in filter
    return self._filter_or_exclude(False, args, kwargs)
  File "e:\MealMate\backend\venv\lib\site-packages\django\db\models\query.py", line 961, in _filter_or_exclude
    clone._filter_or_exclude_inplace(negate, args, kwargs)
  File "e:\MealMate\backend\venv\lib\site-packages\django\db\models\query.py", line 968, in _filter_or_exclude_inplace
    self._query.add_q(Q(*args, **kwargs))
  File "e:\MealMate\backend\venv\lib\site-packages\django\db\models\sql\query.py", line 1416, in add_q
    clause, _ = self._add_q(q_object, self.used_aliases)
  File "e:\MealMate\backend\venv\lib\site-packages\django\db\models\sql\query.py", line 1435, in _add_q
    child_clause, needed_inner = self.build_filter(
  File "e:\MealMate\backend\venv\lib\site-packages\django\db\models\sql\query.py", line 1288, in build_filter
    return self._add_q(
  File "e:\MealMate\backend\venv\lib\site-packages\django\db\models\sql\query.py", line 1435, in _add_q
    child_clause, needed_inner = self.build_filter(
  File "e:\MealMate\backend\venv\lib\site-packages\django\db\models\sql\query.py", line 1370, in build_filter
    condition = self.build_lookup(lookups, col, value)
  File "e:\MealMate\backend\venv\lib\site-packages\django\db\models\sql\query.py", line 1216, in build_lookup
    lookup = lookup_class(lhs, rhs)
  File "e:\MealMate\backend\venv\lib\site-packages\django\db\models\lookups.py", line 25, in __init__
    self.rhs = self.get_prep_lookup()
  File "e:\MealMate\backend\venv\lib\site-packages\django\db\models\lookups.py", line 77, in get_prep_lookup
    return self.lhs.output_field.get_prep_value(self.rhs)
  File "e:\MealMate\backend\venv\lib\site-packages\django\db\models\fields\__init__.py", line 1825, in get_prep_value
    raise e.__class__(
TypeError: Field 'id' expected a number but got ObjectId('6a7403a3ebdeaa8dda9319fb').
--------------------------------------------------------------------------------
Exception on /api/customer/restaurants/:
Traceback (most recent call last):
  File "e:\MealMate\backend\venv\lib\site-packages\django\db\models\fields\related_descriptors.py", line 173, in __get__
    rel_obj = self.field.get_cached_value(instance)
  File "e:\MealMate\backend\venv\lib\site-packages\django\db\models\fields\mixins.py", line 15, in get_cached_value
    return instance._state.fields_cache[cache_name]
KeyError: 'owner'

During handling of the above exception, another exception occurred:

Traceback (most recent call last):
  File "e:\MealMate\backend\venv\lib\site-packages\django\db\models\fields\__init__.py", line 1823, in get_prep_value
    return int(value)
TypeError: int() argument must be a string, a bytes-like object or a real number, not 'ObjectId'

The above exception was the direct cause of the following exception:

Traceback (most recent call last):
  File "e:\MealMate\backend\venv\lib\site-packages\django\core\handlers\base.py", line 181, in _get_response
    response = wrapped_callback(request, *callback_args, **callback_kwargs)
  File "e:\MealMate\backend\venv\lib\site-packages\django\views\decorators\csrf.py", line 54, in wrapped_view
    return view_func(*args, **kwargs)
  File "e:\MealMate\backend\venv\lib\site-packages\rest_framework\viewsets.py", line 125, in view
    return self.dispatch(request, *args, **kwargs)
  File "e:\MealMate\backend\venv\lib\site-packages\rest_framework\views.py", line 509, in dispatch
    response = self.handle_exception(exc)
  File "e:\MealMate\backend\venv\lib\site-packages\rest_framework\views.py", line 469, in handle_exception
    self.raise_uncaught_exception(exc)
  File "e:\MealMate\backend\venv\lib\site-packages\rest_framework\views.py", line 480, in raise_uncaught_exception
    raise exc
  File "e:\MealMate\backend\venv\lib\site-packages\rest_framework\views.py", line 506, in dispatch
    response = handler(request, *args, **kwargs)
  File "e:\MealMate\backend\venv\lib\site-packages\rest_framework\mixins.py", line 46, in list
    return Response(serializer.data)
  File "e:\MealMate\backend\venv\lib\site-packages\rest_framework\serializers.py", line 768, in data
    ret = super().data
  File "e:\MealMate\backend\venv\lib\site-packages\rest_framework\serializers.py", line 253, in data
    self._data = self.to_representation(self.instance)
  File "e:\MealMate\backend\venv\lib\site-packages\rest_framework\serializers.py", line 686, in to_representation
    return [
  File "e:\MealMate\backend\venv\lib\site-packages\rest_framework\serializers.py", line 687, in <listcomp>
    self.child.to_representation(item) for item in iterable
  File "e:\MealMate\backend\venv\lib\site-packages\rest_framework\serializers.py", line 509, in to_representation
    attribute = field.get_attribute(instance)
  File "e:\MealMate\backend\venv\lib\site-packages\rest_framework\fields.py", line 446, in get_attribute
    return get_attribute(instance, self.source_attrs)
  File "e:\MealMate\backend\venv\lib\site-packages\rest_framework\fields.py", line 96, in get_attribute
    instance = getattr(instance, attr)
  File "e:\MealMate\backend\venv\lib\site-packages\django\db\models\fields\related_descriptors.py", line 187, in __get__
    rel_obj = self.get_object(instance)
  File "e:\MealMate\backend\venv\lib\site-packages\django\db\models\fields\related_descriptors.py", line 307, in get_object
    return super().get_object(instance)
  File "e:\MealMate\backend\venv\lib\site-packages\django\db\models\fields\related_descriptors.py", line 154, in get_object
    return qs.get(self.field.get_reverse_related_filter(instance))
  File "e:\MealMate\backend\venv\lib\site-packages\django\db\models\query.py", line 424, in get
    clone = self._chain() if self.query.combinator else self.filter(*args, **kwargs)
  File "e:\MealMate\backend\venv\lib\site-packages\django\db\models\query.py", line 941, in filter
    return self._filter_or_exclude(False, args, kwargs)
  File "e:\MealMate\backend\venv\lib\site-packages\django\db\models\query.py", line 961, in _filter_or_exclude
    clone._filter_or_exclude_inplace(negate, args, kwargs)
  File "e:\MealMate\backend\venv\lib\site-packages\django\db\models\query.py", line 968, in _filter_or_exclude_inplace
    self._query.add_q(Q(*args, **kwargs))
  File "e:\MealMate\backend\venv\lib\site-packages\django\db\models\sql\query.py", line 1416, in add_q
    clause, _ = self._add_q(q_object, self.used_aliases)
  File "e:\MealMate\backend\venv\lib\site-packages\django\db\models\sql\query.py", line 1435, in _add_q
    child_clause, needed_inner = self.build_filter(
  File "e:\MealMate\backend\venv\lib\site-packages\django\db\models\sql\query.py", line 1288, in build_filter
    return self._add_q(
  File "e:\MealMate\backend\venv\lib\site-packages\django\db\models\sql\query.py", line 1435, in _add_q
    child_clause, needed_inner = self.build_filter(
  File "e:\MealMate\backend\venv\lib\site-packages\django\db\models\sql\query.py", line 1370, in build_filter
    condition = self.build_lookup(lookups, col, value)
  File "e:\MealMate\backend\venv\lib\site-packages\django\db\models\sql\query.py", line 1216, in build_lookup
    lookup = lookup_class(lhs, rhs)
  File "e:\MealMate\backend\venv\lib\site-packages\django\db\models\lookups.py", line 25, in __init__
    self.rhs = self.get_prep_lookup()
  File "e:\MealMate\backend\venv\lib\site-packages\django\db\models\lookups.py", line 77, in get_prep_lookup
    return self.lhs.output_field.get_prep_value(self.rhs)
  File "e:\MealMate\backend\venv\lib\site-packages\django\db\models\fields\__init__.py", line 1825, in get_prep_value
    raise e.__class__(
TypeError: Field 'id' expected a number but got ObjectId('6a7403a3ebdeaa8dda9319fb').
--------------------------------------------------------------------------------
Exception on /api/customer/restaurants/:
Traceback (most recent call last):
  File "e:\MealMate\backend\venv\lib\site-packages\django\db\models\fields\related_descriptors.py", line 173, in __get__
    rel_obj = self.field.get_cached_value(instance)
  File "e:\MealMate\backend\venv\lib\site-packages\django\db\models\fields\mixins.py", line 15, in get_cached_value
    return instance._state.fields_cache[cache_name]
KeyError: 'owner'

During handling of the above exception, another exception occurred:

Traceback (most recent call last):
  File "e:\MealMate\backend\venv\lib\site-packages\django\db\models\fields\__init__.py", line 1823, in get_prep_value
    return int(value)
TypeError: int() argument must be a string, a bytes-like object or a real number, not 'ObjectId'

The above exception was the direct cause of the following exception:

Traceback (most recent call last):
  File "e:\MealMate\backend\venv\lib\site-packages\django\core\handlers\base.py", line 181, in _get_response
    response = wrapped_callback(request, *callback_args, **callback_kwargs)
  File "e:\MealMate\backend\venv\lib\site-packages\django\views\decorators\csrf.py", line 54, in wrapped_view
    return view_func(*args, **kwargs)
  File "e:\MealMate\backend\venv\lib\site-packages\rest_framework\viewsets.py", line 125, in view
    return self.dispatch(request, *args, **kwargs)
  File "e:\MealMate\backend\venv\lib\site-packages\rest_framework\views.py", line 509, in dispatch
    response = self.handle_exception(exc)
  File "e:\MealMate\backend\venv\lib\site-packages\rest_framework\views.py", line 469, in handle_exception
    self.raise_uncaught_exception(exc)
  File "e:\MealMate\backend\venv\lib\site-packages\rest_framework\views.py", line 480, in raise_uncaught_exception
    raise exc
  File "e:\MealMate\backend\venv\lib\site-packages\rest_framework\views.py", line 506, in dispatch
    response = handler(request, *args, **kwargs)
  File "e:\MealMate\backend\venv\lib\site-packages\rest_framework\mixins.py", line 46, in list
    return Response(serializer.data)
  File "e:\MealMate\backend\venv\lib\site-packages\rest_framework\serializers.py", line 768, in data
    ret = super().data
  File "e:\MealMate\backend\venv\lib\site-packages\rest_framework\serializers.py", line 253, in data
    self._data = self.to_representation(self.instance)
  File "e:\MealMate\backend\venv\lib\site-packages\rest_framework\serializers.py", line 686, in to_representation
    return [
  File "e:\MealMate\backend\venv\lib\site-packages\rest_framework\serializers.py", line 687, in <listcomp>
    self.child.to_representation(item) for item in iterable
  File "e:\MealMate\backend\venv\lib\site-packages\rest_framework\serializers.py", line 509, in to_representation
    attribute = field.get_attribute(instance)
  File "e:\MealMate\backend\venv\lib\site-packages\rest_framework\fields.py", line 446, in get_attribute
    return get_attribute(instance, self.source_attrs)
  File "e:\MealMate\backend\venv\lib\site-packages\rest_framework\fields.py", line 96, in get_attribute
    instance = getattr(instance, attr)
  File "e:\MealMate\backend\venv\lib\site-packages\django\db\models\fields\related_descriptors.py", line 187, in __get__
    rel_obj = self.get_object(instance)
  File "e:\MealMate\backend\venv\lib\site-packages\django\db\models\fields\related_descriptors.py", line 307, in get_object
    return super().get_object(instance)
  File "e:\MealMate\backend\venv\lib\site-packages\django\db\models\fields\related_descriptors.py", line 154, in get_object
    return qs.get(self.field.get_reverse_related_filter(instance))
  File "e:\MealMate\backend\venv\lib\site-packages\django\db\models\query.py", line 424, in get
    clone = self._chain() if self.query.combinator else self.filter(*args, **kwargs)
  File "e:\MealMate\backend\venv\lib\site-packages\django\db\models\query.py", line 941, in filter
    return self._filter_or_exclude(False, args, kwargs)
  File "e:\MealMate\backend\venv\lib\site-packages\django\db\models\query.py", line 961, in _filter_or_exclude
    clone._filter_or_exclude_inplace(negate, args, kwargs)
  File "e:\MealMate\backend\venv\lib\site-packages\django\db\models\query.py", line 968, in _filter_or_exclude_inplace
    self._query.add_q(Q(*args, **kwargs))
  File "e:\MealMate\backend\venv\lib\site-packages\django\db\models\sql\query.py", line 1416, in add_q
    clause, _ = self._add_q(q_object, self.used_aliases)
  File "e:\MealMate\backend\venv\lib\site-packages\django\db\models\sql\query.py", line 1435, in _add_q
    child_clause, needed_inner = self.build_filter(
  File "e:\MealMate\backend\venv\lib\site-packages\django\db\models\sql\query.py", line 1288, in build_filter
    return self._add_q(
  File "e:\MealMate\backend\venv\lib\site-packages\django\db\models\sql\query.py", line 1435, in _add_q
    child_clause, needed_inner = self.build_filter(
  File "e:\MealMate\backend\venv\lib\site-packages\django\db\models\sql\query.py", line 1370, in build_filter
    condition = self.build_lookup(lookups, col, value)
  File "e:\MealMate\backend\venv\lib\site-packages\django\db\models\sql\query.py", line 1216, in build_lookup
    lookup = lookup_class(lhs, rhs)
  File "e:\MealMate\backend\venv\lib\site-packages\django\db\models\lookups.py", line 25, in __init__
    self.rhs = self.get_prep_lookup()
  File "e:\MealMate\backend\venv\lib\site-packages\django\db\models\lookups.py", line 77, in get_prep_lookup
    return self.lhs.output_field.get_prep_value(self.rhs)
  File "e:\MealMate\backend\venv\lib\site-packages\django\db\models\fields\__init__.py", line 1825, in get_prep_value
    raise e.__class__(
TypeError: Field 'id' expected a number but got ObjectId('6a7403a3ebdeaa8dda9319fb').
--------------------------------------------------------------------------------
Exception on /api/customer/restaurants/:
Traceback (most recent call last):
  File "e:\MealMate\backend\venv\lib\site-packages\django\db\models\fields\related_descriptors.py", line 173, in __get__
    rel_obj = self.field.get_cached_value(instance)
  File "e:\MealMate\backend\venv\lib\site-packages\django\db\models\fields\mixins.py", line 15, in get_cached_value
    return instance._state.fields_cache[cache_name]
KeyError: 'owner'

During handling of the above exception, another exception occurred:

Traceback (most recent call last):
  File "e:\MealMate\backend\venv\lib\site-packages\django\db\models\fields\__init__.py", line 1823, in get_prep_value
    return int(value)
TypeError: int() argument must be a string, a bytes-like object or a real number, not 'ObjectId'

The above exception was the direct cause of the following exception:

Traceback (most recent call last):
  File "e:\MealMate\backend\venv\lib\site-packages\django\core\handlers\base.py", line 181, in _get_response
    response = wrapped_callback(request, *callback_args, **callback_kwargs)
  File "e:\MealMate\backend\venv\lib\site-packages\django\views\decorators\csrf.py", line 54, in wrapped_view
    return view_func(*args, **kwargs)
  File "e:\MealMate\backend\venv\lib\site-packages\rest_framework\viewsets.py", line 125, in view
    return self.dispatch(request, *args, **kwargs)
  File "e:\MealMate\backend\venv\lib\site-packages\rest_framework\views.py", line 509, in dispatch
    response = self.handle_exception(exc)
  File "e:\MealMate\backend\venv\lib\site-packages\rest_framework\views.py", line 469, in handle_exception
    self.raise_uncaught_exception(exc)
  File "e:\MealMate\backend\venv\lib\site-packages\rest_framework\views.py", line 480, in raise_uncaught_exception
    raise exc
  File "e:\MealMate\backend\venv\lib\site-packages\rest_framework\views.py", line 506, in dispatch
    response = handler(request, *args, **kwargs)
  File "e:\MealMate\backend\venv\lib\site-packages\rest_framework\mixins.py", line 46, in list
    return Response(serializer.data)
  File "e:\MealMate\backend\venv\lib\site-packages\rest_framework\serializers.py", line 768, in data
    ret = super().data
  File "e:\MealMate\backend\venv\lib\site-packages\rest_framework\serializers.py", line 253, in data
    self._data = self.to_representation(self.instance)
  File "e:\MealMate\backend\venv\lib\site-packages\rest_framework\serializers.py", line 686, in to_representation
    return [
  File "e:\MealMate\backend\venv\lib\site-packages\rest_framework\serializers.py", line 687, in <listcomp>
    self.child.to_representation(item) for item in iterable
  File "e:\MealMate\backend\venv\lib\site-packages\rest_framework\serializers.py", line 509, in to_representation
    attribute = field.get_attribute(instance)
  File "e:\MealMate\backend\venv\lib\site-packages\rest_framework\fields.py", line 446, in get_attribute
    return get_attribute(instance, self.source_attrs)
  File "e:\MealMate\backend\venv\lib\site-packages\rest_framework\fields.py", line 96, in get_attribute
    instance = getattr(instance, attr)
  File "e:\MealMate\backend\venv\lib\site-packages\django\db\models\fields\related_descriptors.py", line 187, in __get__
    rel_obj = self.get_object(instance)
  File "e:\MealMate\backend\venv\lib\site-packages\django\db\models\fields\related_descriptors.py", line 307, in get_object
    return super().get_object(instance)
  File "e:\MealMate\backend\venv\lib\site-packages\django\db\models\fields\related_descriptors.py", line 154, in get_object
    return qs.get(self.field.get_reverse_related_filter(instance))
  File "e:\MealMate\backend\venv\lib\site-packages\django\db\models\query.py", line 424, in get
    clone = self._chain() if self.query.combinator else self.filter(*args, **kwargs)
  File "e:\MealMate\backend\venv\lib\site-packages\django\db\models\query.py", line 941, in filter
    return self._filter_or_exclude(False, args, kwargs)
  File "e:\MealMate\backend\venv\lib\site-packages\django\db\models\query.py", line 961, in _filter_or_exclude
    clone._filter_or_exclude_inplace(negate, args, kwargs)
  File "e:\MealMate\backend\venv\lib\site-packages\django\db\models\query.py", line 968, in _filter_or_exclude_inplace
    self._query.add_q(Q(*args, **kwargs))
  File "e:\MealMate\backend\venv\lib\site-packages\django\db\models\sql\query.py", line 1416, in add_q
    clause, _ = self._add_q(q_object, self.used_aliases)
  File "e:\MealMate\backend\venv\lib\site-packages\django\db\models\sql\query.py", line 1435, in _add_q
    child_clause, needed_inner = self.build_filter(
  File "e:\MealMate\backend\venv\lib\site-packages\django\db\models\sql\query.py", line 1288, in build_filter
    return self._add_q(
  File "e:\MealMate\backend\venv\lib\site-packages\django\db\models\sql\query.py", line 1435, in _add_q
    child_clause, needed_inner = self.build_filter(
  File "e:\MealMate\backend\venv\lib\site-packages\django\db\models\sql\query.py", line 1370, in build_filter
    condition = self.build_lookup(lookups, col, value)
  File "e:\MealMate\backend\venv\lib\site-packages\django\db\models\sql\query.py", line 1216, in build_lookup
    lookup = lookup_class(lhs, rhs)
  File "e:\MealMate\backend\venv\lib\site-packages\django\db\models\lookups.py", line 25, in __init__
    self.rhs = self.get_prep_lookup()
  File "e:\MealMate\backend\venv\lib\site-packages\django\db\models\lookups.py", line 77, in get_prep_lookup
    return self.lhs.output_field.get_prep_value(self.rhs)
  File "e:\MealMate\backend\venv\lib\site-packages\django\db\models\fields\__init__.py", line 1825, in get_prep_value
    raise e.__class__(
TypeError: Field 'id' expected a number but got ObjectId('6a7403a3ebdeaa8dda9319fb').
--------------------------------------------------------------------------------
Exception on /api/customer/restaurants/:
Traceback (most recent call last):
  File "e:\MealMate\backend\venv\lib\site-packages\django\db\models\fields\related_descriptors.py", line 173, in __get__
    rel_obj = self.field.get_cached_value(instance)
  File "e:\MealMate\backend\venv\lib\site-packages\django\db\models\fields\mixins.py", line 15, in get_cached_value
    return instance._state.fields_cache[cache_name]
KeyError: 'owner'

During handling of the above exception, another exception occurred:

Traceback (most recent call last):
  File "e:\MealMate\backend\venv\lib\site-packages\django\db\models\fields\__init__.py", line 1823, in get_prep_value
    return int(value)
TypeError: int() argument must be a string, a bytes-like object or a real number, not 'ObjectId'

The above exception was the direct cause of the following exception:

Traceback (most recent call last):
  File "e:\MealMate\backend\venv\lib\site-packages\django\core\handlers\base.py", line 181, in _get_response
    response = wrapped_callback(request, *callback_args, **callback_kwargs)
  File "e:\MealMate\backend\venv\lib\site-packages\django\views\decorators\csrf.py", line 54, in wrapped_view
    return view_func(*args, **kwargs)
  File "e:\MealMate\backend\venv\lib\site-packages\rest_framework\viewsets.py", line 125, in view
    return self.dispatch(request, *args, **kwargs)
  File "e:\MealMate\backend\venv\lib\site-packages\rest_framework\views.py", line 509, in dispatch
    response = self.handle_exception(exc)
  File "e:\MealMate\backend\venv\lib\site-packages\rest_framework\views.py", line 469, in handle_exception
    self.raise_uncaught_exception(exc)
  File "e:\MealMate\backend\venv\lib\site-packages\rest_framework\views.py", line 480, in raise_uncaught_exception
    raise exc
  File "e:\MealMate\backend\venv\lib\site-packages\rest_framework\views.py", line 506, in dispatch
    response = handler(request, *args, **kwargs)
  File "e:\MealMate\backend\venv\lib\site-packages\rest_framework\mixins.py", line 46, in list
    return Response(serializer.data)
  File "e:\MealMate\backend\venv\lib\site-packages\rest_framework\serializers.py", line 768, in data
    ret = super().data
  File "e:\MealMate\backend\venv\lib\site-packages\rest_framework\serializers.py", line 253, in data
    self._data = self.to_representation(self.instance)
  File "e:\MealMate\backend\venv\lib\site-packages\rest_framework\serializers.py", line 686, in to_representation
    return [
  File "e:\MealMate\backend\venv\lib\site-packages\rest_framework\serializers.py", line 687, in <listcomp>
    self.child.to_representation(item) for item in iterable
  File "e:\MealMate\backend\venv\lib\site-packages\rest_framework\serializers.py", line 509, in to_representation
    attribute = field.get_attribute(instance)
  File "e:\MealMate\backend\venv\lib\site-packages\rest_framework\fields.py", line 446, in get_attribute
    return get_attribute(instance, self.source_attrs)
  File "e:\MealMate\backend\venv\lib\site-packages\rest_framework\fields.py", line 96, in get_attribute
    instance = getattr(instance, attr)
  File "e:\MealMate\backend\venv\lib\site-packages\django\db\models\fields\related_descriptors.py", line 187, in __get__
    rel_obj = self.get_object(instance)
  File "e:\MealMate\backend\venv\lib\site-packages\django\db\models\fields\related_descriptors.py", line 307, in get_object
    return super().get_object(instance)
  File "e:\MealMate\backend\venv\lib\site-packages\django\db\models\fields\related_descriptors.py", line 154, in get_object
    return qs.get(self.field.get_reverse_related_filter(instance))
  File "e:\MealMate\backend\venv\lib\site-packages\django\db\models\query.py", line 424, in get
    clone = self._chain() if self.query.combinator else self.filter(*args, **kwargs)
  File "e:\MealMate\backend\venv\lib\site-packages\django\db\models\query.py", line 941, in filter
    return self._filter_or_exclude(False, args, kwargs)
  File "e:\MealMate\backend\venv\lib\site-packages\django\db\models\query.py", line 961, in _filter_or_exclude
    clone._filter_or_exclude_inplace(negate, args, kwargs)
  File "e:\MealMate\backend\venv\lib\site-packages\django\db\models\query.py", line 968, in _filter_or_exclude_inplace
    self._query.add_q(Q(*args, **kwargs))
  File "e:\MealMate\backend\venv\lib\site-packages\django\db\models\sql\query.py", line 1416, in add_q
    clause, _ = self._add_q(q_object, self.used_aliases)
  File "e:\MealMate\backend\venv\lib\site-packages\django\db\models\sql\query.py", line 1435, in _add_q
    child_clause, needed_inner = self.build_filter(
  File "e:\MealMate\backend\venv\lib\site-packages\django\db\models\sql\query.py", line 1288, in build_filter
    return self._add_q(
  File "e:\MealMate\backend\venv\lib\site-packages\django\db\models\sql\query.py", line 1435, in _add_q
    child_clause, needed_inner = self.build_filter(
  File "e:\MealMate\backend\venv\lib\site-packages\django\db\models\sql\query.py", line 1370, in build_filter
    condition = self.build_lookup(lookups, col, value)
  File "e:\MealMate\backend\venv\lib\site-packages\django\db\models\sql\query.py", line 1216, in build_lookup
    lookup = lookup_class(lhs, rhs)
  File "e:\MealMate\backend\venv\lib\site-packages\django\db\models\lookups.py", line 25, in __init__
    self.rhs = self.get_prep_lookup()
  File "e:\MealMate\backend\venv\lib\site-packages\django\db\models\lookups.py", line 77, in get_prep_lookup
    return self.lhs.output_field.get_prep_value(self.rhs)
  File "e:\MealMate\backend\venv\lib\site-packages\django\db\models\fields\__init__.py", line 1825, in get_prep_value
    raise e.__class__(
TypeError: Field 'id' expected a number but got ObjectId('6a7403a3ebdeaa8dda9319fb').
--------------------------------------------------------------------------------
Exception on /api/customer/restaurants/:
Traceback (most recent call last):
  File "e:\MealMate\backend\venv\lib\site-packages\django\db\models\fields\related_descriptors.py", line 173, in __get__
    rel_obj = self.field.get_cached_value(instance)
  File "e:\MealMate\backend\venv\lib\site-packages\django\db\models\fields\mixins.py", line 15, in get_cached_value
    return instance._state.fields_cache[cache_name]
KeyError: 'owner'

During handling of the above exception, another exception occurred:

Traceback (most recent call last):
  File "e:\MealMate\backend\venv\lib\site-packages\django\db\models\fields\__init__.py", line 1823, in get_prep_value
    return int(value)
TypeError: int() argument must be a string, a bytes-like object or a real number, not 'ObjectId'

The above exception was the direct cause of the following exception:

Traceback (most recent call last):
  File "e:\MealMate\backend\venv\lib\site-packages\django\core\handlers\base.py", line 181, in _get_response
    response = wrapped_callback(request, *callback_args, **callback_kwargs)
  File "e:\MealMate\backend\venv\lib\site-packages\django\views\decorators\csrf.py", line 54, in wrapped_view
    return view_func(*args, **kwargs)
  File "e:\MealMate\backend\venv\lib\site-packages\rest_framework\viewsets.py", line 125, in view
    return self.dispatch(request, *args, **kwargs)
  File "e:\MealMate\backend\venv\lib\site-packages\rest_framework\views.py", line 509, in dispatch
    response = self.handle_exception(exc)
  File "e:\MealMate\backend\venv\lib\site-packages\rest_framework\views.py", line 469, in handle_exception
    self.raise_uncaught_exception(exc)
  File "e:\MealMate\backend\venv\lib\site-packages\rest_framework\views.py", line 480, in raise_uncaught_exception
    raise exc
  File "e:\MealMate\backend\venv\lib\site-packages\rest_framework\views.py", line 506, in dispatch
    response = handler(request, *args, **kwargs)
  File "e:\MealMate\backend\venv\lib\site-packages\rest_framework\mixins.py", line 46, in list
    return Response(serializer.data)
  File "e:\MealMate\backend\venv\lib\site-packages\rest_framework\serializers.py", line 768, in data
    ret = super().data
  File "e:\MealMate\backend\venv\lib\site-packages\rest_framework\serializers.py", line 253, in data
    self._data = self.to_representation(self.instance)
  File "e:\MealMate\backend\venv\lib\site-packages\rest_framework\serializers.py", line 686, in to_representation
    return [
  File "e:\MealMate\backend\venv\lib\site-packages\rest_framework\serializers.py", line 687, in <listcomp>
    self.child.to_representation(item) for item in iterable
  File "e:\MealMate\backend\venv\lib\site-packages\rest_framework\serializers.py", line 509, in to_representation
    attribute = field.get_attribute(instance)
  File "e:\MealMate\backend\venv\lib\site-packages\rest_framework\fields.py", line 446, in get_attribute
    return get_attribute(instance, self.source_attrs)
  File "e:\MealMate\backend\venv\lib\site-packages\rest_framework\fields.py", line 96, in get_attribute
    instance = getattr(instance, attr)
  File "e:\MealMate\backend\venv\lib\site-packages\django\db\models\fields\related_descriptors.py", line 187, in __get__
    rel_obj = self.get_object(instance)
  File "e:\MealMate\backend\venv\lib\site-packages\django\db\models\fields\related_descriptors.py", line 307, in get_object
    return super().get_object(instance)
  File "e:\MealMate\backend\venv\lib\site-packages\django\db\models\fields\related_descriptors.py", line 154, in get_object
    return qs.get(self.field.get_reverse_related_filter(instance))
  File "e:\MealMate\backend\venv\lib\site-packages\django\db\models\query.py", line 424, in get
    clone = self._chain() if self.query.combinator else self.filter(*args, **kwargs)
  File "e:\MealMate\backend\venv\lib\site-packages\django\db\models\query.py", line 941, in filter
    return self._filter_or_exclude(False, args, kwargs)
  File "e:\MealMate\backend\venv\lib\site-packages\django\db\models\query.py", line 961, in _filter_or_exclude
    clone._filter_or_exclude_inplace(negate, args, kwargs)
  File "e:\MealMate\backend\venv\lib\site-packages\django\db\models\query.py", line 968, in _filter_or_exclude_inplace
    self._query.add_q(Q(*args, **kwargs))
  File "e:\MealMate\backend\venv\lib\site-packages\django\db\models\sql\query.py", line 1416, in add_q
    clause, _ = self._add_q(q_object, self.used_aliases)
  File "e:\MealMate\backend\venv\lib\site-packages\django\db\models\sql\query.py", line 1435, in _add_q
    child_clause, needed_inner = self.build_filter(
  File "e:\MealMate\backend\venv\lib\site-packages\django\db\models\sql\query.py", line 1288, in build_filter
    return self._add_q(
  File "e:\MealMate\backend\venv\lib\site-packages\django\db\models\sql\query.py", line 1435, in _add_q
    child_clause, needed_inner = self.build_filter(
  File "e:\MealMate\backend\venv\lib\site-packages\django\db\models\sql\query.py", line 1370, in build_filter
    condition = self.build_lookup(lookups, col, value)
  File "e:\MealMate\backend\venv\lib\site-packages\django\db\models\sql\query.py", line 1216, in build_lookup
    lookup = lookup_class(lhs, rhs)
  File "e:\MealMate\backend\venv\lib\site-packages\django\db\models\lookups.py", line 25, in __init__
    self.rhs = self.get_prep_lookup()
  File "e:\MealMate\backend\venv\lib\site-packages\django\db\models\lookups.py", line 77, in get_prep_lookup
    return self.lhs.output_field.get_prep_value(self.rhs)
  File "e:\MealMate\backend\venv\lib\site-packages\django\db\models\fields\__init__.py", line 1825, in get_prep_value
    raise e.__class__(
TypeError: Field 'id' expected a number but got ObjectId('6a7403a3ebdeaa8dda9319fb').
--------------------------------------------------------------------------------
Exception on /api/customer/restaurants/:
Traceback (most recent call last):
  File "e:\MealMate\backend\venv\lib\site-packages\django\db\models\fields\related_descriptors.py", line 173, in __get__
    rel_obj = self.field.get_cached_value(instance)
  File "e:\MealMate\backend\venv\lib\site-packages\django\db\models\fields\mixins.py", line 15, in get_cached_value
    return instance._state.fields_cache[cache_name]
KeyError: 'owner'

During handling of the above exception, another exception occurred:

Traceback (most recent call last):
  File "e:\MealMate\backend\venv\lib\site-packages\django\db\models\fields\__init__.py", line 1823, in get_prep_value
    return int(value)
TypeError: int() argument must be a string, a bytes-like object or a real number, not 'ObjectId'

The above exception was the direct cause of the following exception:

Traceback (most recent call last):
  File "e:\MealMate\backend\venv\lib\site-packages\django\core\handlers\base.py", line 181, in _get_response
    response = wrapped_callback(request, *callback_args, **callback_kwargs)
  File "e:\MealMate\backend\venv\lib\site-packages\django\views\decorators\csrf.py", line 54, in wrapped_view
    return view_func(*args, **kwargs)
  File "e:\MealMate\backend\venv\lib\site-packages\rest_framework\viewsets.py", line 125, in view
    return self.dispatch(request, *args, **kwargs)
  File "e:\MealMate\backend\venv\lib\site-packages\rest_framework\views.py", line 509, in dispatch
    response = self.handle_exception(exc)
  File "e:\MealMate\backend\venv\lib\site-packages\rest_framework\views.py", line 469, in handle_exception
    self.raise_uncaught_exception(exc)
  File "e:\MealMate\backend\venv\lib\site-packages\rest_framework\views.py", line 480, in raise_uncaught_exception
    raise exc
  File "e:\MealMate\backend\venv\lib\site-packages\rest_framework\views.py", line 506, in dispatch
    response = handler(request, *args, **kwargs)
  File "e:\MealMate\backend\venv\lib\site-packages\rest_framework\mixins.py", line 46, in list
    return Response(serializer.data)
  File "e:\MealMate\backend\venv\lib\site-packages\rest_framework\serializers.py", line 768, in data
    ret = super().data
  File "e:\MealMate\backend\venv\lib\site-packages\rest_framework\serializers.py", line 253, in data
    self._data = self.to_representation(self.instance)
  File "e:\MealMate\backend\venv\lib\site-packages\rest_framework\serializers.py", line 686, in to_representation
    return [
  File "e:\MealMate\backend\venv\lib\site-packages\rest_framework\serializers.py", line 687, in <listcomp>
    self.child.to_representation(item) for item in iterable
  File "e:\MealMate\backend\venv\lib\site-packages\rest_framework\serializers.py", line 509, in to_representation
    attribute = field.get_attribute(instance)
  File "e:\MealMate\backend\venv\lib\site-packages\rest_framework\fields.py", line 446, in get_attribute
    return get_attribute(instance, self.source_attrs)
  File "e:\MealMate\backend\venv\lib\site-packages\rest_framework\fields.py", line 96, in get_attribute
    instance = getattr(instance, attr)
  File "e:\MealMate\backend\venv\lib\site-packages\django\db\models\fields\related_descriptors.py", line 187, in __get__
    rel_obj = self.get_object(instance)
  File "e:\MealMate\backend\venv\lib\site-packages\django\db\models\fields\related_descriptors.py", line 307, in get_object
    return super().get_object(instance)
  File "e:\MealMate\backend\venv\lib\site-packages\django\db\models\fields\related_descriptors.py", line 154, in get_object
    return qs.get(self.field.get_reverse_related_filter(instance))
  File "e:\MealMate\backend\venv\lib\site-packages\django\db\models\query.py", line 424, in get
    clone = self._chain() if self.query.combinator else self.filter(*args, **kwargs)
  File "e:\MealMate\backend\venv\lib\site-packages\django\db\models\query.py", line 941, in filter
    return self._filter_or_exclude(False, args, kwargs)
  File "e:\MealMate\backend\venv\lib\site-packages\django\db\models\query.py", line 961, in _filter_or_exclude
    clone._filter_or_exclude_inplace(negate, args, kwargs)
  File "e:\MealMate\backend\venv\lib\site-packages\django\db\models\query.py", line 968, in _filter_or_exclude_inplace
    self._query.add_q(Q(*args, **kwargs))
  File "e:\MealMate\backend\venv\lib\site-packages\django\db\models\sql\query.py", line 1416, in add_q
    clause, _ = self._add_q(q_object, self.used_aliases)
  File "e:\MealMate\backend\venv\lib\site-packages\django\db\models\sql\query.py", line 1435, in _add_q
    child_clause, needed_inner = self.build_filter(
  File "e:\MealMate\backend\venv\lib\site-packages\django\db\models\sql\query.py", line 1288, in build_filter
    return self._add_q(
  File "e:\MealMate\backend\venv\lib\site-packages\django\db\models\sql\query.py", line 1435, in _add_q
    child_clause, needed_inner = self.build_filter(
  File "e:\MealMate\backend\venv\lib\site-packages\django\db\models\sql\query.py", line 1370, in build_filter
    condition = self.build_lookup(lookups, col, value)
  File "e:\MealMate\backend\venv\lib\site-packages\django\db\models\sql\query.py", line 1216, in build_lookup
    lookup = lookup_class(lhs, rhs)
  File "e:\MealMate\backend\venv\lib\site-packages\django\db\models\lookups.py", line 25, in __init__
    self.rhs = self.get_prep_lookup()
  File "e:\MealMate\backend\venv\lib\site-packages\django\db\models\lookups.py", line 77, in get_prep_lookup
    return self.lhs.output_field.get_prep_value(self.rhs)
  File "e:\MealMate\backend\venv\lib\site-packages\django\db\models\fields\__init__.py", line 1825, in get_prep_value
    raise e.__class__(
TypeError: Field 'id' expected a number but got ObjectId('6a7403a3ebdeaa8dda9319fb').
--------------------------------------------------------------------------------
Exception on /api/customer/restaurants/:
Traceback (most recent call last):
  File "e:\MealMate\backend\venv\lib\site-packages\django\db\models\fields\related_descriptors.py", line 173, in __get__
    rel_obj = self.field.get_cached_value(instance)
  File "e:\MealMate\backend\venv\lib\site-packages\django\db\models\fields\mixins.py", line 15, in get_cached_value
    return instance._state.fields_cache[cache_name]
KeyError: 'owner'

During handling of the above exception, another exception occurred:

Traceback (most recent call last):
  File "e:\MealMate\backend\venv\lib\site-packages\django\db\models\fields\__init__.py", line 1823, in get_prep_value
    return int(value)
TypeError: int() argument must be a string, a bytes-like object or a real number, not 'ObjectId'

The above exception was the direct cause of the following exception:

Traceback (most recent call last):
  File "e:\MealMate\backend\venv\lib\site-packages\django\core\handlers\base.py", line 181, in _get_response
    response = wrapped_callback(request, *callback_args, **callback_kwargs)
  File "e:\MealMate\backend\venv\lib\site-packages\django\views\decorators\csrf.py", line 54, in wrapped_view
    return view_func(*args, **kwargs)
  File "e:\MealMate\backend\venv\lib\site-packages\rest_framework\viewsets.py", line 125, in view
    return self.dispatch(request, *args, **kwargs)
  File "e:\MealMate\backend\venv\lib\site-packages\rest_framework\views.py", line 509, in dispatch
    response = self.handle_exception(exc)
  File "e:\MealMate\backend\venv\lib\site-packages\rest_framework\views.py", line 469, in handle_exception
    self.raise_uncaught_exception(exc)
  File "e:\MealMate\backend\venv\lib\site-packages\rest_framework\views.py", line 480, in raise_uncaught_exception
    raise exc
  File "e:\MealMate\backend\venv\lib\site-packages\rest_framework\views.py", line 506, in dispatch
    response = handler(request, *args, **kwargs)
  File "e:\MealMate\backend\venv\lib\site-packages\rest_framework\mixins.py", line 46, in list
    return Response(serializer.data)
  File "e:\MealMate\backend\venv\lib\site-packages\rest_framework\serializers.py", line 768, in data
    ret = super().data
  File "e:\MealMate\backend\venv\lib\site-packages\rest_framework\serializers.py", line 253, in data
    self._data = self.to_representation(self.instance)
  File "e:\MealMate\backend\venv\lib\site-packages\rest_framework\serializers.py", line 686, in to_representation
    return [
  File "e:\MealMate\backend\venv\lib\site-packages\rest_framework\serializers.py", line 687, in <listcomp>
    self.child.to_representation(item) for item in iterable
  File "e:\MealMate\backend\venv\lib\site-packages\rest_framework\serializers.py", line 509, in to_representation
    attribute = field.get_attribute(instance)
  File "e:\MealMate\backend\venv\lib\site-packages\rest_framework\fields.py", line 446, in get_attribute
    return get_attribute(instance, self.source_attrs)
  File "e:\MealMate\backend\venv\lib\site-packages\rest_framework\fields.py", line 96, in get_attribute
    instance = getattr(instance, attr)
  File "e:\MealMate\backend\venv\lib\site-packages\django\db\models\fields\related_descriptors.py", line 187, in __get__
    rel_obj = self.get_object(instance)
  File "e:\MealMate\backend\venv\lib\site-packages\django\db\models\fields\related_descriptors.py", line 307, in get_object
    return super().get_object(instance)
  File "e:\MealMate\backend\venv\lib\site-packages\django\db\models\fields\related_descriptors.py", line 154, in get_object
    return qs.get(self.field.get_reverse_related_filter(instance))
  File "e:\MealMate\backend\venv\lib\site-packages\django\db\models\query.py", line 424, in get
    clone = self._chain() if self.query.combinator else self.filter(*args, **kwargs)
  File "e:\MealMate\backend\venv\lib\site-packages\django\db\models\query.py", line 941, in filter
    return self._filter_or_exclude(False, args, kwargs)
  File "e:\MealMate\backend\venv\lib\site-packages\django\db\models\query.py", line 961, in _filter_or_exclude
    clone._filter_or_exclude_inplace(negate, args, kwargs)
  File "e:\MealMate\backend\venv\lib\site-packages\django\db\models\query.py", line 968, in _filter_or_exclude_inplace
    self._query.add_q(Q(*args, **kwargs))
  File "e:\MealMate\backend\venv\lib\site-packages\django\db\models\sql\query.py", line 1416, in add_q
    clause, _ = self._add_q(q_object, self.used_aliases)
  File "e:\MealMate\backend\venv\lib\site-packages\django\db\models\sql\query.py", line 1435, in _add_q
    child_clause, needed_inner = self.build_filter(
  File "e:\MealMate\backend\venv\lib\site-packages\django\db\models\sql\query.py", line 1288, in build_filter
    return self._add_q(
  File "e:\MealMate\backend\venv\lib\site-packages\django\db\models\sql\query.py", line 1435, in _add_q
    child_clause, needed_inner = self.build_filter(
  File "e:\MealMate\backend\venv\lib\site-packages\django\db\models\sql\query.py", line 1370, in build_filter
    condition = self.build_lookup(lookups, col, value)
  File "e:\MealMate\backend\venv\lib\site-packages\django\db\models\sql\query.py", line 1216, in build_lookup
    lookup = lookup_class(lhs, rhs)
  File "e:\MealMate\backend\venv\lib\site-packages\django\db\models\lookups.py", line 25, in __init__
    self.rhs = self.get_prep_lookup()
  File "e:\MealMate\backend\venv\lib\site-packages\django\db\models\lookups.py", line 77, in get_prep_lookup
    return self.lhs.output_field.get_prep_value(self.rhs)
  File "e:\MealMate\backend\venv\lib\site-packages\django\db\models\fields\__init__.py", line 1825, in get_prep_value
    raise e.__class__(
TypeError: Field 'id' expected a number but got ObjectId('6a7403a3ebdeaa8dda9319fb').
--------------------------------------------------------------------------------
Exception on /api/restaurant/update-cover/:
Traceback (most recent call last):
  File "e:\MealMate\backend\venv\lib\site-packages\django\core\handlers\base.py", line 181, in _get_response
    response = wrapped_callback(request, *callback_args, **callback_kwargs)
  File "e:\MealMate\backend\venv\lib\site-packages\django\views\decorators\csrf.py", line 54, in wrapped_view
    return view_func(*args, **kwargs)
  File "e:\MealMate\backend\venv\lib\site-packages\django\views\generic\base.py", line 70, in view
    return self.dispatch(request, *args, **kwargs)
  File "e:\MealMate\backend\venv\lib\site-packages\rest_framework\views.py", line 509, in dispatch
    response = self.handle_exception(exc)
  File "e:\MealMate\backend\venv\lib\site-packages\rest_framework\views.py", line 469, in handle_exception
    self.raise_uncaught_exception(exc)
  File "e:\MealMate\backend\venv\lib\site-packages\rest_framework\views.py", line 480, in raise_uncaught_exception
    raise exc
  File "e:\MealMate\backend\venv\lib\site-packages\rest_framework\views.py", line 506, in dispatch
    response = handler(request, *args, **kwargs)
  File "E:\MealMate\backend\core\api\restaurant_api\views.py", line 143, in post
    return Response({"success": True, "banner_url": banner_url})
NameError: name 'Response' is not defined
--------------------------------------------------------------------------------
Exception on /api/restaurant/update-cover/:
Traceback (most recent call last):
  File "e:\MealMate\backend\venv\lib\site-packages\django\core\handlers\base.py", line 181, in _get_response
    response = wrapped_callback(request, *callback_args, **callback_kwargs)
  File "e:\MealMate\backend\venv\lib\site-packages\django\views\decorators\csrf.py", line 54, in wrapped_view
    return view_func(*args, **kwargs)
  File "e:\MealMate\backend\venv\lib\site-packages\django\views\generic\base.py", line 70, in view
    return self.dispatch(request, *args, **kwargs)
  File "e:\MealMate\backend\venv\lib\site-packages\rest_framework\views.py", line 509, in dispatch
    response = self.handle_exception(exc)
  File "e:\MealMate\backend\venv\lib\site-packages\rest_framework\views.py", line 469, in handle_exception
    self.raise_uncaught_exception(exc)
  File "e:\MealMate\backend\venv\lib\site-packages\rest_framework\views.py", line 480, in raise_uncaught_exception
    raise exc
  File "e:\MealMate\backend\venv\lib\site-packages\rest_framework\views.py", line 506, in dispatch
    response = handler(request, *args, **kwargs)
  File "E:\MealMate\backend\core\api\restaurant_api\views.py", line 143, in post
    return Response({"success": True, "banner_url": banner_url})
NameError: name 'Response' is not defined
--------------------------------------------------------------------------------
Exception on /api/restaurant/update-cover/:
Traceback (most recent call last):
  File "e:\MealMate\backend\venv\lib\site-packages\django\core\handlers\base.py", line 181, in _get_response
    response = wrapped_callback(request, *callback_args, **callback_kwargs)
  File "e:\MealMate\backend\venv\lib\site-packages\django\views\decorators\csrf.py", line 54, in wrapped_view
    return view_func(*args, **kwargs)
  File "e:\MealMate\backend\venv\lib\site-packages\django\views\generic\base.py", line 70, in view
    return self.dispatch(request, *args, **kwargs)
  File "e:\MealMate\backend\venv\lib\site-packages\rest_framework\views.py", line 509, in dispatch
    response = self.handle_exception(exc)
  File "e:\MealMate\backend\venv\lib\site-packages\rest_framework\views.py", line 469, in handle_exception
    self.raise_uncaught_exception(exc)
  File "e:\MealMate\backend\venv\lib\site-packages\rest_framework\views.py", line 480, in raise_uncaught_exception
    raise exc
  File "e:\MealMate\backend\venv\lib\site-packages\rest_framework\views.py", line 506, in dispatch
    response = handler(request, *args, **kwargs)
  File "E:\MealMate\backend\core\api\restaurant_api\views.py", line 143, in post
    return Response({"success": True, "banner_url": banner_url})
NameError: name 'Response' is not defined
--------------------------------------------------------------------------------
Exception on /api/restaurant/menu/991/:
Traceback (most recent call last):
  File "e:\MealMate\backend\venv\lib\site-packages\django\core\handlers\base.py", line 181, in _get_response
    response = wrapped_callback(request, *callback_args, **callback_kwargs)
  File "e:\MealMate\backend\venv\lib\site-packages\django\views\decorators\csrf.py", line 54, in wrapped_view
    return view_func(*args, **kwargs)
  File "e:\MealMate\backend\venv\lib\site-packages\rest_framework\viewsets.py", line 125, in view
    return self.dispatch(request, *args, **kwargs)
  File "e:\MealMate\backend\venv\lib\site-packages\rest_framework\views.py", line 509, in dispatch
    response = self.handle_exception(exc)
  File "e:\MealMate\backend\venv\lib\site-packages\rest_framework\views.py", line 469, in handle_exception
    self.raise_uncaught_exception(exc)
  File "e:\MealMate\backend\venv\lib\site-packages\rest_framework\views.py", line 480, in raise_uncaught_exception
    raise exc
  File "e:\MealMate\backend\venv\lib\site-packages\rest_framework\views.py", line 506, in dispatch
    response = handler(request, *args, **kwargs)
  File "E:\MealMate\backend\core\api\restaurant_api\views.py", line 67, in update
    return Response(doc, status=200)
NameError: name 'Response' is not defined
--------------------------------------------------------------------------------
Exception on /api/restaurant/menu/991/:
Traceback (most recent call last):
  File "e:\MealMate\backend\venv\lib\site-packages\django\core\handlers\base.py", line 181, in _get_response
    response = wrapped_callback(request, *callback_args, **callback_kwargs)
  File "e:\MealMate\backend\venv\lib\site-packages\django\views\decorators\csrf.py", line 54, in wrapped_view
    return view_func(*args, **kwargs)
  File "e:\MealMate\backend\venv\lib\site-packages\rest_framework\viewsets.py", line 125, in view
    return self.dispatch(request, *args, **kwargs)
  File "e:\MealMate\backend\venv\lib\site-packages\rest_framework\views.py", line 509, in dispatch
    response = self.handle_exception(exc)
  File "e:\MealMate\backend\venv\lib\site-packages\rest_framework\views.py", line 469, in handle_exception
    self.raise_uncaught_exception(exc)
  File "e:\MealMate\backend\venv\lib\site-packages\rest_framework\views.py", line 480, in raise_uncaught_exception
    raise exc
  File "e:\MealMate\backend\venv\lib\site-packages\rest_framework\views.py", line 506, in dispatch
    response = handler(request, *args, **kwargs)
  File "E:\MealMate\backend\core\api\restaurant_api\views.py", line 67, in update
    return Response(doc, status=200)
NameError: name 'Response' is not defined
--------------------------------------------------------------------------------
Exception on /api/delivery/orders/:
Traceback (most recent call last):
  File "e:\MealMate\backend\venv\lib\site-packages\django\core\handlers\base.py", line 181, in _get_response
    response = wrapped_callback(request, *callback_args, **callback_kwargs)
  File "e:\MealMate\backend\venv\lib\site-packages\django\views\decorators\csrf.py", line 54, in wrapped_view
    return view_func(*args, **kwargs)
  File "e:\MealMate\backend\venv\lib\site-packages\rest_framework\viewsets.py", line 125, in view
    return self.dispatch(request, *args, **kwargs)
  File "e:\MealMate\backend\venv\lib\site-packages\rest_framework\views.py", line 509, in dispatch
    response = self.handle_exception(exc)
  File "e:\MealMate\backend\venv\lib\site-packages\rest_framework\views.py", line 469, in handle_exception
    self.raise_uncaught_exception(exc)
  File "e:\MealMate\backend\venv\lib\site-packages\rest_framework\views.py", line 480, in raise_uncaught_exception
    raise exc
  File "e:\MealMate\backend\venv\lib\site-packages\rest_framework\views.py", line 506, in dispatch
    response = handler(request, *args, **kwargs)
  File "E:\MealMate\backend\core\api\delivery_api\views.py", line 28, in list
    for doc in orders_cursor:
  File "e:\MealMate\backend\venv\lib\site-packages\pymongo\cursor.py", line 1238, in next
    if len(self.__data) or self._refresh():
  File "e:\MealMate\backend\venv\lib\site-packages\pymongo\cursor.py", line 1130, in _refresh
    self.__session = self.__collection.database.client._ensure_session()
  File "e:\MealMate\backend\venv\lib\site-packages\pymongo\mongo_client.py", line 1935, in _ensure_session
    return self.__start_session(True, causal_consistency=False)
  File "e:\MealMate\backend\venv\lib\site-packages\pymongo\mongo_client.py", line 1883, in __start_session
    server_session = self._get_server_session()
  File "e:\MealMate\backend\venv\lib\site-packages\pymongo\mongo_client.py", line 1921, in _get_server_session
    return self._topology.get_server_session()
  File "e:\MealMate\backend\venv\lib\site-packages\pymongo\topology.py", line 520, in get_server_session
    session_timeout = self._check_session_support()
  File "e:\MealMate\backend\venv\lib\site-packages\pymongo\topology.py", line 499, in _check_session_support
    self._select_servers_loop(
  File "e:\MealMate\backend\venv\lib\site-packages\pymongo\topology.py", line 218, in _select_servers_loop
    raise ServerSelectionTimeoutError(
pymongo.errors.ServerSelectionTimeoutError: localhost:27017: [WinError 10061] No connection could be made because the target machine actively refused it, Timeout: 30s, Topology Description: <TopologyDescription id: 6a75c05f5f498b469edb3a8b, topology_type: Single, servers: [<ServerDescription ('localhost', 27017) server_type: Unknown, rtt: None, error=AutoReconnect('localhost:27017: [WinError 10061] No connection could be made because the target machine actively refused it')>]>
--------------------------------------------------------------------------------
Exception on /api/delivery/orders/:
Traceback (most recent call last):
  File "e:\MealMate\backend\venv\lib\site-packages\django\core\handlers\base.py", line 181, in _get_response
    response = wrapped_callback(request, *callback_args, **callback_kwargs)
  File "e:\MealMate\backend\venv\lib\site-packages\django\views\decorators\csrf.py", line 54, in wrapped_view
    return view_func(*args, **kwargs)
  File "e:\MealMate\backend\venv\lib\site-packages\rest_framework\viewsets.py", line 125, in view
    return self.dispatch(request, *args, **kwargs)
  File "e:\MealMate\backend\venv\lib\site-packages\rest_framework\views.py", line 509, in dispatch
    response = self.handle_exception(exc)
  File "e:\MealMate\backend\venv\lib\site-packages\rest_framework\views.py", line 469, in handle_exception
    self.raise_uncaught_exception(exc)
  File "e:\MealMate\backend\venv\lib\site-packages\rest_framework\views.py", line 480, in raise_uncaught_exception
    raise exc
  File "e:\MealMate\backend\venv\lib\site-packages\rest_framework\views.py", line 506, in dispatch
    response = handler(request, *args, **kwargs)
  File "E:\MealMate\backend\core\api\delivery_api\views.py", line 28, in list
    for doc in orders_cursor:
  File "e:\MealMate\backend\venv\lib\site-packages\pymongo\cursor.py", line 1238, in next
    if len(self.__data) or self._refresh():
  File "e:\MealMate\backend\venv\lib\site-packages\pymongo\cursor.py", line 1130, in _refresh
    self.__session = self.__collection.database.client._ensure_session()
  File "e:\MealMate\backend\venv\lib\site-packages\pymongo\mongo_client.py", line 1935, in _ensure_session
    return self.__start_session(True, causal_consistency=False)
  File "e:\MealMate\backend\venv\lib\site-packages\pymongo\mongo_client.py", line 1883, in __start_session
    server_session = self._get_server_session()
  File "e:\MealMate\backend\venv\lib\site-packages\pymongo\mongo_client.py", line 1921, in _get_server_session
    return self._topology.get_server_session()
  File "e:\MealMate\backend\venv\lib\site-packages\pymongo\topology.py", line 520, in get_server_session
    session_timeout = self._check_session_support()
  File "e:\MealMate\backend\venv\lib\site-packages\pymongo\topology.py", line 499, in _check_session_support
    self._select_servers_loop(
  File "e:\MealMate\backend\venv\lib\site-packages\pymongo\topology.py", line 218, in _select_servers_loop
    raise ServerSelectionTimeoutError(
pymongo.errors.ServerSelectionTimeoutError: localhost:27017: [WinError 10061] No connection could be made because the target machine actively refused it, Timeout: 30s, Topology Description: <TopologyDescription id: 6a75c0765f498b469edb3a8c, topology_type: Single, servers: [<ServerDescription ('localhost', 27017) server_type: Unknown, rtt: None, error=AutoReconnect('localhost:27017: [WinError 10061] No connection could be made because the target machine actively refused it')>]>
--------------------------------------------------------------------------------
Exception on /api/delivery/orders/:
Traceback (most recent call last):
  File "e:\MealMate\backend\venv\lib\site-packages\django\core\handlers\base.py", line 181, in _get_response
    response = wrapped_callback(request, *callback_args, **callback_kwargs)
  File "e:\MealMate\backend\venv\lib\site-packages\django\views\decorators\csrf.py", line 54, in wrapped_view
    return view_func(*args, **kwargs)
  File "e:\MealMate\backend\venv\lib\site-packages\rest_framework\viewsets.py", line 125, in view
    return self.dispatch(request, *args, **kwargs)
  File "e:\MealMate\backend\venv\lib\site-packages\rest_framework\views.py", line 509, in dispatch
    response = self.handle_exception(exc)
  File "e:\MealMate\backend\venv\lib\site-packages\rest_framework\views.py", line 469, in handle_exception
    self.raise_uncaught_exception(exc)
  File "e:\MealMate\backend\venv\lib\site-packages\rest_framework\views.py", line 480, in raise_uncaught_exception
    raise exc
  File "e:\MealMate\backend\venv\lib\site-packages\rest_framework\views.py", line 506, in dispatch
    response = handler(request, *args, **kwargs)
  File "E:\MealMate\backend\core\api\delivery_api\views.py", line 28, in list
    for doc in orders_cursor:
  File "e:\MealMate\backend\venv\lib\site-packages\pymongo\cursor.py", line 1238, in next
    if len(self.__data) or self._refresh():
  File "e:\MealMate\backend\venv\lib\site-packages\pymongo\cursor.py", line 1130, in _refresh
    self.__session = self.__collection.database.client._ensure_session()
  File "e:\MealMate\backend\venv\lib\site-packages\pymongo\mongo_client.py", line 1935, in _ensure_session
    return self.__start_session(True, causal_consistency=False)
  File "e:\MealMate\backend\venv\lib\site-packages\pymongo\mongo_client.py", line 1883, in __start_session
    server_session = self._get_server_session()
  File "e:\MealMate\backend\venv\lib\site-packages\pymongo\mongo_client.py", line 1921, in _get_server_session
    return self._topology.get_server_session()
  File "e:\MealMate\backend\venv\lib\site-packages\pymongo\topology.py", line 520, in get_server_session
    session_timeout = self._check_session_support()
  File "e:\MealMate\backend\venv\lib\site-packages\pymongo\topology.py", line 499, in _check_session_support
    self._select_servers_loop(
  File "e:\MealMate\backend\venv\lib\site-packages\pymongo\topology.py", line 218, in _select_servers_loop
    raise ServerSelectionTimeoutError(
pymongo.errors.ServerSelectionTimeoutError: localhost:27017: [WinError 10061] No connection could be made because the target machine actively refused it, Timeout: 30s, Topology Description: <TopologyDescription id: 6a75c0795f498b469edb3a8d, topology_type: Single, servers: [<ServerDescription ('localhost', 27017) server_type: Unknown, rtt: None, error=AutoReconnect('localhost:27017: [WinError 10061] No connection could be made because the target machine actively refused it')>]>
--------------------------------------------------------------------------------
Exception on /api/delivery/orders/:
Traceback (most recent call last):
  File "e:\MealMate\backend\venv\lib\site-packages\django\core\handlers\base.py", line 181, in _get_response
    response = wrapped_callback(request, *callback_args, **callback_kwargs)
  File "e:\MealMate\backend\venv\lib\site-packages\django\views\decorators\csrf.py", line 54, in wrapped_view
    return view_func(*args, **kwargs)
  File "e:\MealMate\backend\venv\lib\site-packages\rest_framework\viewsets.py", line 125, in view
    return self.dispatch(request, *args, **kwargs)
  File "e:\MealMate\backend\venv\lib\site-packages\rest_framework\views.py", line 509, in dispatch
    response = self.handle_exception(exc)
  File "e:\MealMate\backend\venv\lib\site-packages\rest_framework\views.py", line 469, in handle_exception
    self.raise_uncaught_exception(exc)
  File "e:\MealMate\backend\venv\lib\site-packages\rest_framework\views.py", line 480, in raise_uncaught_exception
    raise exc
  File "e:\MealMate\backend\venv\lib\site-packages\rest_framework\views.py", line 506, in dispatch
    response = handler(request, *args, **kwargs)
  File "E:\MealMate\backend\core\api\delivery_api\views.py", line 28, in list
    for doc in orders_cursor:
  File "e:\MealMate\backend\venv\lib\site-packages\pymongo\cursor.py", line 1238, in next
    if len(self.__data) or self._refresh():
  File "e:\MealMate\backend\venv\lib\site-packages\pymongo\cursor.py", line 1130, in _refresh
    self.__session = self.__collection.database.client._ensure_session()
  File "e:\MealMate\backend\venv\lib\site-packages\pymongo\mongo_client.py", line 1935, in _ensure_session
    return self.__start_session(True, causal_consistency=False)
  File "e:\MealMate\backend\venv\lib\site-packages\pymongo\mongo_client.py", line 1883, in __start_session
    server_session = self._get_server_session()
  File "e:\MealMate\backend\venv\lib\site-packages\pymongo\mongo_client.py", line 1921, in _get_server_session
    return self._topology.get_server_session()
  File "e:\MealMate\backend\venv\lib\site-packages\pymongo\topology.py", line 520, in get_server_session
    session_timeout = self._check_session_support()
  File "e:\MealMate\backend\venv\lib\site-packages\pymongo\topology.py", line 499, in _check_session_support
    self._select_servers_loop(
  File "e:\MealMate\backend\venv\lib\site-packages\pymongo\topology.py", line 218, in _select_servers_loop
    raise ServerSelectionTimeoutError(
pymongo.errors.ServerSelectionTimeoutError: localhost:27017: [WinError 10061] No connection could be made because the target machine actively refused it, Timeout: 30s, Topology Description: <TopologyDescription id: 6a75c07c5f498b469edb3a8e, topology_type: Single, servers: [<ServerDescription ('localhost', 27017) server_type: Unknown, rtt: None, error=AutoReconnect('localhost:27017: [WinError 10061] No connection could be made because the target machine actively refused it')>]>
--------------------------------------------------------------------------------
Exception on /api/delivery/orders/:
Traceback (most recent call last):
  File "e:\MealMate\backend\venv\lib\site-packages\django\core\handlers\base.py", line 181, in _get_response
    response = wrapped_callback(request, *callback_args, **callback_kwargs)
  File "e:\MealMate\backend\venv\lib\site-packages\django\views\decorators\csrf.py", line 54, in wrapped_view
    return view_func(*args, **kwargs)
  File "e:\MealMate\backend\venv\lib\site-packages\rest_framework\viewsets.py", line 125, in view
    return self.dispatch(request, *args, **kwargs)
  File "e:\MealMate\backend\venv\lib\site-packages\rest_framework\views.py", line 509, in dispatch
    response = self.handle_exception(exc)
  File "e:\MealMate\backend\venv\lib\site-packages\rest_framework\views.py", line 469, in handle_exception
    self.raise_uncaught_exception(exc)
  File "e:\MealMate\backend\venv\lib\site-packages\rest_framework\views.py", line 480, in raise_uncaught_exception
    raise exc
  File "e:\MealMate\backend\venv\lib\site-packages\rest_framework\views.py", line 506, in dispatch
    response = handler(request, *args, **kwargs)
  File "E:\MealMate\backend\core\api\delivery_api\views.py", line 28, in list
    for doc in orders_cursor:
  File "e:\MealMate\backend\venv\lib\site-packages\pymongo\cursor.py", line 1238, in next
    if len(self.__data) or self._refresh():
  File "e:\MealMate\backend\venv\lib\site-packages\pymongo\cursor.py", line 1130, in _refresh
    self.__session = self.__collection.database.client._ensure_session()
  File "e:\MealMate\backend\venv\lib\site-packages\pymongo\mongo_client.py", line 1935, in _ensure_session
    return self.__start_session(True, causal_consistency=False)
  File "e:\MealMate\backend\venv\lib\site-packages\pymongo\mongo_client.py", line 1883, in __start_session
    server_session = self._get_server_session()
  File "e:\MealMate\backend\venv\lib\site-packages\pymongo\mongo_client.py", line 1921, in _get_server_session
    return self._topology.get_server_session()
  File "e:\MealMate\backend\venv\lib\site-packages\pymongo\topology.py", line 520, in get_server_session
    session_timeout = self._check_session_support()
  File "e:\MealMate\backend\venv\lib\site-packages\pymongo\topology.py", line 499, in _check_session_support
    self._select_servers_loop(
  File "e:\MealMate\backend\venv\lib\site-packages\pymongo\topology.py", line 218, in _select_servers_loop
    raise ServerSelectionTimeoutError(
pymongo.errors.ServerSelectionTimeoutError: localhost:27017: [WinError 10061] No connection could be made because the target machine actively refused it, Timeout: 30s, Topology Description: <TopologyDescription id: 6a75c07e5f498b469edb3a8f, topology_type: Single, servers: [<ServerDescription ('localhost', 27017) server_type: Unknown, rtt: None, error=AutoReconnect('localhost:27017: [WinError 10061] No connection could be made because the target machine actively refused it')>]>
--------------------------------------------------------------------------------
Exception on /api/delivery/orders/:
Traceback (most recent call last):
  File "e:\MealMate\backend\venv\lib\site-packages\django\core\handlers\base.py", line 181, in _get_response
    response = wrapped_callback(request, *callback_args, **callback_kwargs)
  File "e:\MealMate\backend\venv\lib\site-packages\django\views\decorators\csrf.py", line 54, in wrapped_view
    return view_func(*args, **kwargs)
  File "e:\MealMate\backend\venv\lib\site-packages\rest_framework\viewsets.py", line 125, in view
    return self.dispatch(request, *args, **kwargs)
  File "e:\MealMate\backend\venv\lib\site-packages\rest_framework\views.py", line 509, in dispatch
    response = self.handle_exception(exc)
  File "e:\MealMate\backend\venv\lib\site-packages\rest_framework\views.py", line 469, in handle_exception
    self.raise_uncaught_exception(exc)
  File "e:\MealMate\backend\venv\lib\site-packages\rest_framework\views.py", line 480, in raise_uncaught_exception
    raise exc
  File "e:\MealMate\backend\venv\lib\site-packages\rest_framework\views.py", line 506, in dispatch
    response = handler(request, *args, **kwargs)
  File "E:\MealMate\backend\core\api\delivery_api\views.py", line 28, in list
    for doc in orders_cursor:
  File "e:\MealMate\backend\venv\lib\site-packages\pymongo\cursor.py", line 1238, in next
    if len(self.__data) or self._refresh():
  File "e:\MealMate\backend\venv\lib\site-packages\pymongo\cursor.py", line 1130, in _refresh
    self.__session = self.__collection.database.client._ensure_session()
  File "e:\MealMate\backend\venv\lib\site-packages\pymongo\mongo_client.py", line 1935, in _ensure_session
    return self.__start_session(True, causal_consistency=False)
  File "e:\MealMate\backend\venv\lib\site-packages\pymongo\mongo_client.py", line 1883, in __start_session
    server_session = self._get_server_session()
  File "e:\MealMate\backend\venv\lib\site-packages\pymongo\mongo_client.py", line 1921, in _get_server_session
    return self._topology.get_server_session()
  File "e:\MealMate\backend\venv\lib\site-packages\pymongo\topology.py", line 520, in get_server_session
    session_timeout = self._check_session_support()
  File "e:\MealMate\backend\venv\lib\site-packages\pymongo\topology.py", line 499, in _check_session_support
    self._select_servers_loop(
  File "e:\MealMate\backend\venv\lib\site-packages\pymongo\topology.py", line 218, in _select_servers_loop
    raise ServerSelectionTimeoutError(
pymongo.errors.ServerSelectionTimeoutError: localhost:27017: [WinError 10061] No connection could be made because the target machine actively refused it, Timeout: 30s, Topology Description: <TopologyDescription id: 6a75c0825f498b469edb3a90, topology_type: Single, servers: [<ServerDescription ('localhost', 27017) server_type: Unknown, rtt: None, error=AutoReconnect('localhost:27017: [WinError 10061] No connection could be made because the target machine actively refused it')>]>
--------------------------------------------------------------------------------
Exception on /api/delivery/orders/:
Traceback (most recent call last):
  File "e:\MealMate\backend\venv\lib\site-packages\django\core\handlers\base.py", line 181, in _get_response
    response = wrapped_callback(request, *callback_args, **callback_kwargs)
  File "e:\MealMate\backend\venv\lib\site-packages\django\views\decorators\csrf.py", line 54, in wrapped_view
    return view_func(*args, **kwargs)
  File "e:\MealMate\backend\venv\lib\site-packages\rest_framework\viewsets.py", line 125, in view
    return self.dispatch(request, *args, **kwargs)
  File "e:\MealMate\backend\venv\lib\site-packages\rest_framework\views.py", line 509, in dispatch
    response = self.handle_exception(exc)
  File "e:\MealMate\backend\venv\lib\site-packages\rest_framework\views.py", line 469, in handle_exception
    self.raise_uncaught_exception(exc)
  File "e:\MealMate\backend\venv\lib\site-packages\rest_framework\views.py", line 480, in raise_uncaught_exception
    raise exc
  File "e:\MealMate\backend\venv\lib\site-packages\rest_framework\views.py", line 506, in dispatch
    response = handler(request, *args, **kwargs)
  File "E:\MealMate\backend\core\api\delivery_api\views.py", line 28, in list
    for doc in orders_cursor:
  File "e:\MealMate\backend\venv\lib\site-packages\pymongo\cursor.py", line 1238, in next
    if len(self.__data) or self._refresh():
  File "e:\MealMate\backend\venv\lib\site-packages\pymongo\cursor.py", line 1130, in _refresh
    self.__session = self.__collection.database.client._ensure_session()
  File "e:\MealMate\backend\venv\lib\site-packages\pymongo\mongo_client.py", line 1935, in _ensure_session
    return self.__start_session(True, causal_consistency=False)
  File "e:\MealMate\backend\venv\lib\site-packages\pymongo\mongo_client.py", line 1883, in __start_session
    server_session = self._get_server_session()
  File "e:\MealMate\backend\venv\lib\site-packages\pymongo\mongo_client.py", line 1921, in _get_server_session
    return self._topology.get_server_session()
  File "e:\MealMate\backend\venv\lib\site-packages\pymongo\topology.py", line 520, in get_server_session
    session_timeout = self._check_session_support()
  File "e:\MealMate\backend\venv\lib\site-packages\pymongo\topology.py", line 499, in _check_session_support
    self._select_servers_loop(
  File "e:\MealMate\backend\venv\lib\site-packages\pymongo\topology.py", line 218, in _select_servers_loop
    raise ServerSelectionTimeoutError(
pymongo.errors.ServerSelectionTimeoutError: localhost:27017: [WinError 10061] No connection could be made because the target machine actively refused it, Timeout: 30s, Topology Description: <TopologyDescription id: 6a75c0855f498b469edb3a91, topology_type: Single, servers: [<ServerDescription ('localhost', 27017) server_type: Unknown, rtt: None, error=AutoReconnect('localhost:27017: [WinError 10061] No connection could be made because the target machine actively refused it')>]>
--------------------------------------------------------------------------------
Exception on /api/delivery/orders/:
Traceback (most recent call last):
  File "e:\MealMate\backend\venv\lib\site-packages\django\core\handlers\base.py", line 181, in _get_response
    response = wrapped_callback(request, *callback_args, **callback_kwargs)
  File "e:\MealMate\backend\venv\lib\site-packages\django\views\decorators\csrf.py", line 54, in wrapped_view
    return view_func(*args, **kwargs)
  File "e:\MealMate\backend\venv\lib\site-packages\rest_framework\viewsets.py", line 125, in view
    return self.dispatch(request, *args, **kwargs)
  File "e:\MealMate\backend\venv\lib\site-packages\rest_framework\views.py", line 509, in dispatch
    response = self.handle_exception(exc)
  File "e:\MealMate\backend\venv\lib\site-packages\rest_framework\views.py", line 469, in handle_exception
    self.raise_uncaught_exception(exc)
  File "e:\MealMate\backend\venv\lib\site-packages\rest_framework\views.py", line 480, in raise_uncaught_exception
    raise exc
  File "e:\MealMate\backend\venv\lib\site-packages\rest_framework\views.py", line 506, in dispatch
    response = handler(request, *args, **kwargs)
  File "E:\MealMate\backend\core\api\delivery_api\views.py", line 28, in list
    for doc in orders_cursor:
  File "e:\MealMate\backend\venv\lib\site-packages\pymongo\cursor.py", line 1238, in next
    if len(self.__data) or self._refresh():
  File "e:\MealMate\backend\venv\lib\site-packages\pymongo\cursor.py", line 1130, in _refresh
    self.__session = self.__collection.database.client._ensure_session()
  File "e:\MealMate\backend\venv\lib\site-packages\pymongo\mongo_client.py", line 1935, in _ensure_session
    return self.__start_session(True, causal_consistency=False)
  File "e:\MealMate\backend\venv\lib\site-packages\pymongo\mongo_client.py", line 1883, in __start_session
    server_session = self._get_server_session()
  File "e:\MealMate\backend\venv\lib\site-packages\pymongo\mongo_client.py", line 1921, in _get_server_session
    return self._topology.get_server_session()
  File "e:\MealMate\backend\venv\lib\site-packages\pymongo\topology.py", line 520, in get_server_session
    session_timeout = self._check_session_support()
  File "e:\MealMate\backend\venv\lib\site-packages\pymongo\topology.py", line 499, in _check_session_support
    self._select_servers_loop(
  File "e:\MealMate\backend\venv\lib\site-packages\pymongo\topology.py", line 218, in _select_servers_loop
    raise ServerSelectionTimeoutError(
pymongo.errors.ServerSelectionTimeoutError: localhost:27017: [WinError 10061] No connection could be made because the target machine actively refused it, Timeout: 30s, Topology Description: <TopologyDescription id: 6a75c0945f498b469edb3a92, topology_type: Single, servers: [<ServerDescription ('localhost', 27017) server_type: Unknown, rtt: None, error=AutoReconnect('localhost:27017: [WinError 10061] No connection could be made because the target machine actively refused it')>]>
--------------------------------------------------------------------------------
Exception on /api/delivery/orders/:
Traceback (most recent call last):
  File "e:\MealMate\backend\venv\lib\site-packages\django\core\handlers\base.py", line 181, in _get_response
    response = wrapped_callback(request, *callback_args, **callback_kwargs)
  File "e:\MealMate\backend\venv\lib\site-packages\django\views\decorators\csrf.py", line 54, in wrapped_view
    return view_func(*args, **kwargs)
  File "e:\MealMate\backend\venv\lib\site-packages\rest_framework\viewsets.py", line 125, in view
    return self.dispatch(request, *args, **kwargs)
  File "e:\MealMate\backend\venv\lib\site-packages\rest_framework\views.py", line 509, in dispatch
    response = self.handle_exception(exc)
  File "e:\MealMate\backend\venv\lib\site-packages\rest_framework\views.py", line 469, in handle_exception
    self.raise_uncaught_exception(exc)
  File "e:\MealMate\backend\venv\lib\site-packages\rest_framework\views.py", line 480, in raise_uncaught_exception
    raise exc
  File "e:\MealMate\backend\venv\lib\site-packages\rest_framework\views.py", line 506, in dispatch
    response = handler(request, *args, **kwargs)
  File "E:\MealMate\backend\core\api\delivery_api\views.py", line 28, in list
    for doc in orders_cursor:
  File "e:\MealMate\backend\venv\lib\site-packages\pymongo\cursor.py", line 1238, in next
    if len(self.__data) or self._refresh():
  File "e:\MealMate\backend\venv\lib\site-packages\pymongo\cursor.py", line 1130, in _refresh
    self.__session = self.__collection.database.client._ensure_session()
  File "e:\MealMate\backend\venv\lib\site-packages\pymongo\mongo_client.py", line 1935, in _ensure_session
    return self.__start_session(True, causal_consistency=False)
  File "e:\MealMate\backend\venv\lib\site-packages\pymongo\mongo_client.py", line 1883, in __start_session
    server_session = self._get_server_session()
  File "e:\MealMate\backend\venv\lib\site-packages\pymongo\mongo_client.py", line 1921, in _get_server_session
    return self._topology.get_server_session()
  File "e:\MealMate\backend\venv\lib\site-packages\pymongo\topology.py", line 520, in get_server_session
    session_timeout = self._check_session_support()
  File "e:\MealMate\backend\venv\lib\site-packages\pymongo\topology.py", line 499, in _check_session_support
    self._select_servers_loop(
  File "e:\MealMate\backend\venv\lib\site-packages\pymongo\topology.py", line 218, in _select_servers_loop
    raise ServerSelectionTimeoutError(
pymongo.errors.ServerSelectionTimeoutError: localhost:27017: [WinError 10061] No connection could be made because the target machine actively refused it, Timeout: 30s, Topology Description: <TopologyDescription id: 6a75c0975f498b469edb3a93, topology_type: Single, servers: [<ServerDescription ('localhost', 27017) server_type: Unknown, rtt: None, error=AutoReconnect('localhost:27017: [WinError 10061] No connection could be made because the target machine actively refused it')>]>
--------------------------------------------------------------------------------
Exception on /api/delivery/orders/:
Traceback (most recent call last):
  File "e:\MealMate\backend\venv\lib\site-packages\django\core\handlers\base.py", line 181, in _get_response
    response = wrapped_callback(request, *callback_args, **callback_kwargs)
  File "e:\MealMate\backend\venv\lib\site-packages\django\views\decorators\csrf.py", line 54, in wrapped_view
    return view_func(*args, **kwargs)
  File "e:\MealMate\backend\venv\lib\site-packages\rest_framework\viewsets.py", line 125, in view
    return self.dispatch(request, *args, **kwargs)
  File "e:\MealMate\backend\venv\lib\site-packages\rest_framework\views.py", line 509, in dispatch
    response = self.handle_exception(exc)
  File "e:\MealMate\backend\venv\lib\site-packages\rest_framework\views.py", line 469, in handle_exception
    self.raise_uncaught_exception(exc)
  File "e:\MealMate\backend\venv\lib\site-packages\rest_framework\views.py", line 480, in raise_uncaught_exception
    raise exc
  File "e:\MealMate\backend\venv\lib\site-packages\rest_framework\views.py", line 506, in dispatch
    response = handler(request, *args, **kwargs)
  File "E:\MealMate\backend\core\api\delivery_api\views.py", line 28, in list
    for doc in orders_cursor:
  File "e:\MealMate\backend\venv\lib\site-packages\pymongo\cursor.py", line 1238, in next
    if len(self.__data) or self._refresh():
  File "e:\MealMate\backend\venv\lib\site-packages\pymongo\cursor.py", line 1130, in _refresh
    self.__session = self.__collection.database.client._ensure_session()
  File "e:\MealMate\backend\venv\lib\site-packages\pymongo\mongo_client.py", line 1935, in _ensure_session
    return self.__start_session(True, causal_consistency=False)
  File "e:\MealMate\backend\venv\lib\site-packages\pymongo\mongo_client.py", line 1883, in __start_session
    server_session = self._get_server_session()
  File "e:\MealMate\backend\venv\lib\site-packages\pymongo\mongo_client.py", line 1921, in _get_server_session
    return self._topology.get_server_session()
  File "e:\MealMate\backend\venv\lib\site-packages\pymongo\topology.py", line 520, in get_server_session
    session_timeout = self._check_session_support()
  File "e:\MealMate\backend\venv\lib\site-packages\pymongo\topology.py", line 499, in _check_session_support
    self._select_servers_loop(
  File "e:\MealMate\backend\venv\lib\site-packages\pymongo\topology.py", line 218, in _select_servers_loop
    raise ServerSelectionTimeoutError(
pymongo.errors.ServerSelectionTimeoutError: localhost:27017: [WinError 10061] No connection could be made because the target machine actively refused it, Timeout: 30s, Topology Description: <TopologyDescription id: 6a75c09a5f498b469edb3a94, topology_type: Single, servers: [<ServerDescription ('localhost', 27017) server_type: Unknown, rtt: None, error=AutoReconnect('localhost:27017: [WinError 10061] No connection could be made because the target machine actively refused it')>]>
--------------------------------------------------------------------------------
Exception on /api/delivery/orders/:
Traceback (most recent call last):
  File "e:\MealMate\backend\venv\lib\site-packages\django\core\handlers\base.py", line 181, in _get_response
    response = wrapped_callback(request, *callback_args, **callback_kwargs)
  File "e:\MealMate\backend\venv\lib\site-packages\django\views\decorators\csrf.py", line 54, in wrapped_view
    return view_func(*args, **kwargs)
  File "e:\MealMate\backend\venv\lib\site-packages\rest_framework\viewsets.py", line 125, in view
    return self.dispatch(request, *args, **kwargs)
  File "e:\MealMate\backend\venv\lib\site-packages\rest_framework\views.py", line 509, in dispatch
    response = self.handle_exception(exc)
  File "e:\MealMate\backend\venv\lib\site-packages\rest_framework\views.py", line 469, in handle_exception
    self.raise_uncaught_exception(exc)
  File "e:\MealMate\backend\venv\lib\site-packages\rest_framework\views.py", line 480, in raise_uncaught_exception
    raise exc
  File "e:\MealMate\backend\venv\lib\site-packages\rest_framework\views.py", line 506, in dispatch
    response = handler(request, *args, **kwargs)
  File "E:\MealMate\backend\core\api\delivery_api\views.py", line 28, in list
    for doc in orders_cursor:
  File "e:\MealMate\backend\venv\lib\site-packages\pymongo\cursor.py", line 1238, in next
    if len(self.__data) or self._refresh():
  File "e:\MealMate\backend\venv\lib\site-packages\pymongo\cursor.py", line 1130, in _refresh
    self.__session = self.__collection.database.client._ensure_session()
  File "e:\MealMate\backend\venv\lib\site-packages\pymongo\mongo_client.py", line 1935, in _ensure_session
    return self.__start_session(True, causal_consistency=False)
  File "e:\MealMate\backend\venv\lib\site-packages\pymongo\mongo_client.py", line 1883, in __start_session
    server_session = self._get_server_session()
  File "e:\MealMate\backend\venv\lib\site-packages\pymongo\mongo_client.py", line 1921, in _get_server_session
    return self._topology.get_server_session()
  File "e:\MealMate\backend\venv\lib\site-packages\pymongo\topology.py", line 520, in get_server_session
    session_timeout = self._check_session_support()
  File "e:\MealMate\backend\venv\lib\site-packages\pymongo\topology.py", line 499, in _check_session_support
    self._select_servers_loop(
  File "e:\MealMate\backend\venv\lib\site-packages\pymongo\topology.py", line 218, in _select_servers_loop
    raise ServerSelectionTimeoutError(
pymongo.errors.ServerSelectionTimeoutError: localhost:27017: [WinError 10061] No connection could be made because the target machine actively refused it, Timeout: 30s, Topology Description: <TopologyDescription id: 6a75c09c5f498b469edb3a95, topology_type: Single, servers: [<ServerDescription ('localhost', 27017) server_type: Unknown, rtt: None, error=AutoReconnect('localhost:27017: [WinError 10061] No connection could be made because the target machine actively refused it')>]>
--------------------------------------------------------------------------------
Exception on /api/delivery/orders/:
Traceback (most recent call last):
  File "e:\MealMate\backend\venv\lib\site-packages\django\core\handlers\base.py", line 181, in _get_response
    response = wrapped_callback(request, *callback_args, **callback_kwargs)
  File "e:\MealMate\backend\venv\lib\site-packages\django\views\decorators\csrf.py", line 54, in wrapped_view
    return view_func(*args, **kwargs)
  File "e:\MealMate\backend\venv\lib\site-packages\rest_framework\viewsets.py", line 125, in view
    return self.dispatch(request, *args, **kwargs)
  File "e:\MealMate\backend\venv\lib\site-packages\rest_framework\views.py", line 509, in dispatch
    response = self.handle_exception(exc)
  File "e:\MealMate\backend\venv\lib\site-packages\rest_framework\views.py", line 469, in handle_exception
    self.raise_uncaught_exception(exc)
  File "e:\MealMate\backend\venv\lib\site-packages\rest_framework\views.py", line 480, in raise_uncaught_exception
    raise exc
  File "e:\MealMate\backend\venv\lib\site-packages\rest_framework\views.py", line 506, in dispatch
    response = handler(request, *args, **kwargs)
  File "E:\MealMate\backend\core\api\delivery_api\views.py", line 28, in list
    for doc in orders_cursor:
  File "e:\MealMate\backend\venv\lib\site-packages\pymongo\cursor.py", line 1238, in next
    if len(self.__data) or self._refresh():
  File "e:\MealMate\backend\venv\lib\site-packages\pymongo\cursor.py", line 1130, in _refresh
    self.__session = self.__collection.database.client._ensure_session()
  File "e:\MealMate\backend\venv\lib\site-packages\pymongo\mongo_client.py", line 1935, in _ensure_session
    return self.__start_session(True, causal_consistency=False)
  File "e:\MealMate\backend\venv\lib\site-packages\pymongo\mongo_client.py", line 1883, in __start_session
    server_session = self._get_server_session()
  File "e:\MealMate\backend\venv\lib\site-packages\pymongo\mongo_client.py", line 1921, in _get_server_session
    return self._topology.get_server_session()
  File "e:\MealMate\backend\venv\lib\site-packages\pymongo\topology.py", line 520, in get_server_session
    session_timeout = self._check_session_support()
  File "e:\MealMate\backend\venv\lib\site-packages\pymongo\topology.py", line 499, in _check_session_support
    self._select_servers_loop(
  File "e:\MealMate\backend\venv\lib\site-packages\pymongo\topology.py", line 218, in _select_servers_loop
    raise ServerSelectionTimeoutError(
pymongo.errors.ServerSelectionTimeoutError: localhost:27017: [WinError 10061] No connection could be made because the target machine actively refused it, Timeout: 30s, Topology Description: <TopologyDescription id: 6a75c0a05f498b469edb3a96, topology_type: Single, servers: [<ServerDescription ('localhost', 27017) server_type: Unknown, rtt: None, error=AutoReconnect('localhost:27017: [WinError 10061] No connection could be made because the target machine actively refused it')>]>
--------------------------------------------------------------------------------
Exception on /api/delivery/orders/:
Traceback (most recent call last):
  File "e:\MealMate\backend\venv\lib\site-packages\django\core\handlers\base.py", line 181, in _get_response
    response = wrapped_callback(request, *callback_args, **callback_kwargs)
  File "e:\MealMate\backend\venv\lib\site-packages\django\views\decorators\csrf.py", line 54, in wrapped_view
    return view_func(*args, **kwargs)
  File "e:\MealMate\backend\venv\lib\site-packages\rest_framework\viewsets.py", line 125, in view
    return self.dispatch(request, *args, **kwargs)
  File "e:\MealMate\backend\venv\lib\site-packages\rest_framework\views.py", line 509, in dispatch
    response = self.handle_exception(exc)
  File "e:\MealMate\backend\venv\lib\site-packages\rest_framework\views.py", line 469, in handle_exception
    self.raise_uncaught_exception(exc)
  File "e:\MealMate\backend\venv\lib\site-packages\rest_framework\views.py", line 480, in raise_uncaught_exception
    raise exc
  File "e:\MealMate\backend\venv\lib\site-packages\rest_framework\views.py", line 506, in dispatch
    response = handler(request, *args, **kwargs)
  File "E:\MealMate\backend\core\api\delivery_api\views.py", line 28, in list
    for doc in orders_cursor:
  File "e:\MealMate\backend\venv\lib\site-packages\pymongo\cursor.py", line 1238, in next
    if len(self.__data) or self._refresh():
  File "e:\MealMate\backend\venv\lib\site-packages\pymongo\cursor.py", line 1130, in _refresh
    self.__session = self.__collection.database.client._ensure_session()
  File "e:\MealMate\backend\venv\lib\site-packages\pymongo\mongo_client.py", line 1935, in _ensure_session
    return self.__start_session(True, causal_consistency=False)
  File "e:\MealMate\backend\venv\lib\site-packages\pymongo\mongo_client.py", line 1883, in __start_session
    server_session = self._get_server_session()
  File "e:\MealMate\backend\venv\lib\site-packages\pymongo\mongo_client.py", line 1921, in _get_server_session
    return self._topology.get_server_session()
  File "e:\MealMate\backend\venv\lib\site-packages\pymongo\topology.py", line 520, in get_server_session
    session_timeout = self._check_session_support()
  File "e:\MealMate\backend\venv\lib\site-packages\pymongo\topology.py", line 499, in _check_session_support
    self._select_servers_loop(
  File "e:\MealMate\backend\venv\lib\site-packages\pymongo\topology.py", line 218, in _select_servers_loop
    raise ServerSelectionTimeoutError(
pymongo.errors.ServerSelectionTimeoutError: localhost:27017: [WinError 10061] No connection could be made because the target machine actively refused it, Timeout: 30s, Topology Description: <TopologyDescription id: 6a75c0a35f498b469edb3a97, topology_type: Single, servers: [<ServerDescription ('localhost', 27017) server_type: Unknown, rtt: None, error=AutoReconnect('localhost:27017: [WinError 10061] No connection could be made because the target machine actively refused it')>]>
--------------------------------------------------------------------------------
Exception on /api/delivery/orders/:
Traceback (most recent call last):
  File "e:\MealMate\backend\venv\lib\site-packages\django\core\handlers\base.py", line 181, in _get_response
    response = wrapped_callback(request, *callback_args, **callback_kwargs)
  File "e:\MealMate\backend\venv\lib\site-packages\django\views\decorators\csrf.py", line 54, in wrapped_view
    return view_func(*args, **kwargs)
  File "e:\MealMate\backend\venv\lib\site-packages\rest_framework\viewsets.py", line 125, in view
    return self.dispatch(request, *args, **kwargs)
  File "e:\MealMate\backend\venv\lib\site-packages\rest_framework\views.py", line 509, in dispatch
    response = self.handle_exception(exc)
  File "e:\MealMate\backend\venv\lib\site-packages\rest_framework\views.py", line 469, in handle_exception
    self.raise_uncaught_exception(exc)
  File "e:\MealMate\backend\venv\lib\site-packages\rest_framework\views.py", line 480, in raise_uncaught_exception
    raise exc
  File "e:\MealMate\backend\venv\lib\site-packages\rest_framework\views.py", line 506, in dispatch
    response = handler(request, *args, **kwargs)
  File "E:\MealMate\backend\core\api\delivery_api\views.py", line 28, in list
    for doc in orders_cursor:
  File "e:\MealMate\backend\venv\lib\site-packages\pymongo\cursor.py", line 1238, in next
    if len(self.__data) or self._refresh():
  File "e:\MealMate\backend\venv\lib\site-packages\pymongo\cursor.py", line 1130, in _refresh
    self.__session = self.__collection.database.client._ensure_session()
  File "e:\MealMate\backend\venv\lib\site-packages\pymongo\mongo_client.py", line 1935, in _ensure_session
    return self.__start_session(True, causal_consistency=False)
  File "e:\MealMate\backend\venv\lib\site-packages\pymongo\mongo_client.py", line 1883, in __start_session
    server_session = self._get_server_session()
  File "e:\MealMate\backend\venv\lib\site-packages\pymongo\mongo_client.py", line 1921, in _get_server_session
    return self._topology.get_server_session()
  File "e:\MealMate\backend\venv\lib\site-packages\pymongo\topology.py", line 520, in get_server_session
    session_timeout = self._check_session_support()
  File "e:\MealMate\backend\venv\lib\site-packages\pymongo\topology.py", line 499, in _check_session_support
    self._select_servers_loop(
  File "e:\MealMate\backend\venv\lib\site-packages\pymongo\topology.py", line 218, in _select_servers_loop
    raise ServerSelectionTimeoutError(
pymongo.errors.ServerSelectionTimeoutError: localhost:27017: [WinError 10061] No connection could be made because the target machine actively refused it, Timeout: 30s, Topology Description: <TopologyDescription id: 6a75c0b35f498b469edb3a98, topology_type: Single, servers: [<ServerDescription ('localhost', 27017) server_type: Unknown, rtt: None, error=AutoReconnect('localhost:27017: [WinError 10061] No connection could be made because the target machine actively refused it')>]>
--------------------------------------------------------------------------------
Exception on /api/delivery/orders/:
Traceback (most recent call last):
  File "e:\MealMate\backend\venv\lib\site-packages\django\core\handlers\base.py", line 181, in _get_response
    response = wrapped_callback(request, *callback_args, **callback_kwargs)
  File "e:\MealMate\backend\venv\lib\site-packages\django\views\decorators\csrf.py", line 54, in wrapped_view
    return view_func(*args, **kwargs)
  File "e:\MealMate\backend\venv\lib\site-packages\rest_framework\viewsets.py", line 125, in view
    return self.dispatch(request, *args, **kwargs)
  File "e:\MealMate\backend\venv\lib\site-packages\rest_framework\views.py", line 509, in dispatch
    response = self.handle_exception(exc)
  File "e:\MealMate\backend\venv\lib\site-packages\rest_framework\views.py", line 469, in handle_exception
    self.raise_uncaught_exception(exc)
  File "e:\MealMate\backend\venv\lib\site-packages\rest_framework\views.py", line 480, in raise_uncaught_exception
    raise exc
  File "e:\MealMate\backend\venv\lib\site-packages\rest_framework\views.py", line 506, in dispatch
    response = handler(request, *args, **kwargs)
  File "E:\MealMate\backend\core\api\delivery_api\views.py", line 28, in list
    for doc in orders_cursor:
  File "e:\MealMate\backend\venv\lib\site-packages\pymongo\cursor.py", line 1238, in next
    if len(self.__data) or self._refresh():
  File "e:\MealMate\backend\venv\lib\site-packages\pymongo\cursor.py", line 1130, in _refresh
    self.__session = self.__collection.database.client._ensure_session()
  File "e:\MealMate\backend\venv\lib\site-packages\pymongo\mongo_client.py", line 1935, in _ensure_session
    return self.__start_session(True, causal_consistency=False)
  File "e:\MealMate\backend\venv\lib\site-packages\pymongo\mongo_client.py", line 1883, in __start_session
    server_session = self._get_server_session()
  File "e:\MealMate\backend\venv\lib\site-packages\pymongo\mongo_client.py", line 1921, in _get_server_session
    return self._topology.get_server_session()
  File "e:\MealMate\backend\venv\lib\site-packages\pymongo\topology.py", line 520, in get_server_session
    session_timeout = self._check_session_support()
  File "e:\MealMate\backend\venv\lib\site-packages\pymongo\topology.py", line 499, in _check_session_support
    self._select_servers_loop(
  File "e:\MealMate\backend\venv\lib\site-packages\pymongo\topology.py", line 218, in _select_servers_loop
    raise ServerSelectionTimeoutError(
pymongo.errors.ServerSelectionTimeoutError: localhost:27017: [WinError 10061] No connection could be made because the target machine actively refused it, Timeout: 30s, Topology Description: <TopologyDescription id: 6a75c0b65f498b469edb3a99, topology_type: Single, servers: [<ServerDescription ('localhost', 27017) server_type: Unknown, rtt: None, error=AutoReconnect('localhost:27017: [WinError 10061] No connection could be made because the target machine actively refused it')>]>
--------------------------------------------------------------------------------
Exception on /api/delivery/orders/:
Traceback (most recent call last):
  File "e:\MealMate\backend\venv\lib\site-packages\django\core\handlers\base.py", line 181, in _get_response
    response = wrapped_callback(request, *callback_args, **callback_kwargs)
  File "e:\MealMate\backend\venv\lib\site-packages\django\views\decorators\csrf.py", line 54, in wrapped_view
    return view_func(*args, **kwargs)
  File "e:\MealMate\backend\venv\lib\site-packages\rest_framework\viewsets.py", line 125, in view
    return self.dispatch(request, *args, **kwargs)
  File "e:\MealMate\backend\venv\lib\site-packages\rest_framework\views.py", line 509, in dispatch
    response = self.handle_exception(exc)
  File "e:\MealMate\backend\venv\lib\site-packages\rest_framework\views.py", line 469, in handle_exception
    self.raise_uncaught_exception(exc)
  File "e:\MealMate\backend\venv\lib\site-packages\rest_framework\views.py", line 480, in raise_uncaught_exception
    raise exc
  File "e:\MealMate\backend\venv\lib\site-packages\rest_framework\views.py", line 506, in dispatch
    response = handler(request, *args, **kwargs)
  File "E:\MealMate\backend\core\api\delivery_api\views.py", line 28, in list
    for doc in orders_cursor:
  File "e:\MealMate\backend\venv\lib\site-packages\pymongo\cursor.py", line 1238, in next
    if len(self.__data) or self._refresh():
  File "e:\MealMate\backend\venv\lib\site-packages\pymongo\cursor.py", line 1130, in _refresh
    self.__session = self.__collection.database.client._ensure_session()
  File "e:\MealMate\backend\venv\lib\site-packages\pymongo\mongo_client.py", line 1935, in _ensure_session
    return self.__start_session(True, causal_consistency=False)
  File "e:\MealMate\backend\venv\lib\site-packages\pymongo\mongo_client.py", line 1883, in __start_session
    server_session = self._get_server_session()
  File "e:\MealMate\backend\venv\lib\site-packages\pymongo\mongo_client.py", line 1921, in _get_server_session
    return self._topology.get_server_session()
  File "e:\MealMate\backend\venv\lib\site-packages\pymongo\topology.py", line 520, in get_server_session
    session_timeout = self._check_session_support()
  File "e:\MealMate\backend\venv\lib\site-packages\pymongo\topology.py", line 499, in _check_session_support
    self._select_servers_loop(
  File "e:\MealMate\backend\venv\lib\site-packages\pymongo\topology.py", line 218, in _select_servers_loop
    raise ServerSelectionTimeoutError(
pymongo.errors.ServerSelectionTimeoutError: localhost:27017: [WinError 10061] No connection could be made because the target machine actively refused it, Timeout: 30s, Topology Description: <TopologyDescription id: 6a75c0b95f498b469edb3a9a, topology_type: Single, servers: [<ServerDescription ('localhost', 27017) server_type: Unknown, rtt: None, error=AutoReconnect('localhost:27017: [WinError 10061] No connection could be made because the target machine actively refused it')>]>
--------------------------------------------------------------------------------
Exception on /api/delivery/orders/:
Traceback (most recent call last):
  File "e:\MealMate\backend\venv\lib\site-packages\django\core\handlers\base.py", line 181, in _get_response
    response = wrapped_callback(request, *callback_args, **callback_kwargs)
  File "e:\MealMate\backend\venv\lib\site-packages\django\views\decorators\csrf.py", line 54, in wrapped_view
    return view_func(*args, **kwargs)
  File "e:\MealMate\backend\venv\lib\site-packages\rest_framework\viewsets.py", line 125, in view
    return self.dispatch(request, *args, **kwargs)
  File "e:\MealMate\backend\venv\lib\site-packages\rest_framework\views.py", line 509, in dispatch
    response = self.handle_exception(exc)
  File "e:\MealMate\backend\venv\lib\site-packages\rest_framework\views.py", line 469, in handle_exception
    self.raise_uncaught_exception(exc)
  File "e:\MealMate\backend\venv\lib\site-packages\rest_framework\views.py", line 480, in raise_uncaught_exception
    raise exc
  File "e:\MealMate\backend\venv\lib\site-packages\rest_framework\views.py", line 506, in dispatch
    response = handler(request, *args, **kwargs)
  File "E:\MealMate\backend\core\api\delivery_api\views.py", line 28, in list
    for doc in orders_cursor:
  File "e:\MealMate\backend\venv\lib\site-packages\pymongo\cursor.py", line 1238, in next
    if len(self.__data) or self._refresh():
  File "e:\MealMate\backend\venv\lib\site-packages\pymongo\cursor.py", line 1130, in _refresh
    self.__session = self.__collection.database.client._ensure_session()
  File "e:\MealMate\backend\venv\lib\site-packages\pymongo\mongo_client.py", line 1935, in _ensure_session
    return self.__start_session(True, causal_consistency=False)
  File "e:\MealMate\backend\venv\lib\site-packages\pymongo\mongo_client.py", line 1883, in __start_session
    server_session = self._get_server_session()
  File "e:\MealMate\backend\venv\lib\site-packages\pymongo\mongo_client.py", line 1921, in _get_server_session
    return self._topology.get_server_session()
  File "e:\MealMate\backend\venv\lib\site-packages\pymongo\topology.py", line 520, in get_server_session
    session_timeout = self._check_session_support()
  File "e:\MealMate\backend\venv\lib\site-packages\pymongo\topology.py", line 499, in _check_session_support
    self._select_servers_loop(
  File "e:\MealMate\backend\venv\lib\site-packages\pymongo\topology.py", line 218, in _select_servers_loop
    raise ServerSelectionTimeoutError(
pymongo.errors.ServerSelectionTimeoutError: localhost:27017: [WinError 10061] No connection could be made because the target machine actively refused it, Timeout: 30s, Topology Description: <TopologyDescription id: 6a75c0ba5f498b469edb3a9b, topology_type: Single, servers: [<ServerDescription ('localhost', 27017) server_type: Unknown, rtt: None, error=AutoReconnect('localhost:27017: [WinError 10061] No connection could be made because the target machine actively refused it')>]>
--------------------------------------------------------------------------------
Exception on /api/delivery/orders/:
Traceback (most recent call last):
  File "e:\MealMate\backend\venv\lib\site-packages\django\core\handlers\base.py", line 181, in _get_response
    response = wrapped_callback(request, *callback_args, **callback_kwargs)
  File "e:\MealMate\backend\venv\lib\site-packages\django\views\decorators\csrf.py", line 54, in wrapped_view
    return view_func(*args, **kwargs)
  File "e:\MealMate\backend\venv\lib\site-packages\rest_framework\viewsets.py", line 125, in view
    return self.dispatch(request, *args, **kwargs)
  File "e:\MealMate\backend\venv\lib\site-packages\rest_framework\views.py", line 509, in dispatch
    response = self.handle_exception(exc)
  File "e:\MealMate\backend\venv\lib\site-packages\rest_framework\views.py", line 469, in handle_exception
    self.raise_uncaught_exception(exc)
  File "e:\MealMate\backend\venv\lib\site-packages\rest_framework\views.py", line 480, in raise_uncaught_exception
    raise exc
  File "e:\MealMate\backend\venv\lib\site-packages\rest_framework\views.py", line 506, in dispatch
    response = handler(request, *args, **kwargs)
  File "E:\MealMate\backend\core\api\delivery_api\views.py", line 28, in list
    for doc in orders_cursor:
  File "e:\MealMate\backend\venv\lib\site-packages\pymongo\cursor.py", line 1238, in next
    if len(self.__data) or self._refresh():
  File "e:\MealMate\backend\venv\lib\site-packages\pymongo\cursor.py", line 1130, in _refresh
    self.__session = self.__collection.database.client._ensure_session()
  File "e:\MealMate\backend\venv\lib\site-packages\pymongo\mongo_client.py", line 1935, in _ensure_session
    return self.__start_session(True, causal_consistency=False)
  File "e:\MealMate\backend\venv\lib\site-packages\pymongo\mongo_client.py", line 1883, in __start_session
    server_session = self._get_server_session()
  File "e:\MealMate\backend\venv\lib\site-packages\pymongo\mongo_client.py", line 1921, in _get_server_session
    return self._topology.get_server_session()
  File "e:\MealMate\backend\venv\lib\site-packages\pymongo\topology.py", line 520, in get_server_session
    session_timeout = self._check_session_support()
  File "e:\MealMate\backend\venv\lib\site-packages\pymongo\topology.py", line 499, in _check_session_support
    self._select_servers_loop(
  File "e:\MealMate\backend\venv\lib\site-packages\pymongo\topology.py", line 218, in _select_servers_loop
    raise ServerSelectionTimeoutError(
pymongo.errors.ServerSelectionTimeoutError: localhost:27017: [WinError 10061] No connection could be made because the target machine actively refused it, Timeout: 30s, Topology Description: <TopologyDescription id: 6a75c0be5f498b469edb3a9c, topology_type: Single, servers: [<ServerDescription ('localhost', 27017) server_type: Unknown, rtt: None, error=AutoReconnect('localhost:27017: [WinError 10061] No connection could be made because the target machine actively refused it')>]>
--------------------------------------------------------------------------------
Exception on /api/delivery/orders/:
Traceback (most recent call last):
  File "e:\MealMate\backend\venv\lib\site-packages\django\core\handlers\base.py", line 181, in _get_response
    response = wrapped_callback(request, *callback_args, **callback_kwargs)
  File "e:\MealMate\backend\venv\lib\site-packages\django\views\decorators\csrf.py", line 54, in wrapped_view
    return view_func(*args, **kwargs)
  File "e:\MealMate\backend\venv\lib\site-packages\rest_framework\viewsets.py", line 125, in view
    return self.dispatch(request, *args, **kwargs)
  File "e:\MealMate\backend\venv\lib\site-packages\rest_framework\views.py", line 509, in dispatch
    response = self.handle_exception(exc)
  File "e:\MealMate\backend\venv\lib\site-packages\rest_framework\views.py", line 469, in handle_exception
    self.raise_uncaught_exception(exc)
  File "e:\MealMate\backend\venv\lib\site-packages\rest_framework\views.py", line 480, in raise_uncaught_exception
    raise exc
  File "e:\MealMate\backend\venv\lib\site-packages\rest_framework\views.py", line 506, in dispatch
    response = handler(request, *args, **kwargs)
  File "E:\MealMate\backend\core\api\delivery_api\views.py", line 28, in list
    for doc in orders_cursor:
  File "e:\MealMate\backend\venv\lib\site-packages\pymongo\cursor.py", line 1238, in next
    if len(self.__data) or self._refresh():
  File "e:\MealMate\backend\venv\lib\site-packages\pymongo\cursor.py", line 1130, in _refresh
    self.__session = self.__collection.database.client._ensure_session()
  File "e:\MealMate\backend\venv\lib\site-packages\pymongo\mongo_client.py", line 1935, in _ensure_session
    return self.__start_session(True, causal_consistency=False)
  File "e:\MealMate\backend\venv\lib\site-packages\pymongo\mongo_client.py", line 1883, in __start_session
    server_session = self._get_server_session()
  File "e:\MealMate\backend\venv\lib\site-packages\pymongo\mongo_client.py", line 1921, in _get_server_session
    return self._topology.get_server_session()
  File "e:\MealMate\backend\venv\lib\site-packages\pymongo\topology.py", line 520, in get_server_session
    session_timeout = self._check_session_support()
  File "e:\MealMate\backend\venv\lib\site-packages\pymongo\topology.py", line 499, in _check_session_support
    self._select_servers_loop(
  File "e:\MealMate\backend\venv\lib\site-packages\pymongo\topology.py", line 218, in _select_servers_loop
    raise ServerSelectionTimeoutError(
pymongo.errors.ServerSelectionTimeoutError: localhost:27017: [WinError 10061] No connection could be made because the target machine actively refused it, Timeout: 30s, Topology Description: <TopologyDescription id: 6a75c0c25f498b469edb3a9d, topology_type: Single, servers: [<ServerDescription ('localhost', 27017) server_type: Unknown, rtt: None, error=AutoReconnect('localhost:27017: [WinError 10061] No connection could be made because the target machine actively refused it')>]>
--------------------------------------------------------------------------------
Exception on /api/delivery/orders/:
Traceback (most recent call last):
  File "e:\MealMate\backend\venv\lib\site-packages\django\core\handlers\base.py", line 181, in _get_response
    response = wrapped_callback(request, *callback_args, **callback_kwargs)
  File "e:\MealMate\backend\venv\lib\site-packages\django\views\decorators\csrf.py", line 54, in wrapped_view
    return view_func(*args, **kwargs)
  File "e:\MealMate\backend\venv\lib\site-packages\rest_framework\viewsets.py", line 125, in view
    return self.dispatch(request, *args, **kwargs)
  File "e:\MealMate\backend\venv\lib\site-packages\rest_framework\views.py", line 509, in dispatch
    response = self.handle_exception(exc)
  File "e:\MealMate\backend\venv\lib\site-packages\rest_framework\views.py", line 469, in handle_exception
    self.raise_uncaught_exception(exc)
  File "e:\MealMate\backend\venv\lib\site-packages\rest_framework\views.py", line 480, in raise_uncaught_exception
    raise exc
  File "e:\MealMate\backend\venv\lib\site-packages\rest_framework\views.py", line 506, in dispatch
    response = handler(request, *args, **kwargs)
  File "E:\MealMate\backend\core\api\delivery_api\views.py", line 28, in list
    for doc in orders_cursor:
  File "e:\MealMate\backend\venv\lib\site-packages\pymongo\cursor.py", line 1238, in next
    if len(self.__data) or self._refresh():
  File "e:\MealMate\backend\venv\lib\site-packages\pymongo\cursor.py", line 1130, in _refresh
    self.__session = self.__collection.database.client._ensure_session()
  File "e:\MealMate\backend\venv\lib\site-packages\pymongo\mongo_client.py", line 1935, in _ensure_session
    return self.__start_session(True, causal_consistency=False)
  File "e:\MealMate\backend\venv\lib\site-packages\pymongo\mongo_client.py", line 1883, in __start_session
    server_session = self._get_server_session()
  File "e:\MealMate\backend\venv\lib\site-packages\pymongo\mongo_client.py", line 1921, in _get_server_session
    return self._topology.get_server_session()
  File "e:\MealMate\backend\venv\lib\site-packages\pymongo\topology.py", line 520, in get_server_session
    session_timeout = self._check_session_support()
  File "e:\MealMate\backend\venv\lib\site-packages\pymongo\topology.py", line 499, in _check_session_support
    self._select_servers_loop(
  File "e:\MealMate\backend\venv\lib\site-packages\pymongo\topology.py", line 218, in _select_servers_loop
    raise ServerSelectionTimeoutError(
pymongo.errors.ServerSelectionTimeoutError: localhost:27017: [WinError 10061] No connection could be made because the target machine actively refused it, Timeout: 30s, Topology Description: <TopologyDescription id: 6a75c0e05f498b469edb3aa3, topology_type: Single, servers: [<ServerDescription ('localhost', 27017) server_type: Unknown, rtt: None, error=AutoReconnect('localhost:27017: [WinError 10061] No connection could be made because the target machine actively refused it')>]>
--------------------------------------------------------------------------------
Exception on /api/delivery/orders/:
Traceback (most recent call last):
  File "e:\MealMate\backend\venv\lib\site-packages\django\core\handlers\base.py", line 181, in _get_response
    response = wrapped_callback(request, *callback_args, **callback_kwargs)
  File "e:\MealMate\backend\venv\lib\site-packages\django\views\decorators\csrf.py", line 54, in wrapped_view
    return view_func(*args, **kwargs)
  File "e:\MealMate\backend\venv\lib\site-packages\rest_framework\viewsets.py", line 125, in view
    return self.dispatch(request, *args, **kwargs)
  File "e:\MealMate\backend\venv\lib\site-packages\rest_framework\views.py", line 509, in dispatch
    response = self.handle_exception(exc)
  File "e:\MealMate\backend\venv\lib\site-packages\rest_framework\views.py", line 469, in handle_exception
    self.raise_uncaught_exception(exc)
  File "e:\MealMate\backend\venv\lib\site-packages\rest_framework\views.py", line 480, in raise_uncaught_exception
    raise exc
  File "e:\MealMate\backend\venv\lib\site-packages\rest_framework\views.py", line 506, in dispatch
    response = handler(request, *args, **kwargs)
  File "E:\MealMate\backend\core\api\delivery_api\views.py", line 28, in list
    for doc in orders_cursor:
  File "e:\MealMate\backend\venv\lib\site-packages\pymongo\cursor.py", line 1238, in next
    if len(self.__data) or self._refresh():
  File "e:\MealMate\backend\venv\lib\site-packages\pymongo\cursor.py", line 1130, in _refresh
    self.__session = self.__collection.database.client._ensure_session()
  File "e:\MealMate\backend\venv\lib\site-packages\pymongo\mongo_client.py", line 1935, in _ensure_session
    return self.__start_session(True, causal_consistency=False)
  File "e:\MealMate\backend\venv\lib\site-packages\pymongo\mongo_client.py", line 1883, in __start_session
    server_session = self._get_server_session()
  File "e:\MealMate\backend\venv\lib\site-packages\pymongo\mongo_client.py", line 1921, in _get_server_session
    return self._topology.get_server_session()
  File "e:\MealMate\backend\venv\lib\site-packages\pymongo\topology.py", line 520, in get_server_session
    session_timeout = self._check_session_support()
  File "e:\MealMate\backend\venv\lib\site-packages\pymongo\topology.py", line 499, in _check_session_support
    self._select_servers_loop(
  File "e:\MealMate\backend\venv\lib\site-packages\pymongo\topology.py", line 218, in _select_servers_loop
    raise ServerSelectionTimeoutError(
pymongo.errors.ServerSelectionTimeoutError: localhost:27017: [WinError 10061] No connection could be made because the target machine actively refused it, Timeout: 30s, Topology Description: <TopologyDescription id: 6a75c0d75f498b469edb3aa0, topology_type: Single, servers: [<ServerDescription ('localhost', 27017) server_type: Unknown, rtt: None, error=AutoReconnect('localhost:27017: [WinError 10061] No connection could be made because the target machine actively refused it')>]>
--------------------------------------------------------------------------------
Exception on /api/delivery/orders/:
Traceback (most recent call last):
  File "e:\MealMate\backend\venv\lib\site-packages\django\core\handlers\base.py", line 181, in _get_response
    response = wrapped_callback(request, *callback_args, **callback_kwargs)
  File "e:\MealMate\backend\venv\lib\site-packages\django\views\decorators\csrf.py", line 54, in wrapped_view
    return view_func(*args, **kwargs)
  File "e:\MealMate\backend\venv\lib\site-packages\rest_framework\viewsets.py", line 125, in view
    return self.dispatch(request, *args, **kwargs)
  File "e:\MealMate\backend\venv\lib\site-packages\rest_framework\views.py", line 509, in dispatch
    response = self.handle_exception(exc)
  File "e:\MealMate\backend\venv\lib\site-packages\rest_framework\views.py", line 469, in handle_exception
    self.raise_uncaught_exception(exc)
  File "e:\MealMate\backend\venv\lib\site-packages\rest_framework\views.py", line 480, in raise_uncaught_exception
    raise exc
  File "e:\MealMate\backend\venv\lib\site-packages\rest_framework\views.py", line 506, in dispatch
    response = handler(request, *args, **kwargs)
  File "E:\MealMate\backend\core\api\delivery_api\views.py", line 28, in list
    for doc in orders_cursor:
  File "e:\MealMate\backend\venv\lib\site-packages\pymongo\cursor.py", line 1238, in next
    if len(self.__data) or self._refresh():
  File "e:\MealMate\backend\venv\lib\site-packages\pymongo\cursor.py", line 1130, in _refresh
    self.__session = self.__collection.database.client._ensure_session()
  File "e:\MealMate\backend\venv\lib\site-packages\pymongo\mongo_client.py", line 1935, in _ensure_session
    return self.__start_session(True, causal_consistency=False)
  File "e:\MealMate\backend\venv\lib\site-packages\pymongo\mongo_client.py", line 1883, in __start_session
    server_session = self._get_server_session()
  File "e:\MealMate\backend\venv\lib\site-packages\pymongo\mongo_client.py", line 1921, in _get_server_session
    return self._topology.get_server_session()
  File "e:\MealMate\backend\venv\lib\site-packages\pymongo\topology.py", line 520, in get_server_session
    session_timeout = self._check_session_support()
  File "e:\MealMate\backend\venv\lib\site-packages\pymongo\topology.py", line 499, in _check_session_support
    self._select_servers_loop(
  File "e:\MealMate\backend\venv\lib\site-packages\pymongo\topology.py", line 218, in _select_servers_loop
    raise ServerSelectionTimeoutError(
pymongo.errors.ServerSelectionTimeoutError: localhost:27017: [WinError 10061] No connection could be made because the target machine actively refused it, Timeout: 30s, Topology Description: <TopologyDescription id: 6a75c0dd5f498b469edb3aa2, topology_type: Single, servers: [<ServerDescription ('localhost', 27017) server_type: Unknown, rtt: None, error=AutoReconnect('localhost:27017: [WinError 10061] No connection could be made because the target machine actively refused it')>]>
--------------------------------------------------------------------------------
Exception on /api/delivery/orders/:
Traceback (most recent call last):
  File "e:\MealMate\backend\venv\lib\site-packages\django\core\handlers\base.py", line 181, in _get_response
    response = wrapped_callback(request, *callback_args, **callback_kwargs)
  File "e:\MealMate\backend\venv\lib\site-packages\django\views\decorators\csrf.py", line 54, in wrapped_view
    return view_func(*args, **kwargs)
  File "e:\MealMate\backend\venv\lib\site-packages\rest_framework\viewsets.py", line 125, in view
    return self.dispatch(request, *args, **kwargs)
  File "e:\MealMate\backend\venv\lib\site-packages\rest_framework\views.py", line 509, in dispatch
    response = self.handle_exception(exc)
  File "e:\MealMate\backend\venv\lib\site-packages\rest_framework\views.py", line 469, in handle_exception
    self.raise_uncaught_exception(exc)
  File "e:\MealMate\backend\venv\lib\site-packages\rest_framework\views.py", line 480, in raise_uncaught_exception
    raise exc
  File "e:\MealMate\backend\venv\lib\site-packages\rest_framework\views.py", line 506, in dispatch
    response = handler(request, *args, **kwargs)
  File "E:\MealMate\backend\core\api\delivery_api\views.py", line 28, in list
    for doc in orders_cursor:
  File "e:\MealMate\backend\venv\lib\site-packages\pymongo\cursor.py", line 1238, in next
    if len(self.__data) or self._refresh():
  File "e:\MealMate\backend\venv\lib\site-packages\pymongo\cursor.py", line 1130, in _refresh
    self.__session = self.__collection.database.client._ensure_session()
  File "e:\MealMate\backend\venv\lib\site-packages\pymongo\mongo_client.py", line 1935, in _ensure_session
    return self.__start_session(True, causal_consistency=False)
  File "e:\MealMate\backend\venv\lib\site-packages\pymongo\mongo_client.py", line 1883, in __start_session
    server_session = self._get_server_session()
  File "e:\MealMate\backend\venv\lib\site-packages\pymongo\mongo_client.py", line 1921, in _get_server_session
    return self._topology.get_server_session()
  File "e:\MealMate\backend\venv\lib\site-packages\pymongo\topology.py", line 520, in get_server_session
    session_timeout = self._check_session_support()
  File "e:\MealMate\backend\venv\lib\site-packages\pymongo\topology.py", line 499, in _check_session_support
    self._select_servers_loop(
  File "e:\MealMate\backend\venv\lib\site-packages\pymongo\topology.py", line 218, in _select_servers_loop
    raise ServerSelectionTimeoutError(
pymongo.errors.ServerSelectionTimeoutError: localhost:27017: [WinError 10061] No connection could be made because the target machine actively refused it, Timeout: 30s, Topology Description: <TopologyDescription id: 6a75c0d95f498b469edb3aa1, topology_type: Single, servers: [<ServerDescription ('localhost', 27017) server_type: Unknown, rtt: None, error=AutoReconnect('localhost:27017: [WinError 10061] No connection could be made because the target machine actively refused it')>]>
--------------------------------------------------------------------------------
Exception on /api/delivery/orders/:
Traceback (most recent call last):
  File "e:\MealMate\backend\venv\lib\site-packages\django\core\handlers\base.py", line 181, in _get_response
    response = wrapped_callback(request, *callback_args, **callback_kwargs)
  File "e:\MealMate\backend\venv\lib\site-packages\django\views\decorators\csrf.py", line 54, in wrapped_view
    return view_func(*args, **kwargs)
  File "e:\MealMate\backend\venv\lib\site-packages\rest_framework\viewsets.py", line 125, in view
    return self.dispatch(request, *args, **kwargs)
  File "e:\MealMate\backend\venv\lib\site-packages\rest_framework\views.py", line 509, in dispatch
    response = self.handle_exception(exc)
  File "e:\MealMate\backend\venv\lib\site-packages\rest_framework\views.py", line 469, in handle_exception
    self.raise_uncaught_exception(exc)
  File "e:\MealMate\backend\venv\lib\site-packages\rest_framework\views.py", line 480, in raise_uncaught_exception
    raise exc
  File "e:\MealMate\backend\venv\lib\site-packages\rest_framework\views.py", line 506, in dispatch
    response = handler(request, *args, **kwargs)
  File "E:\MealMate\backend\core\api\delivery_api\views.py", line 28, in list
    for doc in orders_cursor:
  File "e:\MealMate\backend\venv\lib\site-packages\pymongo\cursor.py", line 1238, in next
    if len(self.__data) or self._refresh():
  File "e:\MealMate\backend\venv\lib\site-packages\pymongo\cursor.py", line 1130, in _refresh
    self.__session = self.__collection.database.client._ensure_session()
  File "e:\MealMate\backend\venv\lib\site-packages\pymongo\mongo_client.py", line 1935, in _ensure_session
    return self.__start_session(True, causal_consistency=False)
  File "e:\MealMate\backend\venv\lib\site-packages\pymongo\mongo_client.py", line 1883, in __start_session
    server_session = self._get_server_session()
  File "e:\MealMate\backend\venv\lib\site-packages\pymongo\mongo_client.py", line 1921, in _get_server_session
    return self._topology.get_server_session()
  File "e:\MealMate\backend\venv\lib\site-packages\pymongo\topology.py", line 520, in get_server_session
    session_timeout = self._check_session_support()
  File "e:\MealMate\backend\venv\lib\site-packages\pymongo\topology.py", line 499, in _check_session_support
    self._select_servers_loop(
  File "e:\MealMate\backend\venv\lib\site-packages\pymongo\topology.py", line 218, in _select_servers_loop
    raise ServerSelectionTimeoutError(
pymongo.errors.ServerSelectionTimeoutError: localhost:27017: [WinError 10061] No connection could be made because the target machine actively refused it, Timeout: 30s, Topology Description: <TopologyDescription id: 6a75c0d15f498b469edb3a9e, topology_type: Single, servers: [<ServerDescription ('localhost', 27017) server_type: Unknown, rtt: None, error=AutoReconnect('localhost:27017: [WinError 10061] No connection could be made because the target machine actively refused it')>]>
--------------------------------------------------------------------------------
Exception on /api/delivery/orders/:
Traceback (most recent call last):
  File "e:\MealMate\backend\venv\lib\site-packages\django\core\handlers\base.py", line 181, in _get_response
    response = wrapped_callback(request, *callback_args, **callback_kwargs)
  File "e:\MealMate\backend\venv\lib\site-packages\django\views\decorators\csrf.py", line 54, in wrapped_view
    return view_func(*args, **kwargs)
  File "e:\MealMate\backend\venv\lib\site-packages\rest_framework\viewsets.py", line 125, in view
    return self.dispatch(request, *args, **kwargs)
  File "e:\MealMate\backend\venv\lib\site-packages\rest_framework\views.py", line 509, in dispatch
    response = self.handle_exception(exc)
  File "e:\MealMate\backend\venv\lib\site-packages\rest_framework\views.py", line 469, in handle_exception
    self.raise_uncaught_exception(exc)
  File "e:\MealMate\backend\venv\lib\site-packages\rest_framework\views.py", line 480, in raise_uncaught_exception
    raise exc
  File "e:\MealMate\backend\venv\lib\site-packages\rest_framework\views.py", line 506, in dispatch
    response = handler(request, *args, **kwargs)
  File "E:\MealMate\backend\core\api\delivery_api\views.py", line 28, in list
    for doc in orders_cursor:
  File "e:\MealMate\backend\venv\lib\site-packages\pymongo\cursor.py", line 1238, in next
    if len(self.__data) or self._refresh():
  File "e:\MealMate\backend\venv\lib\site-packages\pymongo\cursor.py", line 1130, in _refresh
    self.__session = self.__collection.database.client._ensure_session()
  File "e:\MealMate\backend\venv\lib\site-packages\pymongo\mongo_client.py", line 1935, in _ensure_session
    return self.__start_session(True, causal_consistency=False)
  File "e:\MealMate\backend\venv\lib\site-packages\pymongo\mongo_client.py", line 1883, in __start_session
    server_session = self._get_server_session()
  File "e:\MealMate\backend\venv\lib\site-packages\pymongo\mongo_client.py", line 1921, in _get_server_session
    return self._topology.get_server_session()
  File "e:\MealMate\backend\venv\lib\site-packages\pymongo\topology.py", line 520, in get_server_session
    session_timeout = self._check_session_support()
  File "e:\MealMate\backend\venv\lib\site-packages\pymongo\topology.py", line 499, in _check_session_support
    self._select_servers_loop(
  File "e:\MealMate\backend\venv\lib\site-packages\pymongo\topology.py", line 218, in _select_servers_loop
    raise ServerSelectionTimeoutError(
pymongo.errors.ServerSelectionTimeoutError: localhost:27017: [WinError 10061] No connection could be made because the target machine actively refused it, Timeout: 30s, Topology Description: <TopologyDescription id: 6a75c0d45f498b469edb3a9f, topology_type: Single, servers: [<ServerDescription ('localhost', 27017) server_type: Unknown, rtt: None, error=AutoReconnect('localhost:27017: [WinError 10061] No connection could be made because the target machine actively refused it')>]>
--------------------------------------------------------------------------------
Exception on /api/delivery/orders/:
Traceback (most recent call last):
  File "e:\MealMate\backend\venv\lib\site-packages\django\core\handlers\base.py", line 181, in _get_response
    response = wrapped_callback(request, *callback_args, **callback_kwargs)
  File "e:\MealMate\backend\venv\lib\site-packages\django\views\decorators\csrf.py", line 54, in wrapped_view
    return view_func(*args, **kwargs)
  File "e:\MealMate\backend\venv\lib\site-packages\rest_framework\viewsets.py", line 125, in view
    return self.dispatch(request, *args, **kwargs)
  File "e:\MealMate\backend\venv\lib\site-packages\rest_framework\views.py", line 509, in dispatch
    response = self.handle_exception(exc)
  File "e:\MealMate\backend\venv\lib\site-packages\rest_framework\views.py", line 469, in handle_exception
    self.raise_uncaught_exception(exc)
  File "e:\MealMate\backend\venv\lib\site-packages\rest_framework\views.py", line 480, in raise_uncaught_exception
    raise exc
  File "e:\MealMate\backend\venv\lib\site-packages\rest_framework\views.py", line 506, in dispatch
    response = handler(request, *args, **kwargs)
  File "E:\MealMate\backend\core\api\delivery_api\views.py", line 28, in list
    for doc in orders_cursor:
  File "e:\MealMate\backend\venv\lib\site-packages\pymongo\cursor.py", line 1238, in next
    if len(self.__data) or self._refresh():
  File "e:\MealMate\backend\venv\lib\site-packages\pymongo\cursor.py", line 1130, in _refresh
    self.__session = self.__collection.database.client._ensure_session()
  File "e:\MealMate\backend\venv\lib\site-packages\pymongo\mongo_client.py", line 1935, in _ensure_session
    return self.__start_session(True, causal_consistency=False)
  File "e:\MealMate\backend\venv\lib\site-packages\pymongo\mongo_client.py", line 1883, in __start_session
    server_session = self._get_server_session()
  File "e:\MealMate\backend\venv\lib\site-packages\pymongo\mongo_client.py", line 1921, in _get_server_session
    return self._topology.get_server_session()
  File "e:\MealMate\backend\venv\lib\site-packages\pymongo\topology.py", line 520, in get_server_session
    session_timeout = self._check_session_support()
  File "e:\MealMate\backend\venv\lib\site-packages\pymongo\topology.py", line 499, in _check_session_support
    self._select_servers_loop(
  File "e:\MealMate\backend\venv\lib\site-packages\pymongo\topology.py", line 218, in _select_servers_loop
    raise ServerSelectionTimeoutError(
pymongo.errors.ServerSelectionTimeoutError: localhost:27017: [WinError 10061] No connection could be made because the target machine actively refused it, Timeout: 30s, Topology Description: <TopologyDescription id: 6a75c3125f498b469edb3aa4, topology_type: Single, servers: [<ServerDescription ('localhost', 27017) server_type: Unknown, rtt: None, error=AutoReconnect('localhost:27017: [WinError 10061] No connection could be made because the target machine actively refused it')>]>
--------------------------------------------------------------------------------
Exception on /api/delivery/orders/:
Traceback (most recent call last):
  File "e:\MealMate\backend\venv\lib\site-packages\django\core\handlers\base.py", line 181, in _get_response
    response = wrapped_callback(request, *callback_args, **callback_kwargs)
  File "e:\MealMate\backend\venv\lib\site-packages\django\views\decorators\csrf.py", line 54, in wrapped_view
    return view_func(*args, **kwargs)
  File "e:\MealMate\backend\venv\lib\site-packages\rest_framework\viewsets.py", line 125, in view
    return self.dispatch(request, *args, **kwargs)
  File "e:\MealMate\backend\venv\lib\site-packages\rest_framework\views.py", line 509, in dispatch
    response = self.handle_exception(exc)
  File "e:\MealMate\backend\venv\lib\site-packages\rest_framework\views.py", line 469, in handle_exception
    self.raise_uncaught_exception(exc)
  File "e:\MealMate\backend\venv\lib\site-packages\rest_framework\views.py", line 480, in raise_uncaught_exception
    raise exc
  File "e:\MealMate\backend\venv\lib\site-packages\rest_framework\views.py", line 506, in dispatch
    response = handler(request, *args, **kwargs)
  File "E:\MealMate\backend\core\api\delivery_api\views.py", line 28, in list
    for doc in orders_cursor:
  File "e:\MealMate\backend\venv\lib\site-packages\pymongo\cursor.py", line 1238, in next
    if len(self.__data) or self._refresh():
  File "e:\MealMate\backend\venv\lib\site-packages\pymongo\cursor.py", line 1130, in _refresh
    self.__session = self.__collection.database.client._ensure_session()
  File "e:\MealMate\backend\venv\lib\site-packages\pymongo\mongo_client.py", line 1935, in _ensure_session
    return self.__start_session(True, causal_consistency=False)
  File "e:\MealMate\backend\venv\lib\site-packages\pymongo\mongo_client.py", line 1883, in __start_session
    server_session = self._get_server_session()
  File "e:\MealMate\backend\venv\lib\site-packages\pymongo\mongo_client.py", line 1921, in _get_server_session
    return self._topology.get_server_session()
  File "e:\MealMate\backend\venv\lib\site-packages\pymongo\topology.py", line 520, in get_server_session
    session_timeout = self._check_session_support()
  File "e:\MealMate\backend\venv\lib\site-packages\pymongo\topology.py", line 499, in _check_session_support
    self._select_servers_loop(
  File "e:\MealMate\backend\venv\lib\site-packages\pymongo\topology.py", line 218, in _select_servers_loop
    raise ServerSelectionTimeoutError(
pymongo.errors.ServerSelectionTimeoutError: localhost:27017: [WinError 10061] No connection could be made because the target machine actively refused it, Timeout: 30s, Topology Description: <TopologyDescription id: 6a75c3285f498b469edb3aa5, topology_type: Single, servers: [<ServerDescription ('localhost', 27017) server_type: Unknown, rtt: None, error=AutoReconnect('localhost:27017: [WinError 10061] No connection could be made because the target machine actively refused it')>]>
--------------------------------------------------------------------------------
Exception on /api/delivery/orders/:
Traceback (most recent call last):
  File "e:\MealMate\backend\venv\lib\site-packages\django\core\handlers\base.py", line 181, in _get_response
    response = wrapped_callback(request, *callback_args, **callback_kwargs)
  File "e:\MealMate\backend\venv\lib\site-packages\django\views\decorators\csrf.py", line 54, in wrapped_view
    return view_func(*args, **kwargs)
  File "e:\MealMate\backend\venv\lib\site-packages\rest_framework\viewsets.py", line 125, in view
    return self.dispatch(request, *args, **kwargs)
  File "e:\MealMate\backend\venv\lib\site-packages\rest_framework\views.py", line 509, in dispatch
    response = self.handle_exception(exc)
  File "e:\MealMate\backend\venv\lib\site-packages\rest_framework\views.py", line 469, in handle_exception
    self.raise_uncaught_exception(exc)
  File "e:\MealMate\backend\venv\lib\site-packages\rest_framework\views.py", line 480, in raise_uncaught_exception
    raise exc
  File "e:\MealMate\backend\venv\lib\site-packages\rest_framework\views.py", line 506, in dispatch
    response = handler(request, *args, **kwargs)
  File "E:\MealMate\backend\core\api\delivery_api\views.py", line 28, in list
    for doc in orders_cursor:
  File "e:\MealMate\backend\venv\lib\site-packages\pymongo\cursor.py", line 1238, in next
    if len(self.__data) or self._refresh():
  File "e:\MealMate\backend\venv\lib\site-packages\pymongo\cursor.py", line 1130, in _refresh
    self.__session = self.__collection.database.client._ensure_session()
  File "e:\MealMate\backend\venv\lib\site-packages\pymongo\mongo_client.py", line 1935, in _ensure_session
    return self.__start_session(True, causal_consistency=False)
  File "e:\MealMate\backend\venv\lib\site-packages\pymongo\mongo_client.py", line 1883, in __start_session
    server_session = self._get_server_session()
  File "e:\MealMate\backend\venv\lib\site-packages\pymongo\mongo_client.py", line 1921, in _get_server_session
    return self._topology.get_server_session()
  File "e:\MealMate\backend\venv\lib\site-packages\pymongo\topology.py", line 520, in get_server_session
    session_timeout = self._check_session_support()
  File "e:\MealMate\backend\venv\lib\site-packages\pymongo\topology.py", line 499, in _check_session_support
    self._select_servers_loop(
  File "e:\MealMate\backend\venv\lib\site-packages\pymongo\topology.py", line 218, in _select_servers_loop
    raise ServerSelectionTimeoutError(
pymongo.errors.ServerSelectionTimeoutError: localhost:27017: [WinError 10061] No connection could be made because the target machine actively refused it, Timeout: 30s, Topology Description: <TopologyDescription id: 6a75c32e5f498b469edb3aa6, topology_type: Single, servers: [<ServerDescription ('localhost', 27017) server_type: Unknown, rtt: None, error=AutoReconnect('localhost:27017: [WinError 10061] No connection could be made because the target machine actively refused it')>]>
--------------------------------------------------------------------------------
Exception on /api/delivery/orders/:
Traceback (most recent call last):
  File "e:\MealMate\backend\venv\lib\site-packages\django\core\handlers\base.py", line 181, in _get_response
    response = wrapped_callback(request, *callback_args, **callback_kwargs)
  File "e:\MealMate\backend\venv\lib\site-packages\django\views\decorators\csrf.py", line 54, in wrapped_view
    return view_func(*args, **kwargs)
  File "e:\MealMate\backend\venv\lib\site-packages\rest_framework\viewsets.py", line 125, in view
    return self.dispatch(request, *args, **kwargs)
  File "e:\MealMate\backend\venv\lib\site-packages\rest_framework\views.py", line 509, in dispatch
    response = self.handle_exception(exc)
  File "e:\MealMate\backend\venv\lib\site-packages\rest_framework\views.py", line 469, in handle_exception
    self.raise_uncaught_exception(exc)
  File "e:\MealMate\backend\venv\lib\site-packages\rest_framework\views.py", line 480, in raise_uncaught_exception
    raise exc
  File "e:\MealMate\backend\venv\lib\site-packages\rest_framework\views.py", line 506, in dispatch
    response = handler(request, *args, **kwargs)
  File "E:\MealMate\backend\core\api\delivery_api\views.py", line 28, in list
    for doc in orders_cursor:
  File "e:\MealMate\backend\venv\lib\site-packages\pymongo\cursor.py", line 1238, in next
    if len(self.__data) or self._refresh():
  File "e:\MealMate\backend\venv\lib\site-packages\pymongo\cursor.py", line 1130, in _refresh
    self.__session = self.__collection.database.client._ensure_session()
  File "e:\MealMate\backend\venv\lib\site-packages\pymongo\mongo_client.py", line 1935, in _ensure_session
    return self.__start_session(True, causal_consistency=False)
  File "e:\MealMate\backend\venv\lib\site-packages\pymongo\mongo_client.py", line 1883, in __start_session
    server_session = self._get_server_session()
  File "e:\MealMate\backend\venv\lib\site-packages\pymongo\mongo_client.py", line 1921, in _get_server_session
    return self._topology.get_server_session()
  File "e:\MealMate\backend\venv\lib\site-packages\pymongo\topology.py", line 520, in get_server_session
    session_timeout = self._check_session_support()
  File "e:\MealMate\backend\venv\lib\site-packages\pymongo\topology.py", line 499, in _check_session_support
    self._select_servers_loop(
  File "e:\MealMate\backend\venv\lib\site-packages\pymongo\topology.py", line 218, in _select_servers_loop
    raise ServerSelectionTimeoutError(
pymongo.errors.ServerSelectionTimeoutError: localhost:27017: [WinError 10061] No connection could be made because the target machine actively refused it, Timeout: 30s, Topology Description: <TopologyDescription id: 6a75c32f5f498b469edb3aa7, topology_type: Single, servers: [<ServerDescription ('localhost', 27017) server_type: Unknown, rtt: None, error=AutoReconnect('localhost:27017: [WinError 10061] No connection could be made because the target machine actively refused it')>]>
--------------------------------------------------------------------------------
Exception on /api/delivery/orders/:
Traceback (most recent call last):
  File "e:\MealMate\backend\venv\lib\site-packages\django\core\handlers\base.py", line 181, in _get_response
    response = wrapped_callback(request, *callback_args, **callback_kwargs)
  File "e:\MealMate\backend\venv\lib\site-packages\django\views\decorators\csrf.py", line 54, in wrapped_view
    return view_func(*args, **kwargs)
  File "e:\MealMate\backend\venv\lib\site-packages\rest_framework\viewsets.py", line 125, in view
    return self.dispatch(request, *args, **kwargs)
  File "e:\MealMate\backend\venv\lib\site-packages\rest_framework\views.py", line 509, in dispatch
    response = self.handle_exception(exc)
  File "e:\MealMate\backend\venv\lib\site-packages\rest_framework\views.py", line 469, in handle_exception
    self.raise_uncaught_exception(exc)
  File "e:\MealMate\backend\venv\lib\site-packages\rest_framework\views.py", line 480, in raise_uncaught_exception
    raise exc
  File "e:\MealMate\backend\venv\lib\site-packages\rest_framework\views.py", line 506, in dispatch
    response = handler(request, *args, **kwargs)
  File "E:\MealMate\backend\core\api\delivery_api\views.py", line 28, in list
    for doc in orders_cursor:
  File "e:\MealMate\backend\venv\lib\site-packages\pymongo\cursor.py", line 1238, in next
    if len(self.__data) or self._refresh():
  File "e:\MealMate\backend\venv\lib\site-packages\pymongo\cursor.py", line 1130, in _refresh
    self.__session = self.__collection.database.client._ensure_session()
  File "e:\MealMate\backend\venv\lib\site-packages\pymongo\mongo_client.py", line 1935, in _ensure_session
    return self.__start_session(True, causal_consistency=False)
  File "e:\MealMate\backend\venv\lib\site-packages\pymongo\mongo_client.py", line 1883, in __start_session
    server_session = self._get_server_session()
  File "e:\MealMate\backend\venv\lib\site-packages\pymongo\mongo_client.py", line 1921, in _get_server_session
    return self._topology.get_server_session()
  File "e:\MealMate\backend\venv\lib\site-packages\pymongo\topology.py", line 520, in get_server_session
    session_timeout = self._check_session_support()
  File "e:\MealMate\backend\venv\lib\site-packages\pymongo\topology.py", line 499, in _check_session_support
    self._select_servers_loop(
  File "e:\MealMate\backend\venv\lib\site-packages\pymongo\topology.py", line 218, in _select_servers_loop
    raise ServerSelectionTimeoutError(
pymongo.errors.ServerSelectionTimeoutError: localhost:27017: [WinError 10061] No connection could be made because the target machine actively refused it, Timeout: 30s, Topology Description: <TopologyDescription id: 6a75c3315f498b469edb3aa8, topology_type: Single, servers: [<ServerDescription ('localhost', 27017) server_type: Unknown, rtt: None, error=AutoReconnect('localhost:27017: [WinError 10061] No connection could be made because the target machine actively refused it')>]>
--------------------------------------------------------------------------------
Exception on /api/delivery/orders/:
Traceback (most recent call last):
  File "e:\MealMate\backend\venv\lib\site-packages\django\core\handlers\base.py", line 181, in _get_response
    response = wrapped_callback(request, *callback_args, **callback_kwargs)
  File "e:\MealMate\backend\venv\lib\site-packages\django\views\decorators\csrf.py", line 54, in wrapped_view
    return view_func(*args, **kwargs)
  File "e:\MealMate\backend\venv\lib\site-packages\rest_framework\viewsets.py", line 125, in view
    return self.dispatch(request, *args, **kwargs)
  File "e:\MealMate\backend\venv\lib\site-packages\rest_framework\views.py", line 509, in dispatch
    response = self.handle_exception(exc)
  File "e:\MealMate\backend\venv\lib\site-packages\rest_framework\views.py", line 469, in handle_exception
    self.raise_uncaught_exception(exc)
  File "e:\MealMate\backend\venv\lib\site-packages\rest_framework\views.py", line 480, in raise_uncaught_exception
    raise exc
  File "e:\MealMate\backend\venv\lib\site-packages\rest_framework\views.py", line 506, in dispatch
    response = handler(request, *args, **kwargs)
  File "E:\MealMate\backend\core\api\delivery_api\views.py", line 28, in list
    for doc in orders_cursor:
  File "e:\MealMate\backend\venv\lib\site-packages\pymongo\cursor.py", line 1238, in next
    if len(self.__data) or self._refresh():
  File "e:\MealMate\backend\venv\lib\site-packages\pymongo\cursor.py", line 1130, in _refresh
    self.__session = self.__collection.database.client._ensure_session()
  File "e:\MealMate\backend\venv\lib\site-packages\pymongo\mongo_client.py", line 1935, in _ensure_session
    return self.__start_session(True, causal_consistency=False)
  File "e:\MealMate\backend\venv\lib\site-packages\pymongo\mongo_client.py", line 1883, in __start_session
    server_session = self._get_server_session()
  File "e:\MealMate\backend\venv\lib\site-packages\pymongo\mongo_client.py", line 1921, in _get_server_session
    return self._topology.get_server_session()
  File "e:\MealMate\backend\venv\lib\site-packages\pymongo\topology.py", line 520, in get_server_session
    session_timeout = self._check_session_support()
  File "e:\MealMate\backend\venv\lib\site-packages\pymongo\topology.py", line 499, in _check_session_support
    self._select_servers_loop(
  File "e:\MealMate\backend\venv\lib\site-packages\pymongo\topology.py", line 218, in _select_servers_loop
    raise ServerSelectionTimeoutError(
pymongo.errors.ServerSelectionTimeoutError: localhost:27017: [WinError 10061] No connection could be made because the target machine actively refused it, Timeout: 30s, Topology Description: <TopologyDescription id: 6a75c3365f498b469edb3aa9, topology_type: Single, servers: [<ServerDescription ('localhost', 27017) server_type: Unknown, rtt: None, error=AutoReconnect('localhost:27017: [WinError 10061] No connection could be made because the target machine actively refused it')>]>
--------------------------------------------------------------------------------
Exception on /api/delivery/orders/:
Traceback (most recent call last):
  File "e:\MealMate\backend\venv\lib\site-packages\django\core\handlers\base.py", line 181, in _get_response
    response = wrapped_callback(request, *callback_args, **callback_kwargs)
  File "e:\MealMate\backend\venv\lib\site-packages\django\views\decorators\csrf.py", line 54, in wrapped_view
    return view_func(*args, **kwargs)
  File "e:\MealMate\backend\venv\lib\site-packages\rest_framework\viewsets.py", line 125, in view
    return self.dispatch(request, *args, **kwargs)
  File "e:\MealMate\backend\venv\lib\site-packages\rest_framework\views.py", line 509, in dispatch
    response = self.handle_exception(exc)
  File "e:\MealMate\backend\venv\lib\site-packages\rest_framework\views.py", line 469, in handle_exception
    self.raise_uncaught_exception(exc)
  File "e:\MealMate\backend\venv\lib\site-packages\rest_framework\views.py", line 480, in raise_uncaught_exception
    raise exc
  File "e:\MealMate\backend\venv\lib\site-packages\rest_framework\views.py", line 506, in dispatch
    response = handler(request, *args, **kwargs)
  File "E:\MealMate\backend\core\api\delivery_api\views.py", line 28, in list
    for doc in orders_cursor:
  File "e:\MealMate\backend\venv\lib\site-packages\pymongo\cursor.py", line 1238, in next
    if len(self.__data) or self._refresh():
  File "e:\MealMate\backend\venv\lib\site-packages\pymongo\cursor.py", line 1130, in _refresh
    self.__session = self.__collection.database.client._ensure_session()
  File "e:\MealMate\backend\venv\lib\site-packages\pymongo\mongo_client.py", line 1935, in _ensure_session
    return self.__start_session(True, causal_consistency=False)
  File "e:\MealMate\backend\venv\lib\site-packages\pymongo\mongo_client.py", line 1883, in __start_session
    server_session = self._get_server_session()
  File "e:\MealMate\backend\venv\lib\site-packages\pymongo\mongo_client.py", line 1921, in _get_server_session
    return self._topology.get_server_session()
  File "e:\MealMate\backend\venv\lib\site-packages\pymongo\topology.py", line 520, in get_server_session
    session_timeout = self._check_session_support()
  File "e:\MealMate\backend\venv\lib\site-packages\pymongo\topology.py", line 499, in _check_session_support
    self._select_servers_loop(
  File "e:\MealMate\backend\venv\lib\site-packages\pymongo\topology.py", line 218, in _select_servers_loop
    raise ServerSelectionTimeoutError(
pymongo.errors.ServerSelectionTimeoutError: localhost:27017: [WinError 10061] No connection could be made because the target machine actively refused it, Timeout: 30s, Topology Description: <TopologyDescription id: 6a75c3395f498b469edb3aaa, topology_type: Single, servers: [<ServerDescription ('localhost', 27017) server_type: Unknown, rtt: None, error=AutoReconnect('localhost:27017: [WinError 10061] No connection could be made because the target machine actively refused it')>]>
--------------------------------------------------------------------------------
Exception on /api/delivery/orders/:
Traceback (most recent call last):
  File "e:\MealMate\backend\venv\lib\site-packages\django\core\handlers\base.py", line 181, in _get_response
    response = wrapped_callback(request, *callback_args, **callback_kwargs)
  File "e:\MealMate\backend\venv\lib\site-packages\django\views\decorators\csrf.py", line 54, in wrapped_view
    return view_func(*args, **kwargs)
  File "e:\MealMate\backend\venv\lib\site-packages\rest_framework\viewsets.py", line 125, in view
    return self.dispatch(request, *args, **kwargs)
  File "e:\MealMate\backend\venv\lib\site-packages\rest_framework\views.py", line 509, in dispatch
    response = self.handle_exception(exc)
  File "e:\MealMate\backend\venv\lib\site-packages\rest_framework\views.py", line 469, in handle_exception
    self.raise_uncaught_exception(exc)
  File "e:\MealMate\backend\venv\lib\site-packages\rest_framework\views.py", line 480, in raise_uncaught_exception
    raise exc
  File "e:\MealMate\backend\venv\lib\site-packages\rest_framework\views.py", line 506, in dispatch
    response = handler(request, *args, **kwargs)
  File "E:\MealMate\backend\core\api\delivery_api\views.py", line 28, in list
    for doc in orders_cursor:
  File "e:\MealMate\backend\venv\lib\site-packages\pymongo\cursor.py", line 1238, in next
    if len(self.__data) or self._refresh():
  File "e:\MealMate\backend\venv\lib\site-packages\pymongo\cursor.py", line 1130, in _refresh
    self.__session = self.__collection.database.client._ensure_session()
  File "e:\MealMate\backend\venv\lib\site-packages\pymongo\mongo_client.py", line 1935, in _ensure_session
    return self.__start_session(True, causal_consistency=False)
  File "e:\MealMate\backend\venv\lib\site-packages\pymongo\mongo_client.py", line 1883, in __start_session
    server_session = self._get_server_session()
  File "e:\MealMate\backend\venv\lib\site-packages\pymongo\mongo_client.py", line 1921, in _get_server_session
    return self._topology.get_server_session()
  File "e:\MealMate\backend\venv\lib\site-packages\pymongo\topology.py", line 520, in get_server_session
    session_timeout = self._check_session_support()
  File "e:\MealMate\backend\venv\lib\site-packages\pymongo\topology.py", line 499, in _check_session_support
    self._select_servers_loop(
  File "e:\MealMate\backend\venv\lib\site-packages\pymongo\topology.py", line 218, in _select_servers_loop
    raise ServerSelectionTimeoutError(
pymongo.errors.ServerSelectionTimeoutError: localhost:27017: [WinError 10061] No connection could be made because the target machine actively refused it, Timeout: 30s, Topology Description: <TopologyDescription id: 6a75c3485f498b469edb3aab, topology_type: Single, servers: [<ServerDescription ('localhost', 27017) server_type: Unknown, rtt: None, error=AutoReconnect('localhost:27017: [WinError 10061] No connection could be made because the target machine actively refused it')>]>
--------------------------------------------------------------------------------
Exception on /api/delivery/orders/:
Traceback (most recent call last):
  File "e:\MealMate\backend\venv\lib\site-packages\django\core\handlers\base.py", line 181, in _get_response
    response = wrapped_callback(request, *callback_args, **callback_kwargs)
  File "e:\MealMate\backend\venv\lib\site-packages\django\views\decorators\csrf.py", line 54, in wrapped_view
    return view_func(*args, **kwargs)
  File "e:\MealMate\backend\venv\lib\site-packages\rest_framework\viewsets.py", line 125, in view
    return self.dispatch(request, *args, **kwargs)
  File "e:\MealMate\backend\venv\lib\site-packages\rest_framework\views.py", line 509, in dispatch
    response = self.handle_exception(exc)
  File "e:\MealMate\backend\venv\lib\site-packages\rest_framework\views.py", line 469, in handle_exception
    self.raise_uncaught_exception(exc)
  File "e:\MealMate\backend\venv\lib\site-packages\rest_framework\views.py", line 480, in raise_uncaught_exception
    raise exc
  File "e:\MealMate\backend\venv\lib\site-packages\rest_framework\views.py", line 506, in dispatch
    response = handler(request, *args, **kwargs)
  File "E:\MealMate\backend\core\api\delivery_api\views.py", line 28, in list
    for doc in orders_cursor:
  File "e:\MealMate\backend\venv\lib\site-packages\pymongo\cursor.py", line 1238, in next
    if len(self.__data) or self._refresh():
  File "e:\MealMate\backend\venv\lib\site-packages\pymongo\cursor.py", line 1130, in _refresh
    self.__session = self.__collection.database.client._ensure_session()
  File "e:\MealMate\backend\venv\lib\site-packages\pymongo\mongo_client.py", line 1935, in _ensure_session
    return self.__start_session(True, causal_consistency=False)
  File "e:\MealMate\backend\venv\lib\site-packages\pymongo\mongo_client.py", line 1883, in __start_session
    server_session = self._get_server_session()
  File "e:\MealMate\backend\venv\lib\site-packages\pymongo\mongo_client.py", line 1921, in _get_server_session
    return self._topology.get_server_session()
  File "e:\MealMate\backend\venv\lib\site-packages\pymongo\topology.py", line 520, in get_server_session
    session_timeout = self._check_session_support()
  File "e:\MealMate\backend\venv\lib\site-packages\pymongo\topology.py", line 499, in _check_session_support
    self._select_servers_loop(
  File "e:\MealMate\backend\venv\lib\site-packages\pymongo\topology.py", line 218, in _select_servers_loop
    raise ServerSelectionTimeoutError(
pymongo.errors.ServerSelectionTimeoutError: localhost:27017: [WinError 10061] No connection could be made because the target machine actively refused it, Timeout: 30s, Topology Description: <TopologyDescription id: 6a75c34d5f498b469edb3aac, topology_type: Single, servers: [<ServerDescription ('localhost', 27017) server_type: Unknown, rtt: None, error=AutoReconnect('localhost:27017: [WinError 10061] No connection could be made because the target machine actively refused it')>]>
--------------------------------------------------------------------------------
Exception on /api/delivery/orders/:
Traceback (most recent call last):
  File "e:\MealMate\backend\venv\lib\site-packages\django\core\handlers\base.py", line 181, in _get_response
    response = wrapped_callback(request, *callback_args, **callback_kwargs)
  File "e:\MealMate\backend\venv\lib\site-packages\django\views\decorators\csrf.py", line 54, in wrapped_view
    return view_func(*args, **kwargs)
  File "e:\MealMate\backend\venv\lib\site-packages\rest_framework\viewsets.py", line 125, in view
    return self.dispatch(request, *args, **kwargs)
  File "e:\MealMate\backend\venv\lib\site-packages\rest_framework\views.py", line 509, in dispatch
    response = self.handle_exception(exc)
  File "e:\MealMate\backend\venv\lib\site-packages\rest_framework\views.py", line 469, in handle_exception
    self.raise_uncaught_exception(exc)
  File "e:\MealMate\backend\venv\lib\site-packages\rest_framework\views.py", line 480, in raise_uncaught_exception
    raise exc
  File "e:\MealMate\backend\venv\lib\site-packages\rest_framework\views.py", line 506, in dispatch
    response = handler(request, *args, **kwargs)
  File "E:\MealMate\backend\core\api\delivery_api\views.py", line 28, in list
    for doc in orders_cursor:
  File "e:\MealMate\backend\venv\lib\site-packages\pymongo\cursor.py", line 1238, in next
    if len(self.__data) or self._refresh():
  File "e:\MealMate\backend\venv\lib\site-packages\pymongo\cursor.py", line 1130, in _refresh
    self.__session = self.__collection.database.client._ensure_session()
  File "e:\MealMate\backend\venv\lib\site-packages\pymongo\mongo_client.py", line 1935, in _ensure_session
    return self.__start_session(True, causal_consistency=False)
  File "e:\MealMate\backend\venv\lib\site-packages\pymongo\mongo_client.py", line 1883, in __start_session
    server_session = self._get_server_session()
  File "e:\MealMate\backend\venv\lib\site-packages\pymongo\mongo_client.py", line 1921, in _get_server_session
    return self._topology.get_server_session()
  File "e:\MealMate\backend\venv\lib\site-packages\pymongo\topology.py", line 520, in get_server_session
    session_timeout = self._check_session_support()
  File "e:\MealMate\backend\venv\lib\site-packages\pymongo\topology.py", line 499, in _check_session_support
    self._select_servers_loop(
  File "e:\MealMate\backend\venv\lib\site-packages\pymongo\topology.py", line 218, in _select_servers_loop
    raise ServerSelectionTimeoutError(
pymongo.errors.ServerSelectionTimeoutError: localhost:27017: [WinError 10061] No connection could be made because the target machine actively refused it, Timeout: 30s, Topology Description: <TopologyDescription id: 6a75c34e5f498b469edb3aad, topology_type: Single, servers: [<ServerDescription ('localhost', 27017) server_type: Unknown, rtt: None, error=AutoReconnect('localhost:27017: [WinError 10061] No connection could be made because the target machine actively refused it')>]>
--------------------------------------------------------------------------------
Exception on /api/delivery/orders/:
Traceback (most recent call last):
  File "e:\MealMate\backend\venv\lib\site-packages\django\core\handlers\base.py", line 181, in _get_response
    response = wrapped_callback(request, *callback_args, **callback_kwargs)
  File "e:\MealMate\backend\venv\lib\site-packages\django\views\decorators\csrf.py", line 54, in wrapped_view
    return view_func(*args, **kwargs)
  File "e:\MealMate\backend\venv\lib\site-packages\rest_framework\viewsets.py", line 125, in view
    return self.dispatch(request, *args, **kwargs)
  File "e:\MealMate\backend\venv\lib\site-packages\rest_framework\views.py", line 509, in dispatch
    response = self.handle_exception(exc)
  File "e:\MealMate\backend\venv\lib\site-packages\rest_framework\views.py", line 469, in handle_exception
    self.raise_uncaught_exception(exc)
  File "e:\MealMate\backend\venv\lib\site-packages\rest_framework\views.py", line 480, in raise_uncaught_exception
    raise exc
  File "e:\MealMate\backend\venv\lib\site-packages\rest_framework\views.py", line 506, in dispatch
    response = handler(request, *args, **kwargs)
  File "E:\MealMate\backend\core\api\delivery_api\views.py", line 28, in list
    for doc in orders_cursor:
  File "e:\MealMate\backend\venv\lib\site-packages\pymongo\cursor.py", line 1238, in next
    if len(self.__data) or self._refresh():
  File "e:\MealMate\backend\venv\lib\site-packages\pymongo\cursor.py", line 1130, in _refresh
    self.__session = self.__collection.database.client._ensure_session()
  File "e:\MealMate\backend\venv\lib\site-packages\pymongo\mongo_client.py", line 1935, in _ensure_session
    return self.__start_session(True, causal_consistency=False)
  File "e:\MealMate\backend\venv\lib\site-packages\pymongo\mongo_client.py", line 1883, in __start_session
    server_session = self._get_server_session()
  File "e:\MealMate\backend\venv\lib\site-packages\pymongo\mongo_client.py", line 1921, in _get_server_session
    return self._topology.get_server_session()
  File "e:\MealMate\backend\venv\lib\site-packages\pymongo\topology.py", line 520, in get_server_session
    session_timeout = self._check_session_support()
  File "e:\MealMate\backend\venv\lib\site-packages\pymongo\topology.py", line 499, in _check_session_support
    self._select_servers_loop(
  File "e:\MealMate\backend\venv\lib\site-packages\pymongo\topology.py", line 218, in _select_servers_loop
    raise ServerSelectionTimeoutError(
pymongo.errors.ServerSelectionTimeoutError: localhost:27017: [WinError 10061] No connection could be made because the target machine actively refused it, Timeout: 30s, Topology Description: <TopologyDescription id: 6a75c3505f498b469edb3aae, topology_type: Single, servers: [<ServerDescription ('localhost', 27017) server_type: Unknown, rtt: None, error=AutoReconnect('localhost:27017: [WinError 10061] No connection could be made because the target machine actively refused it')>]>
--------------------------------------------------------------------------------
Exception on /api/delivery/orders/:
Traceback (most recent call last):
  File "e:\MealMate\backend\venv\lib\site-packages\django\core\handlers\base.py", line 181, in _get_response
    response = wrapped_callback(request, *callback_args, **callback_kwargs)
  File "e:\MealMate\backend\venv\lib\site-packages\django\views\decorators\csrf.py", line 54, in wrapped_view
    return view_func(*args, **kwargs)
  File "e:\MealMate\backend\venv\lib\site-packages\rest_framework\viewsets.py", line 125, in view
    return self.dispatch(request, *args, **kwargs)
  File "e:\MealMate\backend\venv\lib\site-packages\rest_framework\views.py", line 509, in dispatch
    response = self.handle_exception(exc)
  File "e:\MealMate\backend\venv\lib\site-packages\rest_framework\views.py", line 469, in handle_exception
    self.raise_uncaught_exception(exc)
  File "e:\MealMate\backend\venv\lib\site-packages\rest_framework\views.py", line 480, in raise_uncaught_exception
    raise exc
  File "e:\MealMate\backend\venv\lib\site-packages\rest_framework\views.py", line 506, in dispatch
    response = handler(request, *args, **kwargs)
  File "E:\MealMate\backend\core\api\delivery_api\views.py", line 28, in list
    for doc in orders_cursor:
  File "e:\MealMate\backend\venv\lib\site-packages\pymongo\cursor.py", line 1238, in next
    if len(self.__data) or self._refresh():
  File "e:\MealMate\backend\venv\lib\site-packages\pymongo\cursor.py", line 1130, in _refresh
    self.__session = self.__collection.database.client._ensure_session()
  File "e:\MealMate\backend\venv\lib\site-packages\pymongo\mongo_client.py", line 1935, in _ensure_session
    return self.__start_session(True, causal_consistency=False)
  File "e:\MealMate\backend\venv\lib\site-packages\pymongo\mongo_client.py", line 1883, in __start_session
    server_session = self._get_server_session()
  File "e:\MealMate\backend\venv\lib\site-packages\pymongo\mongo_client.py", line 1921, in _get_server_session
    return self._topology.get_server_session()
  File "e:\MealMate\backend\venv\lib\site-packages\pymongo\topology.py", line 520, in get_server_session
    session_timeout = self._check_session_support()
  File "e:\MealMate\backend\venv\lib\site-packages\pymongo\topology.py", line 499, in _check_session_support
    self._select_servers_loop(
  File "e:\MealMate\backend\venv\lib\site-packages\pymongo\topology.py", line 218, in _select_servers_loop
    raise ServerSelectionTimeoutError(
pymongo.errors.ServerSelectionTimeoutError: localhost:27017: [WinError 10061] No connection could be made because the target machine actively refused it, Timeout: 30s, Topology Description: <TopologyDescription id: 6a75c3545f498b469edb3aaf, topology_type: Single, servers: [<ServerDescription ('localhost', 27017) server_type: Unknown, rtt: None, error=AutoReconnect('localhost:27017: [WinError 10061] No connection could be made because the target machine actively refused it')>]>
--------------------------------------------------------------------------------
Exception on /api/delivery/orders/:
Traceback (most recent call last):
  File "e:\MealMate\backend\venv\lib\site-packages\django\core\handlers\base.py", line 181, in _get_response
    response = wrapped_callback(request, *callback_args, **callback_kwargs)
  File "e:\MealMate\backend\venv\lib\site-packages\django\views\decorators\csrf.py", line 54, in wrapped_view
    return view_func(*args, **kwargs)
  File "e:\MealMate\backend\venv\lib\site-packages\rest_framework\viewsets.py", line 125, in view
    return self.dispatch(request, *args, **kwargs)
  File "e:\MealMate\backend\venv\lib\site-packages\rest_framework\views.py", line 509, in dispatch
    response = self.handle_exception(exc)
  File "e:\MealMate\backend\venv\lib\site-packages\rest_framework\views.py", line 469, in handle_exception
    self.raise_uncaught_exception(exc)
  File "e:\MealMate\backend\venv\lib\site-packages\rest_framework\views.py", line 480, in raise_uncaught_exception
    raise exc
  File "e:\MealMate\backend\venv\lib\site-packages\rest_framework\views.py", line 506, in dispatch
    response = handler(request, *args, **kwargs)
  File "E:\MealMate\backend\core\api\delivery_api\views.py", line 28, in list
    for doc in orders_cursor:
  File "e:\MealMate\backend\venv\lib\site-packages\pymongo\cursor.py", line 1238, in next
    if len(self.__data) or self._refresh():
  File "e:\MealMate\backend\venv\lib\site-packages\pymongo\cursor.py", line 1130, in _refresh
    self.__session = self.__collection.database.client._ensure_session()
  File "e:\MealMate\backend\venv\lib\site-packages\pymongo\mongo_client.py", line 1935, in _ensure_session
    return self.__start_session(True, causal_consistency=False)
  File "e:\MealMate\backend\venv\lib\site-packages\pymongo\mongo_client.py", line 1883, in __start_session
    server_session = self._get_server_session()
  File "e:\MealMate\backend\venv\lib\site-packages\pymongo\mongo_client.py", line 1921, in _get_server_session
    return self._topology.get_server_session()
  File "e:\MealMate\backend\venv\lib\site-packages\pymongo\topology.py", line 520, in get_server_session
    session_timeout = self._check_session_support()
  File "e:\MealMate\backend\venv\lib\site-packages\pymongo\topology.py", line 499, in _check_session_support
    self._select_servers_loop(
  File "e:\MealMate\backend\venv\lib\site-packages\pymongo\topology.py", line 218, in _select_servers_loop
    raise ServerSelectionTimeoutError(
pymongo.errors.ServerSelectionTimeoutError: localhost:27017: [WinError 10061] No connection could be made because the target machine actively refused it, Timeout: 30s, Topology Description: <TopologyDescription id: 6a75c3585f498b469edb3ab0, topology_type: Single, servers: [<ServerDescription ('localhost', 27017) server_type: Unknown, rtt: None, error=AutoReconnect('localhost:27017: [WinError 10061] No connection could be made because the target machine actively refused it')>]>
--------------------------------------------------------------------------------
Exception on /api/delivery/orders/:
Traceback (most recent call last):
  File "e:\MealMate\backend\venv\lib\site-packages\django\core\handlers\base.py", line 181, in _get_response
    response = wrapped_callback(request, *callback_args, **callback_kwargs)
  File "e:\MealMate\backend\venv\lib\site-packages\django\views\decorators\csrf.py", line 54, in wrapped_view
    return view_func(*args, **kwargs)
  File "e:\MealMate\backend\venv\lib\site-packages\rest_framework\viewsets.py", line 125, in view
    return self.dispatch(request, *args, **kwargs)
  File "e:\MealMate\backend\venv\lib\site-packages\rest_framework\views.py", line 509, in dispatch
    response = self.handle_exception(exc)
  File "e:\MealMate\backend\venv\lib\site-packages\rest_framework\views.py", line 469, in handle_exception
    self.raise_uncaught_exception(exc)
  File "e:\MealMate\backend\venv\lib\site-packages\rest_framework\views.py", line 480, in raise_uncaught_exception
    raise exc
  File "e:\MealMate\backend\venv\lib\site-packages\rest_framework\views.py", line 506, in dispatch
    response = handler(request, *args, **kwargs)
  File "E:\MealMate\backend\core\api\delivery_api\views.py", line 28, in list
    for doc in orders_cursor:
  File "e:\MealMate\backend\venv\lib\site-packages\pymongo\cursor.py", line 1238, in next
    if len(self.__data) or self._refresh():
  File "e:\MealMate\backend\venv\lib\site-packages\pymongo\cursor.py", line 1130, in _refresh
    self.__session = self.__collection.database.client._ensure_session()
  File "e:\MealMate\backend\venv\lib\site-packages\pymongo\mongo_client.py", line 1935, in _ensure_session
    return self.__start_session(True, causal_consistency=False)
  File "e:\MealMate\backend\venv\lib\site-packages\pymongo\mongo_client.py", line 1883, in __start_session
    server_session = self._get_server_session()
  File "e:\MealMate\backend\venv\lib\site-packages\pymongo\mongo_client.py", line 1921, in _get_server_session
    return self._topology.get_server_session()
  File "e:\MealMate\backend\venv\lib\site-packages\pymongo\topology.py", line 520, in get_server_session
    session_timeout = self._check_session_support()
  File "e:\MealMate\backend\venv\lib\site-packages\pymongo\topology.py", line 499, in _check_session_support
    self._select_servers_loop(
  File "e:\MealMate\backend\venv\lib\site-packages\pymongo\topology.py", line 218, in _select_servers_loop
    raise ServerSelectionTimeoutError(
pymongo.errors.ServerSelectionTimeoutError: localhost:27017: [WinError 10061] No connection could be made because the target machine actively refused it, Timeout: 30s, Topology Description: <TopologyDescription id: 6a75c3675f498b469edb3ab1, topology_type: Single, servers: [<ServerDescription ('localhost', 27017) server_type: Unknown, rtt: None, error=AutoReconnect('localhost:27017: [WinError 10061] No connection could be made because the target machine actively refused it')>]>
--------------------------------------------------------------------------------
Exception on /api/delivery/orders/:
Traceback (most recent call last):
  File "e:\MealMate\backend\venv\lib\site-packages\django\core\handlers\base.py", line 181, in _get_response
    response = wrapped_callback(request, *callback_args, **callback_kwargs)
  File "e:\MealMate\backend\venv\lib\site-packages\django\views\decorators\csrf.py", line 54, in wrapped_view
    return view_func(*args, **kwargs)
  File "e:\MealMate\backend\venv\lib\site-packages\rest_framework\viewsets.py", line 125, in view
    return self.dispatch(request, *args, **kwargs)
  File "e:\MealMate\backend\venv\lib\site-packages\rest_framework\views.py", line 509, in dispatch
    response = self.handle_exception(exc)
  File "e:\MealMate\backend\venv\lib\site-packages\rest_framework\views.py", line 469, in handle_exception
    self.raise_uncaught_exception(exc)
  File "e:\MealMate\backend\venv\lib\site-packages\rest_framework\views.py", line 480, in raise_uncaught_exception
    raise exc
  File "e:\MealMate\backend\venv\lib\site-packages\rest_framework\views.py", line 506, in dispatch
    response = handler(request, *args, **kwargs)
  File "E:\MealMate\backend\core\api\delivery_api\views.py", line 28, in list
    for doc in orders_cursor:
  File "e:\MealMate\backend\venv\lib\site-packages\pymongo\cursor.py", line 1238, in next
    if len(self.__data) or self._refresh():
  File "e:\MealMate\backend\venv\lib\site-packages\pymongo\cursor.py", line 1130, in _refresh
    self.__session = self.__collection.database.client._ensure_session()
  File "e:\MealMate\backend\venv\lib\site-packages\pymongo\mongo_client.py", line 1935, in _ensure_session
    return self.__start_session(True, causal_consistency=False)
  File "e:\MealMate\backend\venv\lib\site-packages\pymongo\mongo_client.py", line 1883, in __start_session
    server_session = self._get_server_session()
  File "e:\MealMate\backend\venv\lib\site-packages\pymongo\mongo_client.py", line 1921, in _get_server_session
    return self._topology.get_server_session()
  File "e:\MealMate\backend\venv\lib\site-packages\pymongo\topology.py", line 520, in get_server_session
    session_timeout = self._check_session_support()
  File "e:\MealMate\backend\venv\lib\site-packages\pymongo\topology.py", line 499, in _check_session_support
    self._select_servers_loop(
  File "e:\MealMate\backend\venv\lib\site-packages\pymongo\topology.py", line 218, in _select_servers_loop
    raise ServerSelectionTimeoutError(
pymongo.errors.ServerSelectionTimeoutError: localhost:27017: [WinError 10061] No connection could be made because the target machine actively refused it, Timeout: 30s, Topology Description: <TopologyDescription id: 6a75c36c5f498b469edb3ab2, topology_type: Single, servers: [<ServerDescription ('localhost', 27017) server_type: Unknown, rtt: None, error=AutoReconnect('localhost:27017: [WinError 10061] No connection could be made because the target machine actively refused it')>]>
--------------------------------------------------------------------------------
Exception on /api/delivery/orders/:
Traceback (most recent call last):
  File "e:\MealMate\backend\venv\lib\site-packages\django\core\handlers\base.py", line 181, in _get_response
    response = wrapped_callback(request, *callback_args, **callback_kwargs)
  File "e:\MealMate\backend\venv\lib\site-packages\django\views\decorators\csrf.py", line 54, in wrapped_view
    return view_func(*args, **kwargs)
  File "e:\MealMate\backend\venv\lib\site-packages\rest_framework\viewsets.py", line 125, in view
    return self.dispatch(request, *args, **kwargs)
  File "e:\MealMate\backend\venv\lib\site-packages\rest_framework\views.py", line 509, in dispatch
    response = self.handle_exception(exc)
  File "e:\MealMate\backend\venv\lib\site-packages\rest_framework\views.py", line 469, in handle_exception
    self.raise_uncaught_exception(exc)
  File "e:\MealMate\backend\venv\lib\site-packages\rest_framework\views.py", line 480, in raise_uncaught_exception
    raise exc
  File "e:\MealMate\backend\venv\lib\site-packages\rest_framework\views.py", line 506, in dispatch
    response = handler(request, *args, **kwargs)
  File "E:\MealMate\backend\core\api\delivery_api\views.py", line 28, in list
    for doc in orders_cursor:
  File "e:\MealMate\backend\venv\lib\site-packages\pymongo\cursor.py", line 1238, in next
    if len(self.__data) or self._refresh():
  File "e:\MealMate\backend\venv\lib\site-packages\pymongo\cursor.py", line 1130, in _refresh
    self.__session = self.__collection.database.client._ensure_session()
  File "e:\MealMate\backend\venv\lib\site-packages\pymongo\mongo_client.py", line 1935, in _ensure_session
    return self.__start_session(True, causal_consistency=False)
  File "e:\MealMate\backend\venv\lib\site-packages\pymongo\mongo_client.py", line 1883, in __start_session
    server_session = self._get_server_session()
  File "e:\MealMate\backend\venv\lib\site-packages\pymongo\mongo_client.py", line 1921, in _get_server_session
    return self._topology.get_server_session()
  File "e:\MealMate\backend\venv\lib\site-packages\pymongo\topology.py", line 520, in get_server_session
    session_timeout = self._check_session_support()
  File "e:\MealMate\backend\venv\lib\site-packages\pymongo\topology.py", line 499, in _check_session_support
    self._select_servers_loop(
  File "e:\MealMate\backend\venv\lib\site-packages\pymongo\topology.py", line 218, in _select_servers_loop
    raise ServerSelectionTimeoutError(
pymongo.errors.ServerSelectionTimeoutError: localhost:27017: [WinError 10061] No connection could be made because the target machine actively refused it, Timeout: 30s, Topology Description: <TopologyDescription id: 6a75c36d5f498b469edb3ab3, topology_type: Single, servers: [<ServerDescription ('localhost', 27017) server_type: Unknown, rtt: None, error=AutoReconnect('localhost:27017: [WinError 10061] No connection could be made because the target machine actively refused it')>]>
--------------------------------------------------------------------------------
Exception on /api/delivery/orders/:
Traceback (most recent call last):
  File "e:\MealMate\backend\venv\lib\site-packages\django\core\handlers\base.py", line 181, in _get_response
    response = wrapped_callback(request, *callback_args, **callback_kwargs)
  File "e:\MealMate\backend\venv\lib\site-packages\django\views\decorators\csrf.py", line 54, in wrapped_view
    return view_func(*args, **kwargs)
  File "e:\MealMate\backend\venv\lib\site-packages\rest_framework\viewsets.py", line 125, in view
    return self.dispatch(request, *args, **kwargs)
  File "e:\MealMate\backend\venv\lib\site-packages\rest_framework\views.py", line 509, in dispatch
    response = self.handle_exception(exc)
  File "e:\MealMate\backend\venv\lib\site-packages\rest_framework\views.py", line 469, in handle_exception
    self.raise_uncaught_exception(exc)
  File "e:\MealMate\backend\venv\lib\site-packages\rest_framework\views.py", line 480, in raise_uncaught_exception
    raise exc
  File "e:\MealMate\backend\venv\lib\site-packages\rest_framework\views.py", line 506, in dispatch
    response = handler(request, *args, **kwargs)
  File "E:\MealMate\backend\core\api\delivery_api\views.py", line 28, in list
    for doc in orders_cursor:
  File "e:\MealMate\backend\venv\lib\site-packages\pymongo\cursor.py", line 1238, in next
    if len(self.__data) or self._refresh():
  File "e:\MealMate\backend\venv\lib\site-packages\pymongo\cursor.py", line 1130, in _refresh
    self.__session = self.__collection.database.client._ensure_session()
  File "e:\MealMate\backend\venv\lib\site-packages\pymongo\mongo_client.py", line 1935, in _ensure_session
    return self.__start_session(True, causal_consistency=False)
  File "e:\MealMate\backend\venv\lib\site-packages\pymongo\mongo_client.py", line 1883, in __start_session
    server_session = self._get_server_session()
  File "e:\MealMate\backend\venv\lib\site-packages\pymongo\mongo_client.py", line 1921, in _get_server_session
    return self._topology.get_server_session()
  File "e:\MealMate\backend\venv\lib\site-packages\pymongo\topology.py", line 520, in get_server_session
    session_timeout = self._check_session_support()
  File "e:\MealMate\backend\venv\lib\site-packages\pymongo\topology.py", line 499, in _check_session_support
    self._select_servers_loop(
  File "e:\MealMate\backend\venv\lib\site-packages\pymongo\topology.py", line 218, in _select_servers_loop
    raise ServerSelectionTimeoutError(
pymongo.errors.ServerSelectionTimeoutError: localhost:27017: [WinError 10061] No connection could be made because the target machine actively refused it, Timeout: 30s, Topology Description: <TopologyDescription id: 6a75c3705f498b469edb3ab4, topology_type: Single, servers: [<ServerDescription ('localhost', 27017) server_type: Unknown, rtt: None, error=AutoReconnect('localhost:27017: [WinError 10061] No connection could be made because the target machine actively refused it')>]>
--------------------------------------------------------------------------------
Exception on /api/delivery/orders/:
Traceback (most recent call last):
  File "e:\MealMate\backend\venv\lib\site-packages\django\core\handlers\base.py", line 181, in _get_response
    response = wrapped_callback(request, *callback_args, **callback_kwargs)
  File "e:\MealMate\backend\venv\lib\site-packages\django\views\decorators\csrf.py", line 54, in wrapped_view
    return view_func(*args, **kwargs)
  File "e:\MealMate\backend\venv\lib\site-packages\rest_framework\viewsets.py", line 125, in view
    return self.dispatch(request, *args, **kwargs)
  File "e:\MealMate\backend\venv\lib\site-packages\rest_framework\views.py", line 509, in dispatch
    response = self.handle_exception(exc)
  File "e:\MealMate\backend\venv\lib\site-packages\rest_framework\views.py", line 469, in handle_exception
    self.raise_uncaught_exception(exc)
  File "e:\MealMate\backend\venv\lib\site-packages\rest_framework\views.py", line 480, in raise_uncaught_exception
    raise exc
  File "e:\MealMate\backend\venv\lib\site-packages\rest_framework\views.py", line 506, in dispatch
    response = handler(request, *args, **kwargs)
  File "E:\MealMate\backend\core\api\delivery_api\views.py", line 28, in list
    for doc in orders_cursor:
  File "e:\MealMate\backend\venv\lib\site-packages\pymongo\cursor.py", line 1238, in next
    if len(self.__data) or self._refresh():
  File "e:\MealMate\backend\venv\lib\site-packages\pymongo\cursor.py", line 1130, in _refresh
    self.__session = self.__collection.database.client._ensure_session()
  File "e:\MealMate\backend\venv\lib\site-packages\pymongo\mongo_client.py", line 1935, in _ensure_session
    return self.__start_session(True, causal_consistency=False)
  File "e:\MealMate\backend\venv\lib\site-packages\pymongo\mongo_client.py", line 1883, in __start_session
    server_session = self._get_server_session()
  File "e:\MealMate\backend\venv\lib\site-packages\pymongo\mongo_client.py", line 1921, in _get_server_session
    return self._topology.get_server_session()
  File "e:\MealMate\backend\venv\lib\site-packages\pymongo\topology.py", line 520, in get_server_session
    session_timeout = self._check_session_support()
  File "e:\MealMate\backend\venv\lib\site-packages\pymongo\topology.py", line 499, in _check_session_support
    self._select_servers_loop(
  File "e:\MealMate\backend\venv\lib\site-packages\pymongo\topology.py", line 218, in _select_servers_loop
    raise ServerSelectionTimeoutError(
pymongo.errors.ServerSelectionTimeoutError: localhost:27017: [WinError 10061] No connection could be made because the target machine actively refused it, Timeout: 30s, Topology Description: <TopologyDescription id: 6a75c3735f498b469edb3ab5, topology_type: Single, servers: [<ServerDescription ('localhost', 27017) server_type: Unknown, rtt: None, error=AutoReconnect('localhost:27017: [WinError 10061] No connection could be made because the target machine actively refused it')>]>
--------------------------------------------------------------------------------
Exception on /api/delivery/orders/:
Traceback (most recent call last):
  File "e:\MealMate\backend\venv\lib\site-packages\django\core\handlers\base.py", line 181, in _get_response
    response = wrapped_callback(request, *callback_args, **callback_kwargs)
  File "e:\MealMate\backend\venv\lib\site-packages\django\views\decorators\csrf.py", line 54, in wrapped_view
    return view_func(*args, **kwargs)
  File "e:\MealMate\backend\venv\lib\site-packages\rest_framework\viewsets.py", line 125, in view
    return self.dispatch(request, *args, **kwargs)
  File "e:\MealMate\backend\venv\lib\site-packages\rest_framework\views.py", line 509, in dispatch
    response = self.handle_exception(exc)
  File "e:\MealMate\backend\venv\lib\site-packages\rest_framework\views.py", line 469, in handle_exception
    self.raise_uncaught_exception(exc)
  File "e:\MealMate\backend\venv\lib\site-packages\rest_framework\views.py", line 480, in raise_uncaught_exception
    raise exc
  File "e:\MealMate\backend\venv\lib\site-packages\rest_framework\views.py", line 506, in dispatch
    response = handler(request, *args, **kwargs)
  File "E:\MealMate\backend\core\api\delivery_api\views.py", line 28, in list
    for doc in orders_cursor:
  File "e:\MealMate\backend\venv\lib\site-packages\pymongo\cursor.py", line 1238, in next
    if len(self.__data) or self._refresh():
  File "e:\MealMate\backend\venv\lib\site-packages\pymongo\cursor.py", line 1130, in _refresh
    self.__session = self.__collection.database.client._ensure_session()
  File "e:\MealMate\backend\venv\lib\site-packages\pymongo\mongo_client.py", line 1935, in _ensure_session
    return self.__start_session(True, causal_consistency=False)
  File "e:\MealMate\backend\venv\lib\site-packages\pymongo\mongo_client.py", line 1883, in __start_session
    server_session = self._get_server_session()
  File "e:\MealMate\backend\venv\lib\site-packages\pymongo\mongo_client.py", line 1921, in _get_server_session
    return self._topology.get_server_session()
  File "e:\MealMate\backend\venv\lib\site-packages\pymongo\topology.py", line 520, in get_server_session
    session_timeout = self._check_session_support()
  File "e:\MealMate\backend\venv\lib\site-packages\pymongo\topology.py", line 499, in _check_session_support
    self._select_servers_loop(
  File "e:\MealMate\backend\venv\lib\site-packages\pymongo\topology.py", line 218, in _select_servers_loop
    raise ServerSelectionTimeoutError(
pymongo.errors.ServerSelectionTimeoutError: localhost:27017: [WinError 10061] No connection could be made because the target machine actively refused it, Timeout: 30s, Topology Description: <TopologyDescription id: 6a75c3765f498b469edb3ab6, topology_type: Single, servers: [<ServerDescription ('localhost', 27017) server_type: Unknown, rtt: None, error=AutoReconnect('localhost:27017: [WinError 10061] No connection could be made because the target machine actively refused it')>]>
--------------------------------------------------------------------------------
Exception on /api/delivery/orders/:
Traceback (most recent call last):
  File "e:\MealMate\backend\venv\lib\site-packages\django\core\handlers\base.py", line 181, in _get_response
    response = wrapped_callback(request, *callback_args, **callback_kwargs)
  File "e:\MealMate\backend\venv\lib\site-packages\django\views\decorators\csrf.py", line 54, in wrapped_view
    return view_func(*args, **kwargs)
  File "e:\MealMate\backend\venv\lib\site-packages\rest_framework\viewsets.py", line 125, in view
    return self.dispatch(request, *args, **kwargs)
  File "e:\MealMate\backend\venv\lib\site-packages\rest_framework\views.py", line 509, in dispatch
    response = self.handle_exception(exc)
  File "e:\MealMate\backend\venv\lib\site-packages\rest_framework\views.py", line 469, in handle_exception
    self.raise_uncaught_exception(exc)
  File "e:\MealMate\backend\venv\lib\site-packages\rest_framework\views.py", line 480, in raise_uncaught_exception
    raise exc
  File "e:\MealMate\backend\venv\lib\site-packages\rest_framework\views.py", line 506, in dispatch
    response = handler(request, *args, **kwargs)
  File "E:\MealMate\backend\core\api\delivery_api\views.py", line 28, in list
    for doc in orders_cursor:
  File "e:\MealMate\backend\venv\lib\site-packages\pymongo\cursor.py", line 1238, in next
    if len(self.__data) or self._refresh():
  File "e:\MealMate\backend\venv\lib\site-packages\pymongo\cursor.py", line 1130, in _refresh
    self.__session = self.__collection.database.client._ensure_session()
  File "e:\MealMate\backend\venv\lib\site-packages\pymongo\mongo_client.py", line 1935, in _ensure_session
    return self.__start_session(True, causal_consistency=False)
  File "e:\MealMate\backend\venv\lib\site-packages\pymongo\mongo_client.py", line 1883, in __start_session
    server_session = self._get_server_session()
  File "e:\MealMate\backend\venv\lib\site-packages\pymongo\mongo_client.py", line 1921, in _get_server_session
    return self._topology.get_server_session()
  File "e:\MealMate\backend\venv\lib\site-packages\pymongo\topology.py", line 520, in get_server_session
    session_timeout = self._check_session_support()
  File "e:\MealMate\backend\venv\lib\site-packages\pymongo\topology.py", line 499, in _check_session_support
    self._select_servers_loop(
  File "e:\MealMate\backend\venv\lib\site-packages\pymongo\topology.py", line 218, in _select_servers_loop
    raise ServerSelectionTimeoutError(
pymongo.errors.ServerSelectionTimeoutError: localhost:27017: [WinError 10061] No connection could be made because the target machine actively refused it, Timeout: 30s, Topology Description: <TopologyDescription id: 6a75c3865f498b469edb3ab7, topology_type: Single, servers: [<ServerDescription ('localhost', 27017) server_type: Unknown, rtt: None, error=AutoReconnect('localhost:27017: [WinError 10061] No connection could be made because the target machine actively refused it')>]>
--------------------------------------------------------------------------------
Exception on /api/delivery/orders/:
Traceback (most recent call last):
  File "e:\MealMate\backend\venv\lib\site-packages\django\core\handlers\base.py", line 181, in _get_response
    response = wrapped_callback(request, *callback_args, **callback_kwargs)
  File "e:\MealMate\backend\venv\lib\site-packages\django\views\decorators\csrf.py", line 54, in wrapped_view
    return view_func(*args, **kwargs)
  File "e:\MealMate\backend\venv\lib\site-packages\rest_framework\viewsets.py", line 125, in view
    return self.dispatch(request, *args, **kwargs)
  File "e:\MealMate\backend\venv\lib\site-packages\rest_framework\views.py", line 509, in dispatch
    response = self.handle_exception(exc)
  File "e:\MealMate\backend\venv\lib\site-packages\rest_framework\views.py", line 469, in handle_exception
    self.raise_uncaught_exception(exc)
  File "e:\MealMate\backend\venv\lib\site-packages\rest_framework\views.py", line 480, in raise_uncaught_exception
    raise exc
  File "e:\MealMate\backend\venv\lib\site-packages\rest_framework\views.py", line 506, in dispatch
    response = handler(request, *args, **kwargs)
  File "E:\MealMate\backend\core\api\delivery_api\views.py", line 28, in list
    for doc in orders_cursor:
  File "e:\MealMate\backend\venv\lib\site-packages\pymongo\cursor.py", line 1238, in next
    if len(self.__data) or self._refresh():
  File "e:\MealMate\backend\venv\lib\site-packages\pymongo\cursor.py", line 1130, in _refresh
    self.__session = self.__collection.database.client._ensure_session()
  File "e:\MealMate\backend\venv\lib\site-packages\pymongo\mongo_client.py", line 1935, in _ensure_session
    return self.__start_session(True, causal_consistency=False)
  File "e:\MealMate\backend\venv\lib\site-packages\pymongo\mongo_client.py", line 1883, in __start_session
    server_session = self._get_server_session()
  File "e:\MealMate\backend\venv\lib\site-packages\pymongo\mongo_client.py", line 1921, in _get_server_session
    return self._topology.get_server_session()
  File "e:\MealMate\backend\venv\lib\site-packages\pymongo\topology.py", line 520, in get_server_session
    session_timeout = self._check_session_support()
  File "e:\MealMate\backend\venv\lib\site-packages\pymongo\topology.py", line 499, in _check_session_support
    self._select_servers_loop(
  File "e:\MealMate\backend\venv\lib\site-packages\pymongo\topology.py", line 218, in _select_servers_loop
    raise ServerSelectionTimeoutError(
pymongo.errors.ServerSelectionTimeoutError: localhost:27017: [WinError 10061] No connection could be made because the target machine actively refused it, Timeout: 30s, Topology Description: <TopologyDescription id: 6a75c38a5f498b469edb3ab8, topology_type: Single, servers: [<ServerDescription ('localhost', 27017) server_type: Unknown, rtt: None, error=AutoReconnect('localhost:27017: [WinError 10061] No connection could be made because the target machine actively refused it')>]>
--------------------------------------------------------------------------------
Exception on /api/delivery/orders/:
Traceback (most recent call last):
  File "e:\MealMate\backend\venv\lib\site-packages\django\core\handlers\base.py", line 181, in _get_response
    response = wrapped_callback(request, *callback_args, **callback_kwargs)
  File "e:\MealMate\backend\venv\lib\site-packages\django\views\decorators\csrf.py", line 54, in wrapped_view
    return view_func(*args, **kwargs)
  File "e:\MealMate\backend\venv\lib\site-packages\rest_framework\viewsets.py", line 125, in view
    return self.dispatch(request, *args, **kwargs)
  File "e:\MealMate\backend\venv\lib\site-packages\rest_framework\views.py", line 509, in dispatch
    response = self.handle_exception(exc)
  File "e:\MealMate\backend\venv\lib\site-packages\rest_framework\views.py", line 469, in handle_exception
    self.raise_uncaught_exception(exc)
  File "e:\MealMate\backend\venv\lib\site-packages\rest_framework\views.py", line 480, in raise_uncaught_exception
    raise exc
  File "e:\MealMate\backend\venv\lib\site-packages\rest_framework\views.py", line 506, in dispatch
    response = handler(request, *args, **kwargs)
  File "E:\MealMate\backend\core\api\delivery_api\views.py", line 28, in list
    for doc in orders_cursor:
  File "e:\MealMate\backend\venv\lib\site-packages\pymongo\cursor.py", line 1238, in next
    if len(self.__data) or self._refresh():
  File "e:\MealMate\backend\venv\lib\site-packages\pymongo\cursor.py", line 1130, in _refresh
    self.__session = self.__collection.database.client._ensure_session()
  File "e:\MealMate\backend\venv\lib\site-packages\pymongo\mongo_client.py", line 1935, in _ensure_session
    return self.__start_session(True, causal_consistency=False)
  File "e:\MealMate\backend\venv\lib\site-packages\pymongo\mongo_client.py", line 1883, in __start_session
    server_session = self._get_server_session()
  File "e:\MealMate\backend\venv\lib\site-packages\pymongo\mongo_client.py", line 1921, in _get_server_session
    return self._topology.get_server_session()
  File "e:\MealMate\backend\venv\lib\site-packages\pymongo\topology.py", line 520, in get_server_session
    session_timeout = self._check_session_support()
  File "e:\MealMate\backend\venv\lib\site-packages\pymongo\topology.py", line 499, in _check_session_support
    self._select_servers_loop(
  File "e:\MealMate\backend\venv\lib\site-packages\pymongo\topology.py", line 218, in _select_servers_loop
    raise ServerSelectionTimeoutError(
pymongo.errors.ServerSelectionTimeoutError: localhost:27017: [WinError 10061] No connection could be made because the target machine actively refused it, Timeout: 30s, Topology Description: <TopologyDescription id: 6a75c38b5f498b469edb3ab9, topology_type: Single, servers: [<ServerDescription ('localhost', 27017) server_type: Unknown, rtt: None, error=AutoReconnect('localhost:27017: [WinError 10061] No connection could be made because the target machine actively refused it')>]>
--------------------------------------------------------------------------------
Exception on /api/delivery/orders/:
Traceback (most recent call last):
  File "e:\MealMate\backend\venv\lib\site-packages\django\core\handlers\base.py", line 181, in _get_response
    response = wrapped_callback(request, *callback_args, **callback_kwargs)
  File "e:\MealMate\backend\venv\lib\site-packages\django\views\decorators\csrf.py", line 54, in wrapped_view
    return view_func(*args, **kwargs)
  File "e:\MealMate\backend\venv\lib\site-packages\rest_framework\viewsets.py", line 125, in view
    return self.dispatch(request, *args, **kwargs)
  File "e:\MealMate\backend\venv\lib\site-packages\rest_framework\views.py", line 509, in dispatch
    response = self.handle_exception(exc)
  File "e:\MealMate\backend\venv\lib\site-packages\rest_framework\views.py", line 469, in handle_exception
    self.raise_uncaught_exception(exc)
  File "e:\MealMate\backend\venv\lib\site-packages\rest_framework\views.py", line 480, in raise_uncaught_exception
    raise exc
  File "e:\MealMate\backend\venv\lib\site-packages\rest_framework\views.py", line 506, in dispatch
    response = handler(request, *args, **kwargs)
  File "E:\MealMate\backend\core\api\delivery_api\views.py", line 28, in list
    for doc in orders_cursor:
  File "e:\MealMate\backend\venv\lib\site-packages\pymongo\cursor.py", line 1238, in next
    if len(self.__data) or self._refresh():
  File "e:\MealMate\backend\venv\lib\site-packages\pymongo\cursor.py", line 1130, in _refresh
    self.__session = self.__collection.database.client._ensure_session()
  File "e:\MealMate\backend\venv\lib\site-packages\pymongo\mongo_client.py", line 1935, in _ensure_session
    return self.__start_session(True, causal_consistency=False)
  File "e:\MealMate\backend\venv\lib\site-packages\pymongo\mongo_client.py", line 1883, in __start_session
    server_session = self._get_server_session()
  File "e:\MealMate\backend\venv\lib\site-packages\pymongo\mongo_client.py", line 1921, in _get_server_session
    return self._topology.get_server_session()
  File "e:\MealMate\backend\venv\lib\site-packages\pymongo\topology.py", line 520, in get_server_session
    session_timeout = self._check_session_support()
  File "e:\MealMate\backend\venv\lib\site-packages\pymongo\topology.py", line 499, in _check_session_support
    self._select_servers_loop(
  File "e:\MealMate\backend\venv\lib\site-packages\pymongo\topology.py", line 218, in _select_servers_loop
    raise ServerSelectionTimeoutError(
pymongo.errors.ServerSelectionTimeoutError: localhost:27017: [WinError 10061] No connection could be made because the target machine actively refused it, Timeout: 30s, Topology Description: <TopologyDescription id: 6a75c38e5f498b469edb3aba, topology_type: Single, servers: [<ServerDescription ('localhost', 27017) server_type: Unknown, rtt: None, error=AutoReconnect('localhost:27017: [WinError 10061] No connection could be made because the target machine actively refused it')>]>
--------------------------------------------------------------------------------
Exception on /api/delivery/orders/:
Traceback (most recent call last):
  File "e:\MealMate\backend\venv\lib\site-packages\django\core\handlers\base.py", line 181, in _get_response
    response = wrapped_callback(request, *callback_args, **callback_kwargs)
  File "e:\MealMate\backend\venv\lib\site-packages\django\views\decorators\csrf.py", line 54, in wrapped_view
    return view_func(*args, **kwargs)
  File "e:\MealMate\backend\venv\lib\site-packages\rest_framework\viewsets.py", line 125, in view
    return self.dispatch(request, *args, **kwargs)
  File "e:\MealMate\backend\venv\lib\site-packages\rest_framework\views.py", line 509, in dispatch
    response = self.handle_exception(exc)
  File "e:\MealMate\backend\venv\lib\site-packages\rest_framework\views.py", line 469, in handle_exception
    self.raise_uncaught_exception(exc)
  File "e:\MealMate\backend\venv\lib\site-packages\rest_framework\views.py", line 480, in raise_uncaught_exception
    raise exc
  File "e:\MealMate\backend\venv\lib\site-packages\rest_framework\views.py", line 506, in dispatch
    response = handler(request, *args, **kwargs)
  File "E:\MealMate\backend\core\api\delivery_api\views.py", line 28, in list
    for doc in orders_cursor:
  File "e:\MealMate\backend\venv\lib\site-packages\pymongo\cursor.py", line 1238, in next
    if len(self.__data) or self._refresh():
  File "e:\MealMate\backend\venv\lib\site-packages\pymongo\cursor.py", line 1130, in _refresh
    self.__session = self.__collection.database.client._ensure_session()
  File "e:\MealMate\backend\venv\lib\site-packages\pymongo\mongo_client.py", line 1935, in _ensure_session
    return self.__start_session(True, causal_consistency=False)
  File "e:\MealMate\backend\venv\lib\site-packages\pymongo\mongo_client.py", line 1883, in __start_session
    server_session = self._get_server_session()
  File "e:\MealMate\backend\venv\lib\site-packages\pymongo\mongo_client.py", line 1921, in _get_server_session
    return self._topology.get_server_session()
  File "e:\MealMate\backend\venv\lib\site-packages\pymongo\topology.py", line 520, in get_server_session
    session_timeout = self._check_session_support()
  File "e:\MealMate\backend\venv\lib\site-packages\pymongo\topology.py", line 499, in _check_session_support
    self._select_servers_loop(
  File "e:\MealMate\backend\venv\lib\site-packages\pymongo\topology.py", line 218, in _select_servers_loop
    raise ServerSelectionTimeoutError(
pymongo.errors.ServerSelectionTimeoutError: localhost:27017: [WinError 10061] No connection could be made because the target machine actively refused it, Timeout: 30s, Topology Description: <TopologyDescription id: 6a75c3925f498b469edb3abb, topology_type: Single, servers: [<ServerDescription ('localhost', 27017) server_type: Unknown, rtt: None, error=AutoReconnect('localhost:27017: [WinError 10061] No connection could be made because the target machine actively refused it')>]>
--------------------------------------------------------------------------------
Exception on /api/delivery/orders/:
Traceback (most recent call last):
  File "e:\MealMate\backend\venv\lib\site-packages\django\core\handlers\base.py", line 181, in _get_response
    response = wrapped_callback(request, *callback_args, **callback_kwargs)
  File "e:\MealMate\backend\venv\lib\site-packages\django\views\decorators\csrf.py", line 54, in wrapped_view
    return view_func(*args, **kwargs)
  File "e:\MealMate\backend\venv\lib\site-packages\rest_framework\viewsets.py", line 125, in view
    return self.dispatch(request, *args, **kwargs)
  File "e:\MealMate\backend\venv\lib\site-packages\rest_framework\views.py", line 509, in dispatch
    response = self.handle_exception(exc)
  File "e:\MealMate\backend\venv\lib\site-packages\rest_framework\views.py", line 469, in handle_exception
    self.raise_uncaught_exception(exc)
  File "e:\MealMate\backend\venv\lib\site-packages\rest_framework\views.py", line 480, in raise_uncaught_exception
    raise exc
  File "e:\MealMate\backend\venv\lib\site-packages\rest_framework\views.py", line 506, in dispatch
    response = handler(request, *args, **kwargs)
  File "E:\MealMate\backend\core\api\delivery_api\views.py", line 28, in list
    for doc in orders_cursor:
  File "e:\MealMate\backend\venv\lib\site-packages\pymongo\cursor.py", line 1238, in next
    if len(self.__data) or self._refresh():
  File "e:\MealMate\backend\venv\lib\site-packages\pymongo\cursor.py", line 1130, in _refresh
    self.__session = self.__collection.database.client._ensure_session()
  File "e:\MealMate\backend\venv\lib\site-packages\pymongo\mongo_client.py", line 1935, in _ensure_session
    return self.__start_session(True, causal_consistency=False)
  File "e:\MealMate\backend\venv\lib\site-packages\pymongo\mongo_client.py", line 1883, in __start_session
    server_session = self._get_server_session()
  File "e:\MealMate\backend\venv\lib\site-packages\pymongo\mongo_client.py", line 1921, in _get_server_session
    return self._topology.get_server_session()
  File "e:\MealMate\backend\venv\lib\site-packages\pymongo\topology.py", line 520, in get_server_session
    session_timeout = self._check_session_support()
  File "e:\MealMate\backend\venv\lib\site-packages\pymongo\topology.py", line 499, in _check_session_support
    self._select_servers_loop(
  File "e:\MealMate\backend\venv\lib\site-packages\pymongo\topology.py", line 218, in _select_servers_loop
    raise ServerSelectionTimeoutError(
pymongo.errors.ServerSelectionTimeoutError: localhost:27017: [WinError 10061] No connection could be made because the target machine actively refused it, Timeout: 30s, Topology Description: <TopologyDescription id: 6a75c3955f498b469edb3abc, topology_type: Single, servers: [<ServerDescription ('localhost', 27017) server_type: Unknown, rtt: None, error=AutoReconnect('localhost:27017: [WinError 10061] No connection could be made because the target machine actively refused it')>]>
--------------------------------------------------------------------------------
Exception on /api/delivery/orders/:
Traceback (most recent call last):
  File "e:\MealMate\backend\venv\lib\site-packages\django\core\handlers\base.py", line 181, in _get_response
    response = wrapped_callback(request, *callback_args, **callback_kwargs)
  File "e:\MealMate\backend\venv\lib\site-packages\django\views\decorators\csrf.py", line 54, in wrapped_view
    return view_func(*args, **kwargs)
  File "e:\MealMate\backend\venv\lib\site-packages\rest_framework\viewsets.py", line 125, in view
    return self.dispatch(request, *args, **kwargs)
  File "e:\MealMate\backend\venv\lib\site-packages\rest_framework\views.py", line 509, in dispatch
    response = self.handle_exception(exc)
  File "e:\MealMate\backend\venv\lib\site-packages\rest_framework\views.py", line 469, in handle_exception
    self.raise_uncaught_exception(exc)
  File "e:\MealMate\backend\venv\lib\site-packages\rest_framework\views.py", line 480, in raise_uncaught_exception
    raise exc
  File "e:\MealMate\backend\venv\lib\site-packages\rest_framework\views.py", line 506, in dispatch
    response = handler(request, *args, **kwargs)
  File "E:\MealMate\backend\core\api\delivery_api\views.py", line 28, in list
    for doc in orders_cursor:
  File "e:\MealMate\backend\venv\lib\site-packages\pymongo\cursor.py", line 1238, in next
    if len(self.__data) or self._refresh():
  File "e:\MealMate\backend\venv\lib\site-packages\pymongo\cursor.py", line 1130, in _refresh
    self.__session = self.__collection.database.client._ensure_session()
  File "e:\MealMate\backend\venv\lib\site-packages\pymongo\mongo_client.py", line 1935, in _ensure_session
    return self.__start_session(True, causal_consistency=False)
  File "e:\MealMate\backend\venv\lib\site-packages\pymongo\mongo_client.py", line 1883, in __start_session
    server_session = self._get_server_session()
  File "e:\MealMate\backend\venv\lib\site-packages\pymongo\mongo_client.py", line 1921, in _get_server_session
    return self._topology.get_server_session()
  File "e:\MealMate\backend\venv\lib\site-packages\pymongo\topology.py", line 520, in get_server_session
    session_timeout = self._check_session_support()
  File "e:\MealMate\backend\venv\lib\site-packages\pymongo\topology.py", line 499, in _check_session_support
    self._select_servers_loop(
  File "e:\MealMate\backend\venv\lib\site-packages\pymongo\topology.py", line 218, in _select_servers_loop
    raise ServerSelectionTimeoutError(
pymongo.errors.ServerSelectionTimeoutError: localhost:27017: [WinError 10061] No connection could be made because the target machine actively refused it, Timeout: 30s, Topology Description: <TopologyDescription id: 6a75c3a45f498b469edb3abd, topology_type: Single, servers: [<ServerDescription ('localhost', 27017) server_type: Unknown, rtt: None, error=AutoReconnect('localhost:27017: [WinError 10061] No connection could be made because the target machine actively refused it')>]>
--------------------------------------------------------------------------------
Exception on /api/delivery/orders/:
Traceback (most recent call last):
  File "e:\MealMate\backend\venv\lib\site-packages\django\core\handlers\base.py", line 181, in _get_response
    response = wrapped_callback(request, *callback_args, **callback_kwargs)
  File "e:\MealMate\backend\venv\lib\site-packages\django\views\decorators\csrf.py", line 54, in wrapped_view
    return view_func(*args, **kwargs)
  File "e:\MealMate\backend\venv\lib\site-packages\rest_framework\viewsets.py", line 125, in view
    return self.dispatch(request, *args, **kwargs)
  File "e:\MealMate\backend\venv\lib\site-packages\rest_framework\views.py", line 509, in dispatch
    response = self.handle_exception(exc)
  File "e:\MealMate\backend\venv\lib\site-packages\rest_framework\views.py", line 469, in handle_exception
    self.raise_uncaught_exception(exc)
  File "e:\MealMate\backend\venv\lib\site-packages\rest_framework\views.py", line 480, in raise_uncaught_exception
    raise exc
  File "e:\MealMate\backend\venv\lib\site-packages\rest_framework\views.py", line 506, in dispatch
    response = handler(request, *args, **kwargs)
  File "E:\MealMate\backend\core\api\delivery_api\views.py", line 28, in list
    for doc in orders_cursor:
  File "e:\MealMate\backend\venv\lib\site-packages\pymongo\cursor.py", line 1238, in next
    if len(self.__data) or self._refresh():
  File "e:\MealMate\backend\venv\lib\site-packages\pymongo\cursor.py", line 1130, in _refresh
    self.__session = self.__collection.database.client._ensure_session()
  File "e:\MealMate\backend\venv\lib\site-packages\pymongo\mongo_client.py", line 1935, in _ensure_session
    return self.__start_session(True, causal_consistency=False)
  File "e:\MealMate\backend\venv\lib\site-packages\pymongo\mongo_client.py", line 1883, in __start_session
    server_session = self._get_server_session()
  File "e:\MealMate\backend\venv\lib\site-packages\pymongo\mongo_client.py", line 1921, in _get_server_session
    return self._topology.get_server_session()
  File "e:\MealMate\backend\venv\lib\site-packages\pymongo\topology.py", line 520, in get_server_session
    session_timeout = self._check_session_support()
  File "e:\MealMate\backend\venv\lib\site-packages\pymongo\topology.py", line 499, in _check_session_support
    self._select_servers_loop(
  File "e:\MealMate\backend\venv\lib\site-packages\pymongo\topology.py", line 218, in _select_servers_loop
    raise ServerSelectionTimeoutError(
pymongo.errors.ServerSelectionTimeoutError: localhost:27017: [WinError 10061] No connection could be made because the target machine actively refused it, Timeout: 30s, Topology Description: <TopologyDescription id: 6a75c3a85f498b469edb3abe, topology_type: Single, servers: [<ServerDescription ('localhost', 27017) server_type: Unknown, rtt: None, error=AutoReconnect('localhost:27017: [WinError 10061] No connection could be made because the target machine actively refused it')>]>
--------------------------------------------------------------------------------
Exception on /api/delivery/orders/:
Traceback (most recent call last):
  File "e:\MealMate\backend\venv\lib\site-packages\django\core\handlers\base.py", line 181, in _get_response
    response = wrapped_callback(request, *callback_args, **callback_kwargs)
  File "e:\MealMate\backend\venv\lib\site-packages\django\views\decorators\csrf.py", line 54, in wrapped_view
    return view_func(*args, **kwargs)
  File "e:\MealMate\backend\venv\lib\site-packages\rest_framework\viewsets.py", line 125, in view
    return self.dispatch(request, *args, **kwargs)
  File "e:\MealMate\backend\venv\lib\site-packages\rest_framework\views.py", line 509, in dispatch
    response = self.handle_exception(exc)
  File "e:\MealMate\backend\venv\lib\site-packages\rest_framework\views.py", line 469, in handle_exception
    self.raise_uncaught_exception(exc)
  File "e:\MealMate\backend\venv\lib\site-packages\rest_framework\views.py", line 480, in raise_uncaught_exception
    raise exc
  File "e:\MealMate\backend\venv\lib\site-packages\rest_framework\views.py", line 506, in dispatch
    response = handler(request, *args, **kwargs)
  File "E:\MealMate\backend\core\api\delivery_api\views.py", line 28, in list
    for doc in orders_cursor:
  File "e:\MealMate\backend\venv\lib\site-packages\pymongo\cursor.py", line 1238, in next
    if len(self.__data) or self._refresh():
  File "e:\MealMate\backend\venv\lib\site-packages\pymongo\cursor.py", line 1130, in _refresh
    self.__session = self.__collection.database.client._ensure_session()
  File "e:\MealMate\backend\venv\lib\site-packages\pymongo\mongo_client.py", line 1935, in _ensure_session
    return self.__start_session(True, causal_consistency=False)
  File "e:\MealMate\backend\venv\lib\site-packages\pymongo\mongo_client.py", line 1883, in __start_session
    server_session = self._get_server_session()
  File "e:\MealMate\backend\venv\lib\site-packages\pymongo\mongo_client.py", line 1921, in _get_server_session
    return self._topology.get_server_session()
  File "e:\MealMate\backend\venv\lib\site-packages\pymongo\topology.py", line 520, in get_server_session
    session_timeout = self._check_session_support()
  File "e:\MealMate\backend\venv\lib\site-packages\pymongo\topology.py", line 499, in _check_session_support
    self._select_servers_loop(
  File "e:\MealMate\backend\venv\lib\site-packages\pymongo\topology.py", line 218, in _select_servers_loop
    raise ServerSelectionTimeoutError(
pymongo.errors.ServerSelectionTimeoutError: localhost:27017: [WinError 10061] No connection could be made because the target machine actively refused it, Timeout: 30s, Topology Description: <TopologyDescription id: 6a75c3a95f498b469edb3abf, topology_type: Single, servers: [<ServerDescription ('localhost', 27017) server_type: Unknown, rtt: None, error=AutoReconnect('localhost:27017: [WinError 10061] No connection could be made because the target machine actively refused it')>]>
--------------------------------------------------------------------------------
Exception on /api/delivery/orders/:
Traceback (most recent call last):
  File "e:\MealMate\backend\venv\lib\site-packages\django\core\handlers\base.py", line 181, in _get_response
    response = wrapped_callback(request, *callback_args, **callback_kwargs)
  File "e:\MealMate\backend\venv\lib\site-packages\django\views\decorators\csrf.py", line 54, in wrapped_view
    return view_func(*args, **kwargs)
  File "e:\MealMate\backend\venv\lib\site-packages\rest_framework\viewsets.py", line 125, in view
    return self.dispatch(request, *args, **kwargs)
  File "e:\MealMate\backend\venv\lib\site-packages\rest_framework\views.py", line 509, in dispatch
    response = self.handle_exception(exc)
  File "e:\MealMate\backend\venv\lib\site-packages\rest_framework\views.py", line 469, in handle_exception
    self.raise_uncaught_exception(exc)
  File "e:\MealMate\backend\venv\lib\site-packages\rest_framework\views.py", line 480, in raise_uncaught_exception
    raise exc
  File "e:\MealMate\backend\venv\lib\site-packages\rest_framework\views.py", line 506, in dispatch
    response = handler(request, *args, **kwargs)
  File "E:\MealMate\backend\core\api\delivery_api\views.py", line 28, in list
    for doc in orders_cursor:
  File "e:\MealMate\backend\venv\lib\site-packages\pymongo\cursor.py", line 1238, in next
    if len(self.__data) or self._refresh():
  File "e:\MealMate\backend\venv\lib\site-packages\pymongo\cursor.py", line 1130, in _refresh
    self.__session = self.__collection.database.client._ensure_session()
  File "e:\MealMate\backend\venv\lib\site-packages\pymongo\mongo_client.py", line 1935, in _ensure_session
    return self.__start_session(True, causal_consistency=False)
  File "e:\MealMate\backend\venv\lib\site-packages\pymongo\mongo_client.py", line 1883, in __start_session
    server_session = self._get_server_session()
  File "e:\MealMate\backend\venv\lib\site-packages\pymongo\mongo_client.py", line 1921, in _get_server_session
    return self._topology.get_server_session()
  File "e:\MealMate\backend\venv\lib\site-packages\pymongo\topology.py", line 520, in get_server_session
    session_timeout = self._check_session_support()
  File "e:\MealMate\backend\venv\lib\site-packages\pymongo\topology.py", line 499, in _check_session_support
    self._select_servers_loop(
  File "e:\MealMate\backend\venv\lib\site-packages\pymongo\topology.py", line 218, in _select_servers_loop
    raise ServerSelectionTimeoutError(
pymongo.errors.ServerSelectionTimeoutError: localhost:27017: [WinError 10061] No connection could be made because the target machine actively refused it, Timeout: 30s, Topology Description: <TopologyDescription id: 6a75c3d75f498b469edb3ac0, topology_type: Single, servers: [<ServerDescription ('localhost', 27017) server_type: Unknown, rtt: None, error=AutoReconnect('localhost:27017: [WinError 10061] No connection could be made because the target machine actively refused it')>]>
--------------------------------------------------------------------------------
Exception on /api/delivery/orders/:
Traceback (most recent call last):
  File "e:\MealMate\backend\venv\lib\site-packages\django\core\handlers\base.py", line 181, in _get_response
    response = wrapped_callback(request, *callback_args, **callback_kwargs)
  File "e:\MealMate\backend\venv\lib\site-packages\django\views\decorators\csrf.py", line 54, in wrapped_view
    return view_func(*args, **kwargs)
  File "e:\MealMate\backend\venv\lib\site-packages\rest_framework\viewsets.py", line 125, in view
    return self.dispatch(request, *args, **kwargs)
  File "e:\MealMate\backend\venv\lib\site-packages\rest_framework\views.py", line 509, in dispatch
    response = self.handle_exception(exc)
  File "e:\MealMate\backend\venv\lib\site-packages\rest_framework\views.py", line 469, in handle_exception
    self.raise_uncaught_exception(exc)
  File "e:\MealMate\backend\venv\lib\site-packages\rest_framework\views.py", line 480, in raise_uncaught_exception
    raise exc
  File "e:\MealMate\backend\venv\lib\site-packages\rest_framework\views.py", line 506, in dispatch
    response = handler(request, *args, **kwargs)
  File "E:\MealMate\backend\core\api\delivery_api\views.py", line 28, in list
    for doc in orders_cursor:
  File "e:\MealMate\backend\venv\lib\site-packages\pymongo\cursor.py", line 1238, in next
    if len(self.__data) or self._refresh():
  File "e:\MealMate\backend\venv\lib\site-packages\pymongo\cursor.py", line 1130, in _refresh
    self.__session = self.__collection.database.client._ensure_session()
  File "e:\MealMate\backend\venv\lib\site-packages\pymongo\mongo_client.py", line 1935, in _ensure_session
    return self.__start_session(True, causal_consistency=False)
  File "e:\MealMate\backend\venv\lib\site-packages\pymongo\mongo_client.py", line 1883, in __start_session
    server_session = self._get_server_session()
  File "e:\MealMate\backend\venv\lib\site-packages\pymongo\mongo_client.py", line 1921, in _get_server_session
    return self._topology.get_server_session()
  File "e:\MealMate\backend\venv\lib\site-packages\pymongo\topology.py", line 520, in get_server_session
    session_timeout = self._check_session_support()
  File "e:\MealMate\backend\venv\lib\site-packages\pymongo\topology.py", line 499, in _check_session_support
    self._select_servers_loop(
  File "e:\MealMate\backend\venv\lib\site-packages\pymongo\topology.py", line 218, in _select_servers_loop
    raise ServerSelectionTimeoutError(
pymongo.errors.ServerSelectionTimeoutError: localhost:27017: [WinError 10061] No connection could be made because the target machine actively refused it, Timeout: 30s, Topology Description: <TopologyDescription id: 6a75c4135f498b469edb3ac1, topology_type: Single, servers: [<ServerDescription ('localhost', 27017) server_type: Unknown, rtt: None, error=AutoReconnect('localhost:27017: [WinError 10061] No connection could be made because the target machine actively refused it')>]>
--------------------------------------------------------------------------------
Exception on /api/delivery/orders/:
Traceback (most recent call last):
  File "e:\MealMate\backend\venv\lib\site-packages\django\core\handlers\base.py", line 181, in _get_response
    response = wrapped_callback(request, *callback_args, **callback_kwargs)
  File "e:\MealMate\backend\venv\lib\site-packages\django\views\decorators\csrf.py", line 54, in wrapped_view
    return view_func(*args, **kwargs)
  File "e:\MealMate\backend\venv\lib\site-packages\rest_framework\viewsets.py", line 125, in view
    return self.dispatch(request, *args, **kwargs)
  File "e:\MealMate\backend\venv\lib\site-packages\rest_framework\views.py", line 509, in dispatch
    response = self.handle_exception(exc)
  File "e:\MealMate\backend\venv\lib\site-packages\rest_framework\views.py", line 469, in handle_exception
    self.raise_uncaught_exception(exc)
  File "e:\MealMate\backend\venv\lib\site-packages\rest_framework\views.py", line 480, in raise_uncaught_exception
    raise exc
  File "e:\MealMate\backend\venv\lib\site-packages\rest_framework\views.py", line 506, in dispatch
    response = handler(request, *args, **kwargs)
  File "E:\MealMate\backend\core\api\delivery_api\views.py", line 28, in list
    for doc in orders_cursor:
  File "e:\MealMate\backend\venv\lib\site-packages\pymongo\cursor.py", line 1238, in next
    if len(self.__data) or self._refresh():
  File "e:\MealMate\backend\venv\lib\site-packages\pymongo\cursor.py", line 1130, in _refresh
    self.__session = self.__collection.database.client._ensure_session()
  File "e:\MealMate\backend\venv\lib\site-packages\pymongo\mongo_client.py", line 1935, in _ensure_session
    return self.__start_session(True, causal_consistency=False)
  File "e:\MealMate\backend\venv\lib\site-packages\pymongo\mongo_client.py", line 1883, in __start_session
    server_session = self._get_server_session()
  File "e:\MealMate\backend\venv\lib\site-packages\pymongo\mongo_client.py", line 1921, in _get_server_session
    return self._topology.get_server_session()
  File "e:\MealMate\backend\venv\lib\site-packages\pymongo\topology.py", line 520, in get_server_session
    session_timeout = self._check_session_support()
  File "e:\MealMate\backend\venv\lib\site-packages\pymongo\topology.py", line 499, in _check_session_support
    self._select_servers_loop(
  File "e:\MealMate\backend\venv\lib\site-packages\pymongo\topology.py", line 218, in _select_servers_loop
    raise ServerSelectionTimeoutError(
pymongo.errors.ServerSelectionTimeoutError: localhost:27017: [WinError 10061] No connection could be made because the target machine actively refused it, Timeout: 30s, Topology Description: <TopologyDescription id: 6a75c44f5f498b469edb3ac2, topology_type: Single, servers: [<ServerDescription ('localhost', 27017) server_type: Unknown, rtt: None, error=AutoReconnect('localhost:27017: [WinError 10061] No connection could be made because the target machine actively refused it')>]>
--------------------------------------------------------------------------------
Exception on /api/delivery/orders/:
Traceback (most recent call last):
  File "e:\MealMate\backend\venv\lib\site-packages\django\core\handlers\base.py", line 181, in _get_response
    response = wrapped_callback(request, *callback_args, **callback_kwargs)
  File "e:\MealMate\backend\venv\lib\site-packages\django\views\decorators\csrf.py", line 54, in wrapped_view
    return view_func(*args, **kwargs)
  File "e:\MealMate\backend\venv\lib\site-packages\rest_framework\viewsets.py", line 125, in view
    return self.dispatch(request, *args, **kwargs)
  File "e:\MealMate\backend\venv\lib\site-packages\rest_framework\views.py", line 509, in dispatch
    response = self.handle_exception(exc)
  File "e:\MealMate\backend\venv\lib\site-packages\rest_framework\views.py", line 469, in handle_exception
    self.raise_uncaught_exception(exc)
  File "e:\MealMate\backend\venv\lib\site-packages\rest_framework\views.py", line 480, in raise_uncaught_exception
    raise exc
  File "e:\MealMate\backend\venv\lib\site-packages\rest_framework\views.py", line 506, in dispatch
    response = handler(request, *args, **kwargs)
  File "E:\MealMate\backend\core\api\delivery_api\views.py", line 28, in list
    for doc in orders_cursor:
  File "e:\MealMate\backend\venv\lib\site-packages\pymongo\cursor.py", line 1238, in next
    if len(self.__data) or self._refresh():
  File "e:\MealMate\backend\venv\lib\site-packages\pymongo\cursor.py", line 1130, in _refresh
    self.__session = self.__collection.database.client._ensure_session()
  File "e:\MealMate\backend\venv\lib\site-packages\pymongo\mongo_client.py", line 1935, in _ensure_session
    return self.__start_session(True, causal_consistency=False)
  File "e:\MealMate\backend\venv\lib\site-packages\pymongo\mongo_client.py", line 1883, in __start_session
    server_session = self._get_server_session()
  File "e:\MealMate\backend\venv\lib\site-packages\pymongo\mongo_client.py", line 1921, in _get_server_session
    return self._topology.get_server_session()
  File "e:\MealMate\backend\venv\lib\site-packages\pymongo\topology.py", line 520, in get_server_session
    session_timeout = self._check_session_support()
  File "e:\MealMate\backend\venv\lib\site-packages\pymongo\topology.py", line 499, in _check_session_support
    self._select_servers_loop(
  File "e:\MealMate\backend\venv\lib\site-packages\pymongo\topology.py", line 218, in _select_servers_loop
    raise ServerSelectionTimeoutError(
pymongo.errors.ServerSelectionTimeoutError: localhost:27017: [WinError 10061] No connection could be made because the target machine actively refused it, Timeout: 30s, Topology Description: <TopologyDescription id: 6a75c48b5f498b469edb3ac3, topology_type: Single, servers: [<ServerDescription ('localhost', 27017) server_type: Unknown, rtt: None, error=AutoReconnect('localhost:27017: [WinError 10061] No connection could be made because the target machine actively refused it')>]>
--------------------------------------------------------------------------------
Exception on /api/delivery/orders/:
Traceback (most recent call last):
  File "e:\MealMate\backend\venv\lib\site-packages\django\core\handlers\base.py", line 181, in _get_response
    response = wrapped_callback(request, *callback_args, **callback_kwargs)
  File "e:\MealMate\backend\venv\lib\site-packages\django\views\decorators\csrf.py", line 54, in wrapped_view
    return view_func(*args, **kwargs)
  File "e:\MealMate\backend\venv\lib\site-packages\rest_framework\viewsets.py", line 125, in view
    return self.dispatch(request, *args, **kwargs)
  File "e:\MealMate\backend\venv\lib\site-packages\rest_framework\views.py", line 509, in dispatch
    response = self.handle_exception(exc)
  File "e:\MealMate\backend\venv\lib\site-packages\rest_framework\views.py", line 469, in handle_exception
    self.raise_uncaught_exception(exc)
  File "e:\MealMate\backend\venv\lib\site-packages\rest_framework\views.py", line 480, in raise_uncaught_exception
    raise exc
  File "e:\MealMate\backend\venv\lib\site-packages\rest_framework\views.py", line 506, in dispatch
    response = handler(request, *args, **kwargs)
  File "E:\MealMate\backend\core\api\delivery_api\views.py", line 28, in list
    for doc in orders_cursor:
  File "e:\MealMate\backend\venv\lib\site-packages\pymongo\cursor.py", line 1238, in next
    if len(self.__data) or self._refresh():
  File "e:\MealMate\backend\venv\lib\site-packages\pymongo\cursor.py", line 1130, in _refresh
    self.__session = self.__collection.database.client._ensure_session()
  File "e:\MealMate\backend\venv\lib\site-packages\pymongo\mongo_client.py", line 1935, in _ensure_session
    return self.__start_session(True, causal_consistency=False)
  File "e:\MealMate\backend\venv\lib\site-packages\pymongo\mongo_client.py", line 1883, in __start_session
    server_session = self._get_server_session()
  File "e:\MealMate\backend\venv\lib\site-packages\pymongo\mongo_client.py", line 1921, in _get_server_session
    return self._topology.get_server_session()
  File "e:\MealMate\backend\venv\lib\site-packages\pymongo\topology.py", line 520, in get_server_session
    session_timeout = self._check_session_support()
  File "e:\MealMate\backend\venv\lib\site-packages\pymongo\topology.py", line 499, in _check_session_support
    self._select_servers_loop(
  File "e:\MealMate\backend\venv\lib\site-packages\pymongo\topology.py", line 218, in _select_servers_loop
    raise ServerSelectionTimeoutError(
pymongo.errors.ServerSelectionTimeoutError: localhost:27017: [WinError 10061] No connection could be made because the target machine actively refused it, Timeout: 30s, Topology Description: <TopologyDescription id: 6a75c4c75f498b469edb3ac4, topology_type: Single, servers: [<ServerDescription ('localhost', 27017) server_type: Unknown, rtt: None, error=AutoReconnect('localhost:27017: [WinError 10061] No connection could be made because the target machine actively refused it')>]>
--------------------------------------------------------------------------------
Exception on /api/delivery/orders/:
Traceback (most recent call last):
  File "e:\MealMate\backend\venv\lib\site-packages\django\core\handlers\base.py", line 181, in _get_response
    response = wrapped_callback(request, *callback_args, **callback_kwargs)
  File "e:\MealMate\backend\venv\lib\site-packages\django\views\decorators\csrf.py", line 54, in wrapped_view
    return view_func(*args, **kwargs)
  File "e:\MealMate\backend\venv\lib\site-packages\rest_framework\viewsets.py", line 125, in view
    return self.dispatch(request, *args, **kwargs)
  File "e:\MealMate\backend\venv\lib\site-packages\rest_framework\views.py", line 509, in dispatch
    response = self.handle_exception(exc)
  File "e:\MealMate\backend\venv\lib\site-packages\rest_framework\views.py", line 469, in handle_exception
    self.raise_uncaught_exception(exc)
  File "e:\MealMate\backend\venv\lib\site-packages\rest_framework\views.py", line 480, in raise_uncaught_exception
    raise exc
  File "e:\MealMate\backend\venv\lib\site-packages\rest_framework\views.py", line 506, in dispatch
    response = handler(request, *args, **kwargs)
  File "E:\MealMate\backend\core\api\delivery_api\views.py", line 28, in list
    for doc in orders_cursor:
  File "e:\MealMate\backend\venv\lib\site-packages\pymongo\cursor.py", line 1238, in next
    if len(self.__data) or self._refresh():
  File "e:\MealMate\backend\venv\lib\site-packages\pymongo\cursor.py", line 1130, in _refresh
    self.__session = self.__collection.database.client._ensure_session()
  File "e:\MealMate\backend\venv\lib\site-packages\pymongo\mongo_client.py", line 1935, in _ensure_session
    return self.__start_session(True, causal_consistency=False)
  File "e:\MealMate\backend\venv\lib\site-packages\pymongo\mongo_client.py", line 1883, in __start_session
    server_session = self._get_server_session()
  File "e:\MealMate\backend\venv\lib\site-packages\pymongo\mongo_client.py", line 1921, in _get_server_session
    return self._topology.get_server_session()
  File "e:\MealMate\backend\venv\lib\site-packages\pymongo\topology.py", line 520, in get_server_session
    session_timeout = self._check_session_support()
  File "e:\MealMate\backend\venv\lib\site-packages\pymongo\topology.py", line 499, in _check_session_support
    self._select_servers_loop(
  File "e:\MealMate\backend\venv\lib\site-packages\pymongo\topology.py", line 218, in _select_servers_loop
    raise ServerSelectionTimeoutError(
pymongo.errors.ServerSelectionTimeoutError: localhost:27017: [WinError 10061] No connection could be made because the target machine actively refused it, Timeout: 30s, Topology Description: <TopologyDescription id: 6a75c5035f498b469edb3ac5, topology_type: Single, servers: [<ServerDescription ('localhost', 27017) server_type: Unknown, rtt: None, error=AutoReconnect('localhost:27017: [WinError 10061] No connection could be made because the target machine actively refused it')>]>
--------------------------------------------------------------------------------
Exception on /api/delivery/orders/:
Traceback (most recent call last):
  File "e:\MealMate\backend\venv\lib\site-packages\django\core\handlers\base.py", line 181, in _get_response
    response = wrapped_callback(request, *callback_args, **callback_kwargs)
  File "e:\MealMate\backend\venv\lib\site-packages\django\views\decorators\csrf.py", line 54, in wrapped_view
    return view_func(*args, **kwargs)
  File "e:\MealMate\backend\venv\lib\site-packages\rest_framework\viewsets.py", line 125, in view
    return self.dispatch(request, *args, **kwargs)
  File "e:\MealMate\backend\venv\lib\site-packages\rest_framework\views.py", line 509, in dispatch
    response = self.handle_exception(exc)
  File "e:\MealMate\backend\venv\lib\site-packages\rest_framework\views.py", line 469, in handle_exception
    self.raise_uncaught_exception(exc)
  File "e:\MealMate\backend\venv\lib\site-packages\rest_framework\views.py", line 480, in raise_uncaught_exception
    raise exc
  File "e:\MealMate\backend\venv\lib\site-packages\rest_framework\views.py", line 506, in dispatch
    response = handler(request, *args, **kwargs)
  File "E:\MealMate\backend\core\api\delivery_api\views.py", line 28, in list
    for doc in orders_cursor:
  File "e:\MealMate\backend\venv\lib\site-packages\pymongo\cursor.py", line 1238, in next
    if len(self.__data) or self._refresh():
  File "e:\MealMate\backend\venv\lib\site-packages\pymongo\cursor.py", line 1130, in _refresh
    self.__session = self.__collection.database.client._ensure_session()
  File "e:\MealMate\backend\venv\lib\site-packages\pymongo\mongo_client.py", line 1935, in _ensure_session
    return self.__start_session(True, causal_consistency=False)
  File "e:\MealMate\backend\venv\lib\site-packages\pymongo\mongo_client.py", line 1883, in __start_session
    server_session = self._get_server_session()
  File "e:\MealMate\backend\venv\lib\site-packages\pymongo\mongo_client.py", line 1921, in _get_server_session
    return self._topology.get_server_session()
  File "e:\MealMate\backend\venv\lib\site-packages\pymongo\topology.py", line 520, in get_server_session
    session_timeout = self._check_session_support()
  File "e:\MealMate\backend\venv\lib\site-packages\pymongo\topology.py", line 499, in _check_session_support
    self._select_servers_loop(
  File "e:\MealMate\backend\venv\lib\site-packages\pymongo\topology.py", line 218, in _select_servers_loop
    raise ServerSelectionTimeoutError(
pymongo.errors.ServerSelectionTimeoutError: localhost:27017: [WinError 10061] No connection could be made because the target machine actively refused it, Timeout: 30s, Topology Description: <TopologyDescription id: 6a75c53f5f498b469edb3ac6, topology_type: Single, servers: [<ServerDescription ('localhost', 27017) server_type: Unknown, rtt: None, error=AutoReconnect('localhost:27017: [WinError 10061] No connection could be made because the target machine actively refused it')>]>
--------------------------------------------------------------------------------
Exception on /api/delivery/orders/:
Traceback (most recent call last):
  File "e:\MealMate\backend\venv\lib\site-packages\django\core\handlers\base.py", line 181, in _get_response
    response = wrapped_callback(request, *callback_args, **callback_kwargs)
  File "e:\MealMate\backend\venv\lib\site-packages\django\views\decorators\csrf.py", line 54, in wrapped_view
    return view_func(*args, **kwargs)
  File "e:\MealMate\backend\venv\lib\site-packages\rest_framework\viewsets.py", line 125, in view
    return self.dispatch(request, *args, **kwargs)
  File "e:\MealMate\backend\venv\lib\site-packages\rest_framework\views.py", line 509, in dispatch
    response = self.handle_exception(exc)
  File "e:\MealMate\backend\venv\lib\site-packages\rest_framework\views.py", line 469, in handle_exception
    self.raise_uncaught_exception(exc)
  File "e:\MealMate\backend\venv\lib\site-packages\rest_framework\views.py", line 480, in raise_uncaught_exception
    raise exc
  File "e:\MealMate\backend\venv\lib\site-packages\rest_framework\views.py", line 506, in dispatch
    response = handler(request, *args, **kwargs)
  File "E:\MealMate\backend\core\api\delivery_api\views.py", line 28, in list
    for doc in orders_cursor:
  File "e:\MealMate\backend\venv\lib\site-packages\pymongo\cursor.py", line 1238, in next
    if len(self.__data) or self._refresh():
  File "e:\MealMate\backend\venv\lib\site-packages\pymongo\cursor.py", line 1130, in _refresh
    self.__session = self.__collection.database.client._ensure_session()
  File "e:\MealMate\backend\venv\lib\site-packages\pymongo\mongo_client.py", line 1935, in _ensure_session
    return self.__start_session(True, causal_consistency=False)
  File "e:\MealMate\backend\venv\lib\site-packages\pymongo\mongo_client.py", line 1883, in __start_session
    server_session = self._get_server_session()
  File "e:\MealMate\backend\venv\lib\site-packages\pymongo\mongo_client.py", line 1921, in _get_server_session
    return self._topology.get_server_session()
  File "e:\MealMate\backend\venv\lib\site-packages\pymongo\topology.py", line 520, in get_server_session
    session_timeout = self._check_session_support()
  File "e:\MealMate\backend\venv\lib\site-packages\pymongo\topology.py", line 499, in _check_session_support
    self._select_servers_loop(
  File "e:\MealMate\backend\venv\lib\site-packages\pymongo\topology.py", line 218, in _select_servers_loop
    raise ServerSelectionTimeoutError(
pymongo.errors.ServerSelectionTimeoutError: localhost:27017: [WinError 10061] No connection could be made because the target machine actively refused it, Timeout: 30s, Topology Description: <TopologyDescription id: 6a75c57b5f498b469edb3ac7, topology_type: Single, servers: [<ServerDescription ('localhost', 27017) server_type: Unknown, rtt: None, error=AutoReconnect('localhost:27017: [WinError 10061] No connection could be made because the target machine actively refused it')>]>
--------------------------------------------------------------------------------
Exception on /api/delivery/orders/:
Traceback (most recent call last):
  File "e:\MealMate\backend\venv\lib\site-packages\django\core\handlers\base.py", line 181, in _get_response
    response = wrapped_callback(request, *callback_args, **callback_kwargs)
  File "e:\MealMate\backend\venv\lib\site-packages\django\views\decorators\csrf.py", line 54, in wrapped_view
    return view_func(*args, **kwargs)
  File "e:\MealMate\backend\venv\lib\site-packages\rest_framework\viewsets.py", line 125, in view
    return self.dispatch(request, *args, **kwargs)
  File "e:\MealMate\backend\venv\lib\site-packages\rest_framework\views.py", line 509, in dispatch
    response = self.handle_exception(exc)
  File "e:\MealMate\backend\venv\lib\site-packages\rest_framework\views.py", line 469, in handle_exception
    self.raise_uncaught_exception(exc)
  File "e:\MealMate\backend\venv\lib\site-packages\rest_framework\views.py", line 480, in raise_uncaught_exception
    raise exc
  File "e:\MealMate\backend\venv\lib\site-packages\rest_framework\views.py", line 506, in dispatch
    response = handler(request, *args, **kwargs)
  File "E:\MealMate\backend\core\api\delivery_api\views.py", line 28, in list
    for doc in orders_cursor:
  File "e:\MealMate\backend\venv\lib\site-packages\pymongo\cursor.py", line 1238, in next
    if len(self.__data) or self._refresh():
  File "e:\MealMate\backend\venv\lib\site-packages\pymongo\cursor.py", line 1130, in _refresh
    self.__session = self.__collection.database.client._ensure_session()
  File "e:\MealMate\backend\venv\lib\site-packages\pymongo\mongo_client.py", line 1935, in _ensure_session
    return self.__start_session(True, causal_consistency=False)
  File "e:\MealMate\backend\venv\lib\site-packages\pymongo\mongo_client.py", line 1883, in __start_session
    server_session = self._get_server_session()
  File "e:\MealMate\backend\venv\lib\site-packages\pymongo\mongo_client.py", line 1921, in _get_server_session
    return self._topology.get_server_session()
  File "e:\MealMate\backend\venv\lib\site-packages\pymongo\topology.py", line 520, in get_server_session
    session_timeout = self._check_session_support()
  File "e:\MealMate\backend\venv\lib\site-packages\pymongo\topology.py", line 499, in _check_session_support
    self._select_servers_loop(
  File "e:\MealMate\backend\venv\lib\site-packages\pymongo\topology.py", line 218, in _select_servers_loop
    raise ServerSelectionTimeoutError(
pymongo.errors.ServerSelectionTimeoutError: localhost:27017: [WinError 10061] No connection could be made because the target machine actively refused it, Timeout: 30s, Topology Description: <TopologyDescription id: 6a75c5b75f498b469edb3ac8, topology_type: Single, servers: [<ServerDescription ('localhost', 27017) server_type: Unknown, rtt: None, error=AutoReconnect('localhost:27017: [WinError 10061] No connection could be made because the target machine actively refused it')>]>
--------------------------------------------------------------------------------
Exception on /api/delivery/orders/:
Traceback (most recent call last):
  File "e:\MealMate\backend\venv\lib\site-packages\django\core\handlers\base.py", line 181, in _get_response
    response = wrapped_callback(request, *callback_args, **callback_kwargs)
  File "e:\MealMate\backend\venv\lib\site-packages\django\views\decorators\csrf.py", line 54, in wrapped_view
    return view_func(*args, **kwargs)
  File "e:\MealMate\backend\venv\lib\site-packages\rest_framework\viewsets.py", line 125, in view
    return self.dispatch(request, *args, **kwargs)
  File "e:\MealMate\backend\venv\lib\site-packages\rest_framework\views.py", line 509, in dispatch
    response = self.handle_exception(exc)
  File "e:\MealMate\backend\venv\lib\site-packages\rest_framework\views.py", line 469, in handle_exception
    self.raise_uncaught_exception(exc)
  File "e:\MealMate\backend\venv\lib\site-packages\rest_framework\views.py", line 480, in raise_uncaught_exception
    raise exc
  File "e:\MealMate\backend\venv\lib\site-packages\rest_framework\views.py", line 506, in dispatch
    response = handler(request, *args, **kwargs)
  File "E:\MealMate\backend\core\api\delivery_api\views.py", line 28, in list
    for doc in orders_cursor:
  File "e:\MealMate\backend\venv\lib\site-packages\pymongo\cursor.py", line 1238, in next
    if len(self.__data) or self._refresh():
  File "e:\MealMate\backend\venv\lib\site-packages\pymongo\cursor.py", line 1130, in _refresh
    self.__session = self.__collection.database.client._ensure_session()
  File "e:\MealMate\backend\venv\lib\site-packages\pymongo\mongo_client.py", line 1935, in _ensure_session
    return self.__start_session(True, causal_consistency=False)
  File "e:\MealMate\backend\venv\lib\site-packages\pymongo\mongo_client.py", line 1883, in __start_session
    server_session = self._get_server_session()
  File "e:\MealMate\backend\venv\lib\site-packages\pymongo\mongo_client.py", line 1921, in _get_server_session
    return self._topology.get_server_session()
  File "e:\MealMate\backend\venv\lib\site-packages\pymongo\topology.py", line 520, in get_server_session
    session_timeout = self._check_session_support()
  File "e:\MealMate\backend\venv\lib\site-packages\pymongo\topology.py", line 499, in _check_session_support
    self._select_servers_loop(
  File "e:\MealMate\backend\venv\lib\site-packages\pymongo\topology.py", line 218, in _select_servers_loop
    raise ServerSelectionTimeoutError(
pymongo.errors.ServerSelectionTimeoutError: localhost:27017: [WinError 10061] No connection could be made because the target machine actively refused it, Timeout: 30s, Topology Description: <TopologyDescription id: 6a75c5f35f498b469edb3ac9, topology_type: Single, servers: [<ServerDescription ('localhost', 27017) server_type: Unknown, rtt: None, error=AutoReconnect('localhost:27017: [WinError 10061] No connection could be made because the target machine actively refused it')>]>
--------------------------------------------------------------------------------
Exception on /api/delivery/orders/:
Traceback (most recent call last):
  File "e:\MealMate\backend\venv\lib\site-packages\django\core\handlers\base.py", line 181, in _get_response
    response = wrapped_callback(request, *callback_args, **callback_kwargs)
  File "e:\MealMate\backend\venv\lib\site-packages\django\views\decorators\csrf.py", line 54, in wrapped_view
    return view_func(*args, **kwargs)
  File "e:\MealMate\backend\venv\lib\site-packages\rest_framework\viewsets.py", line 125, in view
    return self.dispatch(request, *args, **kwargs)
  File "e:\MealMate\backend\venv\lib\site-packages\rest_framework\views.py", line 509, in dispatch
    response = self.handle_exception(exc)
  File "e:\MealMate\backend\venv\lib\site-packages\rest_framework\views.py", line 469, in handle_exception
    self.raise_uncaught_exception(exc)
  File "e:\MealMate\backend\venv\lib\site-packages\rest_framework\views.py", line 480, in raise_uncaught_exception
    raise exc
  File "e:\MealMate\backend\venv\lib\site-packages\rest_framework\views.py", line 506, in dispatch
    response = handler(request, *args, **kwargs)
  File "E:\MealMate\backend\core\api\delivery_api\views.py", line 28, in list
    for doc in orders_cursor:
  File "e:\MealMate\backend\venv\lib\site-packages\pymongo\cursor.py", line 1238, in next
    if len(self.__data) or self._refresh():
  File "e:\MealMate\backend\venv\lib\site-packages\pymongo\cursor.py", line 1130, in _refresh
    self.__session = self.__collection.database.client._ensure_session()
  File "e:\MealMate\backend\venv\lib\site-packages\pymongo\mongo_client.py", line 1935, in _ensure_session
    return self.__start_session(True, causal_consistency=False)
  File "e:\MealMate\backend\venv\lib\site-packages\pymongo\mongo_client.py", line 1883, in __start_session
    server_session = self._get_server_session()
  File "e:\MealMate\backend\venv\lib\site-packages\pymongo\mongo_client.py", line 1921, in _get_server_session
    return self._topology.get_server_session()
  File "e:\MealMate\backend\venv\lib\site-packages\pymongo\topology.py", line 520, in get_server_session
    session_timeout = self._check_session_support()
  File "e:\MealMate\backend\venv\lib\site-packages\pymongo\topology.py", line 499, in _check_session_support
    self._select_servers_loop(
  File "e:\MealMate\backend\venv\lib\site-packages\pymongo\topology.py", line 218, in _select_servers_loop
    raise ServerSelectionTimeoutError(
pymongo.errors.ServerSelectionTimeoutError: localhost:27017: [WinError 10061] No connection could be made because the target machine actively refused it, Timeout: 30s, Topology Description: <TopologyDescription id: 6a75c62f5f498b469edb3aca, topology_type: Single, servers: [<ServerDescription ('localhost', 27017) server_type: Unknown, rtt: None, error=AutoReconnect('localhost:27017: [WinError 10061] No connection could be made because the target machine actively refused it')>]>
--------------------------------------------------------------------------------
Exception on /api/delivery/orders/:
Traceback (most recent call last):
  File "e:\MealMate\backend\venv\lib\site-packages\django\core\handlers\base.py", line 181, in _get_response
    response = wrapped_callback(request, *callback_args, **callback_kwargs)
  File "e:\MealMate\backend\venv\lib\site-packages\django\views\decorators\csrf.py", line 54, in wrapped_view
    return view_func(*args, **kwargs)
  File "e:\MealMate\backend\venv\lib\site-packages\rest_framework\viewsets.py", line 125, in view
    return self.dispatch(request, *args, **kwargs)
  File "e:\MealMate\backend\venv\lib\site-packages\rest_framework\views.py", line 509, in dispatch
    response = self.handle_exception(exc)
  File "e:\MealMate\backend\venv\lib\site-packages\rest_framework\views.py", line 469, in handle_exception
    self.raise_uncaught_exception(exc)
  File "e:\MealMate\backend\venv\lib\site-packages\rest_framework\views.py", line 480, in raise_uncaught_exception
    raise exc
  File "e:\MealMate\backend\venv\lib\site-packages\rest_framework\views.py", line 506, in dispatch
    response = handler(request, *args, **kwargs)
  File "E:\MealMate\backend\core\api\delivery_api\views.py", line 28, in list
    for doc in orders_cursor:
  File "e:\MealMate\backend\venv\lib\site-packages\pymongo\cursor.py", line 1238, in next
    if len(self.__data) or self._refresh():
  File "e:\MealMate\backend\venv\lib\site-packages\pymongo\cursor.py", line 1130, in _refresh
    self.__session = self.__collection.database.client._ensure_session()
  File "e:\MealMate\backend\venv\lib\site-packages\pymongo\mongo_client.py", line 1935, in _ensure_session
    return self.__start_session(True, causal_consistency=False)
  File "e:\MealMate\backend\venv\lib\site-packages\pymongo\mongo_client.py", line 1883, in __start_session
    server_session = self._get_server_session()
  File "e:\MealMate\backend\venv\lib\site-packages\pymongo\mongo_client.py", line 1921, in _get_server_session
    return self._topology.get_server_session()
  File "e:\MealMate\backend\venv\lib\site-packages\pymongo\topology.py", line 520, in get_server_session
    session_timeout = self._check_session_support()
  File "e:\MealMate\backend\venv\lib\site-packages\pymongo\topology.py", line 499, in _check_session_support
    self._select_servers_loop(
  File "e:\MealMate\backend\venv\lib\site-packages\pymongo\topology.py", line 218, in _select_servers_loop
    raise ServerSelectionTimeoutError(
pymongo.errors.ServerSelectionTimeoutError: localhost:27017: [WinError 10061] No connection could be made because the target machine actively refused it, Timeout: 30s, Topology Description: <TopologyDescription id: 6a75c66b5f498b469edb3acb, topology_type: Single, servers: [<ServerDescription ('localhost', 27017) server_type: Unknown, rtt: None, error=AutoReconnect('localhost:27017: [WinError 10061] No connection could be made because the target machine actively refused it')>]>
--------------------------------------------------------------------------------
Exception on /api/delivery/orders/:
Traceback (most recent call last):
  File "e:\MealMate\backend\venv\lib\site-packages\django\core\handlers\base.py", line 181, in _get_response
    response = wrapped_callback(request, *callback_args, **callback_kwargs)
  File "e:\MealMate\backend\venv\lib\site-packages\django\views\decorators\csrf.py", line 54, in wrapped_view
    return view_func(*args, **kwargs)
  File "e:\MealMate\backend\venv\lib\site-packages\rest_framework\viewsets.py", line 125, in view
    return self.dispatch(request, *args, **kwargs)
  File "e:\MealMate\backend\venv\lib\site-packages\rest_framework\views.py", line 509, in dispatch
    response = self.handle_exception(exc)
  File "e:\MealMate\backend\venv\lib\site-packages\rest_framework\views.py", line 469, in handle_exception
    self.raise_uncaught_exception(exc)
  File "e:\MealMate\backend\venv\lib\site-packages\rest_framework\views.py", line 480, in raise_uncaught_exception
    raise exc
  File "e:\MealMate\backend\venv\lib\site-packages\rest_framework\views.py", line 506, in dispatch
    response = handler(request, *args, **kwargs)
  File "E:\MealMate\backend\core\api\delivery_api\views.py", line 28, in list
    for doc in orders_cursor:
  File "e:\MealMate\backend\venv\lib\site-packages\pymongo\cursor.py", line 1238, in next
    if len(self.__data) or self._refresh():
  File "e:\MealMate\backend\venv\lib\site-packages\pymongo\cursor.py", line 1130, in _refresh
    self.__session = self.__collection.database.client._ensure_session()
  File "e:\MealMate\backend\venv\lib\site-packages\pymongo\mongo_client.py", line 1935, in _ensure_session
    return self.__start_session(True, causal_consistency=False)
  File "e:\MealMate\backend\venv\lib\site-packages\pymongo\mongo_client.py", line 1883, in __start_session
    server_session = self._get_server_session()
  File "e:\MealMate\backend\venv\lib\site-packages\pymongo\mongo_client.py", line 1921, in _get_server_session
    return self._topology.get_server_session()
  File "e:\MealMate\backend\venv\lib\site-packages\pymongo\topology.py", line 520, in get_server_session
    session_timeout = self._check_session_support()
  File "e:\MealMate\backend\venv\lib\site-packages\pymongo\topology.py", line 499, in _check_session_support
    self._select_servers_loop(
  File "e:\MealMate\backend\venv\lib\site-packages\pymongo\topology.py", line 218, in _select_servers_loop
    raise ServerSelectionTimeoutError(
pymongo.errors.ServerSelectionTimeoutError: localhost:27017: [WinError 10061] No connection could be made because the target machine actively refused it, Timeout: 30s, Topology Description: <TopologyDescription id: 6a75c6a75f498b469edb3acc, topology_type: Single, servers: [<ServerDescription ('localhost', 27017) server_type: Unknown, rtt: None, error=AutoReconnect('localhost:27017: [WinError 10061] No connection could be made because the target machine actively refused it')>]>
--------------------------------------------------------------------------------
Exception on /api/delivery/orders/:
Traceback (most recent call last):
  File "e:\MealMate\backend\venv\lib\site-packages\django\core\handlers\base.py", line 181, in _get_response
    response = wrapped_callback(request, *callback_args, **callback_kwargs)
  File "e:\MealMate\backend\venv\lib\site-packages\django\views\decorators\csrf.py", line 54, in wrapped_view
    return view_func(*args, **kwargs)
  File "e:\MealMate\backend\venv\lib\site-packages\rest_framework\viewsets.py", line 125, in view
    return self.dispatch(request, *args, **kwargs)
  File "e:\MealMate\backend\venv\lib\site-packages\rest_framework\views.py", line 509, in dispatch
    response = self.handle_exception(exc)
  File "e:\MealMate\backend\venv\lib\site-packages\rest_framework\views.py", line 469, in handle_exception
    self.raise_uncaught_exception(exc)
  File "e:\MealMate\backend\venv\lib\site-packages\rest_framework\views.py", line 480, in raise_uncaught_exception
    raise exc
  File "e:\MealMate\backend\venv\lib\site-packages\rest_framework\views.py", line 506, in dispatch
    response = handler(request, *args, **kwargs)
  File "E:\MealMate\backend\core\api\delivery_api\views.py", line 28, in list
    for doc in orders_cursor:
  File "e:\MealMate\backend\venv\lib\site-packages\pymongo\cursor.py", line 1238, in next
    if len(self.__data) or self._refresh():
  File "e:\MealMate\backend\venv\lib\site-packages\pymongo\cursor.py", line 1130, in _refresh
    self.__session = self.__collection.database.client._ensure_session()
  File "e:\MealMate\backend\venv\lib\site-packages\pymongo\mongo_client.py", line 1935, in _ensure_session
    return self.__start_session(True, causal_consistency=False)
  File "e:\MealMate\backend\venv\lib\site-packages\pymongo\mongo_client.py", line 1883, in __start_session
    server_session = self._get_server_session()
  File "e:\MealMate\backend\venv\lib\site-packages\pymongo\mongo_client.py", line 1921, in _get_server_session
    return self._topology.get_server_session()
  File "e:\MealMate\backend\venv\lib\site-packages\pymongo\topology.py", line 520, in get_server_session
    session_timeout = self._check_session_support()
  File "e:\MealMate\backend\venv\lib\site-packages\pymongo\topology.py", line 499, in _check_session_support
    self._select_servers_loop(
  File "e:\MealMate\backend\venv\lib\site-packages\pymongo\topology.py", line 218, in _select_servers_loop
    raise ServerSelectionTimeoutError(
pymongo.errors.ServerSelectionTimeoutError: localhost:27017: [WinError 10061] No connection could be made because the target machine actively refused it, Timeout: 30s, Topology Description: <TopologyDescription id: 6a75c6e35f498b469edb3acd, topology_type: Single, servers: [<ServerDescription ('localhost', 27017) server_type: Unknown, rtt: None, error=AutoReconnect('localhost:27017: [WinError 10061] No connection could be made because the target machine actively refused it')>]>
--------------------------------------------------------------------------------
Exception on /api/delivery/orders/:
Traceback (most recent call last):
  File "e:\MealMate\backend\venv\lib\site-packages\django\core\handlers\base.py", line 181, in _get_response
    response = wrapped_callback(request, *callback_args, **callback_kwargs)
  File "e:\MealMate\backend\venv\lib\site-packages\django\views\decorators\csrf.py", line 54, in wrapped_view
    return view_func(*args, **kwargs)
  File "e:\MealMate\backend\venv\lib\site-packages\rest_framework\viewsets.py", line 125, in view
    return self.dispatch(request, *args, **kwargs)
  File "e:\MealMate\backend\venv\lib\site-packages\rest_framework\views.py", line 509, in dispatch
    response = self.handle_exception(exc)
  File "e:\MealMate\backend\venv\lib\site-packages\rest_framework\views.py", line 469, in handle_exception
    self.raise_uncaught_exception(exc)
  File "e:\MealMate\backend\venv\lib\site-packages\rest_framework\views.py", line 480, in raise_uncaught_exception
    raise exc
  File "e:\MealMate\backend\venv\lib\site-packages\rest_framework\views.py", line 506, in dispatch
    response = handler(request, *args, **kwargs)
  File "E:\MealMate\backend\core\api\delivery_api\views.py", line 28, in list
    for doc in orders_cursor:
  File "e:\MealMate\backend\venv\lib\site-packages\pymongo\cursor.py", line 1238, in next
    if len(self.__data) or self._refresh():
  File "e:\MealMate\backend\venv\lib\site-packages\pymongo\cursor.py", line 1130, in _refresh
    self.__session = self.__collection.database.client._ensure_session()
  File "e:\MealMate\backend\venv\lib\site-packages\pymongo\mongo_client.py", line 1935, in _ensure_session
    return self.__start_session(True, causal_consistency=False)
  File "e:\MealMate\backend\venv\lib\site-packages\pymongo\mongo_client.py", line 1883, in __start_session
    server_session = self._get_server_session()
  File "e:\MealMate\backend\venv\lib\site-packages\pymongo\mongo_client.py", line 1921, in _get_server_session
    return self._topology.get_server_session()
  File "e:\MealMate\backend\venv\lib\site-packages\pymongo\topology.py", line 520, in get_server_session
    session_timeout = self._check_session_support()
  File "e:\MealMate\backend\venv\lib\site-packages\pymongo\topology.py", line 499, in _check_session_support
    self._select_servers_loop(
  File "e:\MealMate\backend\venv\lib\site-packages\pymongo\topology.py", line 218, in _select_servers_loop
    raise ServerSelectionTimeoutError(
pymongo.errors.ServerSelectionTimeoutError: localhost:27017: [WinError 10061] No connection could be made because the target machine actively refused it, Timeout: 30s, Topology Description: <TopologyDescription id: 6a75c71f5f498b469edb3ace, topology_type: Single, servers: [<ServerDescription ('localhost', 27017) server_type: Unknown, rtt: None, error=AutoReconnect('localhost:27017: [WinError 10061] No connection could be made because the target machine actively refused it')>]>
--------------------------------------------------------------------------------
Exception on /api/delivery/orders/:
Traceback (most recent call last):
  File "e:\MealMate\backend\venv\lib\site-packages\django\core\handlers\base.py", line 181, in _get_response
    response = wrapped_callback(request, *callback_args, **callback_kwargs)
  File "e:\MealMate\backend\venv\lib\site-packages\django\views\decorators\csrf.py", line 54, in wrapped_view
    return view_func(*args, **kwargs)
  File "e:\MealMate\backend\venv\lib\site-packages\rest_framework\viewsets.py", line 125, in view
    return self.dispatch(request, *args, **kwargs)
  File "e:\MealMate\backend\venv\lib\site-packages\rest_framework\views.py", line 509, in dispatch
    response = self.handle_exception(exc)
  File "e:\MealMate\backend\venv\lib\site-packages\rest_framework\views.py", line 469, in handle_exception
    self.raise_uncaught_exception(exc)
  File "e:\MealMate\backend\venv\lib\site-packages\rest_framework\views.py", line 480, in raise_uncaught_exception
    raise exc
  File "e:\MealMate\backend\venv\lib\site-packages\rest_framework\views.py", line 506, in dispatch
    response = handler(request, *args, **kwargs)
  File "E:\MealMate\backend\core\api\delivery_api\views.py", line 28, in list
    for doc in orders_cursor:
  File "e:\MealMate\backend\venv\lib\site-packages\pymongo\cursor.py", line 1238, in next
    if len(self.__data) or self._refresh():
  File "e:\MealMate\backend\venv\lib\site-packages\pymongo\cursor.py", line 1130, in _refresh
    self.__session = self.__collection.database.client._ensure_session()
  File "e:\MealMate\backend\venv\lib\site-packages\pymongo\mongo_client.py", line 1935, in _ensure_session
    return self.__start_session(True, causal_consistency=False)
  File "e:\MealMate\backend\venv\lib\site-packages\pymongo\mongo_client.py", line 1883, in __start_session
    server_session = self._get_server_session()
  File "e:\MealMate\backend\venv\lib\site-packages\pymongo\mongo_client.py", line 1921, in _get_server_session
    return self._topology.get_server_session()
  File "e:\MealMate\backend\venv\lib\site-packages\pymongo\topology.py", line 520, in get_server_session
    session_timeout = self._check_session_support()
  File "e:\MealMate\backend\venv\lib\site-packages\pymongo\topology.py", line 499, in _check_session_support
    self._select_servers_loop(
  File "e:\MealMate\backend\venv\lib\site-packages\pymongo\topology.py", line 218, in _select_servers_loop
    raise ServerSelectionTimeoutError(
pymongo.errors.ServerSelectionTimeoutError: localhost:27017: [WinError 10061] No connection could be made because the target machine actively refused it, Timeout: 30s, Topology Description: <TopologyDescription id: 6a75c75b5f498b469edb3acf, topology_type: Single, servers: [<ServerDescription ('localhost', 27017) server_type: Unknown, rtt: None, error=AutoReconnect('localhost:27017: [WinError 10061] No connection could be made because the target machine actively refused it')>]>
--------------------------------------------------------------------------------
Exception on /api/delivery/orders/:
Traceback (most recent call last):
  File "e:\MealMate\backend\venv\lib\site-packages\django\core\handlers\base.py", line 181, in _get_response
    response = wrapped_callback(request, *callback_args, **callback_kwargs)
  File "e:\MealMate\backend\venv\lib\site-packages\django\views\decorators\csrf.py", line 54, in wrapped_view
    return view_func(*args, **kwargs)
  File "e:\MealMate\backend\venv\lib\site-packages\rest_framework\viewsets.py", line 125, in view
    return self.dispatch(request, *args, **kwargs)
  File "e:\MealMate\backend\venv\lib\site-packages\rest_framework\views.py", line 509, in dispatch
    response = self.handle_exception(exc)
  File "e:\MealMate\backend\venv\lib\site-packages\rest_framework\views.py", line 469, in handle_exception
    self.raise_uncaught_exception(exc)
  File "e:\MealMate\backend\venv\lib\site-packages\rest_framework\views.py", line 480, in raise_uncaught_exception
    raise exc
  File "e:\MealMate\backend\venv\lib\site-packages\rest_framework\views.py", line 506, in dispatch
    response = handler(request, *args, **kwargs)
  File "E:\MealMate\backend\core\api\delivery_api\views.py", line 28, in list
    for doc in orders_cursor:
  File "e:\MealMate\backend\venv\lib\site-packages\pymongo\cursor.py", line 1238, in next
    if len(self.__data) or self._refresh():
  File "e:\MealMate\backend\venv\lib\site-packages\pymongo\cursor.py", line 1130, in _refresh
    self.__session = self.__collection.database.client._ensure_session()
  File "e:\MealMate\backend\venv\lib\site-packages\pymongo\mongo_client.py", line 1935, in _ensure_session
    return self.__start_session(True, causal_consistency=False)
  File "e:\MealMate\backend\venv\lib\site-packages\pymongo\mongo_client.py", line 1883, in __start_session
    server_session = self._get_server_session()
  File "e:\MealMate\backend\venv\lib\site-packages\pymongo\mongo_client.py", line 1921, in _get_server_session
    return self._topology.get_server_session()
  File "e:\MealMate\backend\venv\lib\site-packages\pymongo\topology.py", line 520, in get_server_session
    session_timeout = self._check_session_support()
  File "e:\MealMate\backend\venv\lib\site-packages\pymongo\topology.py", line 499, in _check_session_support
    self._select_servers_loop(
  File "e:\MealMate\backend\venv\lib\site-packages\pymongo\topology.py", line 218, in _select_servers_loop
    raise ServerSelectionTimeoutError(
pymongo.errors.ServerSelectionTimeoutError: localhost:27017: [WinError 10061] No connection could be made because the target machine actively refused it, Timeout: 30s, Topology Description: <TopologyDescription id: 6a75c7975f498b469edb3ad0, topology_type: Single, servers: [<ServerDescription ('localhost', 27017) server_type: Unknown, rtt: None, error=AutoReconnect('localhost:27017: [WinError 10061] No connection could be made because the target machine actively refused it')>]>
--------------------------------------------------------------------------------
Exception on /api/delivery/orders/:
Traceback (most recent call last):
  File "e:\MealMate\backend\venv\lib\site-packages\django\core\handlers\base.py", line 181, in _get_response
    response = wrapped_callback(request, *callback_args, **callback_kwargs)
  File "e:\MealMate\backend\venv\lib\site-packages\django\views\decorators\csrf.py", line 54, in wrapped_view
    return view_func(*args, **kwargs)
  File "e:\MealMate\backend\venv\lib\site-packages\rest_framework\viewsets.py", line 125, in view
    return self.dispatch(request, *args, **kwargs)
  File "e:\MealMate\backend\venv\lib\site-packages\rest_framework\views.py", line 509, in dispatch
    response = self.handle_exception(exc)
  File "e:\MealMate\backend\venv\lib\site-packages\rest_framework\views.py", line 469, in handle_exception
    self.raise_uncaught_exception(exc)
  File "e:\MealMate\backend\venv\lib\site-packages\rest_framework\views.py", line 480, in raise_uncaught_exception
    raise exc
  File "e:\MealMate\backend\venv\lib\site-packages\rest_framework\views.py", line 506, in dispatch
    response = handler(request, *args, **kwargs)
  File "E:\MealMate\backend\core\api\delivery_api\views.py", line 28, in list
    for doc in orders_cursor:
  File "e:\MealMate\backend\venv\lib\site-packages\pymongo\cursor.py", line 1238, in next
    if len(self.__data) or self._refresh():
  File "e:\MealMate\backend\venv\lib\site-packages\pymongo\cursor.py", line 1130, in _refresh
    self.__session = self.__collection.database.client._ensure_session()
  File "e:\MealMate\backend\venv\lib\site-packages\pymongo\mongo_client.py", line 1935, in _ensure_session
    return self.__start_session(True, causal_consistency=False)
  File "e:\MealMate\backend\venv\lib\site-packages\pymongo\mongo_client.py", line 1883, in __start_session
    server_session = self._get_server_session()
  File "e:\MealMate\backend\venv\lib\site-packages\pymongo\mongo_client.py", line 1921, in _get_server_session
    return self._topology.get_server_session()
  File "e:\MealMate\backend\venv\lib\site-packages\pymongo\topology.py", line 520, in get_server_session
    session_timeout = self._check_session_support()
  File "e:\MealMate\backend\venv\lib\site-packages\pymongo\topology.py", line 499, in _check_session_support
    self._select_servers_loop(
  File "e:\MealMate\backend\venv\lib\site-packages\pymongo\topology.py", line 218, in _select_servers_loop
    raise ServerSelectionTimeoutError(
pymongo.errors.ServerSelectionTimeoutError: localhost:27017: [WinError 10061] No connection could be made because the target machine actively refused it, Timeout: 30s, Topology Description: <TopologyDescription id: 6a75c7d35f498b469edb3ad1, topology_type: Single, servers: [<ServerDescription ('localhost', 27017) server_type: Unknown, rtt: None, error=AutoReconnect('localhost:27017: [WinError 10061] No connection could be made because the target machine actively refused it')>]>
--------------------------------------------------------------------------------
Exception on /api/delivery/orders/:
Traceback (most recent call last):
  File "e:\MealMate\backend\venv\lib\site-packages\django\core\handlers\base.py", line 181, in _get_response
    response = wrapped_callback(request, *callback_args, **callback_kwargs)
  File "e:\MealMate\backend\venv\lib\site-packages\django\views\decorators\csrf.py", line 54, in wrapped_view
    return view_func(*args, **kwargs)
  File "e:\MealMate\backend\venv\lib\site-packages\rest_framework\viewsets.py", line 125, in view
    return self.dispatch(request, *args, **kwargs)
  File "e:\MealMate\backend\venv\lib\site-packages\rest_framework\views.py", line 509, in dispatch
    response = self.handle_exception(exc)
  File "e:\MealMate\backend\venv\lib\site-packages\rest_framework\views.py", line 469, in handle_exception
    self.raise_uncaught_exception(exc)
  File "e:\MealMate\backend\venv\lib\site-packages\rest_framework\views.py", line 480, in raise_uncaught_exception
    raise exc
  File "e:\MealMate\backend\venv\lib\site-packages\rest_framework\views.py", line 506, in dispatch
    response = handler(request, *args, **kwargs)
  File "E:\MealMate\backend\core\api\delivery_api\views.py", line 28, in list
    for doc in orders_cursor:
  File "e:\MealMate\backend\venv\lib\site-packages\pymongo\cursor.py", line 1238, in next
    if len(self.__data) or self._refresh():
  File "e:\MealMate\backend\venv\lib\site-packages\pymongo\cursor.py", line 1130, in _refresh
    self.__session = self.__collection.database.client._ensure_session()
  File "e:\MealMate\backend\venv\lib\site-packages\pymongo\mongo_client.py", line 1935, in _ensure_session
    return self.__start_session(True, causal_consistency=False)
  File "e:\MealMate\backend\venv\lib\site-packages\pymongo\mongo_client.py", line 1883, in __start_session
    server_session = self._get_server_session()
  File "e:\MealMate\backend\venv\lib\site-packages\pymongo\mongo_client.py", line 1921, in _get_server_session
    return self._topology.get_server_session()
  File "e:\MealMate\backend\venv\lib\site-packages\pymongo\topology.py", line 520, in get_server_session
    session_timeout = self._check_session_support()
  File "e:\MealMate\backend\venv\lib\site-packages\pymongo\topology.py", line 499, in _check_session_support
    self._select_servers_loop(
  File "e:\MealMate\backend\venv\lib\site-packages\pymongo\topology.py", line 218, in _select_servers_loop
    raise ServerSelectionTimeoutError(
pymongo.errors.ServerSelectionTimeoutError: localhost:27017: [WinError 10061] No connection could be made because the target machine actively refused it, Timeout: 30s, Topology Description: <TopologyDescription id: 6a75c80f5f498b469edb3ad2, topology_type: Single, servers: [<ServerDescription ('localhost', 27017) server_type: Unknown, rtt: None, error=AutoReconnect('localhost:27017: [WinError 10061] No connection could be made because the target machine actively refused it')>]>
--------------------------------------------------------------------------------
Exception on /api/delivery/orders/:
Traceback (most recent call last):
  File "e:\MealMate\backend\venv\lib\site-packages\django\core\handlers\base.py", line 181, in _get_response
    response = wrapped_callback(request, *callback_args, **callback_kwargs)
  File "e:\MealMate\backend\venv\lib\site-packages\django\views\decorators\csrf.py", line 54, in wrapped_view
    return view_func(*args, **kwargs)
  File "e:\MealMate\backend\venv\lib\site-packages\rest_framework\viewsets.py", line 125, in view
    return self.dispatch(request, *args, **kwargs)
  File "e:\MealMate\backend\venv\lib\site-packages\rest_framework\views.py", line 509, in dispatch
    response = self.handle_exception(exc)
  File "e:\MealMate\backend\venv\lib\site-packages\rest_framework\views.py", line 469, in handle_exception
    self.raise_uncaught_exception(exc)
  File "e:\MealMate\backend\venv\lib\site-packages\rest_framework\views.py", line 480, in raise_uncaught_exception
    raise exc
  File "e:\MealMate\backend\venv\lib\site-packages\rest_framework\views.py", line 506, in dispatch
    response = handler(request, *args, **kwargs)
  File "E:\MealMate\backend\core\api\delivery_api\views.py", line 28, in list
    for doc in orders_cursor:
  File "e:\MealMate\backend\venv\lib\site-packages\pymongo\cursor.py", line 1238, in next
    if len(self.__data) or self._refresh():
  File "e:\MealMate\backend\venv\lib\site-packages\pymongo\cursor.py", line 1130, in _refresh
    self.__session = self.__collection.database.client._ensure_session()
  File "e:\MealMate\backend\venv\lib\site-packages\pymongo\mongo_client.py", line 1935, in _ensure_session
    return self.__start_session(True, causal_consistency=False)
  File "e:\MealMate\backend\venv\lib\site-packages\pymongo\mongo_client.py", line 1883, in __start_session
    server_session = self._get_server_session()
  File "e:\MealMate\backend\venv\lib\site-packages\pymongo\mongo_client.py", line 1921, in _get_server_session
    return self._topology.get_server_session()
  File "e:\MealMate\backend\venv\lib\site-packages\pymongo\topology.py", line 520, in get_server_session
    session_timeout = self._check_session_support()
  File "e:\MealMate\backend\venv\lib\site-packages\pymongo\topology.py", line 499, in _check_session_support
    self._select_servers_loop(
  File "e:\MealMate\backend\venv\lib\site-packages\pymongo\topology.py", line 218, in _select_servers_loop
    raise ServerSelectionTimeoutError(
pymongo.errors.ServerSelectionTimeoutError: localhost:27017: [WinError 10061] No connection could be made because the target machine actively refused it, Timeout: 30s, Topology Description: <TopologyDescription id: 6a75c84b5f498b469edb3ad3, topology_type: Single, servers: [<ServerDescription ('localhost', 27017) server_type: Unknown, rtt: None, error=AutoReconnect('localhost:27017: [WinError 10061] No connection could be made because the target machine actively refused it')>]>
--------------------------------------------------------------------------------
Exception on /api/delivery/orders/:
Traceback (most recent call last):
  File "e:\MealMate\backend\venv\lib\site-packages\django\core\handlers\base.py", line 181, in _get_response
    response = wrapped_callback(request, *callback_args, **callback_kwargs)
  File "e:\MealMate\backend\venv\lib\site-packages\django\views\decorators\csrf.py", line 54, in wrapped_view
    return view_func(*args, **kwargs)
  File "e:\MealMate\backend\venv\lib\site-packages\rest_framework\viewsets.py", line 125, in view
    return self.dispatch(request, *args, **kwargs)
  File "e:\MealMate\backend\venv\lib\site-packages\rest_framework\views.py", line 509, in dispatch
    response = self.handle_exception(exc)
  File "e:\MealMate\backend\venv\lib\site-packages\rest_framework\views.py", line 469, in handle_exception
    self.raise_uncaught_exception(exc)
  File "e:\MealMate\backend\venv\lib\site-packages\rest_framework\views.py", line 480, in raise_uncaught_exception
    raise exc
  File "e:\MealMate\backend\venv\lib\site-packages\rest_framework\views.py", line 506, in dispatch
    response = handler(request, *args, **kwargs)
  File "E:\MealMate\backend\core\api\delivery_api\views.py", line 28, in list
    for doc in orders_cursor:
  File "e:\MealMate\backend\venv\lib\site-packages\pymongo\cursor.py", line 1238, in next
    if len(self.__data) or self._refresh():
  File "e:\MealMate\backend\venv\lib\site-packages\pymongo\cursor.py", line 1130, in _refresh
    self.__session = self.__collection.database.client._ensure_session()
  File "e:\MealMate\backend\venv\lib\site-packages\pymongo\mongo_client.py", line 1935, in _ensure_session
    return self.__start_session(True, causal_consistency=False)
  File "e:\MealMate\backend\venv\lib\site-packages\pymongo\mongo_client.py", line 1883, in __start_session
    server_session = self._get_server_session()
  File "e:\MealMate\backend\venv\lib\site-packages\pymongo\mongo_client.py", line 1921, in _get_server_session
    return self._topology.get_server_session()
  File "e:\MealMate\backend\venv\lib\site-packages\pymongo\topology.py", line 520, in get_server_session
    session_timeout = self._check_session_support()
  File "e:\MealMate\backend\venv\lib\site-packages\pymongo\topology.py", line 499, in _check_session_support
    self._select_servers_loop(
  File "e:\MealMate\backend\venv\lib\site-packages\pymongo\topology.py", line 218, in _select_servers_loop
    raise ServerSelectionTimeoutError(
pymongo.errors.ServerSelectionTimeoutError: localhost:27017: [WinError 10061] No connection could be made because the target machine actively refused it, Timeout: 30s, Topology Description: <TopologyDescription id: 6a75c8875f498b469edb3ad4, topology_type: Single, servers: [<ServerDescription ('localhost', 27017) server_type: Unknown, rtt: None, error=AutoReconnect('localhost:27017: [WinError 10061] No connection could be made because the target machine actively refused it')>]>
--------------------------------------------------------------------------------
Exception on /api/delivery/orders/:
Traceback (most recent call last):
  File "e:\MealMate\backend\venv\lib\site-packages\django\core\handlers\base.py", line 181, in _get_response
    response = wrapped_callback(request, *callback_args, **callback_kwargs)
  File "e:\MealMate\backend\venv\lib\site-packages\django\views\decorators\csrf.py", line 54, in wrapped_view
    return view_func(*args, **kwargs)
  File "e:\MealMate\backend\venv\lib\site-packages\rest_framework\viewsets.py", line 125, in view
    return self.dispatch(request, *args, **kwargs)
  File "e:\MealMate\backend\venv\lib\site-packages\rest_framework\views.py", line 509, in dispatch
    response = self.handle_exception(exc)
  File "e:\MealMate\backend\venv\lib\site-packages\rest_framework\views.py", line 469, in handle_exception
    self.raise_uncaught_exception(exc)
  File "e:\MealMate\backend\venv\lib\site-packages\rest_framework\views.py", line 480, in raise_uncaught_exception
    raise exc
  File "e:\MealMate\backend\venv\lib\site-packages\rest_framework\views.py", line 506, in dispatch
    response = handler(request, *args, **kwargs)
  File "E:\MealMate\backend\core\api\delivery_api\views.py", line 28, in list
    for doc in orders_cursor:
  File "e:\MealMate\backend\venv\lib\site-packages\pymongo\cursor.py", line 1238, in next
    if len(self.__data) or self._refresh():
  File "e:\MealMate\backend\venv\lib\site-packages\pymongo\cursor.py", line 1130, in _refresh
    self.__session = self.__collection.database.client._ensure_session()
  File "e:\MealMate\backend\venv\lib\site-packages\pymongo\mongo_client.py", line 1935, in _ensure_session
    return self.__start_session(True, causal_consistency=False)
  File "e:\MealMate\backend\venv\lib\site-packages\pymongo\mongo_client.py", line 1883, in __start_session
    server_session = self._get_server_session()
  File "e:\MealMate\backend\venv\lib\site-packages\pymongo\mongo_client.py", line 1921, in _get_server_session
    return self._topology.get_server_session()
  File "e:\MealMate\backend\venv\lib\site-packages\pymongo\topology.py", line 520, in get_server_session
    session_timeout = self._check_session_support()
  File "e:\MealMate\backend\venv\lib\site-packages\pymongo\topology.py", line 499, in _check_session_support
    self._select_servers_loop(
  File "e:\MealMate\backend\venv\lib\site-packages\pymongo\topology.py", line 218, in _select_servers_loop
    raise ServerSelectionTimeoutError(
pymongo.errors.ServerSelectionTimeoutError: localhost:27017: [WinError 10061] No connection could be made because the target machine actively refused it, Timeout: 30s, Topology Description: <TopologyDescription id: 6a75c8c35f498b469edb3ad5, topology_type: Single, servers: [<ServerDescription ('localhost', 27017) server_type: Unknown, rtt: None, error=AutoReconnect('localhost:27017: [WinError 10061] No connection could be made because the target machine actively refused it')>]>
--------------------------------------------------------------------------------
Exception on /api/delivery/orders/:
Traceback (most recent call last):
  File "e:\MealMate\backend\venv\lib\site-packages\django\core\handlers\base.py", line 181, in _get_response
    response = wrapped_callback(request, *callback_args, **callback_kwargs)
  File "e:\MealMate\backend\venv\lib\site-packages\django\views\decorators\csrf.py", line 54, in wrapped_view
    return view_func(*args, **kwargs)
  File "e:\MealMate\backend\venv\lib\site-packages\rest_framework\viewsets.py", line 125, in view
    return self.dispatch(request, *args, **kwargs)
  File "e:\MealMate\backend\venv\lib\site-packages\rest_framework\views.py", line 509, in dispatch
    response = self.handle_exception(exc)
  File "e:\MealMate\backend\venv\lib\site-packages\rest_framework\views.py", line 469, in handle_exception
    self.raise_uncaught_exception(exc)
  File "e:\MealMate\backend\venv\lib\site-packages\rest_framework\views.py", line 480, in raise_uncaught_exception
    raise exc
  File "e:\MealMate\backend\venv\lib\site-packages\rest_framework\views.py", line 506, in dispatch
    response = handler(request, *args, **kwargs)
  File "E:\MealMate\backend\core\api\delivery_api\views.py", line 28, in list
    for doc in orders_cursor:
  File "e:\MealMate\backend\venv\lib\site-packages\pymongo\cursor.py", line 1238, in next
    if len(self.__data) or self._refresh():
  File "e:\MealMate\backend\venv\lib\site-packages\pymongo\cursor.py", line 1130, in _refresh
    self.__session = self.__collection.database.client._ensure_session()
  File "e:\MealMate\backend\venv\lib\site-packages\pymongo\mongo_client.py", line 1935, in _ensure_session
    return self.__start_session(True, causal_consistency=False)
  File "e:\MealMate\backend\venv\lib\site-packages\pymongo\mongo_client.py", line 1883, in __start_session
    server_session = self._get_server_session()
  File "e:\MealMate\backend\venv\lib\site-packages\pymongo\mongo_client.py", line 1921, in _get_server_session
    return self._topology.get_server_session()
  File "e:\MealMate\backend\venv\lib\site-packages\pymongo\topology.py", line 520, in get_server_session
    session_timeout = self._check_session_support()
  File "e:\MealMate\backend\venv\lib\site-packages\pymongo\topology.py", line 499, in _check_session_support
    self._select_servers_loop(
  File "e:\MealMate\backend\venv\lib\site-packages\pymongo\topology.py", line 218, in _select_servers_loop
    raise ServerSelectionTimeoutError(
pymongo.errors.ServerSelectionTimeoutError: localhost:27017: [WinError 10061] No connection could be made because the target machine actively refused it, Timeout: 30s, Topology Description: <TopologyDescription id: 6a75c8ff5f498b469edb3ad6, topology_type: Single, servers: [<ServerDescription ('localhost', 27017) server_type: Unknown, rtt: None, error=AutoReconnect('localhost:27017: [WinError 10061] No connection could be made because the target machine actively refused it')>]>
--------------------------------------------------------------------------------
Exception on /api/delivery/orders/:
Traceback (most recent call last):
  File "e:\MealMate\backend\venv\lib\site-packages\django\core\handlers\base.py", line 181, in _get_response
    response = wrapped_callback(request, *callback_args, **callback_kwargs)
  File "e:\MealMate\backend\venv\lib\site-packages\django\views\decorators\csrf.py", line 54, in wrapped_view
    return view_func(*args, **kwargs)
  File "e:\MealMate\backend\venv\lib\site-packages\rest_framework\viewsets.py", line 125, in view
    return self.dispatch(request, *args, **kwargs)
  File "e:\MealMate\backend\venv\lib\site-packages\rest_framework\views.py", line 509, in dispatch
    response = self.handle_exception(exc)
  File "e:\MealMate\backend\venv\lib\site-packages\rest_framework\views.py", line 469, in handle_exception
    self.raise_uncaught_exception(exc)
  File "e:\MealMate\backend\venv\lib\site-packages\rest_framework\views.py", line 480, in raise_uncaught_exception
    raise exc
  File "e:\MealMate\backend\venv\lib\site-packages\rest_framework\views.py", line 506, in dispatch
    response = handler(request, *args, **kwargs)
  File "E:\MealMate\backend\core\api\delivery_api\views.py", line 28, in list
    for doc in orders_cursor:
  File "e:\MealMate\backend\venv\lib\site-packages\pymongo\cursor.py", line 1238, in next
    if len(self.__data) or self._refresh():
  File "e:\MealMate\backend\venv\lib\site-packages\pymongo\cursor.py", line 1130, in _refresh
    self.__session = self.__collection.database.client._ensure_session()
  File "e:\MealMate\backend\venv\lib\site-packages\pymongo\mongo_client.py", line 1935, in _ensure_session
    return self.__start_session(True, causal_consistency=False)
  File "e:\MealMate\backend\venv\lib\site-packages\pymongo\mongo_client.py", line 1883, in __start_session
    server_session = self._get_server_session()
  File "e:\MealMate\backend\venv\lib\site-packages\pymongo\mongo_client.py", line 1921, in _get_server_session
    return self._topology.get_server_session()
  File "e:\MealMate\backend\venv\lib\site-packages\pymongo\topology.py", line 520, in get_server_session
    session_timeout = self._check_session_support()
  File "e:\MealMate\backend\venv\lib\site-packages\pymongo\topology.py", line 499, in _check_session_support
    self._select_servers_loop(
  File "e:\MealMate\backend\venv\lib\site-packages\pymongo\topology.py", line 218, in _select_servers_loop
    raise ServerSelectionTimeoutError(
pymongo.errors.ServerSelectionTimeoutError: localhost:27017: [WinError 10061] No connection could be made because the target machine actively refused it, Timeout: 30s, Topology Description: <TopologyDescription id: 6a75c93b5f498b469edb3ad7, topology_type: Single, servers: [<ServerDescription ('localhost', 27017) server_type: Unknown, rtt: None, error=AutoReconnect('localhost:27017: [WinError 10061] No connection could be made because the target machine actively refused it')>]>
--------------------------------------------------------------------------------
Exception on /api/delivery/orders/:
Traceback (most recent call last):
  File "e:\MealMate\backend\venv\lib\site-packages\django\core\handlers\base.py", line 181, in _get_response
    response = wrapped_callback(request, *callback_args, **callback_kwargs)
  File "e:\MealMate\backend\venv\lib\site-packages\django\views\decorators\csrf.py", line 54, in wrapped_view
    return view_func(*args, **kwargs)
  File "e:\MealMate\backend\venv\lib\site-packages\rest_framework\viewsets.py", line 125, in view
    return self.dispatch(request, *args, **kwargs)
  File "e:\MealMate\backend\venv\lib\site-packages\rest_framework\views.py", line 509, in dispatch
    response = self.handle_exception(exc)
  File "e:\MealMate\backend\venv\lib\site-packages\rest_framework\views.py", line 469, in handle_exception
    self.raise_uncaught_exception(exc)
  File "e:\MealMate\backend\venv\lib\site-packages\rest_framework\views.py", line 480, in raise_uncaught_exception
    raise exc
  File "e:\MealMate\backend\venv\lib\site-packages\rest_framework\views.py", line 506, in dispatch
    response = handler(request, *args, **kwargs)
  File "E:\MealMate\backend\core\api\delivery_api\views.py", line 28, in list
    for doc in orders_cursor:
  File "e:\MealMate\backend\venv\lib\site-packages\pymongo\cursor.py", line 1238, in next
    if len(self.__data) or self._refresh():
  File "e:\MealMate\backend\venv\lib\site-packages\pymongo\cursor.py", line 1130, in _refresh
    self.__session = self.__collection.database.client._ensure_session()
  File "e:\MealMate\backend\venv\lib\site-packages\pymongo\mongo_client.py", line 1935, in _ensure_session
    return self.__start_session(True, causal_consistency=False)
  File "e:\MealMate\backend\venv\lib\site-packages\pymongo\mongo_client.py", line 1883, in __start_session
    server_session = self._get_server_session()
  File "e:\MealMate\backend\venv\lib\site-packages\pymongo\mongo_client.py", line 1921, in _get_server_session
    return self._topology.get_server_session()
  File "e:\MealMate\backend\venv\lib\site-packages\pymongo\topology.py", line 520, in get_server_session
    session_timeout = self._check_session_support()
  File "e:\MealMate\backend\venv\lib\site-packages\pymongo\topology.py", line 499, in _check_session_support
    self._select_servers_loop(
  File "e:\MealMate\backend\venv\lib\site-packages\pymongo\topology.py", line 218, in _select_servers_loop
    raise ServerSelectionTimeoutError(
pymongo.errors.ServerSelectionTimeoutError: localhost:27017: [WinError 10061] No connection could be made because the target machine actively refused it, Timeout: 30s, Topology Description: <TopologyDescription id: 6a75c9775f498b469edb3ad8, topology_type: Single, servers: [<ServerDescription ('localhost', 27017) server_type: Unknown, rtt: None, error=AutoReconnect('localhost:27017: [WinError 10061] No connection could be made because the target machine actively refused it')>]>
--------------------------------------------------------------------------------
Exception on /api/delivery/orders/:
Traceback (most recent call last):
  File "e:\MealMate\backend\venv\lib\site-packages\django\core\handlers\base.py", line 181, in _get_response
    response = wrapped_callback(request, *callback_args, **callback_kwargs)
  File "e:\MealMate\backend\venv\lib\site-packages\django\views\decorators\csrf.py", line 54, in wrapped_view
    return view_func(*args, **kwargs)
  File "e:\MealMate\backend\venv\lib\site-packages\rest_framework\viewsets.py", line 125, in view
    return self.dispatch(request, *args, **kwargs)
  File "e:\MealMate\backend\venv\lib\site-packages\rest_framework\views.py", line 509, in dispatch
    response = self.handle_exception(exc)
  File "e:\MealMate\backend\venv\lib\site-packages\rest_framework\views.py", line 469, in handle_exception
    self.raise_uncaught_exception(exc)
  File "e:\MealMate\backend\venv\lib\site-packages\rest_framework\views.py", line 480, in raise_uncaught_exception
    raise exc
  File "e:\MealMate\backend\venv\lib\site-packages\rest_framework\views.py", line 506, in dispatch
    response = handler(request, *args, **kwargs)
  File "E:\MealMate\backend\core\api\delivery_api\views.py", line 28, in list
    for doc in orders_cursor:
  File "e:\MealMate\backend\venv\lib\site-packages\pymongo\cursor.py", line 1238, in next
    if len(self.__data) or self._refresh():
  File "e:\MealMate\backend\venv\lib\site-packages\pymongo\cursor.py", line 1130, in _refresh
    self.__session = self.__collection.database.client._ensure_session()
  File "e:\MealMate\backend\venv\lib\site-packages\pymongo\mongo_client.py", line 1935, in _ensure_session
    return self.__start_session(True, causal_consistency=False)
  File "e:\MealMate\backend\venv\lib\site-packages\pymongo\mongo_client.py", line 1883, in __start_session
    server_session = self._get_server_session()
  File "e:\MealMate\backend\venv\lib\site-packages\pymongo\mongo_client.py", line 1921, in _get_server_session
    return self._topology.get_server_session()
  File "e:\MealMate\backend\venv\lib\site-packages\pymongo\topology.py", line 520, in get_server_session
    session_timeout = self._check_session_support()
  File "e:\MealMate\backend\venv\lib\site-packages\pymongo\topology.py", line 499, in _check_session_support
    self._select_servers_loop(
  File "e:\MealMate\backend\venv\lib\site-packages\pymongo\topology.py", line 218, in _select_servers_loop
    raise ServerSelectionTimeoutError(
pymongo.errors.ServerSelectionTimeoutError: localhost:27017: [WinError 10061] No connection could be made because the target machine actively refused it, Timeout: 30s, Topology Description: <TopologyDescription id: 6a75c9b35f498b469edb3ad9, topology_type: Single, servers: [<ServerDescription ('localhost', 27017) server_type: Unknown, rtt: None, error=AutoReconnect('localhost:27017: [WinError 10061] No connection could be made because the target machine actively refused it')>]>
--------------------------------------------------------------------------------
Exception on /api/delivery/orders/:
Traceback (most recent call last):
  File "e:\MealMate\backend\venv\lib\site-packages\django\core\handlers\base.py", line 181, in _get_response
    response = wrapped_callback(request, *callback_args, **callback_kwargs)
  File "e:\MealMate\backend\venv\lib\site-packages\django\views\decorators\csrf.py", line 54, in wrapped_view
    return view_func(*args, **kwargs)
  File "e:\MealMate\backend\venv\lib\site-packages\rest_framework\viewsets.py", line 125, in view
    return self.dispatch(request, *args, **kwargs)
  File "e:\MealMate\backend\venv\lib\site-packages\rest_framework\views.py", line 509, in dispatch
    response = self.handle_exception(exc)
  File "e:\MealMate\backend\venv\lib\site-packages\rest_framework\views.py", line 469, in handle_exception
    self.raise_uncaught_exception(exc)
  File "e:\MealMate\backend\venv\lib\site-packages\rest_framework\views.py", line 480, in raise_uncaught_exception
    raise exc
  File "e:\MealMate\backend\venv\lib\site-packages\rest_framework\views.py", line 506, in dispatch
    response = handler(request, *args, **kwargs)
  File "E:\MealMate\backend\core\api\delivery_api\views.py", line 28, in list
    for doc in orders_cursor:
  File "e:\MealMate\backend\venv\lib\site-packages\pymongo\cursor.py", line 1238, in next
    if len(self.__data) or self._refresh():
  File "e:\MealMate\backend\venv\lib\site-packages\pymongo\cursor.py", line 1130, in _refresh
    self.__session = self.__collection.database.client._ensure_session()
  File "e:\MealMate\backend\venv\lib\site-packages\pymongo\mongo_client.py", line 1935, in _ensure_session
    return self.__start_session(True, causal_consistency=False)
  File "e:\MealMate\backend\venv\lib\site-packages\pymongo\mongo_client.py", line 1883, in __start_session
    server_session = self._get_server_session()
  File "e:\MealMate\backend\venv\lib\site-packages\pymongo\mongo_client.py", line 1921, in _get_server_session
    return self._topology.get_server_session()
  File "e:\MealMate\backend\venv\lib\site-packages\pymongo\topology.py", line 520, in get_server_session
    session_timeout = self._check_session_support()
  File "e:\MealMate\backend\venv\lib\site-packages\pymongo\topology.py", line 499, in _check_session_support
    self._select_servers_loop(
  File "e:\MealMate\backend\venv\lib\site-packages\pymongo\topology.py", line 218, in _select_servers_loop
    raise ServerSelectionTimeoutError(
pymongo.errors.ServerSelectionTimeoutError: localhost:27017: [WinError 10061] No connection could be made because the target machine actively refused it, Timeout: 30s, Topology Description: <TopologyDescription id: 6a75c9ef5f498b469edb3ada, topology_type: Single, servers: [<ServerDescription ('localhost', 27017) server_type: Unknown, rtt: None, error=AutoReconnect('localhost:27017: [WinError 10061] No connection could be made because the target machine actively refused it')>]>
--------------------------------------------------------------------------------
Exception on /api/delivery/orders/:
Traceback (most recent call last):
  File "e:\MealMate\backend\venv\lib\site-packages\django\core\handlers\base.py", line 181, in _get_response
    response = wrapped_callback(request, *callback_args, **callback_kwargs)
  File "e:\MealMate\backend\venv\lib\site-packages\django\views\decorators\csrf.py", line 54, in wrapped_view
    return view_func(*args, **kwargs)
  File "e:\MealMate\backend\venv\lib\site-packages\rest_framework\viewsets.py", line 125, in view
    return self.dispatch(request, *args, **kwargs)
  File "e:\MealMate\backend\venv\lib\site-packages\rest_framework\views.py", line 509, in dispatch
    response = self.handle_exception(exc)
  File "e:\MealMate\backend\venv\lib\site-packages\rest_framework\views.py", line 469, in handle_exception
    self.raise_uncaught_exception(exc)
  File "e:\MealMate\backend\venv\lib\site-packages\rest_framework\views.py", line 480, in raise_uncaught_exception
    raise exc
  File "e:\MealMate\backend\venv\lib\site-packages\rest_framework\views.py", line 506, in dispatch
    response = handler(request, *args, **kwargs)
  File "E:\MealMate\backend\core\api\delivery_api\views.py", line 28, in list
    for doc in orders_cursor:
  File "e:\MealMate\backend\venv\lib\site-packages\pymongo\cursor.py", line 1238, in next
    if len(self.__data) or self._refresh():
  File "e:\MealMate\backend\venv\lib\site-packages\pymongo\cursor.py", line 1130, in _refresh
    self.__session = self.__collection.database.client._ensure_session()
  File "e:\MealMate\backend\venv\lib\site-packages\pymongo\mongo_client.py", line 1935, in _ensure_session
    return self.__start_session(True, causal_consistency=False)
  File "e:\MealMate\backend\venv\lib\site-packages\pymongo\mongo_client.py", line 1883, in __start_session
    server_session = self._get_server_session()
  File "e:\MealMate\backend\venv\lib\site-packages\pymongo\mongo_client.py", line 1921, in _get_server_session
    return self._topology.get_server_session()
  File "e:\MealMate\backend\venv\lib\site-packages\pymongo\topology.py", line 520, in get_server_session
    session_timeout = self._check_session_support()
  File "e:\MealMate\backend\venv\lib\site-packages\pymongo\topology.py", line 499, in _check_session_support
    self._select_servers_loop(
  File "e:\MealMate\backend\venv\lib\site-packages\pymongo\topology.py", line 218, in _select_servers_loop
    raise ServerSelectionTimeoutError(
pymongo.errors.ServerSelectionTimeoutError: localhost:27017: [WinError 10061] No connection could be made because the target machine actively refused it, Timeout: 30s, Topology Description: <TopologyDescription id: 6a75ca2b5f498b469edb3adb, topology_type: Single, servers: [<ServerDescription ('localhost', 27017) server_type: Unknown, rtt: None, error=AutoReconnect('localhost:27017: [WinError 10061] No connection could be made because the target machine actively refused it')>]>
--------------------------------------------------------------------------------
Exception on /api/delivery/orders/:
Traceback (most recent call last):
  File "e:\MealMate\backend\venv\lib\site-packages\django\core\handlers\base.py", line 181, in _get_response
    response = wrapped_callback(request, *callback_args, **callback_kwargs)
  File "e:\MealMate\backend\venv\lib\site-packages\django\views\decorators\csrf.py", line 54, in wrapped_view
    return view_func(*args, **kwargs)
  File "e:\MealMate\backend\venv\lib\site-packages\rest_framework\viewsets.py", line 125, in view
    return self.dispatch(request, *args, **kwargs)
  File "e:\MealMate\backend\venv\lib\site-packages\rest_framework\views.py", line 509, in dispatch
    response = self.handle_exception(exc)
  File "e:\MealMate\backend\venv\lib\site-packages\rest_framework\views.py", line 469, in handle_exception
    self.raise_uncaught_exception(exc)
  File "e:\MealMate\backend\venv\lib\site-packages\rest_framework\views.py", line 480, in raise_uncaught_exception
    raise exc
  File "e:\MealMate\backend\venv\lib\site-packages\rest_framework\views.py", line 506, in dispatch
    response = handler(request, *args, **kwargs)
  File "E:\MealMate\backend\core\api\delivery_api\views.py", line 28, in list
    for doc in orders_cursor:
  File "e:\MealMate\backend\venv\lib\site-packages\pymongo\cursor.py", line 1238, in next
    if len(self.__data) or self._refresh():
  File "e:\MealMate\backend\venv\lib\site-packages\pymongo\cursor.py", line 1130, in _refresh
    self.__session = self.__collection.database.client._ensure_session()
  File "e:\MealMate\backend\venv\lib\site-packages\pymongo\mongo_client.py", line 1935, in _ensure_session
    return self.__start_session(True, causal_consistency=False)
  File "e:\MealMate\backend\venv\lib\site-packages\pymongo\mongo_client.py", line 1883, in __start_session
    server_session = self._get_server_session()
  File "e:\MealMate\backend\venv\lib\site-packages\pymongo\mongo_client.py", line 1921, in _get_server_session
    return self._topology.get_server_session()
  File "e:\MealMate\backend\venv\lib\site-packages\pymongo\topology.py", line 520, in get_server_session
    session_timeout = self._check_session_support()
  File "e:\MealMate\backend\venv\lib\site-packages\pymongo\topology.py", line 499, in _check_session_support
    self._select_servers_loop(
  File "e:\MealMate\backend\venv\lib\site-packages\pymongo\topology.py", line 218, in _select_servers_loop
    raise ServerSelectionTimeoutError(
pymongo.errors.ServerSelectionTimeoutError: localhost:27017: [WinError 10061] No connection could be made because the target machine actively refused it, Timeout: 30s, Topology Description: <TopologyDescription id: 6a75ca675f498b469edb3adc, topology_type: Single, servers: [<ServerDescription ('localhost', 27017) server_type: Unknown, rtt: None, error=AutoReconnect('localhost:27017: [WinError 10061] No connection could be made because the target machine actively refused it')>]>
--------------------------------------------------------------------------------
Exception on /api/delivery/orders/:
Traceback (most recent call last):
  File "e:\MealMate\backend\venv\lib\site-packages\django\core\handlers\base.py", line 181, in _get_response
    response = wrapped_callback(request, *callback_args, **callback_kwargs)
  File "e:\MealMate\backend\venv\lib\site-packages\django\views\decorators\csrf.py", line 54, in wrapped_view
    return view_func(*args, **kwargs)
  File "e:\MealMate\backend\venv\lib\site-packages\rest_framework\viewsets.py", line 125, in view
    return self.dispatch(request, *args, **kwargs)
  File "e:\MealMate\backend\venv\lib\site-packages\rest_framework\views.py", line 509, in dispatch
    response = self.handle_exception(exc)
  File "e:\MealMate\backend\venv\lib\site-packages\rest_framework\views.py", line 469, in handle_exception
    self.raise_uncaught_exception(exc)
  File "e:\MealMate\backend\venv\lib\site-packages\rest_framework\views.py", line 480, in raise_uncaught_exception
    raise exc
  File "e:\MealMate\backend\venv\lib\site-packages\rest_framework\views.py", line 506, in dispatch
    response = handler(request, *args, **kwargs)
  File "E:\MealMate\backend\core\api\delivery_api\views.py", line 28, in list
    for doc in orders_cursor:
  File "e:\MealMate\backend\venv\lib\site-packages\pymongo\cursor.py", line 1238, in next
    if len(self.__data) or self._refresh():
  File "e:\MealMate\backend\venv\lib\site-packages\pymongo\cursor.py", line 1130, in _refresh
    self.__session = self.__collection.database.client._ensure_session()
  File "e:\MealMate\backend\venv\lib\site-packages\pymongo\mongo_client.py", line 1935, in _ensure_session
    return self.__start_session(True, causal_consistency=False)
  File "e:\MealMate\backend\venv\lib\site-packages\pymongo\mongo_client.py", line 1883, in __start_session
    server_session = self._get_server_session()
  File "e:\MealMate\backend\venv\lib\site-packages\pymongo\mongo_client.py", line 1921, in _get_server_session
    return self._topology.get_server_session()
  File "e:\MealMate\backend\venv\lib\site-packages\pymongo\topology.py", line 520, in get_server_session
    session_timeout = self._check_session_support()
  File "e:\MealMate\backend\venv\lib\site-packages\pymongo\topology.py", line 499, in _check_session_support
    self._select_servers_loop(
  File "e:\MealMate\backend\venv\lib\site-packages\pymongo\topology.py", line 218, in _select_servers_loop
    raise ServerSelectionTimeoutError(
pymongo.errors.ServerSelectionTimeoutError: localhost:27017: [WinError 10061] No connection could be made because the target machine actively refused it, Timeout: 30s, Topology Description: <TopologyDescription id: 6a75caa35f498b469edb3add, topology_type: Single, servers: [<ServerDescription ('localhost', 27017) server_type: Unknown, rtt: None, error=AutoReconnect('localhost:27017: [WinError 10061] No connection could be made because the target machine actively refused it')>]>
--------------------------------------------------------------------------------
Exception on /api/delivery/orders/:
Traceback (most recent call last):
  File "e:\MealMate\backend\venv\lib\site-packages\django\core\handlers\base.py", line 181, in _get_response
    response = wrapped_callback(request, *callback_args, **callback_kwargs)
  File "e:\MealMate\backend\venv\lib\site-packages\django\views\decorators\csrf.py", line 54, in wrapped_view
    return view_func(*args, **kwargs)
  File "e:\MealMate\backend\venv\lib\site-packages\rest_framework\viewsets.py", line 125, in view
    return self.dispatch(request, *args, **kwargs)
  File "e:\MealMate\backend\venv\lib\site-packages\rest_framework\views.py", line 509, in dispatch
    response = self.handle_exception(exc)
  File "e:\MealMate\backend\venv\lib\site-packages\rest_framework\views.py", line 469, in handle_exception
    self.raise_uncaught_exception(exc)
  File "e:\MealMate\backend\venv\lib\site-packages\rest_framework\views.py", line 480, in raise_uncaught_exception
    raise exc
  File "e:\MealMate\backend\venv\lib\site-packages\rest_framework\views.py", line 506, in dispatch
    response = handler(request, *args, **kwargs)
  File "E:\MealMate\backend\core\api\delivery_api\views.py", line 28, in list
    for doc in orders_cursor:
  File "e:\MealMate\backend\venv\lib\site-packages\pymongo\cursor.py", line 1238, in next
    if len(self.__data) or self._refresh():
  File "e:\MealMate\backend\venv\lib\site-packages\pymongo\cursor.py", line 1130, in _refresh
    self.__session = self.__collection.database.client._ensure_session()
  File "e:\MealMate\backend\venv\lib\site-packages\pymongo\mongo_client.py", line 1935, in _ensure_session
    return self.__start_session(True, causal_consistency=False)
  File "e:\MealMate\backend\venv\lib\site-packages\pymongo\mongo_client.py", line 1883, in __start_session
    server_session = self._get_server_session()
  File "e:\MealMate\backend\venv\lib\site-packages\pymongo\mongo_client.py", line 1921, in _get_server_session
    return self._topology.get_server_session()
  File "e:\MealMate\backend\venv\lib\site-packages\pymongo\topology.py", line 520, in get_server_session
    session_timeout = self._check_session_support()
  File "e:\MealMate\backend\venv\lib\site-packages\pymongo\topology.py", line 499, in _check_session_support
    self._select_servers_loop(
  File "e:\MealMate\backend\venv\lib\site-packages\pymongo\topology.py", line 218, in _select_servers_loop
    raise ServerSelectionTimeoutError(
pymongo.errors.ServerSelectionTimeoutError: localhost:27017: [WinError 10061] No connection could be made because the target machine actively refused it, Timeout: 30s, Topology Description: <TopologyDescription id: 6a75cadf5f498b469edb3ade, topology_type: Single, servers: [<ServerDescription ('localhost', 27017) server_type: Unknown, rtt: None, error=AutoReconnect('localhost:27017: [WinError 10061] No connection could be made because the target machine actively refused it')>]>
--------------------------------------------------------------------------------
Exception on /api/delivery/orders/:
Traceback (most recent call last):
  File "e:\MealMate\backend\venv\lib\site-packages\django\core\handlers\base.py", line 181, in _get_response
    response = wrapped_callback(request, *callback_args, **callback_kwargs)
  File "e:\MealMate\backend\venv\lib\site-packages\django\views\decorators\csrf.py", line 54, in wrapped_view
    return view_func(*args, **kwargs)
  File "e:\MealMate\backend\venv\lib\site-packages\rest_framework\viewsets.py", line 125, in view
    return self.dispatch(request, *args, **kwargs)
  File "e:\MealMate\backend\venv\lib\site-packages\rest_framework\views.py", line 509, in dispatch
    response = self.handle_exception(exc)
  File "e:\MealMate\backend\venv\lib\site-packages\rest_framework\views.py", line 469, in handle_exception
    self.raise_uncaught_exception(exc)
  File "e:\MealMate\backend\venv\lib\site-packages\rest_framework\views.py", line 480, in raise_uncaught_exception
    raise exc
  File "e:\MealMate\backend\venv\lib\site-packages\rest_framework\views.py", line 506, in dispatch
    response = handler(request, *args, **kwargs)
  File "E:\MealMate\backend\core\api\delivery_api\views.py", line 28, in list
    for doc in orders_cursor:
  File "e:\MealMate\backend\venv\lib\site-packages\pymongo\cursor.py", line 1238, in next
    if len(self.__data) or self._refresh():
  File "e:\MealMate\backend\venv\lib\site-packages\pymongo\cursor.py", line 1130, in _refresh
    self.__session = self.__collection.database.client._ensure_session()
  File "e:\MealMate\backend\venv\lib\site-packages\pymongo\mongo_client.py", line 1935, in _ensure_session
    return self.__start_session(True, causal_consistency=False)
  File "e:\MealMate\backend\venv\lib\site-packages\pymongo\mongo_client.py", line 1883, in __start_session
    server_session = self._get_server_session()
  File "e:\MealMate\backend\venv\lib\site-packages\pymongo\mongo_client.py", line 1921, in _get_server_session
    return self._topology.get_server_session()
  File "e:\MealMate\backend\venv\lib\site-packages\pymongo\topology.py", line 520, in get_server_session
    session_timeout = self._check_session_support()
  File "e:\MealMate\backend\venv\lib\site-packages\pymongo\topology.py", line 499, in _check_session_support
    self._select_servers_loop(
  File "e:\MealMate\backend\venv\lib\site-packages\pymongo\topology.py", line 218, in _select_servers_loop
    raise ServerSelectionTimeoutError(
pymongo.errors.ServerSelectionTimeoutError: localhost:27017: [WinError 10061] No connection could be made because the target machine actively refused it, Timeout: 30s, Topology Description: <TopologyDescription id: 6a75cb1b5f498b469edb3adf, topology_type: Single, servers: [<ServerDescription ('localhost', 27017) server_type: Unknown, rtt: None, error=AutoReconnect('localhost:27017: [WinError 10061] No connection could be made because the target machine actively refused it')>]>
--------------------------------------------------------------------------------
Exception on /api/delivery/orders/:
Traceback (most recent call last):
  File "e:\MealMate\backend\venv\lib\site-packages\django\core\handlers\base.py", line 181, in _get_response
    response = wrapped_callback(request, *callback_args, **callback_kwargs)
  File "e:\MealMate\backend\venv\lib\site-packages\django\views\decorators\csrf.py", line 54, in wrapped_view
    return view_func(*args, **kwargs)
  File "e:\MealMate\backend\venv\lib\site-packages\rest_framework\viewsets.py", line 125, in view
    return self.dispatch(request, *args, **kwargs)
  File "e:\MealMate\backend\venv\lib\site-packages\rest_framework\views.py", line 509, in dispatch
    response = self.handle_exception(exc)
  File "e:\MealMate\backend\venv\lib\site-packages\rest_framework\views.py", line 469, in handle_exception
    self.raise_uncaught_exception(exc)
  File "e:\MealMate\backend\venv\lib\site-packages\rest_framework\views.py", line 480, in raise_uncaught_exception
    raise exc
  File "e:\MealMate\backend\venv\lib\site-packages\rest_framework\views.py", line 506, in dispatch
    response = handler(request, *args, **kwargs)
  File "E:\MealMate\backend\core\api\delivery_api\views.py", line 28, in list
    for doc in orders_cursor:
  File "e:\MealMate\backend\venv\lib\site-packages\pymongo\cursor.py", line 1238, in next
    if len(self.__data) or self._refresh():
  File "e:\MealMate\backend\venv\lib\site-packages\pymongo\cursor.py", line 1130, in _refresh
    self.__session = self.__collection.database.client._ensure_session()
  File "e:\MealMate\backend\venv\lib\site-packages\pymongo\mongo_client.py", line 1935, in _ensure_session
    return self.__start_session(True, causal_consistency=False)
  File "e:\MealMate\backend\venv\lib\site-packages\pymongo\mongo_client.py", line 1883, in __start_session
    server_session = self._get_server_session()
  File "e:\MealMate\backend\venv\lib\site-packages\pymongo\mongo_client.py", line 1921, in _get_server_session
    return self._topology.get_server_session()
  File "e:\MealMate\backend\venv\lib\site-packages\pymongo\topology.py", line 520, in get_server_session
    session_timeout = self._check_session_support()
  File "e:\MealMate\backend\venv\lib\site-packages\pymongo\topology.py", line 499, in _check_session_support
    self._select_servers_loop(
  File "e:\MealMate\backend\venv\lib\site-packages\pymongo\topology.py", line 218, in _select_servers_loop
    raise ServerSelectionTimeoutError(
pymongo.errors.ServerSelectionTimeoutError: localhost:27017: [WinError 10061] No connection could be made because the target machine actively refused it, Timeout: 30s, Topology Description: <TopologyDescription id: 6a75cb575f498b469edb3ae0, topology_type: Single, servers: [<ServerDescription ('localhost', 27017) server_type: Unknown, rtt: None, error=AutoReconnect('localhost:27017: [WinError 10061] No connection could be made because the target machine actively refused it')>]>
--------------------------------------------------------------------------------
Exception on /api/delivery/orders/:
Traceback (most recent call last):
  File "e:\MealMate\backend\venv\lib\site-packages\django\core\handlers\base.py", line 181, in _get_response
    response = wrapped_callback(request, *callback_args, **callback_kwargs)
  File "e:\MealMate\backend\venv\lib\site-packages\django\views\decorators\csrf.py", line 54, in wrapped_view
    return view_func(*args, **kwargs)
  File "e:\MealMate\backend\venv\lib\site-packages\rest_framework\viewsets.py", line 125, in view
    return self.dispatch(request, *args, **kwargs)
  File "e:\MealMate\backend\venv\lib\site-packages\rest_framework\views.py", line 509, in dispatch
    response = self.handle_exception(exc)
  File "e:\MealMate\backend\venv\lib\site-packages\rest_framework\views.py", line 469, in handle_exception
    self.raise_uncaught_exception(exc)
  File "e:\MealMate\backend\venv\lib\site-packages\rest_framework\views.py", line 480, in raise_uncaught_exception
    raise exc
  File "e:\MealMate\backend\venv\lib\site-packages\rest_framework\views.py", line 506, in dispatch
    response = handler(request, *args, **kwargs)
  File "E:\MealMate\backend\core\api\delivery_api\views.py", line 28, in list
    for doc in orders_cursor:
  File "e:\MealMate\backend\venv\lib\site-packages\pymongo\cursor.py", line 1238, in next
    if len(self.__data) or self._refresh():
  File "e:\MealMate\backend\venv\lib\site-packages\pymongo\cursor.py", line 1130, in _refresh
    self.__session = self.__collection.database.client._ensure_session()
  File "e:\MealMate\backend\venv\lib\site-packages\pymongo\mongo_client.py", line 1935, in _ensure_session
    return self.__start_session(True, causal_consistency=False)
  File "e:\MealMate\backend\venv\lib\site-packages\pymongo\mongo_client.py", line 1883, in __start_session
    server_session = self._get_server_session()
  File "e:\MealMate\backend\venv\lib\site-packages\pymongo\mongo_client.py", line 1921, in _get_server_session
    return self._topology.get_server_session()
  File "e:\MealMate\backend\venv\lib\site-packages\pymongo\topology.py", line 520, in get_server_session
    session_timeout = self._check_session_support()
  File "e:\MealMate\backend\venv\lib\site-packages\pymongo\topology.py", line 499, in _check_session_support
    self._select_servers_loop(
  File "e:\MealMate\backend\venv\lib\site-packages\pymongo\topology.py", line 218, in _select_servers_loop
    raise ServerSelectionTimeoutError(
pymongo.errors.ServerSelectionTimeoutError: localhost:27017: [WinError 10061] No connection could be made because the target machine actively refused it, Timeout: 30s, Topology Description: <TopologyDescription id: 6a75cb935f498b469edb3ae1, topology_type: Single, servers: [<ServerDescription ('localhost', 27017) server_type: Unknown, rtt: None, error=AutoReconnect('localhost:27017: [WinError 10061] No connection could be made because the target machine actively refused it')>]>
--------------------------------------------------------------------------------
Exception on /api/delivery/orders/:
Traceback (most recent call last):
  File "e:\MealMate\backend\venv\lib\site-packages\django\core\handlers\base.py", line 181, in _get_response
    response = wrapped_callback(request, *callback_args, **callback_kwargs)
  File "e:\MealMate\backend\venv\lib\site-packages\django\views\decorators\csrf.py", line 54, in wrapped_view
    return view_func(*args, **kwargs)
  File "e:\MealMate\backend\venv\lib\site-packages\rest_framework\viewsets.py", line 125, in view
    return self.dispatch(request, *args, **kwargs)
  File "e:\MealMate\backend\venv\lib\site-packages\rest_framework\views.py", line 509, in dispatch
    response = self.handle_exception(exc)
  File "e:\MealMate\backend\venv\lib\site-packages\rest_framework\views.py", line 469, in handle_exception
    self.raise_uncaught_exception(exc)
  File "e:\MealMate\backend\venv\lib\site-packages\rest_framework\views.py", line 480, in raise_uncaught_exception
    raise exc
  File "e:\MealMate\backend\venv\lib\site-packages\rest_framework\views.py", line 506, in dispatch
    response = handler(request, *args, **kwargs)
  File "E:\MealMate\backend\core\api\delivery_api\views.py", line 28, in list
    for doc in orders_cursor:
  File "e:\MealMate\backend\venv\lib\site-packages\pymongo\cursor.py", line 1238, in next
    if len(self.__data) or self._refresh():
  File "e:\MealMate\backend\venv\lib\site-packages\pymongo\cursor.py", line 1130, in _refresh
    self.__session = self.__collection.database.client._ensure_session()
  File "e:\MealMate\backend\venv\lib\site-packages\pymongo\mongo_client.py", line 1935, in _ensure_session
    return self.__start_session(True, causal_consistency=False)
  File "e:\MealMate\backend\venv\lib\site-packages\pymongo\mongo_client.py", line 1883, in __start_session
    server_session = self._get_server_session()
  File "e:\MealMate\backend\venv\lib\site-packages\pymongo\mongo_client.py", line 1921, in _get_server_session
    return self._topology.get_server_session()
  File "e:\MealMate\backend\venv\lib\site-packages\pymongo\topology.py", line 520, in get_server_session
    session_timeout = self._check_session_support()
  File "e:\MealMate\backend\venv\lib\site-packages\pymongo\topology.py", line 499, in _check_session_support
    self._select_servers_loop(
  File "e:\MealMate\backend\venv\lib\site-packages\pymongo\topology.py", line 218, in _select_servers_loop
    raise ServerSelectionTimeoutError(
pymongo.errors.ServerSelectionTimeoutError: localhost:27017: [WinError 10061] No connection could be made because the target machine actively refused it, Timeout: 30s, Topology Description: <TopologyDescription id: 6a75cbcf5f498b469edb3ae2, topology_type: Single, servers: [<ServerDescription ('localhost', 27017) server_type: Unknown, rtt: None, error=AutoReconnect('localhost:27017: [WinError 10061] No connection could be made because the target machine actively refused it')>]>
--------------------------------------------------------------------------------
Exception on /api/delivery/orders/:
Traceback (most recent call last):
  File "e:\MealMate\backend\venv\lib\site-packages\django\core\handlers\base.py", line 181, in _get_response
    response = wrapped_callback(request, *callback_args, **callback_kwargs)
  File "e:\MealMate\backend\venv\lib\site-packages\django\views\decorators\csrf.py", line 54, in wrapped_view
    return view_func(*args, **kwargs)
  File "e:\MealMate\backend\venv\lib\site-packages\rest_framework\viewsets.py", line 125, in view
    return self.dispatch(request, *args, **kwargs)
  File "e:\MealMate\backend\venv\lib\site-packages\rest_framework\views.py", line 509, in dispatch
    response = self.handle_exception(exc)
  File "e:\MealMate\backend\venv\lib\site-packages\rest_framework\views.py", line 469, in handle_exception
    self.raise_uncaught_exception(exc)
  File "e:\MealMate\backend\venv\lib\site-packages\rest_framework\views.py", line 480, in raise_uncaught_exception
    raise exc
  File "e:\MealMate\backend\venv\lib\site-packages\rest_framework\views.py", line 506, in dispatch
    response = handler(request, *args, **kwargs)
  File "E:\MealMate\backend\core\api\delivery_api\views.py", line 28, in list
    for doc in orders_cursor:
  File "e:\MealMate\backend\venv\lib\site-packages\pymongo\cursor.py", line 1238, in next
    if len(self.__data) or self._refresh():
  File "e:\MealMate\backend\venv\lib\site-packages\pymongo\cursor.py", line 1130, in _refresh
    self.__session = self.__collection.database.client._ensure_session()
  File "e:\MealMate\backend\venv\lib\site-packages\pymongo\mongo_client.py", line 1935, in _ensure_session
    return self.__start_session(True, causal_consistency=False)
  File "e:\MealMate\backend\venv\lib\site-packages\pymongo\mongo_client.py", line 1883, in __start_session
    server_session = self._get_server_session()
  File "e:\MealMate\backend\venv\lib\site-packages\pymongo\mongo_client.py", line 1921, in _get_server_session
    return self._topology.get_server_session()
  File "e:\MealMate\backend\venv\lib\site-packages\pymongo\topology.py", line 520, in get_server_session
    session_timeout = self._check_session_support()
  File "e:\MealMate\backend\venv\lib\site-packages\pymongo\topology.py", line 499, in _check_session_support
    self._select_servers_loop(
  File "e:\MealMate\backend\venv\lib\site-packages\pymongo\topology.py", line 218, in _select_servers_loop
    raise ServerSelectionTimeoutError(
pymongo.errors.ServerSelectionTimeoutError: localhost:27017: [WinError 10061] No connection could be made because the target machine actively refused it, Timeout: 30s, Topology Description: <TopologyDescription id: 6a75cc0b5f498b469edb3ae3, topology_type: Single, servers: [<ServerDescription ('localhost', 27017) server_type: Unknown, rtt: None, error=AutoReconnect('localhost:27017: [WinError 10061] No connection could be made because the target machine actively refused it')>]>
--------------------------------------------------------------------------------
Exception on /api/delivery/orders/:
Traceback (most recent call last):
  File "e:\MealMate\backend\venv\lib\site-packages\django\core\handlers\base.py", line 181, in _get_response
    response = wrapped_callback(request, *callback_args, **callback_kwargs)
  File "e:\MealMate\backend\venv\lib\site-packages\django\views\decorators\csrf.py", line 54, in wrapped_view
    return view_func(*args, **kwargs)
  File "e:\MealMate\backend\venv\lib\site-packages\rest_framework\viewsets.py", line 125, in view
    return self.dispatch(request, *args, **kwargs)
  File "e:\MealMate\backend\venv\lib\site-packages\rest_framework\views.py", line 509, in dispatch
    response = self.handle_exception(exc)
  File "e:\MealMate\backend\venv\lib\site-packages\rest_framework\views.py", line 469, in handle_exception
    self.raise_uncaught_exception(exc)
  File "e:\MealMate\backend\venv\lib\site-packages\rest_framework\views.py", line 480, in raise_uncaught_exception
    raise exc
  File "e:\MealMate\backend\venv\lib\site-packages\rest_framework\views.py", line 506, in dispatch
    response = handler(request, *args, **kwargs)
  File "E:\MealMate\backend\core\api\delivery_api\views.py", line 28, in list
    for doc in orders_cursor:
  File "e:\MealMate\backend\venv\lib\site-packages\pymongo\cursor.py", line 1238, in next
    if len(self.__data) or self._refresh():
  File "e:\MealMate\backend\venv\lib\site-packages\pymongo\cursor.py", line 1130, in _refresh
    self.__session = self.__collection.database.client._ensure_session()
  File "e:\MealMate\backend\venv\lib\site-packages\pymongo\mongo_client.py", line 1935, in _ensure_session
    return self.__start_session(True, causal_consistency=False)
  File "e:\MealMate\backend\venv\lib\site-packages\pymongo\mongo_client.py", line 1883, in __start_session
    server_session = self._get_server_session()
  File "e:\MealMate\backend\venv\lib\site-packages\pymongo\mongo_client.py", line 1921, in _get_server_session
    return self._topology.get_server_session()
  File "e:\MealMate\backend\venv\lib\site-packages\pymongo\topology.py", line 520, in get_server_session
    session_timeout = self._check_session_support()
  File "e:\MealMate\backend\venv\lib\site-packages\pymongo\topology.py", line 499, in _check_session_support
    self._select_servers_loop(
  File "e:\MealMate\backend\venv\lib\site-packages\pymongo\topology.py", line 218, in _select_servers_loop
    raise ServerSelectionTimeoutError(
pymongo.errors.ServerSelectionTimeoutError: localhost:27017: [WinError 10061] No connection could be made because the target machine actively refused it, Timeout: 30s, Topology Description: <TopologyDescription id: 6a75cc475f498b469edb3ae4, topology_type: Single, servers: [<ServerDescription ('localhost', 27017) server_type: Unknown, rtt: None, error=AutoReconnect('localhost:27017: [WinError 10061] No connection could be made because the target machine actively refused it')>]>
--------------------------------------------------------------------------------
Exception on /api/delivery/orders/:
Traceback (most recent call last):
  File "e:\MealMate\backend\venv\lib\site-packages\django\core\handlers\base.py", line 181, in _get_response
    response = wrapped_callback(request, *callback_args, **callback_kwargs)
  File "e:\MealMate\backend\venv\lib\site-packages\django\views\decorators\csrf.py", line 54, in wrapped_view
    return view_func(*args, **kwargs)
  File "e:\MealMate\backend\venv\lib\site-packages\rest_framework\viewsets.py", line 125, in view
    return self.dispatch(request, *args, **kwargs)
  File "e:\MealMate\backend\venv\lib\site-packages\rest_framework\views.py", line 509, in dispatch
    response = self.handle_exception(exc)
  File "e:\MealMate\backend\venv\lib\site-packages\rest_framework\views.py", line 469, in handle_exception
    self.raise_uncaught_exception(exc)
  File "e:\MealMate\backend\venv\lib\site-packages\rest_framework\views.py", line 480, in raise_uncaught_exception
    raise exc
  File "e:\MealMate\backend\venv\lib\site-packages\rest_framework\views.py", line 506, in dispatch
    response = handler(request, *args, **kwargs)
  File "E:\MealMate\backend\core\api\delivery_api\views.py", line 28, in list
    for doc in orders_cursor:
  File "e:\MealMate\backend\venv\lib\site-packages\pymongo\cursor.py", line 1238, in next
    if len(self.__data) or self._refresh():
  File "e:\MealMate\backend\venv\lib\site-packages\pymongo\cursor.py", line 1130, in _refresh
    self.__session = self.__collection.database.client._ensure_session()
  File "e:\MealMate\backend\venv\lib\site-packages\pymongo\mongo_client.py", line 1935, in _ensure_session
    return self.__start_session(True, causal_consistency=False)
  File "e:\MealMate\backend\venv\lib\site-packages\pymongo\mongo_client.py", line 1883, in __start_session
    server_session = self._get_server_session()
  File "e:\MealMate\backend\venv\lib\site-packages\pymongo\mongo_client.py", line 1921, in _get_server_session
    return self._topology.get_server_session()
  File "e:\MealMate\backend\venv\lib\site-packages\pymongo\topology.py", line 520, in get_server_session
    session_timeout = self._check_session_support()
  File "e:\MealMate\backend\venv\lib\site-packages\pymongo\topology.py", line 499, in _check_session_support
    self._select_servers_loop(
  File "e:\MealMate\backend\venv\lib\site-packages\pymongo\topology.py", line 218, in _select_servers_loop
    raise ServerSelectionTimeoutError(
pymongo.errors.ServerSelectionTimeoutError: localhost:27017: [WinError 10061] No connection could be made because the target machine actively refused it, Timeout: 30s, Topology Description: <TopologyDescription id: 6a75cc835f498b469edb3ae5, topology_type: Single, servers: [<ServerDescription ('localhost', 27017) server_type: Unknown, rtt: None, error=AutoReconnect('localhost:27017: [WinError 10061] No connection could be made because the target machine actively refused it')>]>
--------------------------------------------------------------------------------
Exception on /api/delivery/orders/:
Traceback (most recent call last):
  File "e:\MealMate\backend\venv\lib\site-packages\django\core\handlers\base.py", line 181, in _get_response
    response = wrapped_callback(request, *callback_args, **callback_kwargs)
  File "e:\MealMate\backend\venv\lib\site-packages\django\views\decorators\csrf.py", line 54, in wrapped_view
    return view_func(*args, **kwargs)
  File "e:\MealMate\backend\venv\lib\site-packages\rest_framework\viewsets.py", line 125, in view
    return self.dispatch(request, *args, **kwargs)
  File "e:\MealMate\backend\venv\lib\site-packages\rest_framework\views.py", line 509, in dispatch
    response = self.handle_exception(exc)
  File "e:\MealMate\backend\venv\lib\site-packages\rest_framework\views.py", line 469, in handle_exception
    self.raise_uncaught_exception(exc)
  File "e:\MealMate\backend\venv\lib\site-packages\rest_framework\views.py", line 480, in raise_uncaught_exception
    raise exc
  File "e:\MealMate\backend\venv\lib\site-packages\rest_framework\views.py", line 506, in dispatch
    response = handler(request, *args, **kwargs)
  File "E:\MealMate\backend\core\api\delivery_api\views.py", line 28, in list
    for doc in orders_cursor:
  File "e:\MealMate\backend\venv\lib\site-packages\pymongo\cursor.py", line 1238, in next
    if len(self.__data) or self._refresh():
  File "e:\MealMate\backend\venv\lib\site-packages\pymongo\cursor.py", line 1130, in _refresh
    self.__session = self.__collection.database.client._ensure_session()
  File "e:\MealMate\backend\venv\lib\site-packages\pymongo\mongo_client.py", line 1935, in _ensure_session
    return self.__start_session(True, causal_consistency=False)
  File "e:\MealMate\backend\venv\lib\site-packages\pymongo\mongo_client.py", line 1883, in __start_session
    server_session = self._get_server_session()
  File "e:\MealMate\backend\venv\lib\site-packages\pymongo\mongo_client.py", line 1921, in _get_server_session
    return self._topology.get_server_session()
  File "e:\MealMate\backend\venv\lib\site-packages\pymongo\topology.py", line 520, in get_server_session
    session_timeout = self._check_session_support()
  File "e:\MealMate\backend\venv\lib\site-packages\pymongo\topology.py", line 499, in _check_session_support
    self._select_servers_loop(
  File "e:\MealMate\backend\venv\lib\site-packages\pymongo\topology.py", line 218, in _select_servers_loop
    raise ServerSelectionTimeoutError(
pymongo.errors.ServerSelectionTimeoutError: localhost:27017: [WinError 10061] No connection could be made because the target machine actively refused it, Timeout: 30s, Topology Description: <TopologyDescription id: 6a75ccbf5f498b469edb3ae6, topology_type: Single, servers: [<ServerDescription ('localhost', 27017) server_type: Unknown, rtt: None, error=AutoReconnect('localhost:27017: [WinError 10061] No connection could be made because the target machine actively refused it')>]>
--------------------------------------------------------------------------------
Exception on /api/delivery/orders/:
Traceback (most recent call last):
  File "e:\MealMate\backend\venv\lib\site-packages\django\core\handlers\base.py", line 181, in _get_response
    response = wrapped_callback(request, *callback_args, **callback_kwargs)
  File "e:\MealMate\backend\venv\lib\site-packages\django\views\decorators\csrf.py", line 54, in wrapped_view
    return view_func(*args, **kwargs)
  File "e:\MealMate\backend\venv\lib\site-packages\rest_framework\viewsets.py", line 125, in view
    return self.dispatch(request, *args, **kwargs)
  File "e:\MealMate\backend\venv\lib\site-packages\rest_framework\views.py", line 509, in dispatch
    response = self.handle_exception(exc)
  File "e:\MealMate\backend\venv\lib\site-packages\rest_framework\views.py", line 469, in handle_exception
    self.raise_uncaught_exception(exc)
  File "e:\MealMate\backend\venv\lib\site-packages\rest_framework\views.py", line 480, in raise_uncaught_exception
    raise exc
  File "e:\MealMate\backend\venv\lib\site-packages\rest_framework\views.py", line 506, in dispatch
    response = handler(request, *args, **kwargs)
  File "E:\MealMate\backend\core\api\delivery_api\views.py", line 28, in list
    for doc in orders_cursor:
  File "e:\MealMate\backend\venv\lib\site-packages\pymongo\cursor.py", line 1238, in next
    if len(self.__data) or self._refresh():
  File "e:\MealMate\backend\venv\lib\site-packages\pymongo\cursor.py", line 1130, in _refresh
    self.__session = self.__collection.database.client._ensure_session()
  File "e:\MealMate\backend\venv\lib\site-packages\pymongo\mongo_client.py", line 1935, in _ensure_session
    return self.__start_session(True, causal_consistency=False)
  File "e:\MealMate\backend\venv\lib\site-packages\pymongo\mongo_client.py", line 1883, in __start_session
    server_session = self._get_server_session()
  File "e:\MealMate\backend\venv\lib\site-packages\pymongo\mongo_client.py", line 1921, in _get_server_session
    return self._topology.get_server_session()
  File "e:\MealMate\backend\venv\lib\site-packages\pymongo\topology.py", line 520, in get_server_session
    session_timeout = self._check_session_support()
  File "e:\MealMate\backend\venv\lib\site-packages\pymongo\topology.py", line 499, in _check_session_support
    self._select_servers_loop(
  File "e:\MealMate\backend\venv\lib\site-packages\pymongo\topology.py", line 218, in _select_servers_loop
    raise ServerSelectionTimeoutError(
pymongo.errors.ServerSelectionTimeoutError: localhost:27017: [WinError 10061] No connection could be made because the target machine actively refused it, Timeout: 30s, Topology Description: <TopologyDescription id: 6a75ccfb5f498b469edb3ae7, topology_type: Single, servers: [<ServerDescription ('localhost', 27017) server_type: Unknown, rtt: None, error=AutoReconnect('localhost:27017: [WinError 10061] No connection could be made because the target machine actively refused it')>]>
--------------------------------------------------------------------------------
Exception on /api/delivery/orders/:
Traceback (most recent call last):
  File "e:\MealMate\backend\venv\lib\site-packages\django\core\handlers\base.py", line 181, in _get_response
    response = wrapped_callback(request, *callback_args, **callback_kwargs)
  File "e:\MealMate\backend\venv\lib\site-packages\django\views\decorators\csrf.py", line 54, in wrapped_view
    return view_func(*args, **kwargs)
  File "e:\MealMate\backend\venv\lib\site-packages\rest_framework\viewsets.py", line 125, in view
    return self.dispatch(request, *args, **kwargs)
  File "e:\MealMate\backend\venv\lib\site-packages\rest_framework\views.py", line 509, in dispatch
    response = self.handle_exception(exc)
  File "e:\MealMate\backend\venv\lib\site-packages\rest_framework\views.py", line 469, in handle_exception
    self.raise_uncaught_exception(exc)
  File "e:\MealMate\backend\venv\lib\site-packages\rest_framework\views.py", line 480, in raise_uncaught_exception
    raise exc
  File "e:\MealMate\backend\venv\lib\site-packages\rest_framework\views.py", line 506, in dispatch
    response = handler(request, *args, **kwargs)
  File "E:\MealMate\backend\core\api\delivery_api\views.py", line 28, in list
    for doc in orders_cursor:
  File "e:\MealMate\backend\venv\lib\site-packages\pymongo\cursor.py", line 1238, in next
    if len(self.__data) or self._refresh():
  File "e:\MealMate\backend\venv\lib\site-packages\pymongo\cursor.py", line 1130, in _refresh
    self.__session = self.__collection.database.client._ensure_session()
  File "e:\MealMate\backend\venv\lib\site-packages\pymongo\mongo_client.py", line 1935, in _ensure_session
    return self.__start_session(True, causal_consistency=False)
  File "e:\MealMate\backend\venv\lib\site-packages\pymongo\mongo_client.py", line 1883, in __start_session
    server_session = self._get_server_session()
  File "e:\MealMate\backend\venv\lib\site-packages\pymongo\mongo_client.py", line 1921, in _get_server_session
    return self._topology.get_server_session()
  File "e:\MealMate\backend\venv\lib\site-packages\pymongo\topology.py", line 520, in get_server_session
    session_timeout = self._check_session_support()
  File "e:\MealMate\backend\venv\lib\site-packages\pymongo\topology.py", line 499, in _check_session_support
    self._select_servers_loop(
  File "e:\MealMate\backend\venv\lib\site-packages\pymongo\topology.py", line 218, in _select_servers_loop
    raise ServerSelectionTimeoutError(
pymongo.errors.ServerSelectionTimeoutError: localhost:27017: [WinError 10061] No connection could be made because the target machine actively refused it, Timeout: 30s, Topology Description: <TopologyDescription id: 6a75cd375f498b469edb3ae8, topology_type: Single, servers: [<ServerDescription ('localhost', 27017) server_type: Unknown, rtt: None, error=AutoReconnect('localhost:27017: [WinError 10061] No connection could be made because the target machine actively refused it')>]>
--------------------------------------------------------------------------------
Exception on /api/delivery/orders/:
Traceback (most recent call last):
  File "e:\MealMate\backend\venv\lib\site-packages\django\core\handlers\base.py", line 181, in _get_response
    response = wrapped_callback(request, *callback_args, **callback_kwargs)
  File "e:\MealMate\backend\venv\lib\site-packages\django\views\decorators\csrf.py", line 54, in wrapped_view
    return view_func(*args, **kwargs)
  File "e:\MealMate\backend\venv\lib\site-packages\rest_framework\viewsets.py", line 125, in view
    return self.dispatch(request, *args, **kwargs)
  File "e:\MealMate\backend\venv\lib\site-packages\rest_framework\views.py", line 509, in dispatch
    response = self.handle_exception(exc)
  File "e:\MealMate\backend\venv\lib\site-packages\rest_framework\views.py", line 469, in handle_exception
    self.raise_uncaught_exception(exc)
  File "e:\MealMate\backend\venv\lib\site-packages\rest_framework\views.py", line 480, in raise_uncaught_exception
    raise exc
  File "e:\MealMate\backend\venv\lib\site-packages\rest_framework\views.py", line 506, in dispatch
    response = handler(request, *args, **kwargs)
  File "E:\MealMate\backend\core\api\delivery_api\views.py", line 28, in list
    for doc in orders_cursor:
  File "e:\MealMate\backend\venv\lib\site-packages\pymongo\cursor.py", line 1238, in next
    if len(self.__data) or self._refresh():
  File "e:\MealMate\backend\venv\lib\site-packages\pymongo\cursor.py", line 1130, in _refresh
    self.__session = self.__collection.database.client._ensure_session()
  File "e:\MealMate\backend\venv\lib\site-packages\pymongo\mongo_client.py", line 1935, in _ensure_session
    return self.__start_session(True, causal_consistency=False)
  File "e:\MealMate\backend\venv\lib\site-packages\pymongo\mongo_client.py", line 1883, in __start_session
    server_session = self._get_server_session()
  File "e:\MealMate\backend\venv\lib\site-packages\pymongo\mongo_client.py", line 1921, in _get_server_session
    return self._topology.get_server_session()
  File "e:\MealMate\backend\venv\lib\site-packages\pymongo\topology.py", line 520, in get_server_session
    session_timeout = self._check_session_support()
  File "e:\MealMate\backend\venv\lib\site-packages\pymongo\topology.py", line 499, in _check_session_support
    self._select_servers_loop(
  File "e:\MealMate\backend\venv\lib\site-packages\pymongo\topology.py", line 218, in _select_servers_loop
    raise ServerSelectionTimeoutError(
pymongo.errors.ServerSelectionTimeoutError: localhost:27017: [WinError 10061] No connection could be made because the target machine actively refused it, Timeout: 30s, Topology Description: <TopologyDescription id: 6a75cd735f498b469edb3ae9, topology_type: Single, servers: [<ServerDescription ('localhost', 27017) server_type: Unknown, rtt: None, error=AutoReconnect('localhost:27017: [WinError 10061] No connection could be made because the target machine actively refused it')>]>
--------------------------------------------------------------------------------
Exception on /api/delivery/orders/:
Traceback (most recent call last):
  File "e:\MealMate\backend\venv\lib\site-packages\django\core\handlers\base.py", line 181, in _get_response
    response = wrapped_callback(request, *callback_args, **callback_kwargs)
  File "e:\MealMate\backend\venv\lib\site-packages\django\views\decorators\csrf.py", line 54, in wrapped_view
    return view_func(*args, **kwargs)
  File "e:\MealMate\backend\venv\lib\site-packages\rest_framework\viewsets.py", line 125, in view
    return self.dispatch(request, *args, **kwargs)
  File "e:\MealMate\backend\venv\lib\site-packages\rest_framework\views.py", line 509, in dispatch
    response = self.handle_exception(exc)
  File "e:\MealMate\backend\venv\lib\site-packages\rest_framework\views.py", line 469, in handle_exception
    self.raise_uncaught_exception(exc)
  File "e:\MealMate\backend\venv\lib\site-packages\rest_framework\views.py", line 480, in raise_uncaught_exception
    raise exc
  File "e:\MealMate\backend\venv\lib\site-packages\rest_framework\views.py", line 506, in dispatch
    response = handler(request, *args, **kwargs)
  File "E:\MealMate\backend\core\api\delivery_api\views.py", line 28, in list
    for doc in orders_cursor:
  File "e:\MealMate\backend\venv\lib\site-packages\pymongo\cursor.py", line 1238, in next
    if len(self.__data) or self._refresh():
  File "e:\MealMate\backend\venv\lib\site-packages\pymongo\cursor.py", line 1130, in _refresh
    self.__session = self.__collection.database.client._ensure_session()
  File "e:\MealMate\backend\venv\lib\site-packages\pymongo\mongo_client.py", line 1935, in _ensure_session
    return self.__start_session(True, causal_consistency=False)
  File "e:\MealMate\backend\venv\lib\site-packages\pymongo\mongo_client.py", line 1883, in __start_session
    server_session = self._get_server_session()
  File "e:\MealMate\backend\venv\lib\site-packages\pymongo\mongo_client.py", line 1921, in _get_server_session
    return self._topology.get_server_session()
  File "e:\MealMate\backend\venv\lib\site-packages\pymongo\topology.py", line 520, in get_server_session
    session_timeout = self._check_session_support()
  File "e:\MealMate\backend\venv\lib\site-packages\pymongo\topology.py", line 499, in _check_session_support
    self._select_servers_loop(
  File "e:\MealMate\backend\venv\lib\site-packages\pymongo\topology.py", line 218, in _select_servers_loop
    raise ServerSelectionTimeoutError(
pymongo.errors.ServerSelectionTimeoutError: localhost:27017: [WinError 10061] No connection could be made because the target machine actively refused it, Timeout: 30s, Topology Description: <TopologyDescription id: 6a75cdaf5f498b469edb3aea, topology_type: Single, servers: [<ServerDescription ('localhost', 27017) server_type: Unknown, rtt: None, error=AutoReconnect('localhost:27017: [WinError 10061] No connection could be made because the target machine actively refused it')>]>
--------------------------------------------------------------------------------
Exception on /api/delivery/orders/:
Traceback (most recent call last):
  File "e:\MealMate\backend\venv\lib\site-packages\django\core\handlers\base.py", line 181, in _get_response
    response = wrapped_callback(request, *callback_args, **callback_kwargs)
  File "e:\MealMate\backend\venv\lib\site-packages\django\views\decorators\csrf.py", line 54, in wrapped_view
    return view_func(*args, **kwargs)
  File "e:\MealMate\backend\venv\lib\site-packages\rest_framework\viewsets.py", line 125, in view
    return self.dispatch(request, *args, **kwargs)
  File "e:\MealMate\backend\venv\lib\site-packages\rest_framework\views.py", line 509, in dispatch
    response = self.handle_exception(exc)
  File "e:\MealMate\backend\venv\lib\site-packages\rest_framework\views.py", line 469, in handle_exception
    self.raise_uncaught_exception(exc)
  File "e:\MealMate\backend\venv\lib\site-packages\rest_framework\views.py", line 480, in raise_uncaught_exception
    raise exc
  File "e:\MealMate\backend\venv\lib\site-packages\rest_framework\views.py", line 506, in dispatch
    response = handler(request, *args, **kwargs)
  File "E:\MealMate\backend\core\api\delivery_api\views.py", line 28, in list
    for doc in orders_cursor:
  File "e:\MealMate\backend\venv\lib\site-packages\pymongo\cursor.py", line 1238, in next
    if len(self.__data) or self._refresh():
  File "e:\MealMate\backend\venv\lib\site-packages\pymongo\cursor.py", line 1130, in _refresh
    self.__session = self.__collection.database.client._ensure_session()
  File "e:\MealMate\backend\venv\lib\site-packages\pymongo\mongo_client.py", line 1935, in _ensure_session
    return self.__start_session(True, causal_consistency=False)
  File "e:\MealMate\backend\venv\lib\site-packages\pymongo\mongo_client.py", line 1883, in __start_session
    server_session = self._get_server_session()
  File "e:\MealMate\backend\venv\lib\site-packages\pymongo\mongo_client.py", line 1921, in _get_server_session
    return self._topology.get_server_session()
  File "e:\MealMate\backend\venv\lib\site-packages\pymongo\topology.py", line 520, in get_server_session
    session_timeout = self._check_session_support()
  File "e:\MealMate\backend\venv\lib\site-packages\pymongo\topology.py", line 499, in _check_session_support
    self._select_servers_loop(
  File "e:\MealMate\backend\venv\lib\site-packages\pymongo\topology.py", line 218, in _select_servers_loop
    raise ServerSelectionTimeoutError(
pymongo.errors.ServerSelectionTimeoutError: localhost:27017: [WinError 10061] No connection could be made because the target machine actively refused it, Timeout: 30s, Topology Description: <TopologyDescription id: 6a75cdeb5f498b469edb3aeb, topology_type: Single, servers: [<ServerDescription ('localhost', 27017) server_type: Unknown, rtt: None, error=AutoReconnect('localhost:27017: [WinError 10061] No connection could be made because the target machine actively refused it')>]>
--------------------------------------------------------------------------------
Exception on /api/delivery/orders/:
Traceback (most recent call last):
  File "e:\MealMate\backend\venv\lib\site-packages\django\core\handlers\base.py", line 181, in _get_response
    response = wrapped_callback(request, *callback_args, **callback_kwargs)
  File "e:\MealMate\backend\venv\lib\site-packages\django\views\decorators\csrf.py", line 54, in wrapped_view
    return view_func(*args, **kwargs)
  File "e:\MealMate\backend\venv\lib\site-packages\rest_framework\viewsets.py", line 125, in view
    return self.dispatch(request, *args, **kwargs)
  File "e:\MealMate\backend\venv\lib\site-packages\rest_framework\views.py", line 509, in dispatch
    response = self.handle_exception(exc)
  File "e:\MealMate\backend\venv\lib\site-packages\rest_framework\views.py", line 469, in handle_exception
    self.raise_uncaught_exception(exc)
  File "e:\MealMate\backend\venv\lib\site-packages\rest_framework\views.py", line 480, in raise_uncaught_exception
    raise exc
  File "e:\MealMate\backend\venv\lib\site-packages\rest_framework\views.py", line 506, in dispatch
    response = handler(request, *args, **kwargs)
  File "E:\MealMate\backend\core\api\delivery_api\views.py", line 28, in list
    for doc in orders_cursor:
  File "e:\MealMate\backend\venv\lib\site-packages\pymongo\cursor.py", line 1238, in next
    if len(self.__data) or self._refresh():
  File "e:\MealMate\backend\venv\lib\site-packages\pymongo\cursor.py", line 1130, in _refresh
    self.__session = self.__collection.database.client._ensure_session()
  File "e:\MealMate\backend\venv\lib\site-packages\pymongo\mongo_client.py", line 1935, in _ensure_session
    return self.__start_session(True, causal_consistency=False)
  File "e:\MealMate\backend\venv\lib\site-packages\pymongo\mongo_client.py", line 1883, in __start_session
    server_session = self._get_server_session()
  File "e:\MealMate\backend\venv\lib\site-packages\pymongo\mongo_client.py", line 1921, in _get_server_session
    return self._topology.get_server_session()
  File "e:\MealMate\backend\venv\lib\site-packages\pymongo\topology.py", line 520, in get_server_session
    session_timeout = self._check_session_support()
  File "e:\MealMate\backend\venv\lib\site-packages\pymongo\topology.py", line 499, in _check_session_support
    self._select_servers_loop(
  File "e:\MealMate\backend\venv\lib\site-packages\pymongo\topology.py", line 218, in _select_servers_loop
    raise ServerSelectionTimeoutError(
pymongo.errors.ServerSelectionTimeoutError: localhost:27017: [WinError 10061] No connection could be made because the target machine actively refused it, Timeout: 30s, Topology Description: <TopologyDescription id: 6a75ce275f498b469edb3aec, topology_type: Single, servers: [<ServerDescription ('localhost', 27017) server_type: Unknown, rtt: None, error=AutoReconnect('localhost:27017: [WinError 10061] No connection could be made because the target machine actively refused it')>]>
--------------------------------------------------------------------------------
Exception on /api/delivery/orders/:
Traceback (most recent call last):
  File "e:\MealMate\backend\venv\lib\site-packages\django\core\handlers\base.py", line 181, in _get_response
    response = wrapped_callback(request, *callback_args, **callback_kwargs)
  File "e:\MealMate\backend\venv\lib\site-packages\django\views\decorators\csrf.py", line 54, in wrapped_view
    return view_func(*args, **kwargs)
  File "e:\MealMate\backend\venv\lib\site-packages\rest_framework\viewsets.py", line 125, in view
    return self.dispatch(request, *args, **kwargs)
  File "e:\MealMate\backend\venv\lib\site-packages\rest_framework\views.py", line 509, in dispatch
    response = self.handle_exception(exc)
  File "e:\MealMate\backend\venv\lib\site-packages\rest_framework\views.py", line 469, in handle_exception
    self.raise_uncaught_exception(exc)
  File "e:\MealMate\backend\venv\lib\site-packages\rest_framework\views.py", line 480, in raise_uncaught_exception
    raise exc
  File "e:\MealMate\backend\venv\lib\site-packages\rest_framework\views.py", line 506, in dispatch
    response = handler(request, *args, **kwargs)
  File "E:\MealMate\backend\core\api\delivery_api\views.py", line 28, in list
    for doc in orders_cursor:
  File "e:\MealMate\backend\venv\lib\site-packages\pymongo\cursor.py", line 1238, in next
    if len(self.__data) or self._refresh():
  File "e:\MealMate\backend\venv\lib\site-packages\pymongo\cursor.py", line 1130, in _refresh
    self.__session = self.__collection.database.client._ensure_session()
  File "e:\MealMate\backend\venv\lib\site-packages\pymongo\mongo_client.py", line 1935, in _ensure_session
    return self.__start_session(True, causal_consistency=False)
  File "e:\MealMate\backend\venv\lib\site-packages\pymongo\mongo_client.py", line 1883, in __start_session
    server_session = self._get_server_session()
  File "e:\MealMate\backend\venv\lib\site-packages\pymongo\mongo_client.py", line 1921, in _get_server_session
    return self._topology.get_server_session()
  File "e:\MealMate\backend\venv\lib\site-packages\pymongo\topology.py", line 520, in get_server_session
    session_timeout = self._check_session_support()
  File "e:\MealMate\backend\venv\lib\site-packages\pymongo\topology.py", line 499, in _check_session_support
    self._select_servers_loop(
  File "e:\MealMate\backend\venv\lib\site-packages\pymongo\topology.py", line 218, in _select_servers_loop
    raise ServerSelectionTimeoutError(
pymongo.errors.ServerSelectionTimeoutError: localhost:27017: [WinError 10061] No connection could be made because the target machine actively refused it, Timeout: 30s, Topology Description: <TopologyDescription id: 6a75ce635f498b469edb3aed, topology_type: Single, servers: [<ServerDescription ('localhost', 27017) server_type: Unknown, rtt: None, error=AutoReconnect('localhost:27017: [WinError 10061] No connection could be made because the target machine actively refused it')>]>
--------------------------------------------------------------------------------
Exception on /api/delivery/orders/:
Traceback (most recent call last):
  File "e:\MealMate\backend\venv\lib\site-packages\django\core\handlers\base.py", line 181, in _get_response
    response = wrapped_callback(request, *callback_args, **callback_kwargs)
  File "e:\MealMate\backend\venv\lib\site-packages\django\views\decorators\csrf.py", line 54, in wrapped_view
    return view_func(*args, **kwargs)
  File "e:\MealMate\backend\venv\lib\site-packages\rest_framework\viewsets.py", line 125, in view
    return self.dispatch(request, *args, **kwargs)
  File "e:\MealMate\backend\venv\lib\site-packages\rest_framework\views.py", line 509, in dispatch
    response = self.handle_exception(exc)
  File "e:\MealMate\backend\venv\lib\site-packages\rest_framework\views.py", line 469, in handle_exception
    self.raise_uncaught_exception(exc)
  File "e:\MealMate\backend\venv\lib\site-packages\rest_framework\views.py", line 480, in raise_uncaught_exception
    raise exc
  File "e:\MealMate\backend\venv\lib\site-packages\rest_framework\views.py", line 506, in dispatch
    response = handler(request, *args, **kwargs)
  File "E:\MealMate\backend\core\api\delivery_api\views.py", line 28, in list
    for doc in orders_cursor:
  File "e:\MealMate\backend\venv\lib\site-packages\pymongo\cursor.py", line 1238, in next
    if len(self.__data) or self._refresh():
  File "e:\MealMate\backend\venv\lib\site-packages\pymongo\cursor.py", line 1130, in _refresh
    self.__session = self.__collection.database.client._ensure_session()
  File "e:\MealMate\backend\venv\lib\site-packages\pymongo\mongo_client.py", line 1935, in _ensure_session
    return self.__start_session(True, causal_consistency=False)
  File "e:\MealMate\backend\venv\lib\site-packages\pymongo\mongo_client.py", line 1883, in __start_session
    server_session = self._get_server_session()
  File "e:\MealMate\backend\venv\lib\site-packages\pymongo\mongo_client.py", line 1921, in _get_server_session
    return self._topology.get_server_session()
  File "e:\MealMate\backend\venv\lib\site-packages\pymongo\topology.py", line 520, in get_server_session
    session_timeout = self._check_session_support()
  File "e:\MealMate\backend\venv\lib\site-packages\pymongo\topology.py", line 499, in _check_session_support
    self._select_servers_loop(
  File "e:\MealMate\backend\venv\lib\site-packages\pymongo\topology.py", line 218, in _select_servers_loop
    raise ServerSelectionTimeoutError(
pymongo.errors.ServerSelectionTimeoutError: localhost:27017: [WinError 10061] No connection could be made because the target machine actively refused it, Timeout: 30s, Topology Description: <TopologyDescription id: 6a75ce9f5f498b469edb3aee, topology_type: Single, servers: [<ServerDescription ('localhost', 27017) server_type: Unknown, rtt: None, error=AutoReconnect('localhost:27017: [WinError 10061] No connection could be made because the target machine actively refused it')>]>
--------------------------------------------------------------------------------
Exception on /api/delivery/orders/:
Traceback (most recent call last):
  File "e:\MealMate\backend\venv\lib\site-packages\django\core\handlers\base.py", line 181, in _get_response
    response = wrapped_callback(request, *callback_args, **callback_kwargs)
  File "e:\MealMate\backend\venv\lib\site-packages\django\views\decorators\csrf.py", line 54, in wrapped_view
    return view_func(*args, **kwargs)
  File "e:\MealMate\backend\venv\lib\site-packages\rest_framework\viewsets.py", line 125, in view
    return self.dispatch(request, *args, **kwargs)
  File "e:\MealMate\backend\venv\lib\site-packages\rest_framework\views.py", line 509, in dispatch
    response = self.handle_exception(exc)
  File "e:\MealMate\backend\venv\lib\site-packages\rest_framework\views.py", line 469, in handle_exception
    self.raise_uncaught_exception(exc)
  File "e:\MealMate\backend\venv\lib\site-packages\rest_framework\views.py", line 480, in raise_uncaught_exception
    raise exc
  File "e:\MealMate\backend\venv\lib\site-packages\rest_framework\views.py", line 506, in dispatch
    response = handler(request, *args, **kwargs)
  File "E:\MealMate\backend\core\api\delivery_api\views.py", line 28, in list
    for doc in orders_cursor:
  File "e:\MealMate\backend\venv\lib\site-packages\pymongo\cursor.py", line 1238, in next
    if len(self.__data) or self._refresh():
  File "e:\MealMate\backend\venv\lib\site-packages\pymongo\cursor.py", line 1130, in _refresh
    self.__session = self.__collection.database.client._ensure_session()
  File "e:\MealMate\backend\venv\lib\site-packages\pymongo\mongo_client.py", line 1935, in _ensure_session
    return self.__start_session(True, causal_consistency=False)
  File "e:\MealMate\backend\venv\lib\site-packages\pymongo\mongo_client.py", line 1883, in __start_session
    server_session = self._get_server_session()
  File "e:\MealMate\backend\venv\lib\site-packages\pymongo\mongo_client.py", line 1921, in _get_server_session
    return self._topology.get_server_session()
  File "e:\MealMate\backend\venv\lib\site-packages\pymongo\topology.py", line 520, in get_server_session
    session_timeout = self._check_session_support()
  File "e:\MealMate\backend\venv\lib\site-packages\pymongo\topology.py", line 499, in _check_session_support
    self._select_servers_loop(
  File "e:\MealMate\backend\venv\lib\site-packages\pymongo\topology.py", line 218, in _select_servers_loop
    raise ServerSelectionTimeoutError(
pymongo.errors.ServerSelectionTimeoutError: localhost:27017: [WinError 10061] No connection could be made because the target machine actively refused it, Timeout: 30s, Topology Description: <TopologyDescription id: 6a75cedb5f498b469edb3aef, topology_type: Single, servers: [<ServerDescription ('localhost', 27017) server_type: Unknown, rtt: None, error=AutoReconnect('localhost:27017: [WinError 10061] No connection could be made because the target machine actively refused it')>]>
--------------------------------------------------------------------------------
Exception on /api/delivery/orders/:
Traceback (most recent call last):
  File "e:\MealMate\backend\venv\lib\site-packages\django\core\handlers\base.py", line 181, in _get_response
    response = wrapped_callback(request, *callback_args, **callback_kwargs)
  File "e:\MealMate\backend\venv\lib\site-packages\django\views\decorators\csrf.py", line 54, in wrapped_view
    return view_func(*args, **kwargs)
  File "e:\MealMate\backend\venv\lib\site-packages\rest_framework\viewsets.py", line 125, in view
    return self.dispatch(request, *args, **kwargs)
  File "e:\MealMate\backend\venv\lib\site-packages\rest_framework\views.py", line 509, in dispatch
    response = self.handle_exception(exc)
  File "e:\MealMate\backend\venv\lib\site-packages\rest_framework\views.py", line 469, in handle_exception
    self.raise_uncaught_exception(exc)
  File "e:\MealMate\backend\venv\lib\site-packages\rest_framework\views.py", line 480, in raise_uncaught_exception
    raise exc
  File "e:\MealMate\backend\venv\lib\site-packages\rest_framework\views.py", line 506, in dispatch
    response = handler(request, *args, **kwargs)
  File "E:\MealMate\backend\core\api\delivery_api\views.py", line 28, in list
    for doc in orders_cursor:
  File "e:\MealMate\backend\venv\lib\site-packages\pymongo\cursor.py", line 1238, in next
    if len(self.__data) or self._refresh():
  File "e:\MealMate\backend\venv\lib\site-packages\pymongo\cursor.py", line 1130, in _refresh
    self.__session = self.__collection.database.client._ensure_session()
  File "e:\MealMate\backend\venv\lib\site-packages\pymongo\mongo_client.py", line 1935, in _ensure_session
    return self.__start_session(True, causal_consistency=False)
  File "e:\MealMate\backend\venv\lib\site-packages\pymongo\mongo_client.py", line 1883, in __start_session
    server_session = self._get_server_session()
  File "e:\MealMate\backend\venv\lib\site-packages\pymongo\mongo_client.py", line 1921, in _get_server_session
    return self._topology.get_server_session()
  File "e:\MealMate\backend\venv\lib\site-packages\pymongo\topology.py", line 520, in get_server_session
    session_timeout = self._check_session_support()
  File "e:\MealMate\backend\venv\lib\site-packages\pymongo\topology.py", line 499, in _check_session_support
    self._select_servers_loop(
  File "e:\MealMate\backend\venv\lib\site-packages\pymongo\topology.py", line 218, in _select_servers_loop
    raise ServerSelectionTimeoutError(
pymongo.errors.ServerSelectionTimeoutError: localhost:27017: [WinError 10061] No connection could be made because the target machine actively refused it, Timeout: 30s, Topology Description: <TopologyDescription id: 6a75cf175f498b469edb3af0, topology_type: Single, servers: [<ServerDescription ('localhost', 27017) server_type: Unknown, rtt: None, error=AutoReconnect('localhost:27017: [WinError 10061] No connection could be made because the target machine actively refused it')>]>
--------------------------------------------------------------------------------
Exception on /api/delivery/orders/:
Traceback (most recent call last):
  File "e:\MealMate\backend\venv\lib\site-packages\django\core\handlers\base.py", line 181, in _get_response
    response = wrapped_callback(request, *callback_args, **callback_kwargs)
  File "e:\MealMate\backend\venv\lib\site-packages\django\views\decorators\csrf.py", line 54, in wrapped_view
    return view_func(*args, **kwargs)
  File "e:\MealMate\backend\venv\lib\site-packages\rest_framework\viewsets.py", line 125, in view
    return self.dispatch(request, *args, **kwargs)
  File "e:\MealMate\backend\venv\lib\site-packages\rest_framework\views.py", line 509, in dispatch
    response = self.handle_exception(exc)
  File "e:\MealMate\backend\venv\lib\site-packages\rest_framework\views.py", line 469, in handle_exception
    self.raise_uncaught_exception(exc)
  File "e:\MealMate\backend\venv\lib\site-packages\rest_framework\views.py", line 480, in raise_uncaught_exception
    raise exc
  File "e:\MealMate\backend\venv\lib\site-packages\rest_framework\views.py", line 506, in dispatch
    response = handler(request, *args, **kwargs)
  File "E:\MealMate\backend\core\api\delivery_api\views.py", line 28, in list
    for doc in orders_cursor:
  File "e:\MealMate\backend\venv\lib\site-packages\pymongo\cursor.py", line 1238, in next
    if len(self.__data) or self._refresh():
  File "e:\MealMate\backend\venv\lib\site-packages\pymongo\cursor.py", line 1130, in _refresh
    self.__session = self.__collection.database.client._ensure_session()
  File "e:\MealMate\backend\venv\lib\site-packages\pymongo\mongo_client.py", line 1935, in _ensure_session
    return self.__start_session(True, causal_consistency=False)
  File "e:\MealMate\backend\venv\lib\site-packages\pymongo\mongo_client.py", line 1883, in __start_session
    server_session = self._get_server_session()
  File "e:\MealMate\backend\venv\lib\site-packages\pymongo\mongo_client.py", line 1921, in _get_server_session
    return self._topology.get_server_session()
  File "e:\MealMate\backend\venv\lib\site-packages\pymongo\topology.py", line 520, in get_server_session
    session_timeout = self._check_session_support()
  File "e:\MealMate\backend\venv\lib\site-packages\pymongo\topology.py", line 499, in _check_session_support
    self._select_servers_loop(
  File "e:\MealMate\backend\venv\lib\site-packages\pymongo\topology.py", line 218, in _select_servers_loop
    raise ServerSelectionTimeoutError(
pymongo.errors.ServerSelectionTimeoutError: localhost:27017: [WinError 10061] No connection could be made because the target machine actively refused it, Timeout: 30s, Topology Description: <TopologyDescription id: 6a75cf535f498b469edb3af1, topology_type: Single, servers: [<ServerDescription ('localhost', 27017) server_type: Unknown, rtt: None, error=AutoReconnect('localhost:27017: [WinError 10061] No connection could be made because the target machine actively refused it')>]>
--------------------------------------------------------------------------------
Exception on /api/delivery/orders/:
Traceback (most recent call last):
  File "e:\MealMate\backend\venv\lib\site-packages\django\core\handlers\base.py", line 181, in _get_response
    response = wrapped_callback(request, *callback_args, **callback_kwargs)
  File "e:\MealMate\backend\venv\lib\site-packages\django\views\decorators\csrf.py", line 54, in wrapped_view
    return view_func(*args, **kwargs)
  File "e:\MealMate\backend\venv\lib\site-packages\rest_framework\viewsets.py", line 125, in view
    return self.dispatch(request, *args, **kwargs)
  File "e:\MealMate\backend\venv\lib\site-packages\rest_framework\views.py", line 509, in dispatch
    response = self.handle_exception(exc)
  File "e:\MealMate\backend\venv\lib\site-packages\rest_framework\views.py", line 469, in handle_exception
    self.raise_uncaught_exception(exc)
  File "e:\MealMate\backend\venv\lib\site-packages\rest_framework\views.py", line 480, in raise_uncaught_exception
    raise exc
  File "e:\MealMate\backend\venv\lib\site-packages\rest_framework\views.py", line 506, in dispatch
    response = handler(request, *args, **kwargs)
  File "E:\MealMate\backend\core\api\delivery_api\views.py", line 28, in list
    for doc in orders_cursor:
  File "e:\MealMate\backend\venv\lib\site-packages\pymongo\cursor.py", line 1238, in next
    if len(self.__data) or self._refresh():
  File "e:\MealMate\backend\venv\lib\site-packages\pymongo\cursor.py", line 1130, in _refresh
    self.__session = self.__collection.database.client._ensure_session()
  File "e:\MealMate\backend\venv\lib\site-packages\pymongo\mongo_client.py", line 1935, in _ensure_session
    return self.__start_session(True, causal_consistency=False)
  File "e:\MealMate\backend\venv\lib\site-packages\pymongo\mongo_client.py", line 1883, in __start_session
    server_session = self._get_server_session()
  File "e:\MealMate\backend\venv\lib\site-packages\pymongo\mongo_client.py", line 1921, in _get_server_session
    return self._topology.get_server_session()
  File "e:\MealMate\backend\venv\lib\site-packages\pymongo\topology.py", line 520, in get_server_session
    session_timeout = self._check_session_support()
  File "e:\MealMate\backend\venv\lib\site-packages\pymongo\topology.py", line 499, in _check_session_support
    self._select_servers_loop(
  File "e:\MealMate\backend\venv\lib\site-packages\pymongo\topology.py", line 218, in _select_servers_loop
    raise ServerSelectionTimeoutError(
pymongo.errors.ServerSelectionTimeoutError: localhost:27017: [WinError 10061] No connection could be made because the target machine actively refused it, Timeout: 30s, Topology Description: <TopologyDescription id: 6a75cf8f5f498b469edb3af2, topology_type: Single, servers: [<ServerDescription ('localhost', 27017) server_type: Unknown, rtt: None, error=AutoReconnect('localhost:27017: [WinError 10061] No connection could be made because the target machine actively refused it')>]>
--------------------------------------------------------------------------------
Exception on /api/delivery/orders/:
Traceback (most recent call last):
  File "e:\MealMate\backend\venv\lib\site-packages\django\core\handlers\base.py", line 181, in _get_response
    response = wrapped_callback(request, *callback_args, **callback_kwargs)
  File "e:\MealMate\backend\venv\lib\site-packages\django\views\decorators\csrf.py", line 54, in wrapped_view
    return view_func(*args, **kwargs)
  File "e:\MealMate\backend\venv\lib\site-packages\rest_framework\viewsets.py", line 125, in view
    return self.dispatch(request, *args, **kwargs)
  File "e:\MealMate\backend\venv\lib\site-packages\rest_framework\views.py", line 509, in dispatch
    response = self.handle_exception(exc)
  File "e:\MealMate\backend\venv\lib\site-packages\rest_framework\views.py", line 469, in handle_exception
    self.raise_uncaught_exception(exc)
  File "e:\MealMate\backend\venv\lib\site-packages\rest_framework\views.py", line 480, in raise_uncaught_exception
    raise exc
  File "e:\MealMate\backend\venv\lib\site-packages\rest_framework\views.py", line 506, in dispatch
    response = handler(request, *args, **kwargs)
  File "E:\MealMate\backend\core\api\delivery_api\views.py", line 28, in list
    for doc in orders_cursor:
  File "e:\MealMate\backend\venv\lib\site-packages\pymongo\cursor.py", line 1238, in next
    if len(self.__data) or self._refresh():
  File "e:\MealMate\backend\venv\lib\site-packages\pymongo\cursor.py", line 1130, in _refresh
    self.__session = self.__collection.database.client._ensure_session()
  File "e:\MealMate\backend\venv\lib\site-packages\pymongo\mongo_client.py", line 1935, in _ensure_session
    return self.__start_session(True, causal_consistency=False)
  File "e:\MealMate\backend\venv\lib\site-packages\pymongo\mongo_client.py", line 1883, in __start_session
    server_session = self._get_server_session()
  File "e:\MealMate\backend\venv\lib\site-packages\pymongo\mongo_client.py", line 1921, in _get_server_session
    return self._topology.get_server_session()
  File "e:\MealMate\backend\venv\lib\site-packages\pymongo\topology.py", line 520, in get_server_session
    session_timeout = self._check_session_support()
  File "e:\MealMate\backend\venv\lib\site-packages\pymongo\topology.py", line 499, in _check_session_support
    self._select_servers_loop(
  File "e:\MealMate\backend\venv\lib\site-packages\pymongo\topology.py", line 218, in _select_servers_loop
    raise ServerSelectionTimeoutError(
pymongo.errors.ServerSelectionTimeoutError: localhost:27017: [WinError 10061] No connection could be made because the target machine actively refused it, Timeout: 30s, Topology Description: <TopologyDescription id: 6a75cfcb5f498b469edb3af3, topology_type: Single, servers: [<ServerDescription ('localhost', 27017) server_type: Unknown, rtt: None, error=AutoReconnect('localhost:27017: [WinError 10061] No connection could be made because the target machine actively refused it')>]>
--------------------------------------------------------------------------------
Exception on /api/delivery/orders/:
Traceback (most recent call last):
  File "e:\MealMate\backend\venv\lib\site-packages\django\core\handlers\base.py", line 181, in _get_response
    response = wrapped_callback(request, *callback_args, **callback_kwargs)
  File "e:\MealMate\backend\venv\lib\site-packages\django\views\decorators\csrf.py", line 54, in wrapped_view
    return view_func(*args, **kwargs)
  File "e:\MealMate\backend\venv\lib\site-packages\rest_framework\viewsets.py", line 125, in view
    return self.dispatch(request, *args, **kwargs)
  File "e:\MealMate\backend\venv\lib\site-packages\rest_framework\views.py", line 509, in dispatch
    response = self.handle_exception(exc)
  File "e:\MealMate\backend\venv\lib\site-packages\rest_framework\views.py", line 469, in handle_exception
    self.raise_uncaught_exception(exc)
  File "e:\MealMate\backend\venv\lib\site-packages\rest_framework\views.py", line 480, in raise_uncaught_exception
    raise exc
  File "e:\MealMate\backend\venv\lib\site-packages\rest_framework\views.py", line 506, in dispatch
    response = handler(request, *args, **kwargs)
  File "E:\MealMate\backend\core\api\delivery_api\views.py", line 28, in list
    for doc in orders_cursor:
  File "e:\MealMate\backend\venv\lib\site-packages\pymongo\cursor.py", line 1238, in next
    if len(self.__data) or self._refresh():
  File "e:\MealMate\backend\venv\lib\site-packages\pymongo\cursor.py", line 1130, in _refresh
    self.__session = self.__collection.database.client._ensure_session()
  File "e:\MealMate\backend\venv\lib\site-packages\pymongo\mongo_client.py", line 1935, in _ensure_session
    return self.__start_session(True, causal_consistency=False)
  File "e:\MealMate\backend\venv\lib\site-packages\pymongo\mongo_client.py", line 1883, in __start_session
    server_session = self._get_server_session()
  File "e:\MealMate\backend\venv\lib\site-packages\pymongo\mongo_client.py", line 1921, in _get_server_session
    return self._topology.get_server_session()
  File "e:\MealMate\backend\venv\lib\site-packages\pymongo\topology.py", line 520, in get_server_session
    session_timeout = self._check_session_support()
  File "e:\MealMate\backend\venv\lib\site-packages\pymongo\topology.py", line 499, in _check_session_support
    self._select_servers_loop(
  File "e:\MealMate\backend\venv\lib\site-packages\pymongo\topology.py", line 218, in _select_servers_loop
    raise ServerSelectionTimeoutError(
pymongo.errors.ServerSelectionTimeoutError: localhost:27017: [WinError 10061] No connection could be made because the target machine actively refused it, Timeout: 30s, Topology Description: <TopologyDescription id: 6a75d0075f498b469edb3af4, topology_type: Single, servers: [<ServerDescription ('localhost', 27017) server_type: Unknown, rtt: None, error=AutoReconnect('localhost:27017: [WinError 10061] No connection could be made because the target machine actively refused it')>]>
--------------------------------------------------------------------------------
Exception on /api/delivery/orders/:
Traceback (most recent call last):
  File "e:\MealMate\backend\venv\lib\site-packages\django\core\handlers\base.py", line 181, in _get_response
    response = wrapped_callback(request, *callback_args, **callback_kwargs)
  File "e:\MealMate\backend\venv\lib\site-packages\django\views\decorators\csrf.py", line 54, in wrapped_view
    return view_func(*args, **kwargs)
  File "e:\MealMate\backend\venv\lib\site-packages\rest_framework\viewsets.py", line 125, in view
    return self.dispatch(request, *args, **kwargs)
  File "e:\MealMate\backend\venv\lib\site-packages\rest_framework\views.py", line 509, in dispatch
    response = self.handle_exception(exc)
  File "e:\MealMate\backend\venv\lib\site-packages\rest_framework\views.py", line 469, in handle_exception
    self.raise_uncaught_exception(exc)
  File "e:\MealMate\backend\venv\lib\site-packages\rest_framework\views.py", line 480, in raise_uncaught_exception
    raise exc
  File "e:\MealMate\backend\venv\lib\site-packages\rest_framework\views.py", line 506, in dispatch
    response = handler(request, *args, **kwargs)
  File "E:\MealMate\backend\core\api\delivery_api\views.py", line 28, in list
    for doc in orders_cursor:
  File "e:\MealMate\backend\venv\lib\site-packages\pymongo\cursor.py", line 1238, in next
    if len(self.__data) or self._refresh():
  File "e:\MealMate\backend\venv\lib\site-packages\pymongo\cursor.py", line 1130, in _refresh
    self.__session = self.__collection.database.client._ensure_session()
  File "e:\MealMate\backend\venv\lib\site-packages\pymongo\mongo_client.py", line 1935, in _ensure_session
    return self.__start_session(True, causal_consistency=False)
  File "e:\MealMate\backend\venv\lib\site-packages\pymongo\mongo_client.py", line 1883, in __start_session
    server_session = self._get_server_session()
  File "e:\MealMate\backend\venv\lib\site-packages\pymongo\mongo_client.py", line 1921, in _get_server_session
    return self._topology.get_server_session()
  File "e:\MealMate\backend\venv\lib\site-packages\pymongo\topology.py", line 520, in get_server_session
    session_timeout = self._check_session_support()
  File "e:\MealMate\backend\venv\lib\site-packages\pymongo\topology.py", line 499, in _check_session_support
    self._select_servers_loop(
  File "e:\MealMate\backend\venv\lib\site-packages\pymongo\topology.py", line 218, in _select_servers_loop
    raise ServerSelectionTimeoutError(
pymongo.errors.ServerSelectionTimeoutError: localhost:27017: [WinError 10061] No connection could be made because the target machine actively refused it, Timeout: 30s, Topology Description: <TopologyDescription id: 6a75d0435f498b469edb3af5, topology_type: Single, servers: [<ServerDescription ('localhost', 27017) server_type: Unknown, rtt: None, error=AutoReconnect('localhost:27017: [WinError 10061] No connection could be made because the target machine actively refused it')>]>
--------------------------------------------------------------------------------
Exception on /api/delivery/orders/:
Traceback (most recent call last):
  File "e:\MealMate\backend\venv\lib\site-packages\django\core\handlers\base.py", line 181, in _get_response
    response = wrapped_callback(request, *callback_args, **callback_kwargs)
  File "e:\MealMate\backend\venv\lib\site-packages\django\views\decorators\csrf.py", line 54, in wrapped_view
    return view_func(*args, **kwargs)
  File "e:\MealMate\backend\venv\lib\site-packages\rest_framework\viewsets.py", line 125, in view
    return self.dispatch(request, *args, **kwargs)
  File "e:\MealMate\backend\venv\lib\site-packages\rest_framework\views.py", line 509, in dispatch
    response = self.handle_exception(exc)
  File "e:\MealMate\backend\venv\lib\site-packages\rest_framework\views.py", line 469, in handle_exception
    self.raise_uncaught_exception(exc)
  File "e:\MealMate\backend\venv\lib\site-packages\rest_framework\views.py", line 480, in raise_uncaught_exception
    raise exc
  File "e:\MealMate\backend\venv\lib\site-packages\rest_framework\views.py", line 506, in dispatch
    response = handler(request, *args, **kwargs)
  File "E:\MealMate\backend\core\api\delivery_api\views.py", line 28, in list
    for doc in orders_cursor:
  File "e:\MealMate\backend\venv\lib\site-packages\pymongo\cursor.py", line 1238, in next
    if len(self.__data) or self._refresh():
  File "e:\MealMate\backend\venv\lib\site-packages\pymongo\cursor.py", line 1130, in _refresh
    self.__session = self.__collection.database.client._ensure_session()
  File "e:\MealMate\backend\venv\lib\site-packages\pymongo\mongo_client.py", line 1935, in _ensure_session
    return self.__start_session(True, causal_consistency=False)
  File "e:\MealMate\backend\venv\lib\site-packages\pymongo\mongo_client.py", line 1883, in __start_session
    server_session = self._get_server_session()
  File "e:\MealMate\backend\venv\lib\site-packages\pymongo\mongo_client.py", line 1921, in _get_server_session
    return self._topology.get_server_session()
  File "e:\MealMate\backend\venv\lib\site-packages\pymongo\topology.py", line 520, in get_server_session
    session_timeout = self._check_session_support()
  File "e:\MealMate\backend\venv\lib\site-packages\pymongo\topology.py", line 499, in _check_session_support
    self._select_servers_loop(
  File "e:\MealMate\backend\venv\lib\site-packages\pymongo\topology.py", line 218, in _select_servers_loop
    raise ServerSelectionTimeoutError(
pymongo.errors.ServerSelectionTimeoutError: localhost:27017: [WinError 10061] No connection could be made because the target machine actively refused it, Timeout: 30s, Topology Description: <TopologyDescription id: 6a75d07f5f498b469edb3af6, topology_type: Single, servers: [<ServerDescription ('localhost', 27017) server_type: Unknown, rtt: None, error=AutoReconnect('localhost:27017: [WinError 10061] No connection could be made because the target machine actively refused it')>]>
--------------------------------------------------------------------------------
Exception on /api/delivery/orders/:
Traceback (most recent call last):
  File "e:\MealMate\backend\venv\lib\site-packages\django\core\handlers\base.py", line 181, in _get_response
    response = wrapped_callback(request, *callback_args, **callback_kwargs)
  File "e:\MealMate\backend\venv\lib\site-packages\django\views\decorators\csrf.py", line 54, in wrapped_view
    return view_func(*args, **kwargs)
  File "e:\MealMate\backend\venv\lib\site-packages\rest_framework\viewsets.py", line 125, in view
    return self.dispatch(request, *args, **kwargs)
  File "e:\MealMate\backend\venv\lib\site-packages\rest_framework\views.py", line 509, in dispatch
    response = self.handle_exception(exc)
  File "e:\MealMate\backend\venv\lib\site-packages\rest_framework\views.py", line 469, in handle_exception
    self.raise_uncaught_exception(exc)
  File "e:\MealMate\backend\venv\lib\site-packages\rest_framework\views.py", line 480, in raise_uncaught_exception
    raise exc
  File "e:\MealMate\backend\venv\lib\site-packages\rest_framework\views.py", line 506, in dispatch
    response = handler(request, *args, **kwargs)
  File "E:\MealMate\backend\core\api\delivery_api\views.py", line 28, in list
    for doc in orders_cursor:
  File "e:\MealMate\backend\venv\lib\site-packages\pymongo\cursor.py", line 1238, in next
    if len(self.__data) or self._refresh():
  File "e:\MealMate\backend\venv\lib\site-packages\pymongo\cursor.py", line 1130, in _refresh
    self.__session = self.__collection.database.client._ensure_session()
  File "e:\MealMate\backend\venv\lib\site-packages\pymongo\mongo_client.py", line 1935, in _ensure_session
    return self.__start_session(True, causal_consistency=False)
  File "e:\MealMate\backend\venv\lib\site-packages\pymongo\mongo_client.py", line 1883, in __start_session
    server_session = self._get_server_session()
  File "e:\MealMate\backend\venv\lib\site-packages\pymongo\mongo_client.py", line 1921, in _get_server_session
    return self._topology.get_server_session()
  File "e:\MealMate\backend\venv\lib\site-packages\pymongo\topology.py", line 520, in get_server_session
    session_timeout = self._check_session_support()
  File "e:\MealMate\backend\venv\lib\site-packages\pymongo\topology.py", line 499, in _check_session_support
    self._select_servers_loop(
  File "e:\MealMate\backend\venv\lib\site-packages\pymongo\topology.py", line 218, in _select_servers_loop
    raise ServerSelectionTimeoutError(
pymongo.errors.ServerSelectionTimeoutError: localhost:27017: [WinError 10061] No connection could be made because the target machine actively refused it, Timeout: 30s, Topology Description: <TopologyDescription id: 6a75d0bb5f498b469edb3af7, topology_type: Single, servers: [<ServerDescription ('localhost', 27017) server_type: Unknown, rtt: None, error=AutoReconnect('localhost:27017: [WinError 10061] No connection could be made because the target machine actively refused it')>]>
--------------------------------------------------------------------------------
Exception on /api/delivery/orders/:
Traceback (most recent call last):
  File "e:\MealMate\backend\venv\lib\site-packages\django\core\handlers\base.py", line 181, in _get_response
    response = wrapped_callback(request, *callback_args, **callback_kwargs)
  File "e:\MealMate\backend\venv\lib\site-packages\django\views\decorators\csrf.py", line 54, in wrapped_view
    return view_func(*args, **kwargs)
  File "e:\MealMate\backend\venv\lib\site-packages\rest_framework\viewsets.py", line 125, in view
    return self.dispatch(request, *args, **kwargs)
  File "e:\MealMate\backend\venv\lib\site-packages\rest_framework\views.py", line 509, in dispatch
    response = self.handle_exception(exc)
  File "e:\MealMate\backend\venv\lib\site-packages\rest_framework\views.py", line 469, in handle_exception
    self.raise_uncaught_exception(exc)
  File "e:\MealMate\backend\venv\lib\site-packages\rest_framework\views.py", line 480, in raise_uncaught_exception
    raise exc
  File "e:\MealMate\backend\venv\lib\site-packages\rest_framework\views.py", line 506, in dispatch
    response = handler(request, *args, **kwargs)
  File "E:\MealMate\backend\core\api\delivery_api\views.py", line 28, in list
    for doc in orders_cursor:
  File "e:\MealMate\backend\venv\lib\site-packages\pymongo\cursor.py", line 1238, in next
    if len(self.__data) or self._refresh():
  File "e:\MealMate\backend\venv\lib\site-packages\pymongo\cursor.py", line 1130, in _refresh
    self.__session = self.__collection.database.client._ensure_session()
  File "e:\MealMate\backend\venv\lib\site-packages\pymongo\mongo_client.py", line 1935, in _ensure_session
    return self.__start_session(True, causal_consistency=False)
  File "e:\MealMate\backend\venv\lib\site-packages\pymongo\mongo_client.py", line 1883, in __start_session
    server_session = self._get_server_session()
  File "e:\MealMate\backend\venv\lib\site-packages\pymongo\mongo_client.py", line 1921, in _get_server_session
    return self._topology.get_server_session()
  File "e:\MealMate\backend\venv\lib\site-packages\pymongo\topology.py", line 520, in get_server_session
    session_timeout = self._check_session_support()
  File "e:\MealMate\backend\venv\lib\site-packages\pymongo\topology.py", line 499, in _check_session_support
    self._select_servers_loop(
  File "e:\MealMate\backend\venv\lib\site-packages\pymongo\topology.py", line 218, in _select_servers_loop
    raise ServerSelectionTimeoutError(
pymongo.errors.ServerSelectionTimeoutError: localhost:27017: [WinError 10061] No connection could be made because the target machine actively refused it, Timeout: 30s, Topology Description: <TopologyDescription id: 6a75d0f75f498b469edb3af8, topology_type: Single, servers: [<ServerDescription ('localhost', 27017) server_type: Unknown, rtt: None, error=AutoReconnect('localhost:27017: [WinError 10061] No connection could be made because the target machine actively refused it')>]>
--------------------------------------------------------------------------------
Exception on /api/delivery/orders/:
Traceback (most recent call last):
  File "e:\MealMate\backend\venv\lib\site-packages\django\core\handlers\base.py", line 181, in _get_response
    response = wrapped_callback(request, *callback_args, **callback_kwargs)
  File "e:\MealMate\backend\venv\lib\site-packages\django\views\decorators\csrf.py", line 54, in wrapped_view
    return view_func(*args, **kwargs)
  File "e:\MealMate\backend\venv\lib\site-packages\rest_framework\viewsets.py", line 125, in view
    return self.dispatch(request, *args, **kwargs)
  File "e:\MealMate\backend\venv\lib\site-packages\rest_framework\views.py", line 509, in dispatch
    response = self.handle_exception(exc)
  File "e:\MealMate\backend\venv\lib\site-packages\rest_framework\views.py", line 469, in handle_exception
    self.raise_uncaught_exception(exc)
  File "e:\MealMate\backend\venv\lib\site-packages\rest_framework\views.py", line 480, in raise_uncaught_exception
    raise exc
  File "e:\MealMate\backend\venv\lib\site-packages\rest_framework\views.py", line 506, in dispatch
    response = handler(request, *args, **kwargs)
  File "E:\MealMate\backend\core\api\delivery_api\views.py", line 28, in list
    for doc in orders_cursor:
  File "e:\MealMate\backend\venv\lib\site-packages\pymongo\cursor.py", line 1238, in next
    if len(self.__data) or self._refresh():
  File "e:\MealMate\backend\venv\lib\site-packages\pymongo\cursor.py", line 1130, in _refresh
    self.__session = self.__collection.database.client._ensure_session()
  File "e:\MealMate\backend\venv\lib\site-packages\pymongo\mongo_client.py", line 1935, in _ensure_session
    return self.__start_session(True, causal_consistency=False)
  File "e:\MealMate\backend\venv\lib\site-packages\pymongo\mongo_client.py", line 1883, in __start_session
    server_session = self._get_server_session()
  File "e:\MealMate\backend\venv\lib\site-packages\pymongo\mongo_client.py", line 1921, in _get_server_session
    return self._topology.get_server_session()
  File "e:\MealMate\backend\venv\lib\site-packages\pymongo\topology.py", line 520, in get_server_session
    session_timeout = self._check_session_support()
  File "e:\MealMate\backend\venv\lib\site-packages\pymongo\topology.py", line 499, in _check_session_support
    self._select_servers_loop(
  File "e:\MealMate\backend\venv\lib\site-packages\pymongo\topology.py", line 218, in _select_servers_loop
    raise ServerSelectionTimeoutError(
pymongo.errors.ServerSelectionTimeoutError: localhost:27017: [WinError 10061] No connection could be made because the target machine actively refused it, Timeout: 30s, Topology Description: <TopologyDescription id: 6a75d1335f498b469edb3af9, topology_type: Single, servers: [<ServerDescription ('localhost', 27017) server_type: Unknown, rtt: None, error=AutoReconnect('localhost:27017: [WinError 10061] No connection could be made because the target machine actively refused it')>]>
--------------------------------------------------------------------------------
Exception on /api/delivery/orders/:
Traceback (most recent call last):
  File "e:\MealMate\backend\venv\lib\site-packages\django\core\handlers\base.py", line 181, in _get_response
    response = wrapped_callback(request, *callback_args, **callback_kwargs)
  File "e:\MealMate\backend\venv\lib\site-packages\django\views\decorators\csrf.py", line 54, in wrapped_view
    return view_func(*args, **kwargs)
  File "e:\MealMate\backend\venv\lib\site-packages\rest_framework\viewsets.py", line 125, in view
    return self.dispatch(request, *args, **kwargs)
  File "e:\MealMate\backend\venv\lib\site-packages\rest_framework\views.py", line 509, in dispatch
    response = self.handle_exception(exc)
  File "e:\MealMate\backend\venv\lib\site-packages\rest_framework\views.py", line 469, in handle_exception
    self.raise_uncaught_exception(exc)
  File "e:\MealMate\backend\venv\lib\site-packages\rest_framework\views.py", line 480, in raise_uncaught_exception
    raise exc
  File "e:\MealMate\backend\venv\lib\site-packages\rest_framework\views.py", line 506, in dispatch
    response = handler(request, *args, **kwargs)
  File "E:\MealMate\backend\core\api\delivery_api\views.py", line 28, in list
    for doc in orders_cursor:
  File "e:\MealMate\backend\venv\lib\site-packages\pymongo\cursor.py", line 1238, in next
    if len(self.__data) or self._refresh():
  File "e:\MealMate\backend\venv\lib\site-packages\pymongo\cursor.py", line 1130, in _refresh
    self.__session = self.__collection.database.client._ensure_session()
  File "e:\MealMate\backend\venv\lib\site-packages\pymongo\mongo_client.py", line 1935, in _ensure_session
    return self.__start_session(True, causal_consistency=False)
  File "e:\MealMate\backend\venv\lib\site-packages\pymongo\mongo_client.py", line 1883, in __start_session
    server_session = self._get_server_session()
  File "e:\MealMate\backend\venv\lib\site-packages\pymongo\mongo_client.py", line 1921, in _get_server_session
    return self._topology.get_server_session()
  File "e:\MealMate\backend\venv\lib\site-packages\pymongo\topology.py", line 520, in get_server_session
    session_timeout = self._check_session_support()
  File "e:\MealMate\backend\venv\lib\site-packages\pymongo\topology.py", line 499, in _check_session_support
    self._select_servers_loop(
  File "e:\MealMate\backend\venv\lib\site-packages\pymongo\topology.py", line 218, in _select_servers_loop
    raise ServerSelectionTimeoutError(
pymongo.errors.ServerSelectionTimeoutError: localhost:27017: [WinError 10061] No connection could be made because the target machine actively refused it, Timeout: 30s, Topology Description: <TopologyDescription id: 6a75d16f5f498b469edb3afa, topology_type: Single, servers: [<ServerDescription ('localhost', 27017) server_type: Unknown, rtt: None, error=AutoReconnect('localhost:27017: [WinError 10061] No connection could be made because the target machine actively refused it')>]>
--------------------------------------------------------------------------------
Exception on /api/delivery/orders/:
Traceback (most recent call last):
  File "e:\MealMate\backend\venv\lib\site-packages\django\core\handlers\base.py", line 181, in _get_response
    response = wrapped_callback(request, *callback_args, **callback_kwargs)
  File "e:\MealMate\backend\venv\lib\site-packages\django\views\decorators\csrf.py", line 54, in wrapped_view
    return view_func(*args, **kwargs)
  File "e:\MealMate\backend\venv\lib\site-packages\rest_framework\viewsets.py", line 125, in view
    return self.dispatch(request, *args, **kwargs)
  File "e:\MealMate\backend\venv\lib\site-packages\rest_framework\views.py", line 509, in dispatch
    response = self.handle_exception(exc)
  File "e:\MealMate\backend\venv\lib\site-packages\rest_framework\views.py", line 469, in handle_exception
    self.raise_uncaught_exception(exc)
  File "e:\MealMate\backend\venv\lib\site-packages\rest_framework\views.py", line 480, in raise_uncaught_exception
    raise exc
  File "e:\MealMate\backend\venv\lib\site-packages\rest_framework\views.py", line 506, in dispatch
    response = handler(request, *args, **kwargs)
  File "E:\MealMate\backend\core\api\delivery_api\views.py", line 28, in list
    for doc in orders_cursor:
  File "e:\MealMate\backend\venv\lib\site-packages\pymongo\cursor.py", line 1238, in next
    if len(self.__data) or self._refresh():
  File "e:\MealMate\backend\venv\lib\site-packages\pymongo\cursor.py", line 1130, in _refresh
    self.__session = self.__collection.database.client._ensure_session()
  File "e:\MealMate\backend\venv\lib\site-packages\pymongo\mongo_client.py", line 1935, in _ensure_session
    return self.__start_session(True, causal_consistency=False)
  File "e:\MealMate\backend\venv\lib\site-packages\pymongo\mongo_client.py", line 1883, in __start_session
    server_session = self._get_server_session()
  File "e:\MealMate\backend\venv\lib\site-packages\pymongo\mongo_client.py", line 1921, in _get_server_session
    return self._topology.get_server_session()
  File "e:\MealMate\backend\venv\lib\site-packages\pymongo\topology.py", line 520, in get_server_session
    session_timeout = self._check_session_support()
  File "e:\MealMate\backend\venv\lib\site-packages\pymongo\topology.py", line 499, in _check_session_support
    self._select_servers_loop(
  File "e:\MealMate\backend\venv\lib\site-packages\pymongo\topology.py", line 218, in _select_servers_loop
    raise ServerSelectionTimeoutError(
pymongo.errors.ServerSelectionTimeoutError: localhost:27017: [WinError 10061] No connection could be made because the target machine actively refused it, Timeout: 30s, Topology Description: <TopologyDescription id: 6a75d1ab5f498b469edb3afb, topology_type: Single, servers: [<ServerDescription ('localhost', 27017) server_type: Unknown, rtt: None, error=AutoReconnect('localhost:27017: [WinError 10061] No connection could be made because the target machine actively refused it')>]>
--------------------------------------------------------------------------------
Exception on /api/delivery/orders/:
Traceback (most recent call last):
  File "e:\MealMate\backend\venv\lib\site-packages\django\core\handlers\base.py", line 181, in _get_response
    response = wrapped_callback(request, *callback_args, **callback_kwargs)
  File "e:\MealMate\backend\venv\lib\site-packages\django\views\decorators\csrf.py", line 54, in wrapped_view
    return view_func(*args, **kwargs)
  File "e:\MealMate\backend\venv\lib\site-packages\rest_framework\viewsets.py", line 125, in view
    return self.dispatch(request, *args, **kwargs)
  File "e:\MealMate\backend\venv\lib\site-packages\rest_framework\views.py", line 509, in dispatch
    response = self.handle_exception(exc)
  File "e:\MealMate\backend\venv\lib\site-packages\rest_framework\views.py", line 469, in handle_exception
    self.raise_uncaught_exception(exc)
  File "e:\MealMate\backend\venv\lib\site-packages\rest_framework\views.py", line 480, in raise_uncaught_exception
    raise exc
  File "e:\MealMate\backend\venv\lib\site-packages\rest_framework\views.py", line 506, in dispatch
    response = handler(request, *args, **kwargs)
  File "E:\MealMate\backend\core\api\delivery_api\views.py", line 28, in list
    for doc in orders_cursor:
  File "e:\MealMate\backend\venv\lib\site-packages\pymongo\cursor.py", line 1238, in next
    if len(self.__data) or self._refresh():
  File "e:\MealMate\backend\venv\lib\site-packages\pymongo\cursor.py", line 1130, in _refresh
    self.__session = self.__collection.database.client._ensure_session()
  File "e:\MealMate\backend\venv\lib\site-packages\pymongo\mongo_client.py", line 1935, in _ensure_session
    return self.__start_session(True, causal_consistency=False)
  File "e:\MealMate\backend\venv\lib\site-packages\pymongo\mongo_client.py", line 1883, in __start_session
    server_session = self._get_server_session()
  File "e:\MealMate\backend\venv\lib\site-packages\pymongo\mongo_client.py", line 1921, in _get_server_session
    return self._topology.get_server_session()
  File "e:\MealMate\backend\venv\lib\site-packages\pymongo\topology.py", line 520, in get_server_session
    session_timeout = self._check_session_support()
  File "e:\MealMate\backend\venv\lib\site-packages\pymongo\topology.py", line 499, in _check_session_support
    self._select_servers_loop(
  File "e:\MealMate\backend\venv\lib\site-packages\pymongo\topology.py", line 218, in _select_servers_loop
    raise ServerSelectionTimeoutError(
pymongo.errors.ServerSelectionTimeoutError: localhost:27017: [WinError 10061] No connection could be made because the target machine actively refused it, Timeout: 30s, Topology Description: <TopologyDescription id: 6a75d1e75f498b469edb3afc, topology_type: Single, servers: [<ServerDescription ('localhost', 27017) server_type: Unknown, rtt: None, error=AutoReconnect('localhost:27017: [WinError 10061] No connection could be made because the target machine actively refused it')>]>
--------------------------------------------------------------------------------
Exception on /api/delivery/orders/:
Traceback (most recent call last):
  File "e:\MealMate\backend\venv\lib\site-packages\django\core\handlers\base.py", line 181, in _get_response
    response = wrapped_callback(request, *callback_args, **callback_kwargs)
  File "e:\MealMate\backend\venv\lib\site-packages\django\views\decorators\csrf.py", line 54, in wrapped_view
    return view_func(*args, **kwargs)
  File "e:\MealMate\backend\venv\lib\site-packages\rest_framework\viewsets.py", line 125, in view
    return self.dispatch(request, *args, **kwargs)
  File "e:\MealMate\backend\venv\lib\site-packages\rest_framework\views.py", line 509, in dispatch
    response = self.handle_exception(exc)
  File "e:\MealMate\backend\venv\lib\site-packages\rest_framework\views.py", line 469, in handle_exception
    self.raise_uncaught_exception(exc)
  File "e:\MealMate\backend\venv\lib\site-packages\rest_framework\views.py", line 480, in raise_uncaught_exception
    raise exc
  File "e:\MealMate\backend\venv\lib\site-packages\rest_framework\views.py", line 506, in dispatch
    response = handler(request, *args, **kwargs)
  File "E:\MealMate\backend\core\api\delivery_api\views.py", line 28, in list
    for doc in orders_cursor:
  File "e:\MealMate\backend\venv\lib\site-packages\pymongo\cursor.py", line 1238, in next
    if len(self.__data) or self._refresh():
  File "e:\MealMate\backend\venv\lib\site-packages\pymongo\cursor.py", line 1130, in _refresh
    self.__session = self.__collection.database.client._ensure_session()
  File "e:\MealMate\backend\venv\lib\site-packages\pymongo\mongo_client.py", line 1935, in _ensure_session
    return self.__start_session(True, causal_consistency=False)
  File "e:\MealMate\backend\venv\lib\site-packages\pymongo\mongo_client.py", line 1883, in __start_session
    server_session = self._get_server_session()
  File "e:\MealMate\backend\venv\lib\site-packages\pymongo\mongo_client.py", line 1921, in _get_server_session
    return self._topology.get_server_session()
  File "e:\MealMate\backend\venv\lib\site-packages\pymongo\topology.py", line 520, in get_server_session
    session_timeout = self._check_session_support()
  File "e:\MealMate\backend\venv\lib\site-packages\pymongo\topology.py", line 499, in _check_session_support
    self._select_servers_loop(
  File "e:\MealMate\backend\venv\lib\site-packages\pymongo\topology.py", line 218, in _select_servers_loop
    raise ServerSelectionTimeoutError(
pymongo.errors.ServerSelectionTimeoutError: localhost:27017: [WinError 10061] No connection could be made because the target machine actively refused it, Timeout: 30s, Topology Description: <TopologyDescription id: 6a75d2235f498b469edb3afd, topology_type: Single, servers: [<ServerDescription ('localhost', 27017) server_type: Unknown, rtt: None, error=AutoReconnect('localhost:27017: [WinError 10061] No connection could be made because the target machine actively refused it')>]>
--------------------------------------------------------------------------------
Exception on /api/delivery/orders/:
Traceback (most recent call last):
  File "e:\MealMate\backend\venv\lib\site-packages\django\core\handlers\base.py", line 181, in _get_response
    response = wrapped_callback(request, *callback_args, **callback_kwargs)
  File "e:\MealMate\backend\venv\lib\site-packages\django\views\decorators\csrf.py", line 54, in wrapped_view
    return view_func(*args, **kwargs)
  File "e:\MealMate\backend\venv\lib\site-packages\rest_framework\viewsets.py", line 125, in view
    return self.dispatch(request, *args, **kwargs)
  File "e:\MealMate\backend\venv\lib\site-packages\rest_framework\views.py", line 509, in dispatch
    response = self.handle_exception(exc)
  File "e:\MealMate\backend\venv\lib\site-packages\rest_framework\views.py", line 469, in handle_exception
    self.raise_uncaught_exception(exc)
  File "e:\MealMate\backend\venv\lib\site-packages\rest_framework\views.py", line 480, in raise_uncaught_exception
    raise exc
  File "e:\MealMate\backend\venv\lib\site-packages\rest_framework\views.py", line 506, in dispatch
    response = handler(request, *args, **kwargs)
  File "E:\MealMate\backend\core\api\delivery_api\views.py", line 28, in list
    for doc in orders_cursor:
  File "e:\MealMate\backend\venv\lib\site-packages\pymongo\cursor.py", line 1238, in next
    if len(self.__data) or self._refresh():
  File "e:\MealMate\backend\venv\lib\site-packages\pymongo\cursor.py", line 1130, in _refresh
    self.__session = self.__collection.database.client._ensure_session()
  File "e:\MealMate\backend\venv\lib\site-packages\pymongo\mongo_client.py", line 1935, in _ensure_session
    return self.__start_session(True, causal_consistency=False)
  File "e:\MealMate\backend\venv\lib\site-packages\pymongo\mongo_client.py", line 1883, in __start_session
    server_session = self._get_server_session()
  File "e:\MealMate\backend\venv\lib\site-packages\pymongo\mongo_client.py", line 1921, in _get_server_session
    return self._topology.get_server_session()
  File "e:\MealMate\backend\venv\lib\site-packages\pymongo\topology.py", line 520, in get_server_session
    session_timeout = self._check_session_support()
  File "e:\MealMate\backend\venv\lib\site-packages\pymongo\topology.py", line 499, in _check_session_support
    self._select_servers_loop(
  File "e:\MealMate\backend\venv\lib\site-packages\pymongo\topology.py", line 218, in _select_servers_loop
    raise ServerSelectionTimeoutError(
pymongo.errors.ServerSelectionTimeoutError: localhost:27017: [WinError 10061] No connection could be made because the target machine actively refused it, Timeout: 30s, Topology Description: <TopologyDescription id: 6a75d25f5f498b469edb3afe, topology_type: Single, servers: [<ServerDescription ('localhost', 27017) server_type: Unknown, rtt: None, error=AutoReconnect('localhost:27017: [WinError 10061] No connection could be made because the target machine actively refused it')>]>
--------------------------------------------------------------------------------
Exception on /api/delivery/orders/:
Traceback (most recent call last):
  File "e:\MealMate\backend\venv\lib\site-packages\django\core\handlers\base.py", line 181, in _get_response
    response = wrapped_callback(request, *callback_args, **callback_kwargs)
  File "e:\MealMate\backend\venv\lib\site-packages\django\views\decorators\csrf.py", line 54, in wrapped_view
    return view_func(*args, **kwargs)
  File "e:\MealMate\backend\venv\lib\site-packages\rest_framework\viewsets.py", line 125, in view
    return self.dispatch(request, *args, **kwargs)
  File "e:\MealMate\backend\venv\lib\site-packages\rest_framework\views.py", line 509, in dispatch
    response = self.handle_exception(exc)
  File "e:\MealMate\backend\venv\lib\site-packages\rest_framework\views.py", line 469, in handle_exception
    self.raise_uncaught_exception(exc)
  File "e:\MealMate\backend\venv\lib\site-packages\rest_framework\views.py", line 480, in raise_uncaught_exception
    raise exc
  File "e:\MealMate\backend\venv\lib\site-packages\rest_framework\views.py", line 506, in dispatch
    response = handler(request, *args, **kwargs)
  File "E:\MealMate\backend\core\api\delivery_api\views.py", line 28, in list
    for doc in orders_cursor:
  File "e:\MealMate\backend\venv\lib\site-packages\pymongo\cursor.py", line 1238, in next
    if len(self.__data) or self._refresh():
  File "e:\MealMate\backend\venv\lib\site-packages\pymongo\cursor.py", line 1130, in _refresh
    self.__session = self.__collection.database.client._ensure_session()
  File "e:\MealMate\backend\venv\lib\site-packages\pymongo\mongo_client.py", line 1935, in _ensure_session
    return self.__start_session(True, causal_consistency=False)
  File "e:\MealMate\backend\venv\lib\site-packages\pymongo\mongo_client.py", line 1883, in __start_session
    server_session = self._get_server_session()
  File "e:\MealMate\backend\venv\lib\site-packages\pymongo\mongo_client.py", line 1921, in _get_server_session
    return self._topology.get_server_session()
  File "e:\MealMate\backend\venv\lib\site-packages\pymongo\topology.py", line 520, in get_server_session
    session_timeout = self._check_session_support()
  File "e:\MealMate\backend\venv\lib\site-packages\pymongo\topology.py", line 499, in _check_session_support
    self._select_servers_loop(
  File "e:\MealMate\backend\venv\lib\site-packages\pymongo\topology.py", line 218, in _select_servers_loop
    raise ServerSelectionTimeoutError(
pymongo.errors.ServerSelectionTimeoutError: localhost:27017: [WinError 10061] No connection could be made because the target machine actively refused it, Timeout: 30s, Topology Description: <TopologyDescription id: 6a75d29b5f498b469edb3aff, topology_type: Single, servers: [<ServerDescription ('localhost', 27017) server_type: Unknown, rtt: None, error=AutoReconnect('localhost:27017: [WinError 10061] No connection could be made because the target machine actively refused it')>]>
--------------------------------------------------------------------------------
Exception on /api/delivery/orders/:
Traceback (most recent call last):
  File "e:\MealMate\backend\venv\lib\site-packages\django\core\handlers\base.py", line 181, in _get_response
    response = wrapped_callback(request, *callback_args, **callback_kwargs)
  File "e:\MealMate\backend\venv\lib\site-packages\django\views\decorators\csrf.py", line 54, in wrapped_view
    return view_func(*args, **kwargs)
  File "e:\MealMate\backend\venv\lib\site-packages\rest_framework\viewsets.py", line 125, in view
    return self.dispatch(request, *args, **kwargs)
  File "e:\MealMate\backend\venv\lib\site-packages\rest_framework\views.py", line 509, in dispatch
    response = self.handle_exception(exc)
  File "e:\MealMate\backend\venv\lib\site-packages\rest_framework\views.py", line 469, in handle_exception
    self.raise_uncaught_exception(exc)
  File "e:\MealMate\backend\venv\lib\site-packages\rest_framework\views.py", line 480, in raise_uncaught_exception
    raise exc
  File "e:\MealMate\backend\venv\lib\site-packages\rest_framework\views.py", line 506, in dispatch
    response = handler(request, *args, **kwargs)
  File "E:\MealMate\backend\core\api\delivery_api\views.py", line 28, in list
    for doc in orders_cursor:
  File "e:\MealMate\backend\venv\lib\site-packages\pymongo\cursor.py", line 1238, in next
    if len(self.__data) or self._refresh():
  File "e:\MealMate\backend\venv\lib\site-packages\pymongo\cursor.py", line 1130, in _refresh
    self.__session = self.__collection.database.client._ensure_session()
  File "e:\MealMate\backend\venv\lib\site-packages\pymongo\mongo_client.py", line 1935, in _ensure_session
    return self.__start_session(True, causal_consistency=False)
  File "e:\MealMate\backend\venv\lib\site-packages\pymongo\mongo_client.py", line 1883, in __start_session
    server_session = self._get_server_session()
  File "e:\MealMate\backend\venv\lib\site-packages\pymongo\mongo_client.py", line 1921, in _get_server_session
    return self._topology.get_server_session()
  File "e:\MealMate\backend\venv\lib\site-packages\pymongo\topology.py", line 520, in get_server_session
    session_timeout = self._check_session_support()
  File "e:\MealMate\backend\venv\lib\site-packages\pymongo\topology.py", line 499, in _check_session_support
    self._select_servers_loop(
  File "e:\MealMate\backend\venv\lib\site-packages\pymongo\topology.py", line 218, in _select_servers_loop
    raise ServerSelectionTimeoutError(
pymongo.errors.ServerSelectionTimeoutError: localhost:27017: [WinError 10061] No connection could be made because the target machine actively refused it, Timeout: 30s, Topology Description: <TopologyDescription id: 6a75d2d75f498b469edb3b00, topology_type: Single, servers: [<ServerDescription ('localhost', 27017) server_type: Unknown, rtt: None, error=AutoReconnect('localhost:27017: [WinError 10061] No connection could be made because the target machine actively refused it')>]>
--------------------------------------------------------------------------------
Exception on /api/delivery/orders/:
Traceback (most recent call last):
  File "e:\MealMate\backend\venv\lib\site-packages\django\core\handlers\base.py", line 181, in _get_response
    response = wrapped_callback(request, *callback_args, **callback_kwargs)
  File "e:\MealMate\backend\venv\lib\site-packages\django\views\decorators\csrf.py", line 54, in wrapped_view
    return view_func(*args, **kwargs)
  File "e:\MealMate\backend\venv\lib\site-packages\rest_framework\viewsets.py", line 125, in view
    return self.dispatch(request, *args, **kwargs)
  File "e:\MealMate\backend\venv\lib\site-packages\rest_framework\views.py", line 509, in dispatch
    response = self.handle_exception(exc)
  File "e:\MealMate\backend\venv\lib\site-packages\rest_framework\views.py", line 469, in handle_exception
    self.raise_uncaught_exception(exc)
  File "e:\MealMate\backend\venv\lib\site-packages\rest_framework\views.py", line 480, in raise_uncaught_exception
    raise exc
  File "e:\MealMate\backend\venv\lib\site-packages\rest_framework\views.py", line 506, in dispatch
    response = handler(request, *args, **kwargs)
  File "E:\MealMate\backend\core\api\delivery_api\views.py", line 28, in list
    for doc in orders_cursor:
  File "e:\MealMate\backend\venv\lib\site-packages\pymongo\cursor.py", line 1238, in next
    if len(self.__data) or self._refresh():
  File "e:\MealMate\backend\venv\lib\site-packages\pymongo\cursor.py", line 1130, in _refresh
    self.__session = self.__collection.database.client._ensure_session()
  File "e:\MealMate\backend\venv\lib\site-packages\pymongo\mongo_client.py", line 1935, in _ensure_session
    return self.__start_session(True, causal_consistency=False)
  File "e:\MealMate\backend\venv\lib\site-packages\pymongo\mongo_client.py", line 1883, in __start_session
    server_session = self._get_server_session()
  File "e:\MealMate\backend\venv\lib\site-packages\pymongo\mongo_client.py", line 1921, in _get_server_session
    return self._topology.get_server_session()
  File "e:\MealMate\backend\venv\lib\site-packages\pymongo\topology.py", line 520, in get_server_session
    session_timeout = self._check_session_support()
  File "e:\MealMate\backend\venv\lib\site-packages\pymongo\topology.py", line 499, in _check_session_support
    self._select_servers_loop(
  File "e:\MealMate\backend\venv\lib\site-packages\pymongo\topology.py", line 218, in _select_servers_loop
    raise ServerSelectionTimeoutError(
pymongo.errors.ServerSelectionTimeoutError: localhost:27017: [WinError 10061] No connection could be made because the target machine actively refused it, Timeout: 30s, Topology Description: <TopologyDescription id: 6a75d3135f498b469edb3b01, topology_type: Single, servers: [<ServerDescription ('localhost', 27017) server_type: Unknown, rtt: None, error=AutoReconnect('localhost:27017: [WinError 10061] No connection could be made because the target machine actively refused it')>]>
--------------------------------------------------------------------------------
Exception on /api/delivery/orders/:
Traceback (most recent call last):
  File "e:\MealMate\backend\venv\lib\site-packages\django\core\handlers\base.py", line 181, in _get_response
    response = wrapped_callback(request, *callback_args, **callback_kwargs)
  File "e:\MealMate\backend\venv\lib\site-packages\django\views\decorators\csrf.py", line 54, in wrapped_view
    return view_func(*args, **kwargs)
  File "e:\MealMate\backend\venv\lib\site-packages\rest_framework\viewsets.py", line 125, in view
    return self.dispatch(request, *args, **kwargs)
  File "e:\MealMate\backend\venv\lib\site-packages\rest_framework\views.py", line 509, in dispatch
    response = self.handle_exception(exc)
  File "e:\MealMate\backend\venv\lib\site-packages\rest_framework\views.py", line 469, in handle_exception
    self.raise_uncaught_exception(exc)
  File "e:\MealMate\backend\venv\lib\site-packages\rest_framework\views.py", line 480, in raise_uncaught_exception
    raise exc
  File "e:\MealMate\backend\venv\lib\site-packages\rest_framework\views.py", line 506, in dispatch
    response = handler(request, *args, **kwargs)
  File "E:\MealMate\backend\core\api\delivery_api\views.py", line 28, in list
    for doc in orders_cursor:
  File "e:\MealMate\backend\venv\lib\site-packages\pymongo\cursor.py", line 1238, in next
    if len(self.__data) or self._refresh():
  File "e:\MealMate\backend\venv\lib\site-packages\pymongo\cursor.py", line 1130, in _refresh
    self.__session = self.__collection.database.client._ensure_session()
  File "e:\MealMate\backend\venv\lib\site-packages\pymongo\mongo_client.py", line 1935, in _ensure_session
    return self.__start_session(True, causal_consistency=False)
  File "e:\MealMate\backend\venv\lib\site-packages\pymongo\mongo_client.py", line 1883, in __start_session
    server_session = self._get_server_session()
  File "e:\MealMate\backend\venv\lib\site-packages\pymongo\mongo_client.py", line 1921, in _get_server_session
    return self._topology.get_server_session()
  File "e:\MealMate\backend\venv\lib\site-packages\pymongo\topology.py", line 520, in get_server_session
    session_timeout = self._check_session_support()
  File "e:\MealMate\backend\venv\lib\site-packages\pymongo\topology.py", line 499, in _check_session_support
    self._select_servers_loop(
  File "e:\MealMate\backend\venv\lib\site-packages\pymongo\topology.py", line 218, in _select_servers_loop
    raise ServerSelectionTimeoutError(
pymongo.errors.ServerSelectionTimeoutError: localhost:27017: [WinError 10061] No connection could be made because the target machine actively refused it, Timeout: 30s, Topology Description: <TopologyDescription id: 6a75d34f5f498b469edb3b02, topology_type: Single, servers: [<ServerDescription ('localhost', 27017) server_type: Unknown, rtt: None, error=AutoReconnect('localhost:27017: [WinError 10061] No connection could be made because the target machine actively refused it')>]>
--------------------------------------------------------------------------------
Exception on /api/delivery/orders/:
Traceback (most recent call last):
  File "e:\MealMate\backend\venv\lib\site-packages\django\core\handlers\base.py", line 181, in _get_response
    response = wrapped_callback(request, *callback_args, **callback_kwargs)
  File "e:\MealMate\backend\venv\lib\site-packages\django\views\decorators\csrf.py", line 54, in wrapped_view
    return view_func(*args, **kwargs)
  File "e:\MealMate\backend\venv\lib\site-packages\rest_framework\viewsets.py", line 125, in view
    return self.dispatch(request, *args, **kwargs)
  File "e:\MealMate\backend\venv\lib\site-packages\rest_framework\views.py", line 509, in dispatch
    response = self.handle_exception(exc)
  File "e:\MealMate\backend\venv\lib\site-packages\rest_framework\views.py", line 469, in handle_exception
    self.raise_uncaught_exception(exc)
  File "e:\MealMate\backend\venv\lib\site-packages\rest_framework\views.py", line 480, in raise_uncaught_exception
    raise exc
  File "e:\MealMate\backend\venv\lib\site-packages\rest_framework\views.py", line 506, in dispatch
    response = handler(request, *args, **kwargs)
  File "E:\MealMate\backend\core\api\delivery_api\views.py", line 28, in list
    for doc in orders_cursor:
  File "e:\MealMate\backend\venv\lib\site-packages\pymongo\cursor.py", line 1238, in next
    if len(self.__data) or self._refresh():
  File "e:\MealMate\backend\venv\lib\site-packages\pymongo\cursor.py", line 1130, in _refresh
    self.__session = self.__collection.database.client._ensure_session()
  File "e:\MealMate\backend\venv\lib\site-packages\pymongo\mongo_client.py", line 1935, in _ensure_session
    return self.__start_session(True, causal_consistency=False)
  File "e:\MealMate\backend\venv\lib\site-packages\pymongo\mongo_client.py", line 1883, in __start_session
    server_session = self._get_server_session()
  File "e:\MealMate\backend\venv\lib\site-packages\pymongo\mongo_client.py", line 1921, in _get_server_session
    return self._topology.get_server_session()
  File "e:\MealMate\backend\venv\lib\site-packages\pymongo\topology.py", line 520, in get_server_session
    session_timeout = self._check_session_support()
  File "e:\MealMate\backend\venv\lib\site-packages\pymongo\topology.py", line 499, in _check_session_support
    self._select_servers_loop(
  File "e:\MealMate\backend\venv\lib\site-packages\pymongo\topology.py", line 218, in _select_servers_loop
    raise ServerSelectionTimeoutError(
pymongo.errors.ServerSelectionTimeoutError: localhost:27017: [WinError 10061] No connection could be made because the target machine actively refused it, Timeout: 30s, Topology Description: <TopologyDescription id: 6a75d38b5f498b469edb3b03, topology_type: Single, servers: [<ServerDescription ('localhost', 27017) server_type: Unknown, rtt: None, error=AutoReconnect('localhost:27017: [WinError 10061] No connection could be made because the target machine actively refused it')>]>
--------------------------------------------------------------------------------
Exception on /api/delivery/orders/:
Traceback (most recent call last):
  File "e:\MealMate\backend\venv\lib\site-packages\django\core\handlers\base.py", line 181, in _get_response
    response = wrapped_callback(request, *callback_args, **callback_kwargs)
  File "e:\MealMate\backend\venv\lib\site-packages\django\views\decorators\csrf.py", line 54, in wrapped_view
    return view_func(*args, **kwargs)
  File "e:\MealMate\backend\venv\lib\site-packages\rest_framework\viewsets.py", line 125, in view
    return self.dispatch(request, *args, **kwargs)
  File "e:\MealMate\backend\venv\lib\site-packages\rest_framework\views.py", line 509, in dispatch
    response = self.handle_exception(exc)
  File "e:\MealMate\backend\venv\lib\site-packages\rest_framework\views.py", line 469, in handle_exception
    self.raise_uncaught_exception(exc)
  File "e:\MealMate\backend\venv\lib\site-packages\rest_framework\views.py", line 480, in raise_uncaught_exception
    raise exc
  File "e:\MealMate\backend\venv\lib\site-packages\rest_framework\views.py", line 506, in dispatch
    response = handler(request, *args, **kwargs)
  File "E:\MealMate\backend\core\api\delivery_api\views.py", line 28, in list
    for doc in orders_cursor:
  File "e:\MealMate\backend\venv\lib\site-packages\pymongo\cursor.py", line 1238, in next
    if len(self.__data) or self._refresh():
  File "e:\MealMate\backend\venv\lib\site-packages\pymongo\cursor.py", line 1130, in _refresh
    self.__session = self.__collection.database.client._ensure_session()
  File "e:\MealMate\backend\venv\lib\site-packages\pymongo\mongo_client.py", line 1935, in _ensure_session
    return self.__start_session(True, causal_consistency=False)
  File "e:\MealMate\backend\venv\lib\site-packages\pymongo\mongo_client.py", line 1883, in __start_session
    server_session = self._get_server_session()
  File "e:\MealMate\backend\venv\lib\site-packages\pymongo\mongo_client.py", line 1921, in _get_server_session
    return self._topology.get_server_session()
  File "e:\MealMate\backend\venv\lib\site-packages\pymongo\topology.py", line 520, in get_server_session
    session_timeout = self._check_session_support()
  File "e:\MealMate\backend\venv\lib\site-packages\pymongo\topology.py", line 499, in _check_session_support
    self._select_servers_loop(
  File "e:\MealMate\backend\venv\lib\site-packages\pymongo\topology.py", line 218, in _select_servers_loop
    raise ServerSelectionTimeoutError(
pymongo.errors.ServerSelectionTimeoutError: localhost:27017: [WinError 10061] No connection could be made because the target machine actively refused it, Timeout: 30s, Topology Description: <TopologyDescription id: 6a75d3c75f498b469edb3b04, topology_type: Single, servers: [<ServerDescription ('localhost', 27017) server_type: Unknown, rtt: None, error=AutoReconnect('localhost:27017: [WinError 10061] No connection could be made because the target machine actively refused it')>]>
--------------------------------------------------------------------------------
Exception on /api/delivery/orders/:
Traceback (most recent call last):
  File "e:\MealMate\backend\venv\lib\site-packages\django\core\handlers\base.py", line 181, in _get_response
    response = wrapped_callback(request, *callback_args, **callback_kwargs)
  File "e:\MealMate\backend\venv\lib\site-packages\django\views\decorators\csrf.py", line 54, in wrapped_view
    return view_func(*args, **kwargs)
  File "e:\MealMate\backend\venv\lib\site-packages\rest_framework\viewsets.py", line 125, in view
    return self.dispatch(request, *args, **kwargs)
  File "e:\MealMate\backend\venv\lib\site-packages\rest_framework\views.py", line 509, in dispatch
    response = self.handle_exception(exc)
  File "e:\MealMate\backend\venv\lib\site-packages\rest_framework\views.py", line 469, in handle_exception
    self.raise_uncaught_exception(exc)
  File "e:\MealMate\backend\venv\lib\site-packages\rest_framework\views.py", line 480, in raise_uncaught_exception
    raise exc
  File "e:\MealMate\backend\venv\lib\site-packages\rest_framework\views.py", line 506, in dispatch
    response = handler(request, *args, **kwargs)
  File "E:\MealMate\backend\core\api\delivery_api\views.py", line 28, in list
    for doc in orders_cursor:
  File "e:\MealMate\backend\venv\lib\site-packages\pymongo\cursor.py", line 1238, in next
    if len(self.__data) or self._refresh():
  File "e:\MealMate\backend\venv\lib\site-packages\pymongo\cursor.py", line 1130, in _refresh
    self.__session = self.__collection.database.client._ensure_session()
  File "e:\MealMate\backend\venv\lib\site-packages\pymongo\mongo_client.py", line 1935, in _ensure_session
    return self.__start_session(True, causal_consistency=False)
  File "e:\MealMate\backend\venv\lib\site-packages\pymongo\mongo_client.py", line 1883, in __start_session
    server_session = self._get_server_session()
  File "e:\MealMate\backend\venv\lib\site-packages\pymongo\mongo_client.py", line 1921, in _get_server_session
    return self._topology.get_server_session()
  File "e:\MealMate\backend\venv\lib\site-packages\pymongo\topology.py", line 520, in get_server_session
    session_timeout = self._check_session_support()
  File "e:\MealMate\backend\venv\lib\site-packages\pymongo\topology.py", line 499, in _check_session_support
    self._select_servers_loop(
  File "e:\MealMate\backend\venv\lib\site-packages\pymongo\topology.py", line 218, in _select_servers_loop
    raise ServerSelectionTimeoutError(
pymongo.errors.ServerSelectionTimeoutError: localhost:27017: [WinError 10061] No connection could be made because the target machine actively refused it, Timeout: 30s, Topology Description: <TopologyDescription id: 6a75d4035f498b469edb3b05, topology_type: Single, servers: [<ServerDescription ('localhost', 27017) server_type: Unknown, rtt: None, error=AutoReconnect('localhost:27017: [WinError 10061] No connection could be made because the target machine actively refused it')>]>
--------------------------------------------------------------------------------
Exception on /api/delivery/orders/:
Traceback (most recent call last):
  File "e:\MealMate\backend\venv\lib\site-packages\django\core\handlers\base.py", line 181, in _get_response
    response = wrapped_callback(request, *callback_args, **callback_kwargs)
  File "e:\MealMate\backend\venv\lib\site-packages\django\views\decorators\csrf.py", line 54, in wrapped_view
    return view_func(*args, **kwargs)
  File "e:\MealMate\backend\venv\lib\site-packages\rest_framework\viewsets.py", line 125, in view
    return self.dispatch(request, *args, **kwargs)
  File "e:\MealMate\backend\venv\lib\site-packages\rest_framework\views.py", line 509, in dispatch
    response = self.handle_exception(exc)
  File "e:\MealMate\backend\venv\lib\site-packages\rest_framework\views.py", line 469, in handle_exception
    self.raise_uncaught_exception(exc)
  File "e:\MealMate\backend\venv\lib\site-packages\rest_framework\views.py", line 480, in raise_uncaught_exception
    raise exc
  File "e:\MealMate\backend\venv\lib\site-packages\rest_framework\views.py", line 506, in dispatch
    response = handler(request, *args, **kwargs)
  File "E:\MealMate\backend\core\api\delivery_api\views.py", line 28, in list
    for doc in orders_cursor:
  File "e:\MealMate\backend\venv\lib\site-packages\pymongo\cursor.py", line 1238, in next
    if len(self.__data) or self._refresh():
  File "e:\MealMate\backend\venv\lib\site-packages\pymongo\cursor.py", line 1130, in _refresh
    self.__session = self.__collection.database.client._ensure_session()
  File "e:\MealMate\backend\venv\lib\site-packages\pymongo\mongo_client.py", line 1935, in _ensure_session
    return self.__start_session(True, causal_consistency=False)
  File "e:\MealMate\backend\venv\lib\site-packages\pymongo\mongo_client.py", line 1883, in __start_session
    server_session = self._get_server_session()
  File "e:\MealMate\backend\venv\lib\site-packages\pymongo\mongo_client.py", line 1921, in _get_server_session
    return self._topology.get_server_session()
  File "e:\MealMate\backend\venv\lib\site-packages\pymongo\topology.py", line 520, in get_server_session
    session_timeout = self._check_session_support()
  File "e:\MealMate\backend\venv\lib\site-packages\pymongo\topology.py", line 499, in _check_session_support
    self._select_servers_loop(
  File "e:\MealMate\backend\venv\lib\site-packages\pymongo\topology.py", line 218, in _select_servers_loop
    raise ServerSelectionTimeoutError(
pymongo.errors.ServerSelectionTimeoutError: localhost:27017: [WinError 10061] No connection could be made because the target machine actively refused it, Timeout: 30s, Topology Description: <TopologyDescription id: 6a75d43f5f498b469edb3b06, topology_type: Single, servers: [<ServerDescription ('localhost', 27017) server_type: Unknown, rtt: None, error=AutoReconnect('localhost:27017: [WinError 10061] No connection could be made because the target machine actively refused it')>]>
--------------------------------------------------------------------------------
Exception on /api/delivery/orders/:
Traceback (most recent call last):
  File "e:\MealMate\backend\venv\lib\site-packages\django\core\handlers\base.py", line 181, in _get_response
    response = wrapped_callback(request, *callback_args, **callback_kwargs)
  File "e:\MealMate\backend\venv\lib\site-packages\django\views\decorators\csrf.py", line 54, in wrapped_view
    return view_func(*args, **kwargs)
  File "e:\MealMate\backend\venv\lib\site-packages\rest_framework\viewsets.py", line 125, in view
    return self.dispatch(request, *args, **kwargs)
  File "e:\MealMate\backend\venv\lib\site-packages\rest_framework\views.py", line 509, in dispatch
    response = self.handle_exception(exc)
  File "e:\MealMate\backend\venv\lib\site-packages\rest_framework\views.py", line 469, in handle_exception
    self.raise_uncaught_exception(exc)
  File "e:\MealMate\backend\venv\lib\site-packages\rest_framework\views.py", line 480, in raise_uncaught_exception
    raise exc
  File "e:\MealMate\backend\venv\lib\site-packages\rest_framework\views.py", line 506, in dispatch
    response = handler(request, *args, **kwargs)
  File "E:\MealMate\backend\core\api\delivery_api\views.py", line 28, in list
    for doc in orders_cursor:
  File "e:\MealMate\backend\venv\lib\site-packages\pymongo\cursor.py", line 1238, in next
    if len(self.__data) or self._refresh():
  File "e:\MealMate\backend\venv\lib\site-packages\pymongo\cursor.py", line 1130, in _refresh
    self.__session = self.__collection.database.client._ensure_session()
  File "e:\MealMate\backend\venv\lib\site-packages\pymongo\mongo_client.py", line 1935, in _ensure_session
    return self.__start_session(True, causal_consistency=False)
  File "e:\MealMate\backend\venv\lib\site-packages\pymongo\mongo_client.py", line 1883, in __start_session
    server_session = self._get_server_session()
  File "e:\MealMate\backend\venv\lib\site-packages\pymongo\mongo_client.py", line 1921, in _get_server_session
    return self._topology.get_server_session()
  File "e:\MealMate\backend\venv\lib\site-packages\pymongo\topology.py", line 520, in get_server_session
    session_timeout = self._check_session_support()
  File "e:\MealMate\backend\venv\lib\site-packages\pymongo\topology.py", line 499, in _check_session_support
    self._select_servers_loop(
  File "e:\MealMate\backend\venv\lib\site-packages\pymongo\topology.py", line 218, in _select_servers_loop
    raise ServerSelectionTimeoutError(
pymongo.errors.ServerSelectionTimeoutError: localhost:27017: [WinError 10061] No connection could be made because the target machine actively refused it, Timeout: 30s, Topology Description: <TopologyDescription id: 6a75d47b5f498b469edb3b07, topology_type: Single, servers: [<ServerDescription ('localhost', 27017) server_type: Unknown, rtt: None, error=AutoReconnect('localhost:27017: [WinError 10061] No connection could be made because the target machine actively refused it')>]>
--------------------------------------------------------------------------------
Exception on /api/delivery/orders/:
Traceback (most recent call last):
  File "e:\MealMate\backend\venv\lib\site-packages\django\core\handlers\base.py", line 181, in _get_response
    response = wrapped_callback(request, *callback_args, **callback_kwargs)
  File "e:\MealMate\backend\venv\lib\site-packages\django\views\decorators\csrf.py", line 54, in wrapped_view
    return view_func(*args, **kwargs)
  File "e:\MealMate\backend\venv\lib\site-packages\rest_framework\viewsets.py", line 125, in view
    return self.dispatch(request, *args, **kwargs)
  File "e:\MealMate\backend\venv\lib\site-packages\rest_framework\views.py", line 509, in dispatch
    response = self.handle_exception(exc)
  File "e:\MealMate\backend\venv\lib\site-packages\rest_framework\views.py", line 469, in handle_exception
    self.raise_uncaught_exception(exc)
  File "e:\MealMate\backend\venv\lib\site-packages\rest_framework\views.py", line 480, in raise_uncaught_exception
    raise exc
  File "e:\MealMate\backend\venv\lib\site-packages\rest_framework\views.py", line 506, in dispatch
    response = handler(request, *args, **kwargs)
  File "E:\MealMate\backend\core\api\delivery_api\views.py", line 28, in list
    for doc in orders_cursor:
  File "e:\MealMate\backend\venv\lib\site-packages\pymongo\cursor.py", line 1238, in next
    if len(self.__data) or self._refresh():
  File "e:\MealMate\backend\venv\lib\site-packages\pymongo\cursor.py", line 1130, in _refresh
    self.__session = self.__collection.database.client._ensure_session()
  File "e:\MealMate\backend\venv\lib\site-packages\pymongo\mongo_client.py", line 1935, in _ensure_session
    return self.__start_session(True, causal_consistency=False)
  File "e:\MealMate\backend\venv\lib\site-packages\pymongo\mongo_client.py", line 1883, in __start_session
    server_session = self._get_server_session()
  File "e:\MealMate\backend\venv\lib\site-packages\pymongo\mongo_client.py", line 1921, in _get_server_session
    return self._topology.get_server_session()
  File "e:\MealMate\backend\venv\lib\site-packages\pymongo\topology.py", line 520, in get_server_session
    session_timeout = self._check_session_support()
  File "e:\MealMate\backend\venv\lib\site-packages\pymongo\topology.py", line 499, in _check_session_support
    self._select_servers_loop(
  File "e:\MealMate\backend\venv\lib\site-packages\pymongo\topology.py", line 218, in _select_servers_loop
    raise ServerSelectionTimeoutError(
pymongo.errors.ServerSelectionTimeoutError: localhost:27017: [WinError 10061] No connection could be made because the target machine actively refused it, Timeout: 30s, Topology Description: <TopologyDescription id: 6a75d4b75f498b469edb3b08, topology_type: Single, servers: [<ServerDescription ('localhost', 27017) server_type: Unknown, rtt: None, error=AutoReconnect('localhost:27017: [WinError 10061] No connection could be made because the target machine actively refused it')>]>
--------------------------------------------------------------------------------
Exception on /api/delivery/orders/:
Traceback (most recent call last):
  File "e:\MealMate\backend\venv\lib\site-packages\django\core\handlers\base.py", line 181, in _get_response
    response = wrapped_callback(request, *callback_args, **callback_kwargs)
  File "e:\MealMate\backend\venv\lib\site-packages\django\views\decorators\csrf.py", line 54, in wrapped_view
    return view_func(*args, **kwargs)
  File "e:\MealMate\backend\venv\lib\site-packages\rest_framework\viewsets.py", line 125, in view
    return self.dispatch(request, *args, **kwargs)
  File "e:\MealMate\backend\venv\lib\site-packages\rest_framework\views.py", line 509, in dispatch
    response = self.handle_exception(exc)
  File "e:\MealMate\backend\venv\lib\site-packages\rest_framework\views.py", line 469, in handle_exception
    self.raise_uncaught_exception(exc)
  File "e:\MealMate\backend\venv\lib\site-packages\rest_framework\views.py", line 480, in raise_uncaught_exception
    raise exc
  File "e:\MealMate\backend\venv\lib\site-packages\rest_framework\views.py", line 506, in dispatch
    response = handler(request, *args, **kwargs)
  File "E:\MealMate\backend\core\api\delivery_api\views.py", line 28, in list
    for doc in orders_cursor:
  File "e:\MealMate\backend\venv\lib\site-packages\pymongo\cursor.py", line 1238, in next
    if len(self.__data) or self._refresh():
  File "e:\MealMate\backend\venv\lib\site-packages\pymongo\cursor.py", line 1130, in _refresh
    self.__session = self.__collection.database.client._ensure_session()
  File "e:\MealMate\backend\venv\lib\site-packages\pymongo\mongo_client.py", line 1935, in _ensure_session
    return self.__start_session(True, causal_consistency=False)
  File "e:\MealMate\backend\venv\lib\site-packages\pymongo\mongo_client.py", line 1883, in __start_session
    server_session = self._get_server_session()
  File "e:\MealMate\backend\venv\lib\site-packages\pymongo\mongo_client.py", line 1921, in _get_server_session
    return self._topology.get_server_session()
  File "e:\MealMate\backend\venv\lib\site-packages\pymongo\topology.py", line 520, in get_server_session
    session_timeout = self._check_session_support()
  File "e:\MealMate\backend\venv\lib\site-packages\pymongo\topology.py", line 499, in _check_session_support
    self._select_servers_loop(
  File "e:\MealMate\backend\venv\lib\site-packages\pymongo\topology.py", line 218, in _select_servers_loop
    raise ServerSelectionTimeoutError(
pymongo.errors.ServerSelectionTimeoutError: localhost:27017: [WinError 10061] No connection could be made because the target machine actively refused it, Timeout: 30s, Topology Description: <TopologyDescription id: 6a75d4f35f498b469edb3b09, topology_type: Single, servers: [<ServerDescription ('localhost', 27017) server_type: Unknown, rtt: None, error=AutoReconnect('localhost:27017: [WinError 10061] No connection could be made because the target machine actively refused it')>]>
--------------------------------------------------------------------------------
Exception on /api/delivery/orders/:
Traceback (most recent call last):
  File "e:\MealMate\backend\venv\lib\site-packages\django\core\handlers\base.py", line 181, in _get_response
    response = wrapped_callback(request, *callback_args, **callback_kwargs)
  File "e:\MealMate\backend\venv\lib\site-packages\django\views\decorators\csrf.py", line 54, in wrapped_view
    return view_func(*args, **kwargs)
  File "e:\MealMate\backend\venv\lib\site-packages\rest_framework\viewsets.py", line 125, in view
    return self.dispatch(request, *args, **kwargs)
  File "e:\MealMate\backend\venv\lib\site-packages\rest_framework\views.py", line 509, in dispatch
    response = self.handle_exception(exc)
  File "e:\MealMate\backend\venv\lib\site-packages\rest_framework\views.py", line 469, in handle_exception
    self.raise_uncaught_exception(exc)
  File "e:\MealMate\backend\venv\lib\site-packages\rest_framework\views.py", line 480, in raise_uncaught_exception
    raise exc
  File "e:\MealMate\backend\venv\lib\site-packages\rest_framework\views.py", line 506, in dispatch
    response = handler(request, *args, **kwargs)
  File "E:\MealMate\backend\core\api\delivery_api\views.py", line 28, in list
    for doc in orders_cursor:
  File "e:\MealMate\backend\venv\lib\site-packages\pymongo\cursor.py", line 1238, in next
    if len(self.__data) or self._refresh():
  File "e:\MealMate\backend\venv\lib\site-packages\pymongo\cursor.py", line 1130, in _refresh
    self.__session = self.__collection.database.client._ensure_session()
  File "e:\MealMate\backend\venv\lib\site-packages\pymongo\mongo_client.py", line 1935, in _ensure_session
    return self.__start_session(True, causal_consistency=False)
  File "e:\MealMate\backend\venv\lib\site-packages\pymongo\mongo_client.py", line 1883, in __start_session
    server_session = self._get_server_session()
  File "e:\MealMate\backend\venv\lib\site-packages\pymongo\mongo_client.py", line 1921, in _get_server_session
    return self._topology.get_server_session()
  File "e:\MealMate\backend\venv\lib\site-packages\pymongo\topology.py", line 520, in get_server_session
    session_timeout = self._check_session_support()
  File "e:\MealMate\backend\venv\lib\site-packages\pymongo\topology.py", line 499, in _check_session_support
    self._select_servers_loop(
  File "e:\MealMate\backend\venv\lib\site-packages\pymongo\topology.py", line 218, in _select_servers_loop
    raise ServerSelectionTimeoutError(
pymongo.errors.ServerSelectionTimeoutError: localhost:27017: [WinError 10061] No connection could be made because the target machine actively refused it, Timeout: 30s, Topology Description: <TopologyDescription id: 6a75d52f5f498b469edb3b0a, topology_type: Single, servers: [<ServerDescription ('localhost', 27017) server_type: Unknown, rtt: None, error=AutoReconnect('localhost:27017: [WinError 10061] No connection could be made because the target machine actively refused it')>]>
--------------------------------------------------------------------------------
Exception on /api/delivery/orders/:
Traceback (most recent call last):
  File "e:\MealMate\backend\venv\lib\site-packages\django\core\handlers\base.py", line 181, in _get_response
    response = wrapped_callback(request, *callback_args, **callback_kwargs)
  File "e:\MealMate\backend\venv\lib\site-packages\django\views\decorators\csrf.py", line 54, in wrapped_view
    return view_func(*args, **kwargs)
  File "e:\MealMate\backend\venv\lib\site-packages\rest_framework\viewsets.py", line 125, in view
    return self.dispatch(request, *args, **kwargs)
  File "e:\MealMate\backend\venv\lib\site-packages\rest_framework\views.py", line 509, in dispatch
    response = self.handle_exception(exc)
  File "e:\MealMate\backend\venv\lib\site-packages\rest_framework\views.py", line 469, in handle_exception
    self.raise_uncaught_exception(exc)
  File "e:\MealMate\backend\venv\lib\site-packages\rest_framework\views.py", line 480, in raise_uncaught_exception
    raise exc
  File "e:\MealMate\backend\venv\lib\site-packages\rest_framework\views.py", line 506, in dispatch
    response = handler(request, *args, **kwargs)
  File "E:\MealMate\backend\core\api\delivery_api\views.py", line 28, in list
    for doc in orders_cursor:
  File "e:\MealMate\backend\venv\lib\site-packages\pymongo\cursor.py", line 1238, in next
    if len(self.__data) or self._refresh():
  File "e:\MealMate\backend\venv\lib\site-packages\pymongo\cursor.py", line 1130, in _refresh
    self.__session = self.__collection.database.client._ensure_session()
  File "e:\MealMate\backend\venv\lib\site-packages\pymongo\mongo_client.py", line 1935, in _ensure_session
    return self.__start_session(True, causal_consistency=False)
  File "e:\MealMate\backend\venv\lib\site-packages\pymongo\mongo_client.py", line 1883, in __start_session
    server_session = self._get_server_session()
  File "e:\MealMate\backend\venv\lib\site-packages\pymongo\mongo_client.py", line 1921, in _get_server_session
    return self._topology.get_server_session()
  File "e:\MealMate\backend\venv\lib\site-packages\pymongo\topology.py", line 520, in get_server_session
    session_timeout = self._check_session_support()
  File "e:\MealMate\backend\venv\lib\site-packages\pymongo\topology.py", line 499, in _check_session_support
    self._select_servers_loop(
  File "e:\MealMate\backend\venv\lib\site-packages\pymongo\topology.py", line 218, in _select_servers_loop
    raise ServerSelectionTimeoutError(
pymongo.errors.ServerSelectionTimeoutError: localhost:27017: [WinError 10061] No connection could be made because the target machine actively refused it, Timeout: 30s, Topology Description: <TopologyDescription id: 6a75d56b5f498b469edb3b0b, topology_type: Single, servers: [<ServerDescription ('localhost', 27017) server_type: Unknown, rtt: None, error=AutoReconnect('localhost:27017: [WinError 10061] No connection could be made because the target machine actively refused it')>]>
--------------------------------------------------------------------------------
Exception on /api/delivery/orders/:
Traceback (most recent call last):
  File "e:\MealMate\backend\venv\lib\site-packages\django\core\handlers\base.py", line 181, in _get_response
    response = wrapped_callback(request, *callback_args, **callback_kwargs)
  File "e:\MealMate\backend\venv\lib\site-packages\django\views\decorators\csrf.py", line 54, in wrapped_view
    return view_func(*args, **kwargs)
  File "e:\MealMate\backend\venv\lib\site-packages\rest_framework\viewsets.py", line 125, in view
    return self.dispatch(request, *args, **kwargs)
  File "e:\MealMate\backend\venv\lib\site-packages\rest_framework\views.py", line 509, in dispatch
    response = self.handle_exception(exc)
  File "e:\MealMate\backend\venv\lib\site-packages\rest_framework\views.py", line 469, in handle_exception
    self.raise_uncaught_exception(exc)
  File "e:\MealMate\backend\venv\lib\site-packages\rest_framework\views.py", line 480, in raise_uncaught_exception
    raise exc
  File "e:\MealMate\backend\venv\lib\site-packages\rest_framework\views.py", line 506, in dispatch
    response = handler(request, *args, **kwargs)
  File "E:\MealMate\backend\core\api\delivery_api\views.py", line 28, in list
    for doc in orders_cursor:
  File "e:\MealMate\backend\venv\lib\site-packages\pymongo\cursor.py", line 1238, in next
    if len(self.__data) or self._refresh():
  File "e:\MealMate\backend\venv\lib\site-packages\pymongo\cursor.py", line 1130, in _refresh
    self.__session = self.__collection.database.client._ensure_session()
  File "e:\MealMate\backend\venv\lib\site-packages\pymongo\mongo_client.py", line 1935, in _ensure_session
    return self.__start_session(True, causal_consistency=False)
  File "e:\MealMate\backend\venv\lib\site-packages\pymongo\mongo_client.py", line 1883, in __start_session
    server_session = self._get_server_session()
  File "e:\MealMate\backend\venv\lib\site-packages\pymongo\mongo_client.py", line 1921, in _get_server_session
    return self._topology.get_server_session()
  File "e:\MealMate\backend\venv\lib\site-packages\pymongo\topology.py", line 520, in get_server_session
    session_timeout = self._check_session_support()
  File "e:\MealMate\backend\venv\lib\site-packages\pymongo\topology.py", line 499, in _check_session_support
    self._select_servers_loop(
  File "e:\MealMate\backend\venv\lib\site-packages\pymongo\topology.py", line 218, in _select_servers_loop
    raise ServerSelectionTimeoutError(
pymongo.errors.ServerSelectionTimeoutError: localhost:27017: [WinError 10061] No connection could be made because the target machine actively refused it, Timeout: 30s, Topology Description: <TopologyDescription id: 6a75d5a75f498b469edb3b0c, topology_type: Single, servers: [<ServerDescription ('localhost', 27017) server_type: Unknown, rtt: None, error=AutoReconnect('localhost:27017: [WinError 10061] No connection could be made because the target machine actively refused it')>]>
--------------------------------------------------------------------------------
Exception on /api/delivery/orders/:
Traceback (most recent call last):
  File "e:\MealMate\backend\venv\lib\site-packages\django\core\handlers\base.py", line 181, in _get_response
    response = wrapped_callback(request, *callback_args, **callback_kwargs)
  File "e:\MealMate\backend\venv\lib\site-packages\django\views\decorators\csrf.py", line 54, in wrapped_view
    return view_func(*args, **kwargs)
  File "e:\MealMate\backend\venv\lib\site-packages\rest_framework\viewsets.py", line 125, in view
    return self.dispatch(request, *args, **kwargs)
  File "e:\MealMate\backend\venv\lib\site-packages\rest_framework\views.py", line 509, in dispatch
    response = self.handle_exception(exc)
  File "e:\MealMate\backend\venv\lib\site-packages\rest_framework\views.py", line 469, in handle_exception
    self.raise_uncaught_exception(exc)
  File "e:\MealMate\backend\venv\lib\site-packages\rest_framework\views.py", line 480, in raise_uncaught_exception
    raise exc
  File "e:\MealMate\backend\venv\lib\site-packages\rest_framework\views.py", line 506, in dispatch
    response = handler(request, *args, **kwargs)
  File "E:\MealMate\backend\core\api\delivery_api\views.py", line 28, in list
    for doc in orders_cursor:
  File "e:\MealMate\backend\venv\lib\site-packages\pymongo\cursor.py", line 1238, in next
    if len(self.__data) or self._refresh():
  File "e:\MealMate\backend\venv\lib\site-packages\pymongo\cursor.py", line 1130, in _refresh
    self.__session = self.__collection.database.client._ensure_session()
  File "e:\MealMate\backend\venv\lib\site-packages\pymongo\mongo_client.py", line 1935, in _ensure_session
    return self.__start_session(True, causal_consistency=False)
  File "e:\MealMate\backend\venv\lib\site-packages\pymongo\mongo_client.py", line 1883, in __start_session
    server_session = self._get_server_session()
  File "e:\MealMate\backend\venv\lib\site-packages\pymongo\mongo_client.py", line 1921, in _get_server_session
    return self._topology.get_server_session()
  File "e:\MealMate\backend\venv\lib\site-packages\pymongo\topology.py", line 520, in get_server_session
    session_timeout = self._check_session_support()
  File "e:\MealMate\backend\venv\lib\site-packages\pymongo\topology.py", line 499, in _check_session_support
    self._select_servers_loop(
  File "e:\MealMate\backend\venv\lib\site-packages\pymongo\topology.py", line 218, in _select_servers_loop
    raise ServerSelectionTimeoutError(
pymongo.errors.ServerSelectionTimeoutError: localhost:27017: [WinError 10061] No connection could be made because the target machine actively refused it, Timeout: 30s, Topology Description: <TopologyDescription id: 6a75d5e35f498b469edb3b0d, topology_type: Single, servers: [<ServerDescription ('localhost', 27017) server_type: Unknown, rtt: None, error=AutoReconnect('localhost:27017: [WinError 10061] No connection could be made because the target machine actively refused it')>]>
--------------------------------------------------------------------------------
Exception on /api/delivery/orders/:
Traceback (most recent call last):
  File "e:\MealMate\backend\venv\lib\site-packages\django\core\handlers\base.py", line 181, in _get_response
    response = wrapped_callback(request, *callback_args, **callback_kwargs)
  File "e:\MealMate\backend\venv\lib\site-packages\django\views\decorators\csrf.py", line 54, in wrapped_view
    return view_func(*args, **kwargs)
  File "e:\MealMate\backend\venv\lib\site-packages\rest_framework\viewsets.py", line 125, in view
    return self.dispatch(request, *args, **kwargs)
  File "e:\MealMate\backend\venv\lib\site-packages\rest_framework\views.py", line 509, in dispatch
    response = self.handle_exception(exc)
  File "e:\MealMate\backend\venv\lib\site-packages\rest_framework\views.py", line 469, in handle_exception
    self.raise_uncaught_exception(exc)
  File "e:\MealMate\backend\venv\lib\site-packages\rest_framework\views.py", line 480, in raise_uncaught_exception
    raise exc
  File "e:\MealMate\backend\venv\lib\site-packages\rest_framework\views.py", line 506, in dispatch
    response = handler(request, *args, **kwargs)
  File "E:\MealMate\backend\core\api\delivery_api\views.py", line 28, in list
    for doc in orders_cursor:
  File "e:\MealMate\backend\venv\lib\site-packages\pymongo\cursor.py", line 1238, in next
    if len(self.__data) or self._refresh():
  File "e:\MealMate\backend\venv\lib\site-packages\pymongo\cursor.py", line 1130, in _refresh
    self.__session = self.__collection.database.client._ensure_session()
  File "e:\MealMate\backend\venv\lib\site-packages\pymongo\mongo_client.py", line 1935, in _ensure_session
    return self.__start_session(True, causal_consistency=False)
  File "e:\MealMate\backend\venv\lib\site-packages\pymongo\mongo_client.py", line 1883, in __start_session
    server_session = self._get_server_session()
  File "e:\MealMate\backend\venv\lib\site-packages\pymongo\mongo_client.py", line 1921, in _get_server_session
    return self._topology.get_server_session()
  File "e:\MealMate\backend\venv\lib\site-packages\pymongo\topology.py", line 520, in get_server_session
    session_timeout = self._check_session_support()
  File "e:\MealMate\backend\venv\lib\site-packages\pymongo\topology.py", line 499, in _check_session_support
    self._select_servers_loop(
  File "e:\MealMate\backend\venv\lib\site-packages\pymongo\topology.py", line 218, in _select_servers_loop
    raise ServerSelectionTimeoutError(
pymongo.errors.ServerSelectionTimeoutError: localhost:27017: [WinError 10061] No connection could be made because the target machine actively refused it, Timeout: 30s, Topology Description: <TopologyDescription id: 6a75d61f5f498b469edb3b0e, topology_type: Single, servers: [<ServerDescription ('localhost', 27017) server_type: Unknown, rtt: None, error=AutoReconnect('localhost:27017: [WinError 10061] No connection could be made because the target machine actively refused it')>]>
--------------------------------------------------------------------------------
Exception on /api/delivery/orders/:
Traceback (most recent call last):
  File "e:\MealMate\backend\venv\lib\site-packages\django\core\handlers\base.py", line 181, in _get_response
    response = wrapped_callback(request, *callback_args, **callback_kwargs)
  File "e:\MealMate\backend\venv\lib\site-packages\django\views\decorators\csrf.py", line 54, in wrapped_view
    return view_func(*args, **kwargs)
  File "e:\MealMate\backend\venv\lib\site-packages\rest_framework\viewsets.py", line 125, in view
    return self.dispatch(request, *args, **kwargs)
  File "e:\MealMate\backend\venv\lib\site-packages\rest_framework\views.py", line 509, in dispatch
    response = self.handle_exception(exc)
  File "e:\MealMate\backend\venv\lib\site-packages\rest_framework\views.py", line 469, in handle_exception
    self.raise_uncaught_exception(exc)
  File "e:\MealMate\backend\venv\lib\site-packages\rest_framework\views.py", line 480, in raise_uncaught_exception
    raise exc
  File "e:\MealMate\backend\venv\lib\site-packages\rest_framework\views.py", line 506, in dispatch
    response = handler(request, *args, **kwargs)
  File "E:\MealMate\backend\core\api\delivery_api\views.py", line 28, in list
    for doc in orders_cursor:
  File "e:\MealMate\backend\venv\lib\site-packages\pymongo\cursor.py", line 1238, in next
    if len(self.__data) or self._refresh():
  File "e:\MealMate\backend\venv\lib\site-packages\pymongo\cursor.py", line 1130, in _refresh
    self.__session = self.__collection.database.client._ensure_session()
  File "e:\MealMate\backend\venv\lib\site-packages\pymongo\mongo_client.py", line 1935, in _ensure_session
    return self.__start_session(True, causal_consistency=False)
  File "e:\MealMate\backend\venv\lib\site-packages\pymongo\mongo_client.py", line 1883, in __start_session
    server_session = self._get_server_session()
  File "e:\MealMate\backend\venv\lib\site-packages\pymongo\mongo_client.py", line 1921, in _get_server_session
    return self._topology.get_server_session()
  File "e:\MealMate\backend\venv\lib\site-packages\pymongo\topology.py", line 520, in get_server_session
    session_timeout = self._check_session_support()
  File "e:\MealMate\backend\venv\lib\site-packages\pymongo\topology.py", line 499, in _check_session_support
    self._select_servers_loop(
  File "e:\MealMate\backend\venv\lib\site-packages\pymongo\topology.py", line 218, in _select_servers_loop
    raise ServerSelectionTimeoutError(
pymongo.errors.ServerSelectionTimeoutError: localhost:27017: [WinError 10061] No connection could be made because the target machine actively refused it, Timeout: 30s, Topology Description: <TopologyDescription id: 6a75de585f498b469edb3b0f, topology_type: Single, servers: [<ServerDescription ('localhost', 27017) server_type: Unknown, rtt: None, error=AutoReconnect('localhost:27017: [WinError 10061] No connection could be made because the target machine actively refused it')>]>
--------------------------------------------------------------------------------
Exception on /api/delivery/orders/:
Traceback (most recent call last):
  File "e:\MealMate\backend\venv\lib\site-packages\django\core\handlers\base.py", line 181, in _get_response
    response = wrapped_callback(request, *callback_args, **callback_kwargs)
  File "e:\MealMate\backend\venv\lib\site-packages\django\views\decorators\csrf.py", line 54, in wrapped_view
    return view_func(*args, **kwargs)
  File "e:\MealMate\backend\venv\lib\site-packages\rest_framework\viewsets.py", line 125, in view
    return self.dispatch(request, *args, **kwargs)
  File "e:\MealMate\backend\venv\lib\site-packages\rest_framework\views.py", line 509, in dispatch
    response = self.handle_exception(exc)
  File "e:\MealMate\backend\venv\lib\site-packages\rest_framework\views.py", line 469, in handle_exception
    self.raise_uncaught_exception(exc)
  File "e:\MealMate\backend\venv\lib\site-packages\rest_framework\views.py", line 480, in raise_uncaught_exception
    raise exc
  File "e:\MealMate\backend\venv\lib\site-packages\rest_framework\views.py", line 506, in dispatch
    response = handler(request, *args, **kwargs)
  File "E:\MealMate\backend\core\api\delivery_api\views.py", line 28, in list
    for doc in orders_cursor:
  File "e:\MealMate\backend\venv\lib\site-packages\pymongo\cursor.py", line 1238, in next
    if len(self.__data) or self._refresh():
  File "e:\MealMate\backend\venv\lib\site-packages\pymongo\cursor.py", line 1130, in _refresh
    self.__session = self.__collection.database.client._ensure_session()
  File "e:\MealMate\backend\venv\lib\site-packages\pymongo\mongo_client.py", line 1935, in _ensure_session
    return self.__start_session(True, causal_consistency=False)
  File "e:\MealMate\backend\venv\lib\site-packages\pymongo\mongo_client.py", line 1883, in __start_session
    server_session = self._get_server_session()
  File "e:\MealMate\backend\venv\lib\site-packages\pymongo\mongo_client.py", line 1921, in _get_server_session
    return self._topology.get_server_session()
  File "e:\MealMate\backend\venv\lib\site-packages\pymongo\topology.py", line 520, in get_server_session
    session_timeout = self._check_session_support()
  File "e:\MealMate\backend\venv\lib\site-packages\pymongo\topology.py", line 499, in _check_session_support
    self._select_servers_loop(
  File "e:\MealMate\backend\venv\lib\site-packages\pymongo\topology.py", line 218, in _select_servers_loop
    raise ServerSelectionTimeoutError(
pymongo.errors.ServerSelectionTimeoutError: localhost:27017: [WinError 10061] No connection could be made because the target machine actively refused it, Timeout: 30s, Topology Description: <TopologyDescription id: 6a75de8f5f498b469edb3b10, topology_type: Single, servers: [<ServerDescription ('localhost', 27017) server_type: Unknown, rtt: None, error=AutoReconnect('localhost:27017: [WinError 10061] No connection could be made because the target machine actively refused it')>]>
--------------------------------------------------------------------------------
Exception on /api/delivery/orders/:
Traceback (most recent call last):
  File "e:\MealMate\backend\venv\lib\site-packages\django\core\handlers\base.py", line 181, in _get_response
    response = wrapped_callback(request, *callback_args, **callback_kwargs)
  File "e:\MealMate\backend\venv\lib\site-packages\django\views\decorators\csrf.py", line 54, in wrapped_view
    return view_func(*args, **kwargs)
  File "e:\MealMate\backend\venv\lib\site-packages\rest_framework\viewsets.py", line 125, in view
    return self.dispatch(request, *args, **kwargs)
  File "e:\MealMate\backend\venv\lib\site-packages\rest_framework\views.py", line 509, in dispatch
    response = self.handle_exception(exc)
  File "e:\MealMate\backend\venv\lib\site-packages\rest_framework\views.py", line 469, in handle_exception
    self.raise_uncaught_exception(exc)
  File "e:\MealMate\backend\venv\lib\site-packages\rest_framework\views.py", line 480, in raise_uncaught_exception
    raise exc
  File "e:\MealMate\backend\venv\lib\site-packages\rest_framework\views.py", line 506, in dispatch
    response = handler(request, *args, **kwargs)
  File "E:\MealMate\backend\core\api\delivery_api\views.py", line 28, in list
    for doc in orders_cursor:
  File "e:\MealMate\backend\venv\lib\site-packages\pymongo\cursor.py", line 1238, in next
    if len(self.__data) or self._refresh():
  File "e:\MealMate\backend\venv\lib\site-packages\pymongo\cursor.py", line 1130, in _refresh
    self.__session = self.__collection.database.client._ensure_session()
  File "e:\MealMate\backend\venv\lib\site-packages\pymongo\mongo_client.py", line 1935, in _ensure_session
    return self.__start_session(True, causal_consistency=False)
  File "e:\MealMate\backend\venv\lib\site-packages\pymongo\mongo_client.py", line 1883, in __start_session
    server_session = self._get_server_session()
  File "e:\MealMate\backend\venv\lib\site-packages\pymongo\mongo_client.py", line 1921, in _get_server_session
    return self._topology.get_server_session()
  File "e:\MealMate\backend\venv\lib\site-packages\pymongo\topology.py", line 520, in get_server_session
    session_timeout = self._check_session_support()
  File "e:\MealMate\backend\venv\lib\site-packages\pymongo\topology.py", line 499, in _check_session_support
    self._select_servers_loop(
  File "e:\MealMate\backend\venv\lib\site-packages\pymongo\topology.py", line 218, in _select_servers_loop
    raise ServerSelectionTimeoutError(
pymongo.errors.ServerSelectionTimeoutError: localhost:27017: [WinError 10061] No connection could be made because the target machine actively refused it, Timeout: 30s, Topology Description: <TopologyDescription id: 6a75decb5f498b469edb3b11, topology_type: Single, servers: [<ServerDescription ('localhost', 27017) server_type: Unknown, rtt: None, error=AutoReconnect('localhost:27017: [WinError 10061] No connection could be made because the target machine actively refused it')>]>
--------------------------------------------------------------------------------
Exception on /api/delivery/orders/:
Traceback (most recent call last):
  File "e:\MealMate\backend\venv\lib\site-packages\django\core\handlers\base.py", line 181, in _get_response
    response = wrapped_callback(request, *callback_args, **callback_kwargs)
  File "e:\MealMate\backend\venv\lib\site-packages\django\views\decorators\csrf.py", line 54, in wrapped_view
    return view_func(*args, **kwargs)
  File "e:\MealMate\backend\venv\lib\site-packages\rest_framework\viewsets.py", line 125, in view
    return self.dispatch(request, *args, **kwargs)
  File "e:\MealMate\backend\venv\lib\site-packages\rest_framework\views.py", line 509, in dispatch
    response = self.handle_exception(exc)
  File "e:\MealMate\backend\venv\lib\site-packages\rest_framework\views.py", line 469, in handle_exception
    self.raise_uncaught_exception(exc)
  File "e:\MealMate\backend\venv\lib\site-packages\rest_framework\views.py", line 480, in raise_uncaught_exception
    raise exc
  File "e:\MealMate\backend\venv\lib\site-packages\rest_framework\views.py", line 506, in dispatch
    response = handler(request, *args, **kwargs)
  File "E:\MealMate\backend\core\api\delivery_api\views.py", line 28, in list
    for doc in orders_cursor:
  File "e:\MealMate\backend\venv\lib\site-packages\pymongo\cursor.py", line 1238, in next
    if len(self.__data) or self._refresh():
  File "e:\MealMate\backend\venv\lib\site-packages\pymongo\cursor.py", line 1130, in _refresh
    self.__session = self.__collection.database.client._ensure_session()
  File "e:\MealMate\backend\venv\lib\site-packages\pymongo\mongo_client.py", line 1935, in _ensure_session
    return self.__start_session(True, causal_consistency=False)
  File "e:\MealMate\backend\venv\lib\site-packages\pymongo\mongo_client.py", line 1883, in __start_session
    server_session = self._get_server_session()
  File "e:\MealMate\backend\venv\lib\site-packages\pymongo\mongo_client.py", line 1921, in _get_server_session
    return self._topology.get_server_session()
  File "e:\MealMate\backend\venv\lib\site-packages\pymongo\topology.py", line 520, in get_server_session
    session_timeout = self._check_session_support()
  File "e:\MealMate\backend\venv\lib\site-packages\pymongo\topology.py", line 499, in _check_session_support
    self._select_servers_loop(
  File "e:\MealMate\backend\venv\lib\site-packages\pymongo\topology.py", line 218, in _select_servers_loop
    raise ServerSelectionTimeoutError(
pymongo.errors.ServerSelectionTimeoutError: localhost:27017: [WinError 10061] No connection could be made because the target machine actively refused it, Timeout: 30s, Topology Description: <TopologyDescription id: 6a75df075f498b469edb3b12, topology_type: Single, servers: [<ServerDescription ('localhost', 27017) server_type: Unknown, rtt: None, error=AutoReconnect('localhost:27017: [WinError 10061] No connection could be made because the target machine actively refused it')>]>
--------------------------------------------------------------------------------
Exception on /api/delivery/orders/:
Traceback (most recent call last):
  File "e:\MealMate\backend\venv\lib\site-packages\django\core\handlers\base.py", line 181, in _get_response
    response = wrapped_callback(request, *callback_args, **callback_kwargs)
  File "e:\MealMate\backend\venv\lib\site-packages\django\views\decorators\csrf.py", line 54, in wrapped_view
    return view_func(*args, **kwargs)
  File "e:\MealMate\backend\venv\lib\site-packages\rest_framework\viewsets.py", line 125, in view
    return self.dispatch(request, *args, **kwargs)
  File "e:\MealMate\backend\venv\lib\site-packages\rest_framework\views.py", line 509, in dispatch
    response = self.handle_exception(exc)
  File "e:\MealMate\backend\venv\lib\site-packages\rest_framework\views.py", line 469, in handle_exception
    self.raise_uncaught_exception(exc)
  File "e:\MealMate\backend\venv\lib\site-packages\rest_framework\views.py", line 480, in raise_uncaught_exception
    raise exc
  File "e:\MealMate\backend\venv\lib\site-packages\rest_framework\views.py", line 506, in dispatch
    response = handler(request, *args, **kwargs)
  File "E:\MealMate\backend\core\api\delivery_api\views.py", line 28, in list
    for doc in orders_cursor:
  File "e:\MealMate\backend\venv\lib\site-packages\pymongo\cursor.py", line 1238, in next
    if len(self.__data) or self._refresh():
  File "e:\MealMate\backend\venv\lib\site-packages\pymongo\cursor.py", line 1130, in _refresh
    self.__session = self.__collection.database.client._ensure_session()
  File "e:\MealMate\backend\venv\lib\site-packages\pymongo\mongo_client.py", line 1935, in _ensure_session
    return self.__start_session(True, causal_consistency=False)
  File "e:\MealMate\backend\venv\lib\site-packages\pymongo\mongo_client.py", line 1883, in __start_session
    server_session = self._get_server_session()
  File "e:\MealMate\backend\venv\lib\site-packages\pymongo\mongo_client.py", line 1921, in _get_server_session
    return self._topology.get_server_session()
  File "e:\MealMate\backend\venv\lib\site-packages\pymongo\topology.py", line 520, in get_server_session
    session_timeout = self._check_session_support()
  File "e:\MealMate\backend\venv\lib\site-packages\pymongo\topology.py", line 499, in _check_session_support
    self._select_servers_loop(
  File "e:\MealMate\backend\venv\lib\site-packages\pymongo\topology.py", line 218, in _select_servers_loop
    raise ServerSelectionTimeoutError(
pymongo.errors.ServerSelectionTimeoutError: localhost:27017: [WinError 10061] No connection could be made because the target machine actively refused it, Timeout: 30s, Topology Description: <TopologyDescription id: 6a75df435f498b469edb3b13, topology_type: Single, servers: [<ServerDescription ('localhost', 27017) server_type: Unknown, rtt: None, error=AutoReconnect('localhost:27017: [WinError 10061] No connection could be made because the target machine actively refused it')>]>
--------------------------------------------------------------------------------
Exception on /api/delivery/orders/:
Traceback (most recent call last):
  File "e:\MealMate\backend\venv\lib\site-packages\django\core\handlers\base.py", line 181, in _get_response
    response = wrapped_callback(request, *callback_args, **callback_kwargs)
  File "e:\MealMate\backend\venv\lib\site-packages\django\views\decorators\csrf.py", line 54, in wrapped_view
    return view_func(*args, **kwargs)
  File "e:\MealMate\backend\venv\lib\site-packages\rest_framework\viewsets.py", line 125, in view
    return self.dispatch(request, *args, **kwargs)
  File "e:\MealMate\backend\venv\lib\site-packages\rest_framework\views.py", line 509, in dispatch
    response = self.handle_exception(exc)
  File "e:\MealMate\backend\venv\lib\site-packages\rest_framework\views.py", line 469, in handle_exception
    self.raise_uncaught_exception(exc)
  File "e:\MealMate\backend\venv\lib\site-packages\rest_framework\views.py", line 480, in raise_uncaught_exception
    raise exc
  File "e:\MealMate\backend\venv\lib\site-packages\rest_framework\views.py", line 506, in dispatch
    response = handler(request, *args, **kwargs)
  File "E:\MealMate\backend\core\api\delivery_api\views.py", line 28, in list
    for doc in orders_cursor:
  File "e:\MealMate\backend\venv\lib\site-packages\pymongo\cursor.py", line 1238, in next
    if len(self.__data) or self._refresh():
  File "e:\MealMate\backend\venv\lib\site-packages\pymongo\cursor.py", line 1130, in _refresh
    self.__session = self.__collection.database.client._ensure_session()
  File "e:\MealMate\backend\venv\lib\site-packages\pymongo\mongo_client.py", line 1935, in _ensure_session
    return self.__start_session(True, causal_consistency=False)
  File "e:\MealMate\backend\venv\lib\site-packages\pymongo\mongo_client.py", line 1883, in __start_session
    server_session = self._get_server_session()
  File "e:\MealMate\backend\venv\lib\site-packages\pymongo\mongo_client.py", line 1921, in _get_server_session
    return self._topology.get_server_session()
  File "e:\MealMate\backend\venv\lib\site-packages\pymongo\topology.py", line 520, in get_server_session
    session_timeout = self._check_session_support()
  File "e:\MealMate\backend\venv\lib\site-packages\pymongo\topology.py", line 499, in _check_session_support
    self._select_servers_loop(
  File "e:\MealMate\backend\venv\lib\site-packages\pymongo\topology.py", line 218, in _select_servers_loop
    raise ServerSelectionTimeoutError(
pymongo.errors.ServerSelectionTimeoutError: localhost:27017: [WinError 10061] No connection could be made because the target machine actively refused it, Timeout: 30s, Topology Description: <TopologyDescription id: 6a75df7f5f498b469edb3b14, topology_type: Single, servers: [<ServerDescription ('localhost', 27017) server_type: Unknown, rtt: None, error=AutoReconnect('localhost:27017: [WinError 10061] No connection could be made because the target machine actively refused it')>]>
--------------------------------------------------------------------------------
Exception on /api/delivery/orders/:
Traceback (most recent call last):
  File "e:\MealMate\backend\venv\lib\site-packages\django\core\handlers\base.py", line 181, in _get_response
    response = wrapped_callback(request, *callback_args, **callback_kwargs)
  File "e:\MealMate\backend\venv\lib\site-packages\django\views\decorators\csrf.py", line 54, in wrapped_view
    return view_func(*args, **kwargs)
  File "e:\MealMate\backend\venv\lib\site-packages\rest_framework\viewsets.py", line 125, in view
    return self.dispatch(request, *args, **kwargs)
  File "e:\MealMate\backend\venv\lib\site-packages\rest_framework\views.py", line 509, in dispatch
    response = self.handle_exception(exc)
  File "e:\MealMate\backend\venv\lib\site-packages\rest_framework\views.py", line 469, in handle_exception
    self.raise_uncaught_exception(exc)
  File "e:\MealMate\backend\venv\lib\site-packages\rest_framework\views.py", line 480, in raise_uncaught_exception
    raise exc
  File "e:\MealMate\backend\venv\lib\site-packages\rest_framework\views.py", line 506, in dispatch
    response = handler(request, *args, **kwargs)
  File "E:\MealMate\backend\core\api\delivery_api\views.py", line 28, in list
    for doc in orders_cursor:
  File "e:\MealMate\backend\venv\lib\site-packages\pymongo\cursor.py", line 1238, in next
    if len(self.__data) or self._refresh():
  File "e:\MealMate\backend\venv\lib\site-packages\pymongo\cursor.py", line 1130, in _refresh
    self.__session = self.__collection.database.client._ensure_session()
  File "e:\MealMate\backend\venv\lib\site-packages\pymongo\mongo_client.py", line 1935, in _ensure_session
    return self.__start_session(True, causal_consistency=False)
  File "e:\MealMate\backend\venv\lib\site-packages\pymongo\mongo_client.py", line 1883, in __start_session
    server_session = self._get_server_session()
  File "e:\MealMate\backend\venv\lib\site-packages\pymongo\mongo_client.py", line 1921, in _get_server_session
    return self._topology.get_server_session()
  File "e:\MealMate\backend\venv\lib\site-packages\pymongo\topology.py", line 520, in get_server_session
    session_timeout = self._check_session_support()
  File "e:\MealMate\backend\venv\lib\site-packages\pymongo\topology.py", line 499, in _check_session_support
    self._select_servers_loop(
  File "e:\MealMate\backend\venv\lib\site-packages\pymongo\topology.py", line 218, in _select_servers_loop
    raise ServerSelectionTimeoutError(
pymongo.errors.ServerSelectionTimeoutError: localhost:27017: [WinError 10061] No connection could be made because the target machine actively refused it, Timeout: 30s, Topology Description: <TopologyDescription id: 6a75dfbb5f498b469edb3b15, topology_type: Single, servers: [<ServerDescription ('localhost', 27017) server_type: Unknown, rtt: None, error=AutoReconnect('localhost:27017: [WinError 10061] No connection could be made because the target machine actively refused it')>]>
--------------------------------------------------------------------------------
Exception on /api/delivery/orders/:
Traceback (most recent call last):
  File "e:\MealMate\backend\venv\lib\site-packages\django\core\handlers\base.py", line 181, in _get_response
    response = wrapped_callback(request, *callback_args, **callback_kwargs)
  File "e:\MealMate\backend\venv\lib\site-packages\django\views\decorators\csrf.py", line 54, in wrapped_view
    return view_func(*args, **kwargs)
  File "e:\MealMate\backend\venv\lib\site-packages\rest_framework\viewsets.py", line 125, in view
    return self.dispatch(request, *args, **kwargs)
  File "e:\MealMate\backend\venv\lib\site-packages\rest_framework\views.py", line 509, in dispatch
    response = self.handle_exception(exc)
  File "e:\MealMate\backend\venv\lib\site-packages\rest_framework\views.py", line 469, in handle_exception
    self.raise_uncaught_exception(exc)
  File "e:\MealMate\backend\venv\lib\site-packages\rest_framework\views.py", line 480, in raise_uncaught_exception
    raise exc
  File "e:\MealMate\backend\venv\lib\site-packages\rest_framework\views.py", line 506, in dispatch
    response = handler(request, *args, **kwargs)
  File "E:\MealMate\backend\core\api\delivery_api\views.py", line 28, in list
    for doc in orders_cursor:
  File "e:\MealMate\backend\venv\lib\site-packages\pymongo\cursor.py", line 1238, in next
    if len(self.__data) or self._refresh():
  File "e:\MealMate\backend\venv\lib\site-packages\pymongo\cursor.py", line 1130, in _refresh
    self.__session = self.__collection.database.client._ensure_session()
  File "e:\MealMate\backend\venv\lib\site-packages\pymongo\mongo_client.py", line 1935, in _ensure_session
    return self.__start_session(True, causal_consistency=False)
  File "e:\MealMate\backend\venv\lib\site-packages\pymongo\mongo_client.py", line 1883, in __start_session
    server_session = self._get_server_session()
  File "e:\MealMate\backend\venv\lib\site-packages\pymongo\mongo_client.py", line 1921, in _get_server_session
    return self._topology.get_server_session()
  File "e:\MealMate\backend\venv\lib\site-packages\pymongo\topology.py", line 520, in get_server_session
    session_timeout = self._check_session_support()
  File "e:\MealMate\backend\venv\lib\site-packages\pymongo\topology.py", line 499, in _check_session_support
    self._select_servers_loop(
  File "e:\MealMate\backend\venv\lib\site-packages\pymongo\topology.py", line 218, in _select_servers_loop
    raise ServerSelectionTimeoutError(
pymongo.errors.ServerSelectionTimeoutError: localhost:27017: [WinError 10061] No connection could be made because the target machine actively refused it, Timeout: 30s, Topology Description: <TopologyDescription id: 6a75dff75f498b469edb3b16, topology_type: Single, servers: [<ServerDescription ('localhost', 27017) server_type: Unknown, rtt: None, error=AutoReconnect('localhost:27017: [WinError 10061] No connection could be made because the target machine actively refused it')>]>
--------------------------------------------------------------------------------
Exception on /api/delivery/orders/:
Traceback (most recent call last):
  File "e:\MealMate\backend\venv\lib\site-packages\django\core\handlers\base.py", line 181, in _get_response
    response = wrapped_callback(request, *callback_args, **callback_kwargs)
  File "e:\MealMate\backend\venv\lib\site-packages\django\views\decorators\csrf.py", line 54, in wrapped_view
    return view_func(*args, **kwargs)
  File "e:\MealMate\backend\venv\lib\site-packages\rest_framework\viewsets.py", line 125, in view
    return self.dispatch(request, *args, **kwargs)
  File "e:\MealMate\backend\venv\lib\site-packages\rest_framework\views.py", line 509, in dispatch
    response = self.handle_exception(exc)
  File "e:\MealMate\backend\venv\lib\site-packages\rest_framework\views.py", line 469, in handle_exception
    self.raise_uncaught_exception(exc)
  File "e:\MealMate\backend\venv\lib\site-packages\rest_framework\views.py", line 480, in raise_uncaught_exception
    raise exc
  File "e:\MealMate\backend\venv\lib\site-packages\rest_framework\views.py", line 506, in dispatch
    response = handler(request, *args, **kwargs)
  File "E:\MealMate\backend\core\api\delivery_api\views.py", line 28, in list
    for doc in orders_cursor:
  File "e:\MealMate\backend\venv\lib\site-packages\pymongo\cursor.py", line 1238, in next
    if len(self.__data) or self._refresh():
  File "e:\MealMate\backend\venv\lib\site-packages\pymongo\cursor.py", line 1130, in _refresh
    self.__session = self.__collection.database.client._ensure_session()
  File "e:\MealMate\backend\venv\lib\site-packages\pymongo\mongo_client.py", line 1935, in _ensure_session
    return self.__start_session(True, causal_consistency=False)
  File "e:\MealMate\backend\venv\lib\site-packages\pymongo\mongo_client.py", line 1883, in __start_session
    server_session = self._get_server_session()
  File "e:\MealMate\backend\venv\lib\site-packages\pymongo\mongo_client.py", line 1921, in _get_server_session
    return self._topology.get_server_session()
  File "e:\MealMate\backend\venv\lib\site-packages\pymongo\topology.py", line 520, in get_server_session
    session_timeout = self._check_session_support()
  File "e:\MealMate\backend\venv\lib\site-packages\pymongo\topology.py", line 499, in _check_session_support
    self._select_servers_loop(
  File "e:\MealMate\backend\venv\lib\site-packages\pymongo\topology.py", line 218, in _select_servers_loop
    raise ServerSelectionTimeoutError(
pymongo.errors.ServerSelectionTimeoutError: localhost:27017: [WinError 10061] No connection could be made because the target machine actively refused it, Timeout: 30s, Topology Description: <TopologyDescription id: 6a75e0335f498b469edb3b17, topology_type: Single, servers: [<ServerDescription ('localhost', 27017) server_type: Unknown, rtt: None, error=AutoReconnect('localhost:27017: [WinError 10061] No connection could be made because the target machine actively refused it')>]>
--------------------------------------------------------------------------------
Exception on /api/delivery/orders/:
Traceback (most recent call last):
  File "e:\MealMate\backend\venv\lib\site-packages\django\core\handlers\base.py", line 181, in _get_response
    response = wrapped_callback(request, *callback_args, **callback_kwargs)
  File "e:\MealMate\backend\venv\lib\site-packages\django\views\decorators\csrf.py", line 54, in wrapped_view
    return view_func(*args, **kwargs)
  File "e:\MealMate\backend\venv\lib\site-packages\rest_framework\viewsets.py", line 125, in view
    return self.dispatch(request, *args, **kwargs)
  File "e:\MealMate\backend\venv\lib\site-packages\rest_framework\views.py", line 509, in dispatch
    response = self.handle_exception(exc)
  File "e:\MealMate\backend\venv\lib\site-packages\rest_framework\views.py", line 469, in handle_exception
    self.raise_uncaught_exception(exc)
  File "e:\MealMate\backend\venv\lib\site-packages\rest_framework\views.py", line 480, in raise_uncaught_exception
    raise exc
  File "e:\MealMate\backend\venv\lib\site-packages\rest_framework\views.py", line 506, in dispatch
    response = handler(request, *args, **kwargs)
  File "E:\MealMate\backend\core\api\delivery_api\views.py", line 28, in list
    for doc in orders_cursor:
  File "e:\MealMate\backend\venv\lib\site-packages\pymongo\cursor.py", line 1238, in next
    if len(self.__data) or self._refresh():
  File "e:\MealMate\backend\venv\lib\site-packages\pymongo\cursor.py", line 1130, in _refresh
    self.__session = self.__collection.database.client._ensure_session()
  File "e:\MealMate\backend\venv\lib\site-packages\pymongo\mongo_client.py", line 1935, in _ensure_session
    return self.__start_session(True, causal_consistency=False)
  File "e:\MealMate\backend\venv\lib\site-packages\pymongo\mongo_client.py", line 1883, in __start_session
    server_session = self._get_server_session()
  File "e:\MealMate\backend\venv\lib\site-packages\pymongo\mongo_client.py", line 1921, in _get_server_session
    return self._topology.get_server_session()
  File "e:\MealMate\backend\venv\lib\site-packages\pymongo\topology.py", line 520, in get_server_session
    session_timeout = self._check_session_support()
  File "e:\MealMate\backend\venv\lib\site-packages\pymongo\topology.py", line 499, in _check_session_support
    self._select_servers_loop(
  File "e:\MealMate\backend\venv\lib\site-packages\pymongo\topology.py", line 218, in _select_servers_loop
    raise ServerSelectionTimeoutError(
pymongo.errors.ServerSelectionTimeoutError: localhost:27017: [WinError 10061] No connection could be made because the target machine actively refused it, Timeout: 30s, Topology Description: <TopologyDescription id: 6a75e06f5f498b469edb3b18, topology_type: Single, servers: [<ServerDescription ('localhost', 27017) server_type: Unknown, rtt: None, error=AutoReconnect('localhost:27017: [WinError 10061] No connection could be made because the target machine actively refused it')>]>
--------------------------------------------------------------------------------
Exception on /api/delivery/orders/:
Traceback (most recent call last):
  File "e:\MealMate\backend\venv\lib\site-packages\django\core\handlers\base.py", line 181, in _get_response
    response = wrapped_callback(request, *callback_args, **callback_kwargs)
  File "e:\MealMate\backend\venv\lib\site-packages\django\views\decorators\csrf.py", line 54, in wrapped_view
    return view_func(*args, **kwargs)
  File "e:\MealMate\backend\venv\lib\site-packages\rest_framework\viewsets.py", line 125, in view
    return self.dispatch(request, *args, **kwargs)
  File "e:\MealMate\backend\venv\lib\site-packages\rest_framework\views.py", line 509, in dispatch
    response = self.handle_exception(exc)
  File "e:\MealMate\backend\venv\lib\site-packages\rest_framework\views.py", line 469, in handle_exception
    self.raise_uncaught_exception(exc)
  File "e:\MealMate\backend\venv\lib\site-packages\rest_framework\views.py", line 480, in raise_uncaught_exception
    raise exc
  File "e:\MealMate\backend\venv\lib\site-packages\rest_framework\views.py", line 506, in dispatch
    response = handler(request, *args, **kwargs)
  File "E:\MealMate\backend\core\api\delivery_api\views.py", line 28, in list
    for doc in orders_cursor:
  File "e:\MealMate\backend\venv\lib\site-packages\pymongo\cursor.py", line 1238, in next
    if len(self.__data) or self._refresh():
  File "e:\MealMate\backend\venv\lib\site-packages\pymongo\cursor.py", line 1130, in _refresh
    self.__session = self.__collection.database.client._ensure_session()
  File "e:\MealMate\backend\venv\lib\site-packages\pymongo\mongo_client.py", line 1935, in _ensure_session
    return self.__start_session(True, causal_consistency=False)
  File "e:\MealMate\backend\venv\lib\site-packages\pymongo\mongo_client.py", line 1883, in __start_session
    server_session = self._get_server_session()
  File "e:\MealMate\backend\venv\lib\site-packages\pymongo\mongo_client.py", line 1921, in _get_server_session
    return self._topology.get_server_session()
  File "e:\MealMate\backend\venv\lib\site-packages\pymongo\topology.py", line 520, in get_server_session
    session_timeout = self._check_session_support()
  File "e:\MealMate\backend\venv\lib\site-packages\pymongo\topology.py", line 499, in _check_session_support
    self._select_servers_loop(
  File "e:\MealMate\backend\venv\lib\site-packages\pymongo\topology.py", line 218, in _select_servers_loop
    raise ServerSelectionTimeoutError(
pymongo.errors.ServerSelectionTimeoutError: localhost:27017: [WinError 10061] No connection could be made because the target machine actively refused it, Timeout: 30s, Topology Description: <TopologyDescription id: 6a75e0ab5f498b469edb3b19, topology_type: Single, servers: [<ServerDescription ('localhost', 27017) server_type: Unknown, rtt: None, error=AutoReconnect('localhost:27017: [WinError 10061] No connection could be made because the target machine actively refused it')>]>
--------------------------------------------------------------------------------
Exception on /api/delivery/orders/:
Traceback (most recent call last):
  File "e:\MealMate\backend\venv\lib\site-packages\django\core\handlers\base.py", line 181, in _get_response
    response = wrapped_callback(request, *callback_args, **callback_kwargs)
  File "e:\MealMate\backend\venv\lib\site-packages\django\views\decorators\csrf.py", line 54, in wrapped_view
    return view_func(*args, **kwargs)
  File "e:\MealMate\backend\venv\lib\site-packages\rest_framework\viewsets.py", line 125, in view
    return self.dispatch(request, *args, **kwargs)
  File "e:\MealMate\backend\venv\lib\site-packages\rest_framework\views.py", line 509, in dispatch
    response = self.handle_exception(exc)
  File "e:\MealMate\backend\venv\lib\site-packages\rest_framework\views.py", line 469, in handle_exception
    self.raise_uncaught_exception(exc)
  File "e:\MealMate\backend\venv\lib\site-packages\rest_framework\views.py", line 480, in raise_uncaught_exception
    raise exc
  File "e:\MealMate\backend\venv\lib\site-packages\rest_framework\views.py", line 506, in dispatch
    response = handler(request, *args, **kwargs)
  File "E:\MealMate\backend\core\api\delivery_api\views.py", line 28, in list
    for doc in orders_cursor:
  File "e:\MealMate\backend\venv\lib\site-packages\pymongo\cursor.py", line 1238, in next
    if len(self.__data) or self._refresh():
  File "e:\MealMate\backend\venv\lib\site-packages\pymongo\cursor.py", line 1130, in _refresh
    self.__session = self.__collection.database.client._ensure_session()
  File "e:\MealMate\backend\venv\lib\site-packages\pymongo\mongo_client.py", line 1935, in _ensure_session
    return self.__start_session(True, causal_consistency=False)
  File "e:\MealMate\backend\venv\lib\site-packages\pymongo\mongo_client.py", line 1883, in __start_session
    server_session = self._get_server_session()
  File "e:\MealMate\backend\venv\lib\site-packages\pymongo\mongo_client.py", line 1921, in _get_server_session
    return self._topology.get_server_session()
  File "e:\MealMate\backend\venv\lib\site-packages\pymongo\topology.py", line 520, in get_server_session
    session_timeout = self._check_session_support()
  File "e:\MealMate\backend\venv\lib\site-packages\pymongo\topology.py", line 499, in _check_session_support
    self._select_servers_loop(
  File "e:\MealMate\backend\venv\lib\site-packages\pymongo\topology.py", line 218, in _select_servers_loop
    raise ServerSelectionTimeoutError(
pymongo.errors.ServerSelectionTimeoutError: localhost:27017: [WinError 10061] No connection could be made because the target machine actively refused it, Timeout: 30s, Topology Description: <TopologyDescription id: 6a75e0e75f498b469edb3b1a, topology_type: Single, servers: [<ServerDescription ('localhost', 27017) server_type: Unknown, rtt: None, error=AutoReconnect('localhost:27017: [WinError 10061] No connection could be made because the target machine actively refused it')>]>
--------------------------------------------------------------------------------
Exception on /api/delivery/orders/:
Traceback (most recent call last):
  File "e:\MealMate\backend\venv\lib\site-packages\django\core\handlers\base.py", line 181, in _get_response
    response = wrapped_callback(request, *callback_args, **callback_kwargs)
  File "e:\MealMate\backend\venv\lib\site-packages\django\views\decorators\csrf.py", line 54, in wrapped_view
    return view_func(*args, **kwargs)
  File "e:\MealMate\backend\venv\lib\site-packages\rest_framework\viewsets.py", line 125, in view
    return self.dispatch(request, *args, **kwargs)
  File "e:\MealMate\backend\venv\lib\site-packages\rest_framework\views.py", line 509, in dispatch
    response = self.handle_exception(exc)
  File "e:\MealMate\backend\venv\lib\site-packages\rest_framework\views.py", line 469, in handle_exception
    self.raise_uncaught_exception(exc)
  File "e:\MealMate\backend\venv\lib\site-packages\rest_framework\views.py", line 480, in raise_uncaught_exception
    raise exc
  File "e:\MealMate\backend\venv\lib\site-packages\rest_framework\views.py", line 506, in dispatch
    response = handler(request, *args, **kwargs)
  File "E:\MealMate\backend\core\api\delivery_api\views.py", line 28, in list
    for doc in orders_cursor:
  File "e:\MealMate\backend\venv\lib\site-packages\pymongo\cursor.py", line 1238, in next
    if len(self.__data) or self._refresh():
  File "e:\MealMate\backend\venv\lib\site-packages\pymongo\cursor.py", line 1130, in _refresh
    self.__session = self.__collection.database.client._ensure_session()
  File "e:\MealMate\backend\venv\lib\site-packages\pymongo\mongo_client.py", line 1935, in _ensure_session
    return self.__start_session(True, causal_consistency=False)
  File "e:\MealMate\backend\venv\lib\site-packages\pymongo\mongo_client.py", line 1883, in __start_session
    server_session = self._get_server_session()
  File "e:\MealMate\backend\venv\lib\site-packages\pymongo\mongo_client.py", line 1921, in _get_server_session
    return self._topology.get_server_session()
  File "e:\MealMate\backend\venv\lib\site-packages\pymongo\topology.py", line 520, in get_server_session
    session_timeout = self._check_session_support()
  File "e:\MealMate\backend\venv\lib\site-packages\pymongo\topology.py", line 499, in _check_session_support
    self._select_servers_loop(
  File "e:\MealMate\backend\venv\lib\site-packages\pymongo\topology.py", line 218, in _select_servers_loop
    raise ServerSelectionTimeoutError(
pymongo.errors.ServerSelectionTimeoutError: localhost:27017: [WinError 10061] No connection could be made because the target machine actively refused it, Timeout: 30s, Topology Description: <TopologyDescription id: 6a75e1235f498b469edb3b1b, topology_type: Single, servers: [<ServerDescription ('localhost', 27017) server_type: Unknown, rtt: None, error=AutoReconnect('localhost:27017: [WinError 10061] No connection could be made because the target machine actively refused it')>]>
--------------------------------------------------------------------------------
Exception on /api/delivery/orders/:
Traceback (most recent call last):
  File "e:\MealMate\backend\venv\lib\site-packages\django\core\handlers\base.py", line 181, in _get_response
    response = wrapped_callback(request, *callback_args, **callback_kwargs)
  File "e:\MealMate\backend\venv\lib\site-packages\django\views\decorators\csrf.py", line 54, in wrapped_view
    return view_func(*args, **kwargs)
  File "e:\MealMate\backend\venv\lib\site-packages\rest_framework\viewsets.py", line 125, in view
    return self.dispatch(request, *args, **kwargs)
  File "e:\MealMate\backend\venv\lib\site-packages\rest_framework\views.py", line 509, in dispatch
    response = self.handle_exception(exc)
  File "e:\MealMate\backend\venv\lib\site-packages\rest_framework\views.py", line 469, in handle_exception
    self.raise_uncaught_exception(exc)
  File "e:\MealMate\backend\venv\lib\site-packages\rest_framework\views.py", line 480, in raise_uncaught_exception
    raise exc
  File "e:\MealMate\backend\venv\lib\site-packages\rest_framework\views.py", line 506, in dispatch
    response = handler(request, *args, **kwargs)
  File "E:\MealMate\backend\core\api\delivery_api\views.py", line 28, in list
    for doc in orders_cursor:
  File "e:\MealMate\backend\venv\lib\site-packages\pymongo\cursor.py", line 1238, in next
    if len(self.__data) or self._refresh():
  File "e:\MealMate\backend\venv\lib\site-packages\pymongo\cursor.py", line 1130, in _refresh
    self.__session = self.__collection.database.client._ensure_session()
  File "e:\MealMate\backend\venv\lib\site-packages\pymongo\mongo_client.py", line 1935, in _ensure_session
    return self.__start_session(True, causal_consistency=False)
  File "e:\MealMate\backend\venv\lib\site-packages\pymongo\mongo_client.py", line 1883, in __start_session
    server_session = self._get_server_session()
  File "e:\MealMate\backend\venv\lib\site-packages\pymongo\mongo_client.py", line 1921, in _get_server_session
    return self._topology.get_server_session()
  File "e:\MealMate\backend\venv\lib\site-packages\pymongo\topology.py", line 520, in get_server_session
    session_timeout = self._check_session_support()
  File "e:\MealMate\backend\venv\lib\site-packages\pymongo\topology.py", line 499, in _check_session_support
    self._select_servers_loop(
  File "e:\MealMate\backend\venv\lib\site-packages\pymongo\topology.py", line 218, in _select_servers_loop
    raise ServerSelectionTimeoutError(
pymongo.errors.ServerSelectionTimeoutError: localhost:27017: [WinError 10061] No connection could be made because the target machine actively refused it, Timeout: 30s, Topology Description: <TopologyDescription id: 6a75e15f5f498b469edb3b1c, topology_type: Single, servers: [<ServerDescription ('localhost', 27017) server_type: Unknown, rtt: None, error=AutoReconnect('localhost:27017: [WinError 10061] No connection could be made because the target machine actively refused it')>]>
--------------------------------------------------------------------------------
Exception on /api/delivery/orders/:
Traceback (most recent call last):
  File "e:\MealMate\backend\venv\lib\site-packages\django\core\handlers\base.py", line 181, in _get_response
    response = wrapped_callback(request, *callback_args, **callback_kwargs)
  File "e:\MealMate\backend\venv\lib\site-packages\django\views\decorators\csrf.py", line 54, in wrapped_view
    return view_func(*args, **kwargs)
  File "e:\MealMate\backend\venv\lib\site-packages\rest_framework\viewsets.py", line 125, in view
    return self.dispatch(request, *args, **kwargs)
  File "e:\MealMate\backend\venv\lib\site-packages\rest_framework\views.py", line 509, in dispatch
    response = self.handle_exception(exc)
  File "e:\MealMate\backend\venv\lib\site-packages\rest_framework\views.py", line 469, in handle_exception
    self.raise_uncaught_exception(exc)
  File "e:\MealMate\backend\venv\lib\site-packages\rest_framework\views.py", line 480, in raise_uncaught_exception
    raise exc
  File "e:\MealMate\backend\venv\lib\site-packages\rest_framework\views.py", line 506, in dispatch
    response = handler(request, *args, **kwargs)
  File "E:\MealMate\backend\core\api\delivery_api\views.py", line 28, in list
    for doc in orders_cursor:
  File "e:\MealMate\backend\venv\lib\site-packages\pymongo\cursor.py", line 1238, in next
    if len(self.__data) or self._refresh():
  File "e:\MealMate\backend\venv\lib\site-packages\pymongo\cursor.py", line 1130, in _refresh
    self.__session = self.__collection.database.client._ensure_session()
  File "e:\MealMate\backend\venv\lib\site-packages\pymongo\mongo_client.py", line 1935, in _ensure_session
    return self.__start_session(True, causal_consistency=False)
  File "e:\MealMate\backend\venv\lib\site-packages\pymongo\mongo_client.py", line 1883, in __start_session
    server_session = self._get_server_session()
  File "e:\MealMate\backend\venv\lib\site-packages\pymongo\mongo_client.py", line 1921, in _get_server_session
    return self._topology.get_server_session()
  File "e:\MealMate\backend\venv\lib\site-packages\pymongo\topology.py", line 520, in get_server_session
    session_timeout = self._check_session_support()
  File "e:\MealMate\backend\venv\lib\site-packages\pymongo\topology.py", line 499, in _check_session_support
    self._select_servers_loop(
  File "e:\MealMate\backend\venv\lib\site-packages\pymongo\topology.py", line 218, in _select_servers_loop
    raise ServerSelectionTimeoutError(
pymongo.errors.ServerSelectionTimeoutError: localhost:27017: [WinError 10061] No connection could be made because the target machine actively refused it, Timeout: 30s, Topology Description: <TopologyDescription id: 6a75e19b5f498b469edb3b1d, topology_type: Single, servers: [<ServerDescription ('localhost', 27017) server_type: Unknown, rtt: None, error=AutoReconnect('localhost:27017: [WinError 10061] No connection could be made because the target machine actively refused it')>]>
--------------------------------------------------------------------------------
Exception on /api/delivery/orders/:
Traceback (most recent call last):
  File "e:\MealMate\backend\venv\lib\site-packages\django\core\handlers\base.py", line 181, in _get_response
    response = wrapped_callback(request, *callback_args, **callback_kwargs)
  File "e:\MealMate\backend\venv\lib\site-packages\django\views\decorators\csrf.py", line 54, in wrapped_view
    return view_func(*args, **kwargs)
  File "e:\MealMate\backend\venv\lib\site-packages\rest_framework\viewsets.py", line 125, in view
    return self.dispatch(request, *args, **kwargs)
  File "e:\MealMate\backend\venv\lib\site-packages\rest_framework\views.py", line 509, in dispatch
    response = self.handle_exception(exc)
  File "e:\MealMate\backend\venv\lib\site-packages\rest_framework\views.py", line 469, in handle_exception
    self.raise_uncaught_exception(exc)
  File "e:\MealMate\backend\venv\lib\site-packages\rest_framework\views.py", line 480, in raise_uncaught_exception
    raise exc
  File "e:\MealMate\backend\venv\lib\site-packages\rest_framework\views.py", line 506, in dispatch
    response = handler(request, *args, **kwargs)
  File "E:\MealMate\backend\core\api\delivery_api\views.py", line 28, in list
    for doc in orders_cursor:
  File "e:\MealMate\backend\venv\lib\site-packages\pymongo\cursor.py", line 1238, in next
    if len(self.__data) or self._refresh():
  File "e:\MealMate\backend\venv\lib\site-packages\pymongo\cursor.py", line 1130, in _refresh
    self.__session = self.__collection.database.client._ensure_session()
  File "e:\MealMate\backend\venv\lib\site-packages\pymongo\mongo_client.py", line 1935, in _ensure_session
    return self.__start_session(True, causal_consistency=False)
  File "e:\MealMate\backend\venv\lib\site-packages\pymongo\mongo_client.py", line 1883, in __start_session
    server_session = self._get_server_session()
  File "e:\MealMate\backend\venv\lib\site-packages\pymongo\mongo_client.py", line 1921, in _get_server_session
    return self._topology.get_server_session()
  File "e:\MealMate\backend\venv\lib\site-packages\pymongo\topology.py", line 520, in get_server_session
    session_timeout = self._check_session_support()
  File "e:\MealMate\backend\venv\lib\site-packages\pymongo\topology.py", line 499, in _check_session_support
    self._select_servers_loop(
  File "e:\MealMate\backend\venv\lib\site-packages\pymongo\topology.py", line 218, in _select_servers_loop
    raise ServerSelectionTimeoutError(
pymongo.errors.ServerSelectionTimeoutError: localhost:27017: [WinError 10061] No connection could be made because the target machine actively refused it, Timeout: 30s, Topology Description: <TopologyDescription id: 6a75e1d75f498b469edb3b1e, topology_type: Single, servers: [<ServerDescription ('localhost', 27017) server_type: Unknown, rtt: None, error=AutoReconnect('localhost:27017: [WinError 10061] No connection could be made because the target machine actively refused it')>]>
--------------------------------------------------------------------------------
Exception on /api/delivery/orders/:
Traceback (most recent call last):
  File "e:\MealMate\backend\venv\lib\site-packages\django\core\handlers\base.py", line 181, in _get_response
    response = wrapped_callback(request, *callback_args, **callback_kwargs)
  File "e:\MealMate\backend\venv\lib\site-packages\django\views\decorators\csrf.py", line 54, in wrapped_view
    return view_func(*args, **kwargs)
  File "e:\MealMate\backend\venv\lib\site-packages\rest_framework\viewsets.py", line 125, in view
    return self.dispatch(request, *args, **kwargs)
  File "e:\MealMate\backend\venv\lib\site-packages\rest_framework\views.py", line 509, in dispatch
    response = self.handle_exception(exc)
  File "e:\MealMate\backend\venv\lib\site-packages\rest_framework\views.py", line 469, in handle_exception
    self.raise_uncaught_exception(exc)
  File "e:\MealMate\backend\venv\lib\site-packages\rest_framework\views.py", line 480, in raise_uncaught_exception
    raise exc
  File "e:\MealMate\backend\venv\lib\site-packages\rest_framework\views.py", line 506, in dispatch
    response = handler(request, *args, **kwargs)
  File "E:\MealMate\backend\core\api\delivery_api\views.py", line 28, in list
    for doc in orders_cursor:
  File "e:\MealMate\backend\venv\lib\site-packages\pymongo\cursor.py", line 1238, in next
    if len(self.__data) or self._refresh():
  File "e:\MealMate\backend\venv\lib\site-packages\pymongo\cursor.py", line 1130, in _refresh
    self.__session = self.__collection.database.client._ensure_session()
  File "e:\MealMate\backend\venv\lib\site-packages\pymongo\mongo_client.py", line 1935, in _ensure_session
    return self.__start_session(True, causal_consistency=False)
  File "e:\MealMate\backend\venv\lib\site-packages\pymongo\mongo_client.py", line 1883, in __start_session
    server_session = self._get_server_session()
  File "e:\MealMate\backend\venv\lib\site-packages\pymongo\mongo_client.py", line 1921, in _get_server_session
    return self._topology.get_server_session()
  File "e:\MealMate\backend\venv\lib\site-packages\pymongo\topology.py", line 520, in get_server_session
    session_timeout = self._check_session_support()
  File "e:\MealMate\backend\venv\lib\site-packages\pymongo\topology.py", line 499, in _check_session_support
    self._select_servers_loop(
  File "e:\MealMate\backend\venv\lib\site-packages\pymongo\topology.py", line 218, in _select_servers_loop
    raise ServerSelectionTimeoutError(
pymongo.errors.ServerSelectionTimeoutError: localhost:27017: [WinError 10061] No connection could be made because the target machine actively refused it, Timeout: 30s, Topology Description: <TopologyDescription id: 6a75e2135f498b469edb3b1f, topology_type: Single, servers: [<ServerDescription ('localhost', 27017) server_type: Unknown, rtt: None, error=AutoReconnect('localhost:27017: [WinError 10061] No connection could be made because the target machine actively refused it')>]>
--------------------------------------------------------------------------------
Exception on /api/delivery/orders/:
Traceback (most recent call last):
  File "e:\MealMate\backend\venv\lib\site-packages\django\core\handlers\base.py", line 181, in _get_response
    response = wrapped_callback(request, *callback_args, **callback_kwargs)
  File "e:\MealMate\backend\venv\lib\site-packages\django\views\decorators\csrf.py", line 54, in wrapped_view
    return view_func(*args, **kwargs)
  File "e:\MealMate\backend\venv\lib\site-packages\rest_framework\viewsets.py", line 125, in view
    return self.dispatch(request, *args, **kwargs)
  File "e:\MealMate\backend\venv\lib\site-packages\rest_framework\views.py", line 509, in dispatch
    response = self.handle_exception(exc)
  File "e:\MealMate\backend\venv\lib\site-packages\rest_framework\views.py", line 469, in handle_exception
    self.raise_uncaught_exception(exc)
  File "e:\MealMate\backend\venv\lib\site-packages\rest_framework\views.py", line 480, in raise_uncaught_exception
    raise exc
  File "e:\MealMate\backend\venv\lib\site-packages\rest_framework\views.py", line 506, in dispatch
    response = handler(request, *args, **kwargs)
  File "E:\MealMate\backend\core\api\delivery_api\views.py", line 28, in list
    for doc in orders_cursor:
  File "e:\MealMate\backend\venv\lib\site-packages\pymongo\cursor.py", line 1238, in next
    if len(self.__data) or self._refresh():
  File "e:\MealMate\backend\venv\lib\site-packages\pymongo\cursor.py", line 1130, in _refresh
    self.__session = self.__collection.database.client._ensure_session()
  File "e:\MealMate\backend\venv\lib\site-packages\pymongo\mongo_client.py", line 1935, in _ensure_session
    return self.__start_session(True, causal_consistency=False)
  File "e:\MealMate\backend\venv\lib\site-packages\pymongo\mongo_client.py", line 1883, in __start_session
    server_session = self._get_server_session()
  File "e:\MealMate\backend\venv\lib\site-packages\pymongo\mongo_client.py", line 1921, in _get_server_session
    return self._topology.get_server_session()
  File "e:\MealMate\backend\venv\lib\site-packages\pymongo\topology.py", line 520, in get_server_session
    session_timeout = self._check_session_support()
  File "e:\MealMate\backend\venv\lib\site-packages\pymongo\topology.py", line 499, in _check_session_support
    self._select_servers_loop(
  File "e:\MealMate\backend\venv\lib\site-packages\pymongo\topology.py", line 218, in _select_servers_loop
    raise ServerSelectionTimeoutError(
pymongo.errors.ServerSelectionTimeoutError: localhost:27017: [WinError 10061] No connection could be made because the target machine actively refused it, Timeout: 30s, Topology Description: <TopologyDescription id: 6a75e24f5f498b469edb3b20, topology_type: Single, servers: [<ServerDescription ('localhost', 27017) server_type: Unknown, rtt: None, error=AutoReconnect('localhost:27017: [WinError 10061] No connection could be made because the target machine actively refused it')>]>
--------------------------------------------------------------------------------
Exception on /api/delivery/orders/:
Traceback (most recent call last):
  File "e:\MealMate\backend\venv\lib\site-packages\django\core\handlers\base.py", line 181, in _get_response
    response = wrapped_callback(request, *callback_args, **callback_kwargs)
  File "e:\MealMate\backend\venv\lib\site-packages\django\views\decorators\csrf.py", line 54, in wrapped_view
    return view_func(*args, **kwargs)
  File "e:\MealMate\backend\venv\lib\site-packages\rest_framework\viewsets.py", line 125, in view
    return self.dispatch(request, *args, **kwargs)
  File "e:\MealMate\backend\venv\lib\site-packages\rest_framework\views.py", line 509, in dispatch
    response = self.handle_exception(exc)
  File "e:\MealMate\backend\venv\lib\site-packages\rest_framework\views.py", line 469, in handle_exception
    self.raise_uncaught_exception(exc)
  File "e:\MealMate\backend\venv\lib\site-packages\rest_framework\views.py", line 480, in raise_uncaught_exception
    raise exc
  File "e:\MealMate\backend\venv\lib\site-packages\rest_framework\views.py", line 506, in dispatch
    response = handler(request, *args, **kwargs)
  File "E:\MealMate\backend\core\api\delivery_api\views.py", line 28, in list
    for doc in orders_cursor:
  File "e:\MealMate\backend\venv\lib\site-packages\pymongo\cursor.py", line 1238, in next
    if len(self.__data) or self._refresh():
  File "e:\MealMate\backend\venv\lib\site-packages\pymongo\cursor.py", line 1130, in _refresh
    self.__session = self.__collection.database.client._ensure_session()
  File "e:\MealMate\backend\venv\lib\site-packages\pymongo\mongo_client.py", line 1935, in _ensure_session
    return self.__start_session(True, causal_consistency=False)
  File "e:\MealMate\backend\venv\lib\site-packages\pymongo\mongo_client.py", line 1883, in __start_session
    server_session = self._get_server_session()
  File "e:\MealMate\backend\venv\lib\site-packages\pymongo\mongo_client.py", line 1921, in _get_server_session
    return self._topology.get_server_session()
  File "e:\MealMate\backend\venv\lib\site-packages\pymongo\topology.py", line 520, in get_server_session
    session_timeout = self._check_session_support()
  File "e:\MealMate\backend\venv\lib\site-packages\pymongo\topology.py", line 499, in _check_session_support
    self._select_servers_loop(
  File "e:\MealMate\backend\venv\lib\site-packages\pymongo\topology.py", line 218, in _select_servers_loop
    raise ServerSelectionTimeoutError(
pymongo.errors.ServerSelectionTimeoutError: localhost:27017: [WinError 10061] No connection could be made because the target machine actively refused it, Timeout: 30s, Topology Description: <TopologyDescription id: 6a75e28b5f498b469edb3b21, topology_type: Single, servers: [<ServerDescription ('localhost', 27017) server_type: Unknown, rtt: None, error=AutoReconnect('localhost:27017: [WinError 10061] No connection could be made because the target machine actively refused it')>]>
--------------------------------------------------------------------------------
Exception on /api/delivery/orders/:
Traceback (most recent call last):
  File "e:\MealMate\backend\venv\lib\site-packages\django\core\handlers\base.py", line 181, in _get_response
    response = wrapped_callback(request, *callback_args, **callback_kwargs)
  File "e:\MealMate\backend\venv\lib\site-packages\django\views\decorators\csrf.py", line 54, in wrapped_view
    return view_func(*args, **kwargs)
  File "e:\MealMate\backend\venv\lib\site-packages\rest_framework\viewsets.py", line 125, in view
    return self.dispatch(request, *args, **kwargs)
  File "e:\MealMate\backend\venv\lib\site-packages\rest_framework\views.py", line 509, in dispatch
    response = self.handle_exception(exc)
  File "e:\MealMate\backend\venv\lib\site-packages\rest_framework\views.py", line 469, in handle_exception
    self.raise_uncaught_exception(exc)
  File "e:\MealMate\backend\venv\lib\site-packages\rest_framework\views.py", line 480, in raise_uncaught_exception
    raise exc
  File "e:\MealMate\backend\venv\lib\site-packages\rest_framework\views.py", line 506, in dispatch
    response = handler(request, *args, **kwargs)
  File "E:\MealMate\backend\core\api\delivery_api\views.py", line 28, in list
    for doc in orders_cursor:
  File "e:\MealMate\backend\venv\lib\site-packages\pymongo\cursor.py", line 1238, in next
    if len(self.__data) or self._refresh():
  File "e:\MealMate\backend\venv\lib\site-packages\pymongo\cursor.py", line 1130, in _refresh
    self.__session = self.__collection.database.client._ensure_session()
  File "e:\MealMate\backend\venv\lib\site-packages\pymongo\mongo_client.py", line 1935, in _ensure_session
    return self.__start_session(True, causal_consistency=False)
  File "e:\MealMate\backend\venv\lib\site-packages\pymongo\mongo_client.py", line 1883, in __start_session
    server_session = self._get_server_session()
  File "e:\MealMate\backend\venv\lib\site-packages\pymongo\mongo_client.py", line 1921, in _get_server_session
    return self._topology.get_server_session()
  File "e:\MealMate\backend\venv\lib\site-packages\pymongo\topology.py", line 520, in get_server_session
    session_timeout = self._check_session_support()
  File "e:\MealMate\backend\venv\lib\site-packages\pymongo\topology.py", line 499, in _check_session_support
    self._select_servers_loop(
  File "e:\MealMate\backend\venv\lib\site-packages\pymongo\topology.py", line 218, in _select_servers_loop
    raise ServerSelectionTimeoutError(
pymongo.errors.ServerSelectionTimeoutError: localhost:27017: [WinError 10061] No connection could be made because the target machine actively refused it, Timeout: 30s, Topology Description: <TopologyDescription id: 6a75e2c75f498b469edb3b22, topology_type: Single, servers: [<ServerDescription ('localhost', 27017) server_type: Unknown, rtt: None, error=AutoReconnect('localhost:27017: [WinError 10061] No connection could be made because the target machine actively refused it')>]>
--------------------------------------------------------------------------------
Exception on /api/delivery/orders/:
Traceback (most recent call last):
  File "e:\MealMate\backend\venv\lib\site-packages\django\core\handlers\base.py", line 181, in _get_response
    response = wrapped_callback(request, *callback_args, **callback_kwargs)
  File "e:\MealMate\backend\venv\lib\site-packages\django\views\decorators\csrf.py", line 54, in wrapped_view
    return view_func(*args, **kwargs)
  File "e:\MealMate\backend\venv\lib\site-packages\rest_framework\viewsets.py", line 125, in view
    return self.dispatch(request, *args, **kwargs)
  File "e:\MealMate\backend\venv\lib\site-packages\rest_framework\views.py", line 509, in dispatch
    response = self.handle_exception(exc)
  File "e:\MealMate\backend\venv\lib\site-packages\rest_framework\views.py", line 469, in handle_exception
    self.raise_uncaught_exception(exc)
  File "e:\MealMate\backend\venv\lib\site-packages\rest_framework\views.py", line 480, in raise_uncaught_exception
    raise exc
  File "e:\MealMate\backend\venv\lib\site-packages\rest_framework\views.py", line 506, in dispatch
    response = handler(request, *args, **kwargs)
  File "E:\MealMate\backend\core\api\delivery_api\views.py", line 28, in list
    for doc in orders_cursor:
  File "e:\MealMate\backend\venv\lib\site-packages\pymongo\cursor.py", line 1238, in next
    if len(self.__data) or self._refresh():
  File "e:\MealMate\backend\venv\lib\site-packages\pymongo\cursor.py", line 1130, in _refresh
    self.__session = self.__collection.database.client._ensure_session()
  File "e:\MealMate\backend\venv\lib\site-packages\pymongo\mongo_client.py", line 1935, in _ensure_session
    return self.__start_session(True, causal_consistency=False)
  File "e:\MealMate\backend\venv\lib\site-packages\pymongo\mongo_client.py", line 1883, in __start_session
    server_session = self._get_server_session()
  File "e:\MealMate\backend\venv\lib\site-packages\pymongo\mongo_client.py", line 1921, in _get_server_session
    return self._topology.get_server_session()
  File "e:\MealMate\backend\venv\lib\site-packages\pymongo\topology.py", line 520, in get_server_session
    session_timeout = self._check_session_support()
  File "e:\MealMate\backend\venv\lib\site-packages\pymongo\topology.py", line 499, in _check_session_support
    self._select_servers_loop(
  File "e:\MealMate\backend\venv\lib\site-packages\pymongo\topology.py", line 218, in _select_servers_loop
    raise ServerSelectionTimeoutError(
pymongo.errors.ServerSelectionTimeoutError: localhost:27017: [WinError 10061] No connection could be made because the target machine actively refused it, Timeout: 30s, Topology Description: <TopologyDescription id: 6a75e3035f498b469edb3b23, topology_type: Single, servers: [<ServerDescription ('localhost', 27017) server_type: Unknown, rtt: None, error=AutoReconnect('localhost:27017: [WinError 10061] No connection could be made because the target machine actively refused it')>]>
--------------------------------------------------------------------------------
Exception on /api/delivery/orders/:
Traceback (most recent call last):
  File "e:\MealMate\backend\venv\lib\site-packages\django\core\handlers\base.py", line 181, in _get_response
    response = wrapped_callback(request, *callback_args, **callback_kwargs)
  File "e:\MealMate\backend\venv\lib\site-packages\django\views\decorators\csrf.py", line 54, in wrapped_view
    return view_func(*args, **kwargs)
  File "e:\MealMate\backend\venv\lib\site-packages\rest_framework\viewsets.py", line 125, in view
    return self.dispatch(request, *args, **kwargs)
  File "e:\MealMate\backend\venv\lib\site-packages\rest_framework\views.py", line 509, in dispatch
    response = self.handle_exception(exc)
  File "e:\MealMate\backend\venv\lib\site-packages\rest_framework\views.py", line 469, in handle_exception
    self.raise_uncaught_exception(exc)
  File "e:\MealMate\backend\venv\lib\site-packages\rest_framework\views.py", line 480, in raise_uncaught_exception
    raise exc
  File "e:\MealMate\backend\venv\lib\site-packages\rest_framework\views.py", line 506, in dispatch
    response = handler(request, *args, **kwargs)
  File "E:\MealMate\backend\core\api\delivery_api\views.py", line 28, in list
    for doc in orders_cursor:
  File "e:\MealMate\backend\venv\lib\site-packages\pymongo\cursor.py", line 1238, in next
    if len(self.__data) or self._refresh():
  File "e:\MealMate\backend\venv\lib\site-packages\pymongo\cursor.py", line 1130, in _refresh
    self.__session = self.__collection.database.client._ensure_session()
  File "e:\MealMate\backend\venv\lib\site-packages\pymongo\mongo_client.py", line 1935, in _ensure_session
    return self.__start_session(True, causal_consistency=False)
  File "e:\MealMate\backend\venv\lib\site-packages\pymongo\mongo_client.py", line 1883, in __start_session
    server_session = self._get_server_session()
  File "e:\MealMate\backend\venv\lib\site-packages\pymongo\mongo_client.py", line 1921, in _get_server_session
    return self._topology.get_server_session()
  File "e:\MealMate\backend\venv\lib\site-packages\pymongo\topology.py", line 520, in get_server_session
    session_timeout = self._check_session_support()
  File "e:\MealMate\backend\venv\lib\site-packages\pymongo\topology.py", line 499, in _check_session_support
    self._select_servers_loop(
  File "e:\MealMate\backend\venv\lib\site-packages\pymongo\topology.py", line 218, in _select_servers_loop
    raise ServerSelectionTimeoutError(
pymongo.errors.ServerSelectionTimeoutError: localhost:27017: [WinError 10061] No connection could be made because the target machine actively refused it, Timeout: 30s, Topology Description: <TopologyDescription id: 6a75e33f5f498b469edb3b24, topology_type: Single, servers: [<ServerDescription ('localhost', 27017) server_type: Unknown, rtt: None, error=AutoReconnect('localhost:27017: [WinError 10061] No connection could be made because the target machine actively refused it')>]>
--------------------------------------------------------------------------------
Exception on /api/delivery/orders/:
Traceback (most recent call last):
  File "e:\MealMate\backend\venv\lib\site-packages\django\core\handlers\base.py", line 181, in _get_response
    response = wrapped_callback(request, *callback_args, **callback_kwargs)
  File "e:\MealMate\backend\venv\lib\site-packages\django\views\decorators\csrf.py", line 54, in wrapped_view
    return view_func(*args, **kwargs)
  File "e:\MealMate\backend\venv\lib\site-packages\rest_framework\viewsets.py", line 125, in view
    return self.dispatch(request, *args, **kwargs)
  File "e:\MealMate\backend\venv\lib\site-packages\rest_framework\views.py", line 509, in dispatch
    response = self.handle_exception(exc)
  File "e:\MealMate\backend\venv\lib\site-packages\rest_framework\views.py", line 469, in handle_exception
    self.raise_uncaught_exception(exc)
  File "e:\MealMate\backend\venv\lib\site-packages\rest_framework\views.py", line 480, in raise_uncaught_exception
    raise exc
  File "e:\MealMate\backend\venv\lib\site-packages\rest_framework\views.py", line 506, in dispatch
    response = handler(request, *args, **kwargs)
  File "E:\MealMate\backend\core\api\delivery_api\views.py", line 28, in list
    for doc in orders_cursor:
  File "e:\MealMate\backend\venv\lib\site-packages\pymongo\cursor.py", line 1238, in next
    if len(self.__data) or self._refresh():
  File "e:\MealMate\backend\venv\lib\site-packages\pymongo\cursor.py", line 1130, in _refresh
    self.__session = self.__collection.database.client._ensure_session()
  File "e:\MealMate\backend\venv\lib\site-packages\pymongo\mongo_client.py", line 1935, in _ensure_session
    return self.__start_session(True, causal_consistency=False)
  File "e:\MealMate\backend\venv\lib\site-packages\pymongo\mongo_client.py", line 1883, in __start_session
    server_session = self._get_server_session()
  File "e:\MealMate\backend\venv\lib\site-packages\pymongo\mongo_client.py", line 1921, in _get_server_session
    return self._topology.get_server_session()
  File "e:\MealMate\backend\venv\lib\site-packages\pymongo\topology.py", line 520, in get_server_session
    session_timeout = self._check_session_support()
  File "e:\MealMate\backend\venv\lib\site-packages\pymongo\topology.py", line 499, in _check_session_support
    self._select_servers_loop(
  File "e:\MealMate\backend\venv\lib\site-packages\pymongo\topology.py", line 218, in _select_servers_loop
    raise ServerSelectionTimeoutError(
pymongo.errors.ServerSelectionTimeoutError: localhost:27017: [WinError 10061] No connection could be made because the target machine actively refused it, Timeout: 30s, Topology Description: <TopologyDescription id: 6a75e37b5f498b469edb3b25, topology_type: Single, servers: [<ServerDescription ('localhost', 27017) server_type: Unknown, rtt: None, error=AutoReconnect('localhost:27017: [WinError 10061] No connection could be made because the target machine actively refused it')>]>
--------------------------------------------------------------------------------
Exception on /api/delivery/orders/:
Traceback (most recent call last):
  File "e:\MealMate\backend\venv\lib\site-packages\django\core\handlers\base.py", line 181, in _get_response
    response = wrapped_callback(request, *callback_args, **callback_kwargs)
  File "e:\MealMate\backend\venv\lib\site-packages\django\views\decorators\csrf.py", line 54, in wrapped_view
    return view_func(*args, **kwargs)
  File "e:\MealMate\backend\venv\lib\site-packages\rest_framework\viewsets.py", line 125, in view
    return self.dispatch(request, *args, **kwargs)
  File "e:\MealMate\backend\venv\lib\site-packages\rest_framework\views.py", line 509, in dispatch
    response = self.handle_exception(exc)
  File "e:\MealMate\backend\venv\lib\site-packages\rest_framework\views.py", line 469, in handle_exception
    self.raise_uncaught_exception(exc)
  File "e:\MealMate\backend\venv\lib\site-packages\rest_framework\views.py", line 480, in raise_uncaught_exception
    raise exc
  File "e:\MealMate\backend\venv\lib\site-packages\rest_framework\views.py", line 506, in dispatch
    response = handler(request, *args, **kwargs)
  File "E:\MealMate\backend\core\api\delivery_api\views.py", line 28, in list
    for doc in orders_cursor:
  File "e:\MealMate\backend\venv\lib\site-packages\pymongo\cursor.py", line 1238, in next
    if len(self.__data) or self._refresh():
  File "e:\MealMate\backend\venv\lib\site-packages\pymongo\cursor.py", line 1130, in _refresh
    self.__session = self.__collection.database.client._ensure_session()
  File "e:\MealMate\backend\venv\lib\site-packages\pymongo\mongo_client.py", line 1935, in _ensure_session
    return self.__start_session(True, causal_consistency=False)
  File "e:\MealMate\backend\venv\lib\site-packages\pymongo\mongo_client.py", line 1883, in __start_session
    server_session = self._get_server_session()
  File "e:\MealMate\backend\venv\lib\site-packages\pymongo\mongo_client.py", line 1921, in _get_server_session
    return self._topology.get_server_session()
  File "e:\MealMate\backend\venv\lib\site-packages\pymongo\topology.py", line 520, in get_server_session
    session_timeout = self._check_session_support()
  File "e:\MealMate\backend\venv\lib\site-packages\pymongo\topology.py", line 499, in _check_session_support
    self._select_servers_loop(
  File "e:\MealMate\backend\venv\lib\site-packages\pymongo\topology.py", line 218, in _select_servers_loop
    raise ServerSelectionTimeoutError(
pymongo.errors.ServerSelectionTimeoutError: localhost:27017: [WinError 10061] No connection could be made because the target machine actively refused it, Timeout: 30s, Topology Description: <TopologyDescription id: 6a75e3b75f498b469edb3b26, topology_type: Single, servers: [<ServerDescription ('localhost', 27017) server_type: Unknown, rtt: None, error=AutoReconnect('localhost:27017: [WinError 10061] No connection could be made because the target machine actively refused it')>]>
--------------------------------------------------------------------------------
Exception on /api/delivery/orders/:
Traceback (most recent call last):
  File "e:\MealMate\backend\venv\lib\site-packages\django\core\handlers\base.py", line 181, in _get_response
    response = wrapped_callback(request, *callback_args, **callback_kwargs)
  File "e:\MealMate\backend\venv\lib\site-packages\django\views\decorators\csrf.py", line 54, in wrapped_view
    return view_func(*args, **kwargs)
  File "e:\MealMate\backend\venv\lib\site-packages\rest_framework\viewsets.py", line 125, in view
    return self.dispatch(request, *args, **kwargs)
  File "e:\MealMate\backend\venv\lib\site-packages\rest_framework\views.py", line 509, in dispatch
    response = self.handle_exception(exc)
  File "e:\MealMate\backend\venv\lib\site-packages\rest_framework\views.py", line 469, in handle_exception
    self.raise_uncaught_exception(exc)
  File "e:\MealMate\backend\venv\lib\site-packages\rest_framework\views.py", line 480, in raise_uncaught_exception
    raise exc
  File "e:\MealMate\backend\venv\lib\site-packages\rest_framework\views.py", line 506, in dispatch
    response = handler(request, *args, **kwargs)
  File "E:\MealMate\backend\core\api\delivery_api\views.py", line 28, in list
    for doc in orders_cursor:
  File "e:\MealMate\backend\venv\lib\site-packages\pymongo\cursor.py", line 1238, in next
    if len(self.__data) or self._refresh():
  File "e:\MealMate\backend\venv\lib\site-packages\pymongo\cursor.py", line 1130, in _refresh
    self.__session = self.__collection.database.client._ensure_session()
  File "e:\MealMate\backend\venv\lib\site-packages\pymongo\mongo_client.py", line 1935, in _ensure_session
    return self.__start_session(True, causal_consistency=False)
  File "e:\MealMate\backend\venv\lib\site-packages\pymongo\mongo_client.py", line 1883, in __start_session
    server_session = self._get_server_session()
  File "e:\MealMate\backend\venv\lib\site-packages\pymongo\mongo_client.py", line 1921, in _get_server_session
    return self._topology.get_server_session()
  File "e:\MealMate\backend\venv\lib\site-packages\pymongo\topology.py", line 520, in get_server_session
    session_timeout = self._check_session_support()
  File "e:\MealMate\backend\venv\lib\site-packages\pymongo\topology.py", line 499, in _check_session_support
    self._select_servers_loop(
  File "e:\MealMate\backend\venv\lib\site-packages\pymongo\topology.py", line 218, in _select_servers_loop
    raise ServerSelectionTimeoutError(
pymongo.errors.ServerSelectionTimeoutError: localhost:27017: [WinError 10061] No connection could be made because the target machine actively refused it, Timeout: 30s, Topology Description: <TopologyDescription id: 6a75e3f35f498b469edb3b27, topology_type: Single, servers: [<ServerDescription ('localhost', 27017) server_type: Unknown, rtt: None, error=AutoReconnect('localhost:27017: [WinError 10061] No connection could be made because the target machine actively refused it')>]>
--------------------------------------------------------------------------------
Exception on /api/delivery/orders/:
Traceback (most recent call last):
  File "e:\MealMate\backend\venv\lib\site-packages\django\core\handlers\base.py", line 181, in _get_response
    response = wrapped_callback(request, *callback_args, **callback_kwargs)
  File "e:\MealMate\backend\venv\lib\site-packages\django\views\decorators\csrf.py", line 54, in wrapped_view
    return view_func(*args, **kwargs)
  File "e:\MealMate\backend\venv\lib\site-packages\rest_framework\viewsets.py", line 125, in view
    return self.dispatch(request, *args, **kwargs)
  File "e:\MealMate\backend\venv\lib\site-packages\rest_framework\views.py", line 509, in dispatch
    response = self.handle_exception(exc)
  File "e:\MealMate\backend\venv\lib\site-packages\rest_framework\views.py", line 469, in handle_exception
    self.raise_uncaught_exception(exc)
  File "e:\MealMate\backend\venv\lib\site-packages\rest_framework\views.py", line 480, in raise_uncaught_exception
    raise exc
  File "e:\MealMate\backend\venv\lib\site-packages\rest_framework\views.py", line 506, in dispatch
    response = handler(request, *args, **kwargs)
  File "E:\MealMate\backend\core\api\delivery_api\views.py", line 28, in list
    for doc in orders_cursor:
  File "e:\MealMate\backend\venv\lib\site-packages\pymongo\cursor.py", line 1238, in next
    if len(self.__data) or self._refresh():
  File "e:\MealMate\backend\venv\lib\site-packages\pymongo\cursor.py", line 1130, in _refresh
    self.__session = self.__collection.database.client._ensure_session()
  File "e:\MealMate\backend\venv\lib\site-packages\pymongo\mongo_client.py", line 1935, in _ensure_session
    return self.__start_session(True, causal_consistency=False)
  File "e:\MealMate\backend\venv\lib\site-packages\pymongo\mongo_client.py", line 1883, in __start_session
    server_session = self._get_server_session()
  File "e:\MealMate\backend\venv\lib\site-packages\pymongo\mongo_client.py", line 1921, in _get_server_session
    return self._topology.get_server_session()
  File "e:\MealMate\backend\venv\lib\site-packages\pymongo\topology.py", line 520, in get_server_session
    session_timeout = self._check_session_support()
  File "e:\MealMate\backend\venv\lib\site-packages\pymongo\topology.py", line 499, in _check_session_support
    self._select_servers_loop(
  File "e:\MealMate\backend\venv\lib\site-packages\pymongo\topology.py", line 218, in _select_servers_loop
    raise ServerSelectionTimeoutError(
pymongo.errors.ServerSelectionTimeoutError: localhost:27017: [WinError 10061] No connection could be made because the target machine actively refused it, Timeout: 30s, Topology Description: <TopologyDescription id: 6a75e42f5f498b469edb3b28, topology_type: Single, servers: [<ServerDescription ('localhost', 27017) server_type: Unknown, rtt: None, error=AutoReconnect('localhost:27017: [WinError 10061] No connection could be made because the target machine actively refused it')>]>
--------------------------------------------------------------------------------
Exception on /api/delivery/orders/:
Traceback (most recent call last):
  File "e:\MealMate\backend\venv\lib\site-packages\django\core\handlers\base.py", line 181, in _get_response
    response = wrapped_callback(request, *callback_args, **callback_kwargs)
  File "e:\MealMate\backend\venv\lib\site-packages\django\views\decorators\csrf.py", line 54, in wrapped_view
    return view_func(*args, **kwargs)
  File "e:\MealMate\backend\venv\lib\site-packages\rest_framework\viewsets.py", line 125, in view
    return self.dispatch(request, *args, **kwargs)
  File "e:\MealMate\backend\venv\lib\site-packages\rest_framework\views.py", line 509, in dispatch
    response = self.handle_exception(exc)
  File "e:\MealMate\backend\venv\lib\site-packages\rest_framework\views.py", line 469, in handle_exception
    self.raise_uncaught_exception(exc)
  File "e:\MealMate\backend\venv\lib\site-packages\rest_framework\views.py", line 480, in raise_uncaught_exception
    raise exc
  File "e:\MealMate\backend\venv\lib\site-packages\rest_framework\views.py", line 506, in dispatch
    response = handler(request, *args, **kwargs)
  File "E:\MealMate\backend\core\api\delivery_api\views.py", line 28, in list
    for doc in orders_cursor:
  File "e:\MealMate\backend\venv\lib\site-packages\pymongo\cursor.py", line 1238, in next
    if len(self.__data) or self._refresh():
  File "e:\MealMate\backend\venv\lib\site-packages\pymongo\cursor.py", line 1130, in _refresh
    self.__session = self.__collection.database.client._ensure_session()
  File "e:\MealMate\backend\venv\lib\site-packages\pymongo\mongo_client.py", line 1935, in _ensure_session
    return self.__start_session(True, causal_consistency=False)
  File "e:\MealMate\backend\venv\lib\site-packages\pymongo\mongo_client.py", line 1883, in __start_session
    server_session = self._get_server_session()
  File "e:\MealMate\backend\venv\lib\site-packages\pymongo\mongo_client.py", line 1921, in _get_server_session
    return self._topology.get_server_session()
  File "e:\MealMate\backend\venv\lib\site-packages\pymongo\topology.py", line 520, in get_server_session
    session_timeout = self._check_session_support()
  File "e:\MealMate\backend\venv\lib\site-packages\pymongo\topology.py", line 499, in _check_session_support
    self._select_servers_loop(
  File "e:\MealMate\backend\venv\lib\site-packages\pymongo\topology.py", line 218, in _select_servers_loop
    raise ServerSelectionTimeoutError(
pymongo.errors.ServerSelectionTimeoutError: localhost:27017: [WinError 10061] No connection could be made because the target machine actively refused it, Timeout: 30s, Topology Description: <TopologyDescription id: 6a75e46b5f498b469edb3b29, topology_type: Single, servers: [<ServerDescription ('localhost', 27017) server_type: Unknown, rtt: None, error=AutoReconnect('localhost:27017: [WinError 10061] No connection could be made because the target machine actively refused it')>]>
--------------------------------------------------------------------------------
Exception on /api/delivery/orders/:
Traceback (most recent call last):
  File "e:\MealMate\backend\venv\lib\site-packages\django\core\handlers\base.py", line 181, in _get_response
    response = wrapped_callback(request, *callback_args, **callback_kwargs)
  File "e:\MealMate\backend\venv\lib\site-packages\django\views\decorators\csrf.py", line 54, in wrapped_view
    return view_func(*args, **kwargs)
  File "e:\MealMate\backend\venv\lib\site-packages\rest_framework\viewsets.py", line 125, in view
    return self.dispatch(request, *args, **kwargs)
  File "e:\MealMate\backend\venv\lib\site-packages\rest_framework\views.py", line 509, in dispatch
    response = self.handle_exception(exc)
  File "e:\MealMate\backend\venv\lib\site-packages\rest_framework\views.py", line 469, in handle_exception
    self.raise_uncaught_exception(exc)
  File "e:\MealMate\backend\venv\lib\site-packages\rest_framework\views.py", line 480, in raise_uncaught_exception
    raise exc
  File "e:\MealMate\backend\venv\lib\site-packages\rest_framework\views.py", line 506, in dispatch
    response = handler(request, *args, **kwargs)
  File "E:\MealMate\backend\core\api\delivery_api\views.py", line 28, in list
    for doc in orders_cursor:
  File "e:\MealMate\backend\venv\lib\site-packages\pymongo\cursor.py", line 1238, in next
    if len(self.__data) or self._refresh():
  File "e:\MealMate\backend\venv\lib\site-packages\pymongo\cursor.py", line 1130, in _refresh
    self.__session = self.__collection.database.client._ensure_session()
  File "e:\MealMate\backend\venv\lib\site-packages\pymongo\mongo_client.py", line 1935, in _ensure_session
    return self.__start_session(True, causal_consistency=False)
  File "e:\MealMate\backend\venv\lib\site-packages\pymongo\mongo_client.py", line 1883, in __start_session
    server_session = self._get_server_session()
  File "e:\MealMate\backend\venv\lib\site-packages\pymongo\mongo_client.py", line 1921, in _get_server_session
    return self._topology.get_server_session()
  File "e:\MealMate\backend\venv\lib\site-packages\pymongo\topology.py", line 520, in get_server_session
    session_timeout = self._check_session_support()
  File "e:\MealMate\backend\venv\lib\site-packages\pymongo\topology.py", line 499, in _check_session_support
    self._select_servers_loop(
  File "e:\MealMate\backend\venv\lib\site-packages\pymongo\topology.py", line 218, in _select_servers_loop
    raise ServerSelectionTimeoutError(
pymongo.errors.ServerSelectionTimeoutError: localhost:27017: [WinError 10061] No connection could be made because the target machine actively refused it, Timeout: 30s, Topology Description: <TopologyDescription id: 6a75e4a75f498b469edb3b2a, topology_type: Single, servers: [<ServerDescription ('localhost', 27017) server_type: Unknown, rtt: None, error=AutoReconnect('localhost:27017: [WinError 10061] No connection could be made because the target machine actively refused it')>]>
--------------------------------------------------------------------------------
Exception on /api/delivery/orders/:
Traceback (most recent call last):
  File "e:\MealMate\backend\venv\lib\site-packages\django\core\handlers\base.py", line 181, in _get_response
    response = wrapped_callback(request, *callback_args, **callback_kwargs)
  File "e:\MealMate\backend\venv\lib\site-packages\django\views\decorators\csrf.py", line 54, in wrapped_view
    return view_func(*args, **kwargs)
  File "e:\MealMate\backend\venv\lib\site-packages\rest_framework\viewsets.py", line 125, in view
    return self.dispatch(request, *args, **kwargs)
  File "e:\MealMate\backend\venv\lib\site-packages\rest_framework\views.py", line 509, in dispatch
    response = self.handle_exception(exc)
  File "e:\MealMate\backend\venv\lib\site-packages\rest_framework\views.py", line 469, in handle_exception
    self.raise_uncaught_exception(exc)
  File "e:\MealMate\backend\venv\lib\site-packages\rest_framework\views.py", line 480, in raise_uncaught_exception
    raise exc
  File "e:\MealMate\backend\venv\lib\site-packages\rest_framework\views.py", line 506, in dispatch
    response = handler(request, *args, **kwargs)
  File "E:\MealMate\backend\core\api\delivery_api\views.py", line 28, in list
    for doc in orders_cursor:
  File "e:\MealMate\backend\venv\lib\site-packages\pymongo\cursor.py", line 1238, in next
    if len(self.__data) or self._refresh():
  File "e:\MealMate\backend\venv\lib\site-packages\pymongo\cursor.py", line 1130, in _refresh
    self.__session = self.__collection.database.client._ensure_session()
  File "e:\MealMate\backend\venv\lib\site-packages\pymongo\mongo_client.py", line 1935, in _ensure_session
    return self.__start_session(True, causal_consistency=False)
  File "e:\MealMate\backend\venv\lib\site-packages\pymongo\mongo_client.py", line 1883, in __start_session
    server_session = self._get_server_session()
  File "e:\MealMate\backend\venv\lib\site-packages\pymongo\mongo_client.py", line 1921, in _get_server_session
    return self._topology.get_server_session()
  File "e:\MealMate\backend\venv\lib\site-packages\pymongo\topology.py", line 520, in get_server_session
    session_timeout = self._check_session_support()
  File "e:\MealMate\backend\venv\lib\site-packages\pymongo\topology.py", line 499, in _check_session_support
    self._select_servers_loop(
  File "e:\MealMate\backend\venv\lib\site-packages\pymongo\topology.py", line 218, in _select_servers_loop
    raise ServerSelectionTimeoutError(
pymongo.errors.ServerSelectionTimeoutError: localhost:27017: [WinError 10061] No connection could be made because the target machine actively refused it, Timeout: 30s, Topology Description: <TopologyDescription id: 6a75e4e35f498b469edb3b2b, topology_type: Single, servers: [<ServerDescription ('localhost', 27017) server_type: Unknown, rtt: None, error=AutoReconnect('localhost:27017: [WinError 10061] No connection could be made because the target machine actively refused it')>]>
--------------------------------------------------------------------------------
Exception on /api/delivery/orders/:
Traceback (most recent call last):
  File "e:\MealMate\backend\venv\lib\site-packages\django\core\handlers\base.py", line 181, in _get_response
    response = wrapped_callback(request, *callback_args, **callback_kwargs)
  File "e:\MealMate\backend\venv\lib\site-packages\django\views\decorators\csrf.py", line 54, in wrapped_view
    return view_func(*args, **kwargs)
  File "e:\MealMate\backend\venv\lib\site-packages\rest_framework\viewsets.py", line 125, in view
    return self.dispatch(request, *args, **kwargs)
  File "e:\MealMate\backend\venv\lib\site-packages\rest_framework\views.py", line 509, in dispatch
    response = self.handle_exception(exc)
  File "e:\MealMate\backend\venv\lib\site-packages\rest_framework\views.py", line 469, in handle_exception
    self.raise_uncaught_exception(exc)
  File "e:\MealMate\backend\venv\lib\site-packages\rest_framework\views.py", line 480, in raise_uncaught_exception
    raise exc
  File "e:\MealMate\backend\venv\lib\site-packages\rest_framework\views.py", line 506, in dispatch
    response = handler(request, *args, **kwargs)
  File "E:\MealMate\backend\core\api\delivery_api\views.py", line 28, in list
    for doc in orders_cursor:
  File "e:\MealMate\backend\venv\lib\site-packages\pymongo\cursor.py", line 1238, in next
    if len(self.__data) or self._refresh():
  File "e:\MealMate\backend\venv\lib\site-packages\pymongo\cursor.py", line 1130, in _refresh
    self.__session = self.__collection.database.client._ensure_session()
  File "e:\MealMate\backend\venv\lib\site-packages\pymongo\mongo_client.py", line 1935, in _ensure_session
    return self.__start_session(True, causal_consistency=False)
  File "e:\MealMate\backend\venv\lib\site-packages\pymongo\mongo_client.py", line 1883, in __start_session
    server_session = self._get_server_session()
  File "e:\MealMate\backend\venv\lib\site-packages\pymongo\mongo_client.py", line 1921, in _get_server_session
    return self._topology.get_server_session()
  File "e:\MealMate\backend\venv\lib\site-packages\pymongo\topology.py", line 520, in get_server_session
    session_timeout = self._check_session_support()
  File "e:\MealMate\backend\venv\lib\site-packages\pymongo\topology.py", line 499, in _check_session_support
    self._select_servers_loop(
  File "e:\MealMate\backend\venv\lib\site-packages\pymongo\topology.py", line 218, in _select_servers_loop
    raise ServerSelectionTimeoutError(
pymongo.errors.ServerSelectionTimeoutError: localhost:27017: [WinError 10061] No connection could be made because the target machine actively refused it, Timeout: 30s, Topology Description: <TopologyDescription id: 6a75e5085f498b469edb3b2c, topology_type: Single, servers: [<ServerDescription ('localhost', 27017) server_type: Unknown, rtt: None, error=AutoReconnect('localhost:27017: [WinError 10061] No connection could be made because the target machine actively refused it')>]>
--------------------------------------------------------------------------------
Exception on /api/delivery/orders/:
Traceback (most recent call last):
  File "e:\MealMate\backend\venv\lib\site-packages\django\core\handlers\base.py", line 181, in _get_response
    response = wrapped_callback(request, *callback_args, **callback_kwargs)
  File "e:\MealMate\backend\venv\lib\site-packages\django\views\decorators\csrf.py", line 54, in wrapped_view
    return view_func(*args, **kwargs)
  File "e:\MealMate\backend\venv\lib\site-packages\rest_framework\viewsets.py", line 125, in view
    return self.dispatch(request, *args, **kwargs)
  File "e:\MealMate\backend\venv\lib\site-packages\rest_framework\views.py", line 509, in dispatch
    response = self.handle_exception(exc)
  File "e:\MealMate\backend\venv\lib\site-packages\rest_framework\views.py", line 469, in handle_exception
    self.raise_uncaught_exception(exc)
  File "e:\MealMate\backend\venv\lib\site-packages\rest_framework\views.py", line 480, in raise_uncaught_exception
    raise exc
  File "e:\MealMate\backend\venv\lib\site-packages\rest_framework\views.py", line 506, in dispatch
    response = handler(request, *args, **kwargs)
  File "E:\MealMate\backend\core\api\delivery_api\views.py", line 28, in list
    for doc in orders_cursor:
  File "e:\MealMate\backend\venv\lib\site-packages\pymongo\cursor.py", line 1238, in next
    if len(self.__data) or self._refresh():
  File "e:\MealMate\backend\venv\lib\site-packages\pymongo\cursor.py", line 1130, in _refresh
    self.__session = self.__collection.database.client._ensure_session()
  File "e:\MealMate\backend\venv\lib\site-packages\pymongo\mongo_client.py", line 1935, in _ensure_session
    return self.__start_session(True, causal_consistency=False)
  File "e:\MealMate\backend\venv\lib\site-packages\pymongo\mongo_client.py", line 1883, in __start_session
    server_session = self._get_server_session()
  File "e:\MealMate\backend\venv\lib\site-packages\pymongo\mongo_client.py", line 1921, in _get_server_session
    return self._topology.get_server_session()
  File "e:\MealMate\backend\venv\lib\site-packages\pymongo\topology.py", line 520, in get_server_session
    session_timeout = self._check_session_support()
  File "e:\MealMate\backend\venv\lib\site-packages\pymongo\topology.py", line 499, in _check_session_support
    self._select_servers_loop(
  File "e:\MealMate\backend\venv\lib\site-packages\pymongo\topology.py", line 218, in _select_servers_loop
    raise ServerSelectionTimeoutError(
pymongo.errors.ServerSelectionTimeoutError: localhost:27017: [WinError 10061] No connection could be made because the target machine actively refused it, Timeout: 30s, Topology Description: <TopologyDescription id: 6a75e51e5f498b469edb3b2d, topology_type: Single, servers: [<ServerDescription ('localhost', 27017) server_type: Unknown, rtt: None, error=AutoReconnect('localhost:27017: [WinError 10061] No connection could be made because the target machine actively refused it')>]>
--------------------------------------------------------------------------------
Exception on /api/delivery/orders/:
Traceback (most recent call last):
  File "e:\MealMate\backend\venv\lib\site-packages\django\core\handlers\base.py", line 181, in _get_response
    response = wrapped_callback(request, *callback_args, **callback_kwargs)
  File "e:\MealMate\backend\venv\lib\site-packages\django\views\decorators\csrf.py", line 54, in wrapped_view
    return view_func(*args, **kwargs)
  File "e:\MealMate\backend\venv\lib\site-packages\rest_framework\viewsets.py", line 125, in view
    return self.dispatch(request, *args, **kwargs)
  File "e:\MealMate\backend\venv\lib\site-packages\rest_framework\views.py", line 509, in dispatch
    response = self.handle_exception(exc)
  File "e:\MealMate\backend\venv\lib\site-packages\rest_framework\views.py", line 469, in handle_exception
    self.raise_uncaught_exception(exc)
  File "e:\MealMate\backend\venv\lib\site-packages\rest_framework\views.py", line 480, in raise_uncaught_exception
    raise exc
  File "e:\MealMate\backend\venv\lib\site-packages\rest_framework\views.py", line 506, in dispatch
    response = handler(request, *args, **kwargs)
  File "E:\MealMate\backend\core\api\delivery_api\views.py", line 28, in list
    for doc in orders_cursor:
  File "e:\MealMate\backend\venv\lib\site-packages\pymongo\cursor.py", line 1238, in next
    if len(self.__data) or self._refresh():
  File "e:\MealMate\backend\venv\lib\site-packages\pymongo\cursor.py", line 1130, in _refresh
    self.__session = self.__collection.database.client._ensure_session()
  File "e:\MealMate\backend\venv\lib\site-packages\pymongo\mongo_client.py", line 1935, in _ensure_session
    return self.__start_session(True, causal_consistency=False)
  File "e:\MealMate\backend\venv\lib\site-packages\pymongo\mongo_client.py", line 1883, in __start_session
    server_session = self._get_server_session()
  File "e:\MealMate\backend\venv\lib\site-packages\pymongo\mongo_client.py", line 1921, in _get_server_session
    return self._topology.get_server_session()
  File "e:\MealMate\backend\venv\lib\site-packages\pymongo\topology.py", line 520, in get_server_session
    session_timeout = self._check_session_support()
  File "e:\MealMate\backend\venv\lib\site-packages\pymongo\topology.py", line 499, in _check_session_support
    self._select_servers_loop(
  File "e:\MealMate\backend\venv\lib\site-packages\pymongo\topology.py", line 218, in _select_servers_loop
    raise ServerSelectionTimeoutError(
pymongo.errors.ServerSelectionTimeoutError: localhost:27017: [WinError 10061] No connection could be made because the target machine actively refused it, Timeout: 30s, Topology Description: <TopologyDescription id: 6a75e5215f498b469edb3b2e, topology_type: Single, servers: [<ServerDescription ('localhost', 27017) server_type: Unknown, rtt: None, error=AutoReconnect('localhost:27017: [WinError 10061] No connection could be made because the target machine actively refused it')>]>
--------------------------------------------------------------------------------
Exception on /api/delivery/orders/:
Traceback (most recent call last):
  File "e:\MealMate\backend\venv\lib\site-packages\django\core\handlers\base.py", line 181, in _get_response
    response = wrapped_callback(request, *callback_args, **callback_kwargs)
  File "e:\MealMate\backend\venv\lib\site-packages\django\views\decorators\csrf.py", line 54, in wrapped_view
    return view_func(*args, **kwargs)
  File "e:\MealMate\backend\venv\lib\site-packages\rest_framework\viewsets.py", line 125, in view
    return self.dispatch(request, *args, **kwargs)
  File "e:\MealMate\backend\venv\lib\site-packages\rest_framework\views.py", line 509, in dispatch
    response = self.handle_exception(exc)
  File "e:\MealMate\backend\venv\lib\site-packages\rest_framework\views.py", line 469, in handle_exception
    self.raise_uncaught_exception(exc)
  File "e:\MealMate\backend\venv\lib\site-packages\rest_framework\views.py", line 480, in raise_uncaught_exception
    raise exc
  File "e:\MealMate\backend\venv\lib\site-packages\rest_framework\views.py", line 506, in dispatch
    response = handler(request, *args, **kwargs)
  File "E:\MealMate\backend\core\api\delivery_api\views.py", line 28, in list
    for doc in orders_cursor:
  File "e:\MealMate\backend\venv\lib\site-packages\pymongo\cursor.py", line 1238, in next
    if len(self.__data) or self._refresh():
  File "e:\MealMate\backend\venv\lib\site-packages\pymongo\cursor.py", line 1130, in _refresh
    self.__session = self.__collection.database.client._ensure_session()
  File "e:\MealMate\backend\venv\lib\site-packages\pymongo\mongo_client.py", line 1935, in _ensure_session
    return self.__start_session(True, causal_consistency=False)
  File "e:\MealMate\backend\venv\lib\site-packages\pymongo\mongo_client.py", line 1883, in __start_session
    server_session = self._get_server_session()
  File "e:\MealMate\backend\venv\lib\site-packages\pymongo\mongo_client.py", line 1921, in _get_server_session
    return self._topology.get_server_session()
  File "e:\MealMate\backend\venv\lib\site-packages\pymongo\topology.py", line 520, in get_server_session
    session_timeout = self._check_session_support()
  File "e:\MealMate\backend\venv\lib\site-packages\pymongo\topology.py", line 499, in _check_session_support
    self._select_servers_loop(
  File "e:\MealMate\backend\venv\lib\site-packages\pymongo\topology.py", line 218, in _select_servers_loop
    raise ServerSelectionTimeoutError(
pymongo.errors.ServerSelectionTimeoutError: localhost:27017: [WinError 10061] No connection could be made because the target machine actively refused it, Timeout: 30s, Topology Description: <TopologyDescription id: 6a75e5245f498b469edb3b2f, topology_type: Single, servers: [<ServerDescription ('localhost', 27017) server_type: Unknown, rtt: None, error=AutoReconnect('localhost:27017: [WinError 10061] No connection could be made because the target machine actively refused it')>]>
--------------------------------------------------------------------------------
Exception on /api/delivery/orders/:
Traceback (most recent call last):
  File "e:\MealMate\backend\venv\lib\site-packages\django\core\handlers\base.py", line 181, in _get_response
    response = wrapped_callback(request, *callback_args, **callback_kwargs)
  File "e:\MealMate\backend\venv\lib\site-packages\django\views\decorators\csrf.py", line 54, in wrapped_view
    return view_func(*args, **kwargs)
  File "e:\MealMate\backend\venv\lib\site-packages\rest_framework\viewsets.py", line 125, in view
    return self.dispatch(request, *args, **kwargs)
  File "e:\MealMate\backend\venv\lib\site-packages\rest_framework\views.py", line 509, in dispatch
    response = self.handle_exception(exc)
  File "e:\MealMate\backend\venv\lib\site-packages\rest_framework\views.py", line 469, in handle_exception
    self.raise_uncaught_exception(exc)
  File "e:\MealMate\backend\venv\lib\site-packages\rest_framework\views.py", line 480, in raise_uncaught_exception
    raise exc
  File "e:\MealMate\backend\venv\lib\site-packages\rest_framework\views.py", line 506, in dispatch
    response = handler(request, *args, **kwargs)
  File "E:\MealMate\backend\core\api\delivery_api\views.py", line 28, in list
    for doc in orders_cursor:
  File "e:\MealMate\backend\venv\lib\site-packages\pymongo\cursor.py", line 1238, in next
    if len(self.__data) or self._refresh():
  File "e:\MealMate\backend\venv\lib\site-packages\pymongo\cursor.py", line 1130, in _refresh
    self.__session = self.__collection.database.client._ensure_session()
  File "e:\MealMate\backend\venv\lib\site-packages\pymongo\mongo_client.py", line 1935, in _ensure_session
    return self.__start_session(True, causal_consistency=False)
  File "e:\MealMate\backend\venv\lib\site-packages\pymongo\mongo_client.py", line 1883, in __start_session
    server_session = self._get_server_session()
  File "e:\MealMate\backend\venv\lib\site-packages\pymongo\mongo_client.py", line 1921, in _get_server_session
    return self._topology.get_server_session()
  File "e:\MealMate\backend\venv\lib\site-packages\pymongo\topology.py", line 520, in get_server_session
    session_timeout = self._check_session_support()
  File "e:\MealMate\backend\venv\lib\site-packages\pymongo\topology.py", line 499, in _check_session_support
    self._select_servers_loop(
  File "e:\MealMate\backend\venv\lib\site-packages\pymongo\topology.py", line 218, in _select_servers_loop
    raise ServerSelectionTimeoutError(
pymongo.errors.ServerSelectionTimeoutError: localhost:27017: [WinError 10061] No connection could be made because the target machine actively refused it, Timeout: 30s, Topology Description: <TopologyDescription id: 6a75e5265f498b469edb3b30, topology_type: Single, servers: [<ServerDescription ('localhost', 27017) server_type: Unknown, rtt: None, error=AutoReconnect('localhost:27017: [WinError 10061] No connection could be made because the target machine actively refused it')>]>
--------------------------------------------------------------------------------
Exception on /api/delivery/orders/:
Traceback (most recent call last):
  File "e:\MealMate\backend\venv\lib\site-packages\django\core\handlers\base.py", line 181, in _get_response
    response = wrapped_callback(request, *callback_args, **callback_kwargs)
  File "e:\MealMate\backend\venv\lib\site-packages\django\views\decorators\csrf.py", line 54, in wrapped_view
    return view_func(*args, **kwargs)
  File "e:\MealMate\backend\venv\lib\site-packages\rest_framework\viewsets.py", line 125, in view
    return self.dispatch(request, *args, **kwargs)
  File "e:\MealMate\backend\venv\lib\site-packages\rest_framework\views.py", line 509, in dispatch
    response = self.handle_exception(exc)
  File "e:\MealMate\backend\venv\lib\site-packages\rest_framework\views.py", line 469, in handle_exception
    self.raise_uncaught_exception(exc)
  File "e:\MealMate\backend\venv\lib\site-packages\rest_framework\views.py", line 480, in raise_uncaught_exception
    raise exc
  File "e:\MealMate\backend\venv\lib\site-packages\rest_framework\views.py", line 506, in dispatch
    response = handler(request, *args, **kwargs)
  File "E:\MealMate\backend\core\api\delivery_api\views.py", line 28, in list
    for doc in orders_cursor:
  File "e:\MealMate\backend\venv\lib\site-packages\pymongo\cursor.py", line 1238, in next
    if len(self.__data) or self._refresh():
  File "e:\MealMate\backend\venv\lib\site-packages\pymongo\cursor.py", line 1130, in _refresh
    self.__session = self.__collection.database.client._ensure_session()
  File "e:\MealMate\backend\venv\lib\site-packages\pymongo\mongo_client.py", line 1935, in _ensure_session
    return self.__start_session(True, causal_consistency=False)
  File "e:\MealMate\backend\venv\lib\site-packages\pymongo\mongo_client.py", line 1883, in __start_session
    server_session = self._get_server_session()
  File "e:\MealMate\backend\venv\lib\site-packages\pymongo\mongo_client.py", line 1921, in _get_server_session
    return self._topology.get_server_session()
  File "e:\MealMate\backend\venv\lib\site-packages\pymongo\topology.py", line 520, in get_server_session
    session_timeout = self._check_session_support()
  File "e:\MealMate\backend\venv\lib\site-packages\pymongo\topology.py", line 499, in _check_session_support
    self._select_servers_loop(
  File "e:\MealMate\backend\venv\lib\site-packages\pymongo\topology.py", line 218, in _select_servers_loop
    raise ServerSelectionTimeoutError(
pymongo.errors.ServerSelectionTimeoutError: localhost:27017: [WinError 10061] No connection could be made because the target machine actively refused it, Timeout: 30s, Topology Description: <TopologyDescription id: 6a75e52a5f498b469edb3b31, topology_type: Single, servers: [<ServerDescription ('localhost', 27017) server_type: Unknown, rtt: None, error=AutoReconnect('localhost:27017: [WinError 10061] No connection could be made because the target machine actively refused it')>]>
--------------------------------------------------------------------------------
Exception on /api/delivery/orders/:
Traceback (most recent call last):
  File "e:\MealMate\backend\venv\lib\site-packages\django\core\handlers\base.py", line 181, in _get_response
    response = wrapped_callback(request, *callback_args, **callback_kwargs)
  File "e:\MealMate\backend\venv\lib\site-packages\django\views\decorators\csrf.py", line 54, in wrapped_view
    return view_func(*args, **kwargs)
  File "e:\MealMate\backend\venv\lib\site-packages\rest_framework\viewsets.py", line 125, in view
    return self.dispatch(request, *args, **kwargs)
  File "e:\MealMate\backend\venv\lib\site-packages\rest_framework\views.py", line 509, in dispatch
    response = self.handle_exception(exc)
  File "e:\MealMate\backend\venv\lib\site-packages\rest_framework\views.py", line 469, in handle_exception
    self.raise_uncaught_exception(exc)
  File "e:\MealMate\backend\venv\lib\site-packages\rest_framework\views.py", line 480, in raise_uncaught_exception
    raise exc
  File "e:\MealMate\backend\venv\lib\site-packages\rest_framework\views.py", line 506, in dispatch
    response = handler(request, *args, **kwargs)
  File "E:\MealMate\backend\core\api\delivery_api\views.py", line 28, in list
    for doc in orders_cursor:
  File "e:\MealMate\backend\venv\lib\site-packages\pymongo\cursor.py", line 1238, in next
    if len(self.__data) or self._refresh():
  File "e:\MealMate\backend\venv\lib\site-packages\pymongo\cursor.py", line 1130, in _refresh
    self.__session = self.__collection.database.client._ensure_session()
  File "e:\MealMate\backend\venv\lib\site-packages\pymongo\mongo_client.py", line 1935, in _ensure_session
    return self.__start_session(True, causal_consistency=False)
  File "e:\MealMate\backend\venv\lib\site-packages\pymongo\mongo_client.py", line 1883, in __start_session
    server_session = self._get_server_session()
  File "e:\MealMate\backend\venv\lib\site-packages\pymongo\mongo_client.py", line 1921, in _get_server_session
    return self._topology.get_server_session()
  File "e:\MealMate\backend\venv\lib\site-packages\pymongo\topology.py", line 520, in get_server_session
    session_timeout = self._check_session_support()
  File "e:\MealMate\backend\venv\lib\site-packages\pymongo\topology.py", line 499, in _check_session_support
    self._select_servers_loop(
  File "e:\MealMate\backend\venv\lib\site-packages\pymongo\topology.py", line 218, in _select_servers_loop
    raise ServerSelectionTimeoutError(
pymongo.errors.ServerSelectionTimeoutError: localhost:27017: [WinError 10061] No connection could be made because the target machine actively refused it, Timeout: 30s, Topology Description: <TopologyDescription id: 6a75e52d5f498b469edb3b32, topology_type: Single, servers: [<ServerDescription ('localhost', 27017) server_type: Unknown, rtt: None, error=AutoReconnect('localhost:27017: [WinError 10061] No connection could be made because the target machine actively refused it')>]>
--------------------------------------------------------------------------------
Exception on /api/delivery/orders/:
Traceback (most recent call last):
  File "e:\MealMate\backend\venv\lib\site-packages\django\core\handlers\base.py", line 181, in _get_response
    response = wrapped_callback(request, *callback_args, **callback_kwargs)
  File "e:\MealMate\backend\venv\lib\site-packages\django\views\decorators\csrf.py", line 54, in wrapped_view
    return view_func(*args, **kwargs)
  File "e:\MealMate\backend\venv\lib\site-packages\rest_framework\viewsets.py", line 125, in view
    return self.dispatch(request, *args, **kwargs)
  File "e:\MealMate\backend\venv\lib\site-packages\rest_framework\views.py", line 509, in dispatch
    response = self.handle_exception(exc)
  File "e:\MealMate\backend\venv\lib\site-packages\rest_framework\views.py", line 469, in handle_exception
    self.raise_uncaught_exception(exc)
  File "e:\MealMate\backend\venv\lib\site-packages\rest_framework\views.py", line 480, in raise_uncaught_exception
    raise exc
  File "e:\MealMate\backend\venv\lib\site-packages\rest_framework\views.py", line 506, in dispatch
    response = handler(request, *args, **kwargs)
  File "E:\MealMate\backend\core\api\delivery_api\views.py", line 28, in list
    for doc in orders_cursor:
  File "e:\MealMate\backend\venv\lib\site-packages\pymongo\cursor.py", line 1238, in next
    if len(self.__data) or self._refresh():
  File "e:\MealMate\backend\venv\lib\site-packages\pymongo\cursor.py", line 1130, in _refresh
    self.__session = self.__collection.database.client._ensure_session()
  File "e:\MealMate\backend\venv\lib\site-packages\pymongo\mongo_client.py", line 1935, in _ensure_session
    return self.__start_session(True, causal_consistency=False)
  File "e:\MealMate\backend\venv\lib\site-packages\pymongo\mongo_client.py", line 1883, in __start_session
    server_session = self._get_server_session()
  File "e:\MealMate\backend\venv\lib\site-packages\pymongo\mongo_client.py", line 1921, in _get_server_session
    return self._topology.get_server_session()
  File "e:\MealMate\backend\venv\lib\site-packages\pymongo\topology.py", line 520, in get_server_session
    session_timeout = self._check_session_support()
  File "e:\MealMate\backend\venv\lib\site-packages\pymongo\topology.py", line 499, in _check_session_support
    self._select_servers_loop(
  File "e:\MealMate\backend\venv\lib\site-packages\pymongo\topology.py", line 218, in _select_servers_loop
    raise ServerSelectionTimeoutError(
pymongo.errors.ServerSelectionTimeoutError: localhost:27017: [WinError 10061] No connection could be made because the target machine actively refused it, Timeout: 30s, Topology Description: <TopologyDescription id: 6a75e53c5f498b469edb3b33, topology_type: Single, servers: [<ServerDescription ('localhost', 27017) server_type: Unknown, rtt: None, error=AutoReconnect('localhost:27017: [WinError 10061] No connection could be made because the target machine actively refused it')>]>
--------------------------------------------------------------------------------
Exception on /api/delivery/orders/:
Traceback (most recent call last):
  File "e:\MealMate\backend\venv\lib\site-packages\django\core\handlers\base.py", line 181, in _get_response
    response = wrapped_callback(request, *callback_args, **callback_kwargs)
  File "e:\MealMate\backend\venv\lib\site-packages\django\views\decorators\csrf.py", line 54, in wrapped_view
    return view_func(*args, **kwargs)
  File "e:\MealMate\backend\venv\lib\site-packages\rest_framework\viewsets.py", line 125, in view
    return self.dispatch(request, *args, **kwargs)
  File "e:\MealMate\backend\venv\lib\site-packages\rest_framework\views.py", line 509, in dispatch
    response = self.handle_exception(exc)
  File "e:\MealMate\backend\venv\lib\site-packages\rest_framework\views.py", line 469, in handle_exception
    self.raise_uncaught_exception(exc)
  File "e:\MealMate\backend\venv\lib\site-packages\rest_framework\views.py", line 480, in raise_uncaught_exception
    raise exc
  File "e:\MealMate\backend\venv\lib\site-packages\rest_framework\views.py", line 506, in dispatch
    response = handler(request, *args, **kwargs)
  File "E:\MealMate\backend\core\api\delivery_api\views.py", line 28, in list
    for doc in orders_cursor:
  File "e:\MealMate\backend\venv\lib\site-packages\pymongo\cursor.py", line 1238, in next
    if len(self.__data) or self._refresh():
  File "e:\MealMate\backend\venv\lib\site-packages\pymongo\cursor.py", line 1130, in _refresh
    self.__session = self.__collection.database.client._ensure_session()
  File "e:\MealMate\backend\venv\lib\site-packages\pymongo\mongo_client.py", line 1935, in _ensure_session
    return self.__start_session(True, causal_consistency=False)
  File "e:\MealMate\backend\venv\lib\site-packages\pymongo\mongo_client.py", line 1883, in __start_session
    server_session = self._get_server_session()
  File "e:\MealMate\backend\venv\lib\site-packages\pymongo\mongo_client.py", line 1921, in _get_server_session
    return self._topology.get_server_session()
  File "e:\MealMate\backend\venv\lib\site-packages\pymongo\topology.py", line 520, in get_server_session
    session_timeout = self._check_session_support()
  File "e:\MealMate\backend\venv\lib\site-packages\pymongo\topology.py", line 499, in _check_session_support
    self._select_servers_loop(
  File "e:\MealMate\backend\venv\lib\site-packages\pymongo\topology.py", line 218, in _select_servers_loop
    raise ServerSelectionTimeoutError(
pymongo.errors.ServerSelectionTimeoutError: localhost:27017: [WinError 10061] No connection could be made because the target machine actively refused it, Timeout: 30s, Topology Description: <TopologyDescription id: 6a75e53f5f498b469edb3b34, topology_type: Single, servers: [<ServerDescription ('localhost', 27017) server_type: Unknown, rtt: None, error=AutoReconnect('localhost:27017: [WinError 10061] No connection could be made because the target machine actively refused it')>]>
--------------------------------------------------------------------------------
Exception on /api/delivery/orders/:
Traceback (most recent call last):
  File "e:\MealMate\backend\venv\lib\site-packages\django\core\handlers\base.py", line 181, in _get_response
    response = wrapped_callback(request, *callback_args, **callback_kwargs)
  File "e:\MealMate\backend\venv\lib\site-packages\django\views\decorators\csrf.py", line 54, in wrapped_view
    return view_func(*args, **kwargs)
  File "e:\MealMate\backend\venv\lib\site-packages\rest_framework\viewsets.py", line 125, in view
    return self.dispatch(request, *args, **kwargs)
  File "e:\MealMate\backend\venv\lib\site-packages\rest_framework\views.py", line 509, in dispatch
    response = self.handle_exception(exc)
  File "e:\MealMate\backend\venv\lib\site-packages\rest_framework\views.py", line 469, in handle_exception
    self.raise_uncaught_exception(exc)
  File "e:\MealMate\backend\venv\lib\site-packages\rest_framework\views.py", line 480, in raise_uncaught_exception
    raise exc
  File "e:\MealMate\backend\venv\lib\site-packages\rest_framework\views.py", line 506, in dispatch
    response = handler(request, *args, **kwargs)
  File "E:\MealMate\backend\core\api\delivery_api\views.py", line 28, in list
    for doc in orders_cursor:
  File "e:\MealMate\backend\venv\lib\site-packages\pymongo\cursor.py", line 1238, in next
    if len(self.__data) or self._refresh():
  File "e:\MealMate\backend\venv\lib\site-packages\pymongo\cursor.py", line 1130, in _refresh
    self.__session = self.__collection.database.client._ensure_session()
  File "e:\MealMate\backend\venv\lib\site-packages\pymongo\mongo_client.py", line 1935, in _ensure_session
    return self.__start_session(True, causal_consistency=False)
  File "e:\MealMate\backend\venv\lib\site-packages\pymongo\mongo_client.py", line 1883, in __start_session
    server_session = self._get_server_session()
  File "e:\MealMate\backend\venv\lib\site-packages\pymongo\mongo_client.py", line 1921, in _get_server_session
    return self._topology.get_server_session()
  File "e:\MealMate\backend\venv\lib\site-packages\pymongo\topology.py", line 520, in get_server_session
    session_timeout = self._check_session_support()
  File "e:\MealMate\backend\venv\lib\site-packages\pymongo\topology.py", line 499, in _check_session_support
    self._select_servers_loop(
  File "e:\MealMate\backend\venv\lib\site-packages\pymongo\topology.py", line 218, in _select_servers_loop
    raise ServerSelectionTimeoutError(
pymongo.errors.ServerSelectionTimeoutError: localhost:27017: [WinError 10061] No connection could be made because the target machine actively refused it, Timeout: 30s, Topology Description: <TopologyDescription id: 6a75e5425f498b469edb3b35, topology_type: Single, servers: [<ServerDescription ('localhost', 27017) server_type: Unknown, rtt: None, error=AutoReconnect('localhost:27017: [WinError 10061] No connection could be made because the target machine actively refused it')>]>
--------------------------------------------------------------------------------
Exception on /api/delivery/orders/:
Traceback (most recent call last):
  File "e:\MealMate\backend\venv\lib\site-packages\django\core\handlers\base.py", line 181, in _get_response
    response = wrapped_callback(request, *callback_args, **callback_kwargs)
  File "e:\MealMate\backend\venv\lib\site-packages\django\views\decorators\csrf.py", line 54, in wrapped_view
    return view_func(*args, **kwargs)
  File "e:\MealMate\backend\venv\lib\site-packages\rest_framework\viewsets.py", line 125, in view
    return self.dispatch(request, *args, **kwargs)
  File "e:\MealMate\backend\venv\lib\site-packages\rest_framework\views.py", line 509, in dispatch
    response = self.handle_exception(exc)
  File "e:\MealMate\backend\venv\lib\site-packages\rest_framework\views.py", line 469, in handle_exception
    self.raise_uncaught_exception(exc)
  File "e:\MealMate\backend\venv\lib\site-packages\rest_framework\views.py", line 480, in raise_uncaught_exception
    raise exc
  File "e:\MealMate\backend\venv\lib\site-packages\rest_framework\views.py", line 506, in dispatch
    response = handler(request, *args, **kwargs)
  File "E:\MealMate\backend\core\api\delivery_api\views.py", line 28, in list
    for doc in orders_cursor:
  File "e:\MealMate\backend\venv\lib\site-packages\pymongo\cursor.py", line 1238, in next
    if len(self.__data) or self._refresh():
  File "e:\MealMate\backend\venv\lib\site-packages\pymongo\cursor.py", line 1130, in _refresh
    self.__session = self.__collection.database.client._ensure_session()
  File "e:\MealMate\backend\venv\lib\site-packages\pymongo\mongo_client.py", line 1935, in _ensure_session
    return self.__start_session(True, causal_consistency=False)
  File "e:\MealMate\backend\venv\lib\site-packages\pymongo\mongo_client.py", line 1883, in __start_session
    server_session = self._get_server_session()
  File "e:\MealMate\backend\venv\lib\site-packages\pymongo\mongo_client.py", line 1921, in _get_server_session
    return self._topology.get_server_session()
  File "e:\MealMate\backend\venv\lib\site-packages\pymongo\topology.py", line 520, in get_server_session
    session_timeout = self._check_session_support()
  File "e:\MealMate\backend\venv\lib\site-packages\pymongo\topology.py", line 499, in _check_session_support
    self._select_servers_loop(
  File "e:\MealMate\backend\venv\lib\site-packages\pymongo\topology.py", line 218, in _select_servers_loop
    raise ServerSelectionTimeoutError(
pymongo.errors.ServerSelectionTimeoutError: localhost:27017: [WinError 10061] No connection could be made because the target machine actively refused it, Timeout: 30s, Topology Description: <TopologyDescription id: 6a75e5445f498b469edb3b36, topology_type: Single, servers: [<ServerDescription ('localhost', 27017) server_type: Unknown, rtt: None, error=AutoReconnect('localhost:27017: [WinError 10061] No connection could be made because the target machine actively refused it')>]>
--------------------------------------------------------------------------------
Exception on /api/delivery/orders/:
Traceback (most recent call last):
  File "e:\MealMate\backend\venv\lib\site-packages\django\core\handlers\base.py", line 181, in _get_response
    response = wrapped_callback(request, *callback_args, **callback_kwargs)
  File "e:\MealMate\backend\venv\lib\site-packages\django\views\decorators\csrf.py", line 54, in wrapped_view
    return view_func(*args, **kwargs)
  File "e:\MealMate\backend\venv\lib\site-packages\rest_framework\viewsets.py", line 125, in view
    return self.dispatch(request, *args, **kwargs)
  File "e:\MealMate\backend\venv\lib\site-packages\rest_framework\views.py", line 509, in dispatch
    response = self.handle_exception(exc)
  File "e:\MealMate\backend\venv\lib\site-packages\rest_framework\views.py", line 469, in handle_exception
    self.raise_uncaught_exception(exc)
  File "e:\MealMate\backend\venv\lib\site-packages\rest_framework\views.py", line 480, in raise_uncaught_exception
    raise exc
  File "e:\MealMate\backend\venv\lib\site-packages\rest_framework\views.py", line 506, in dispatch
    response = handler(request, *args, **kwargs)
  File "E:\MealMate\backend\core\api\delivery_api\views.py", line 28, in list
    for doc in orders_cursor:
  File "e:\MealMate\backend\venv\lib\site-packages\pymongo\cursor.py", line 1238, in next
    if len(self.__data) or self._refresh():
  File "e:\MealMate\backend\venv\lib\site-packages\pymongo\cursor.py", line 1130, in _refresh
    self.__session = self.__collection.database.client._ensure_session()
  File "e:\MealMate\backend\venv\lib\site-packages\pymongo\mongo_client.py", line 1935, in _ensure_session
    return self.__start_session(True, causal_consistency=False)
  File "e:\MealMate\backend\venv\lib\site-packages\pymongo\mongo_client.py", line 1883, in __start_session
    server_session = self._get_server_session()
  File "e:\MealMate\backend\venv\lib\site-packages\pymongo\mongo_client.py", line 1921, in _get_server_session
    return self._topology.get_server_session()
  File "e:\MealMate\backend\venv\lib\site-packages\pymongo\topology.py", line 520, in get_server_session
    session_timeout = self._check_session_support()
  File "e:\MealMate\backend\venv\lib\site-packages\pymongo\topology.py", line 499, in _check_session_support
    self._select_servers_loop(
  File "e:\MealMate\backend\venv\lib\site-packages\pymongo\topology.py", line 218, in _select_servers_loop
    raise ServerSelectionTimeoutError(
pymongo.errors.ServerSelectionTimeoutError: localhost:27017: [WinError 10061] No connection could be made because the target machine actively refused it, Timeout: 30s, Topology Description: <TopologyDescription id: 6a75e5485f498b469edb3b37, topology_type: Single, servers: [<ServerDescription ('localhost', 27017) server_type: Unknown, rtt: None, error=AutoReconnect('localhost:27017: [WinError 10061] No connection could be made because the target machine actively refused it')>]>
--------------------------------------------------------------------------------
Exception on /api/delivery/orders/:
Traceback (most recent call last):
  File "e:\MealMate\backend\venv\lib\site-packages\django\core\handlers\base.py", line 181, in _get_response
    response = wrapped_callback(request, *callback_args, **callback_kwargs)
  File "e:\MealMate\backend\venv\lib\site-packages\django\views\decorators\csrf.py", line 54, in wrapped_view
    return view_func(*args, **kwargs)
  File "e:\MealMate\backend\venv\lib\site-packages\rest_framework\viewsets.py", line 125, in view
    return self.dispatch(request, *args, **kwargs)
  File "e:\MealMate\backend\venv\lib\site-packages\rest_framework\views.py", line 509, in dispatch
    response = self.handle_exception(exc)
  File "e:\MealMate\backend\venv\lib\site-packages\rest_framework\views.py", line 469, in handle_exception
    self.raise_uncaught_exception(exc)
  File "e:\MealMate\backend\venv\lib\site-packages\rest_framework\views.py", line 480, in raise_uncaught_exception
    raise exc
  File "e:\MealMate\backend\venv\lib\site-packages\rest_framework\views.py", line 506, in dispatch
    response = handler(request, *args, **kwargs)
  File "E:\MealMate\backend\core\api\delivery_api\views.py", line 28, in list
    for doc in orders_cursor:
  File "e:\MealMate\backend\venv\lib\site-packages\pymongo\cursor.py", line 1238, in next
    if len(self.__data) or self._refresh():
  File "e:\MealMate\backend\venv\lib\site-packages\pymongo\cursor.py", line 1130, in _refresh
    self.__session = self.__collection.database.client._ensure_session()
  File "e:\MealMate\backend\venv\lib\site-packages\pymongo\mongo_client.py", line 1935, in _ensure_session
    return self.__start_session(True, causal_consistency=False)
  File "e:\MealMate\backend\venv\lib\site-packages\pymongo\mongo_client.py", line 1883, in __start_session
    server_session = self._get_server_session()
  File "e:\MealMate\backend\venv\lib\site-packages\pymongo\mongo_client.py", line 1921, in _get_server_session
    return self._topology.get_server_session()
  File "e:\MealMate\backend\venv\lib\site-packages\pymongo\topology.py", line 520, in get_server_session
    session_timeout = self._check_session_support()
  File "e:\MealMate\backend\venv\lib\site-packages\pymongo\topology.py", line 499, in _check_session_support
    self._select_servers_loop(
  File "e:\MealMate\backend\venv\lib\site-packages\pymongo\topology.py", line 218, in _select_servers_loop
    raise ServerSelectionTimeoutError(
pymongo.errors.ServerSelectionTimeoutError: localhost:27017: [WinError 10061] No connection could be made because the target machine actively refused it, Timeout: 30s, Topology Description: <TopologyDescription id: 6a75e54b5f498b469edb3b38, topology_type: Single, servers: [<ServerDescription ('localhost', 27017) server_type: Unknown, rtt: None, error=AutoReconnect('localhost:27017: [WinError 10061] No connection could be made because the target machine actively refused it')>]>
--------------------------------------------------------------------------------
Exception on /api/delivery/orders/:
Traceback (most recent call last):
  File "e:\MealMate\backend\venv\lib\site-packages\django\core\handlers\base.py", line 181, in _get_response
    response = wrapped_callback(request, *callback_args, **callback_kwargs)
  File "e:\MealMate\backend\venv\lib\site-packages\django\views\decorators\csrf.py", line 54, in wrapped_view
    return view_func(*args, **kwargs)
  File "e:\MealMate\backend\venv\lib\site-packages\rest_framework\viewsets.py", line 125, in view
    return self.dispatch(request, *args, **kwargs)
  File "e:\MealMate\backend\venv\lib\site-packages\rest_framework\views.py", line 509, in dispatch
    response = self.handle_exception(exc)
  File "e:\MealMate\backend\venv\lib\site-packages\rest_framework\views.py", line 469, in handle_exception
    self.raise_uncaught_exception(exc)
  File "e:\MealMate\backend\venv\lib\site-packages\rest_framework\views.py", line 480, in raise_uncaught_exception
    raise exc
  File "e:\MealMate\backend\venv\lib\site-packages\rest_framework\views.py", line 506, in dispatch
    response = handler(request, *args, **kwargs)
  File "E:\MealMate\backend\core\api\delivery_api\views.py", line 28, in list
    for doc in orders_cursor:
  File "e:\MealMate\backend\venv\lib\site-packages\pymongo\cursor.py", line 1238, in next
    if len(self.__data) or self._refresh():
  File "e:\MealMate\backend\venv\lib\site-packages\pymongo\cursor.py", line 1130, in _refresh
    self.__session = self.__collection.database.client._ensure_session()
  File "e:\MealMate\backend\venv\lib\site-packages\pymongo\mongo_client.py", line 1935, in _ensure_session
    return self.__start_session(True, causal_consistency=False)
  File "e:\MealMate\backend\venv\lib\site-packages\pymongo\mongo_client.py", line 1883, in __start_session
    server_session = self._get_server_session()
  File "e:\MealMate\backend\venv\lib\site-packages\pymongo\mongo_client.py", line 1921, in _get_server_session
    return self._topology.get_server_session()
  File "e:\MealMate\backend\venv\lib\site-packages\pymongo\topology.py", line 520, in get_server_session
    session_timeout = self._check_session_support()
  File "e:\MealMate\backend\venv\lib\site-packages\pymongo\topology.py", line 499, in _check_session_support
    self._select_servers_loop(
  File "e:\MealMate\backend\venv\lib\site-packages\pymongo\topology.py", line 218, in _select_servers_loop
    raise ServerSelectionTimeoutError(
pymongo.errors.ServerSelectionTimeoutError: localhost:27017: [WinError 10061] No connection could be made because the target machine actively refused it, Timeout: 30s, Topology Description: <TopologyDescription id: 6a75e55a5f498b469edb3b39, topology_type: Single, servers: [<ServerDescription ('localhost', 27017) server_type: Unknown, rtt: None, error=AutoReconnect('localhost:27017: [WinError 10061] No connection could be made because the target machine actively refused it')>]>
--------------------------------------------------------------------------------
Exception on /api/delivery/orders/:
Traceback (most recent call last):
  File "e:\MealMate\backend\venv\lib\site-packages\django\core\handlers\base.py", line 181, in _get_response
    response = wrapped_callback(request, *callback_args, **callback_kwargs)
  File "e:\MealMate\backend\venv\lib\site-packages\django\views\decorators\csrf.py", line 54, in wrapped_view
    return view_func(*args, **kwargs)
  File "e:\MealMate\backend\venv\lib\site-packages\rest_framework\viewsets.py", line 125, in view
    return self.dispatch(request, *args, **kwargs)
  File "e:\MealMate\backend\venv\lib\site-packages\rest_framework\views.py", line 509, in dispatch
    response = self.handle_exception(exc)
  File "e:\MealMate\backend\venv\lib\site-packages\rest_framework\views.py", line 469, in handle_exception
    self.raise_uncaught_exception(exc)
  File "e:\MealMate\backend\venv\lib\site-packages\rest_framework\views.py", line 480, in raise_uncaught_exception
    raise exc
  File "e:\MealMate\backend\venv\lib\site-packages\rest_framework\views.py", line 506, in dispatch
    response = handler(request, *args, **kwargs)
  File "E:\MealMate\backend\core\api\delivery_api\views.py", line 28, in list
    for doc in orders_cursor:
  File "e:\MealMate\backend\venv\lib\site-packages\pymongo\cursor.py", line 1238, in next
    if len(self.__data) or self._refresh():
  File "e:\MealMate\backend\venv\lib\site-packages\pymongo\cursor.py", line 1130, in _refresh
    self.__session = self.__collection.database.client._ensure_session()
  File "e:\MealMate\backend\venv\lib\site-packages\pymongo\mongo_client.py", line 1935, in _ensure_session
    return self.__start_session(True, causal_consistency=False)
  File "e:\MealMate\backend\venv\lib\site-packages\pymongo\mongo_client.py", line 1883, in __start_session
    server_session = self._get_server_session()
  File "e:\MealMate\backend\venv\lib\site-packages\pymongo\mongo_client.py", line 1921, in _get_server_session
    return self._topology.get_server_session()
  File "e:\MealMate\backend\venv\lib\site-packages\pymongo\topology.py", line 520, in get_server_session
    session_timeout = self._check_session_support()
  File "e:\MealMate\backend\venv\lib\site-packages\pymongo\topology.py", line 499, in _check_session_support
    self._select_servers_loop(
  File "e:\MealMate\backend\venv\lib\site-packages\pymongo\topology.py", line 218, in _select_servers_loop
    raise ServerSelectionTimeoutError(
pymongo.errors.ServerSelectionTimeoutError: localhost:27017: [WinError 10061] No connection could be made because the target machine actively refused it, Timeout: 30s, Topology Description: <TopologyDescription id: 6a75e55e5f498b469edb3b3a, topology_type: Single, servers: [<ServerDescription ('localhost', 27017) server_type: Unknown, rtt: None, error=AutoReconnect('localhost:27017: [WinError 10061] No connection could be made because the target machine actively refused it')>]>
--------------------------------------------------------------------------------
Exception on /api/delivery/orders/:
Traceback (most recent call last):
  File "e:\MealMate\backend\venv\lib\site-packages\django\core\handlers\base.py", line 181, in _get_response
    response = wrapped_callback(request, *callback_args, **callback_kwargs)
  File "e:\MealMate\backend\venv\lib\site-packages\django\views\decorators\csrf.py", line 54, in wrapped_view
    return view_func(*args, **kwargs)
  File "e:\MealMate\backend\venv\lib\site-packages\rest_framework\viewsets.py", line 125, in view
    return self.dispatch(request, *args, **kwargs)
  File "e:\MealMate\backend\venv\lib\site-packages\rest_framework\views.py", line 509, in dispatch
    response = self.handle_exception(exc)
  File "e:\MealMate\backend\venv\lib\site-packages\rest_framework\views.py", line 469, in handle_exception
    self.raise_uncaught_exception(exc)
  File "e:\MealMate\backend\venv\lib\site-packages\rest_framework\views.py", line 480, in raise_uncaught_exception
    raise exc
  File "e:\MealMate\backend\venv\lib\site-packages\rest_framework\views.py", line 506, in dispatch
    response = handler(request, *args, **kwargs)
  File "E:\MealMate\backend\core\api\delivery_api\views.py", line 28, in list
    for doc in orders_cursor:
  File "e:\MealMate\backend\venv\lib\site-packages\pymongo\cursor.py", line 1238, in next
    if len(self.__data) or self._refresh():
  File "e:\MealMate\backend\venv\lib\site-packages\pymongo\cursor.py", line 1130, in _refresh
    self.__session = self.__collection.database.client._ensure_session()
  File "e:\MealMate\backend\venv\lib\site-packages\pymongo\mongo_client.py", line 1935, in _ensure_session
    return self.__start_session(True, causal_consistency=False)
  File "e:\MealMate\backend\venv\lib\site-packages\pymongo\mongo_client.py", line 1883, in __start_session
    server_session = self._get_server_session()
  File "e:\MealMate\backend\venv\lib\site-packages\pymongo\mongo_client.py", line 1921, in _get_server_session
    return self._topology.get_server_session()
  File "e:\MealMate\backend\venv\lib\site-packages\pymongo\topology.py", line 520, in get_server_session
    session_timeout = self._check_session_support()
  File "e:\MealMate\backend\venv\lib\site-packages\pymongo\topology.py", line 499, in _check_session_support
    self._select_servers_loop(
  File "e:\MealMate\backend\venv\lib\site-packages\pymongo\topology.py", line 218, in _select_servers_loop
    raise ServerSelectionTimeoutError(
pymongo.errors.ServerSelectionTimeoutError: localhost:27017: [WinError 10061] No connection could be made because the target machine actively refused it, Timeout: 30s, Topology Description: <TopologyDescription id: 6a75e5615f498b469edb3b3b, topology_type: Single, servers: [<ServerDescription ('localhost', 27017) server_type: Unknown, rtt: None, error=AutoReconnect('localhost:27017: [WinError 10061] No connection could be made because the target machine actively refused it')>]>
--------------------------------------------------------------------------------
Exception on /api/delivery/orders/:
Traceback (most recent call last):
  File "e:\MealMate\backend\venv\lib\site-packages\django\core\handlers\base.py", line 181, in _get_response
    response = wrapped_callback(request, *callback_args, **callback_kwargs)
  File "e:\MealMate\backend\venv\lib\site-packages\django\views\decorators\csrf.py", line 54, in wrapped_view
    return view_func(*args, **kwargs)
  File "e:\MealMate\backend\venv\lib\site-packages\rest_framework\viewsets.py", line 125, in view
    return self.dispatch(request, *args, **kwargs)
  File "e:\MealMate\backend\venv\lib\site-packages\rest_framework\views.py", line 509, in dispatch
    response = self.handle_exception(exc)
  File "e:\MealMate\backend\venv\lib\site-packages\rest_framework\views.py", line 469, in handle_exception
    self.raise_uncaught_exception(exc)
  File "e:\MealMate\backend\venv\lib\site-packages\rest_framework\views.py", line 480, in raise_uncaught_exception
    raise exc
  File "e:\MealMate\backend\venv\lib\site-packages\rest_framework\views.py", line 506, in dispatch
    response = handler(request, *args, **kwargs)
  File "E:\MealMate\backend\core\api\delivery_api\views.py", line 28, in list
    for doc in orders_cursor:
  File "e:\MealMate\backend\venv\lib\site-packages\pymongo\cursor.py", line 1238, in next
    if len(self.__data) or self._refresh():
  File "e:\MealMate\backend\venv\lib\site-packages\pymongo\cursor.py", line 1130, in _refresh
    self.__session = self.__collection.database.client._ensure_session()
  File "e:\MealMate\backend\venv\lib\site-packages\pymongo\mongo_client.py", line 1935, in _ensure_session
    return self.__start_session(True, causal_consistency=False)
  File "e:\MealMate\backend\venv\lib\site-packages\pymongo\mongo_client.py", line 1883, in __start_session
    server_session = self._get_server_session()
  File "e:\MealMate\backend\venv\lib\site-packages\pymongo\mongo_client.py", line 1921, in _get_server_session
    return self._topology.get_server_session()
  File "e:\MealMate\backend\venv\lib\site-packages\pymongo\topology.py", line 520, in get_server_session
    session_timeout = self._check_session_support()
  File "e:\MealMate\backend\venv\lib\site-packages\pymongo\topology.py", line 499, in _check_session_support
    self._select_servers_loop(
  File "e:\MealMate\backend\venv\lib\site-packages\pymongo\topology.py", line 218, in _select_servers_loop
    raise ServerSelectionTimeoutError(
pymongo.errors.ServerSelectionTimeoutError: localhost:27017: [WinError 10061] No connection could be made because the target machine actively refused it, Timeout: 30s, Topology Description: <TopologyDescription id: 6a75e5625f498b469edb3b3c, topology_type: Single, servers: [<ServerDescription ('localhost', 27017) server_type: Unknown, rtt: None, error=AutoReconnect('localhost:27017: [WinError 10061] No connection could be made because the target machine actively refused it')>]>
--------------------------------------------------------------------------------
Exception on /api/delivery/orders/:
Traceback (most recent call last):
  File "e:\MealMate\backend\venv\lib\site-packages\django\core\handlers\base.py", line 181, in _get_response
    response = wrapped_callback(request, *callback_args, **callback_kwargs)
  File "e:\MealMate\backend\venv\lib\site-packages\django\views\decorators\csrf.py", line 54, in wrapped_view
    return view_func(*args, **kwargs)
  File "e:\MealMate\backend\venv\lib\site-packages\rest_framework\viewsets.py", line 125, in view
    return self.dispatch(request, *args, **kwargs)
  File "e:\MealMate\backend\venv\lib\site-packages\rest_framework\views.py", line 509, in dispatch
    response = self.handle_exception(exc)
  File "e:\MealMate\backend\venv\lib\site-packages\rest_framework\views.py", line 469, in handle_exception
    self.raise_uncaught_exception(exc)
  File "e:\MealMate\backend\venv\lib\site-packages\rest_framework\views.py", line 480, in raise_uncaught_exception
    raise exc
  File "e:\MealMate\backend\venv\lib\site-packages\rest_framework\views.py", line 506, in dispatch
    response = handler(request, *args, **kwargs)
  File "E:\MealMate\backend\core\api\delivery_api\views.py", line 28, in list
    for doc in orders_cursor:
  File "e:\MealMate\backend\venv\lib\site-packages\pymongo\cursor.py", line 1238, in next
    if len(self.__data) or self._refresh():
  File "e:\MealMate\backend\venv\lib\site-packages\pymongo\cursor.py", line 1130, in _refresh
    self.__session = self.__collection.database.client._ensure_session()
  File "e:\MealMate\backend\venv\lib\site-packages\pymongo\mongo_client.py", line 1935, in _ensure_session
    return self.__start_session(True, causal_consistency=False)
  File "e:\MealMate\backend\venv\lib\site-packages\pymongo\mongo_client.py", line 1883, in __start_session
    server_session = self._get_server_session()
  File "e:\MealMate\backend\venv\lib\site-packages\pymongo\mongo_client.py", line 1921, in _get_server_session
    return self._topology.get_server_session()
  File "e:\MealMate\backend\venv\lib\site-packages\pymongo\topology.py", line 520, in get_server_session
    session_timeout = self._check_session_support()
  File "e:\MealMate\backend\venv\lib\site-packages\pymongo\topology.py", line 499, in _check_session_support
    self._select_servers_loop(
  File "e:\MealMate\backend\venv\lib\site-packages\pymongo\topology.py", line 218, in _select_servers_loop
    raise ServerSelectionTimeoutError(
pymongo.errors.ServerSelectionTimeoutError: localhost:27017: [WinError 10061] No connection could be made because the target machine actively refused it, Timeout: 30s, Topology Description: <TopologyDescription id: 6a75e5665f498b469edb3b3d, topology_type: Single, servers: [<ServerDescription ('localhost', 27017) server_type: Unknown, rtt: None, error=AutoReconnect('localhost:27017: [WinError 10061] No connection could be made because the target machine actively refused it')>]>
--------------------------------------------------------------------------------
Exception on /api/delivery/orders/:
Traceback (most recent call last):
  File "e:\MealMate\backend\venv\lib\site-packages\django\core\handlers\base.py", line 181, in _get_response
    response = wrapped_callback(request, *callback_args, **callback_kwargs)
  File "e:\MealMate\backend\venv\lib\site-packages\django\views\decorators\csrf.py", line 54, in wrapped_view
    return view_func(*args, **kwargs)
  File "e:\MealMate\backend\venv\lib\site-packages\rest_framework\viewsets.py", line 125, in view
    return self.dispatch(request, *args, **kwargs)
  File "e:\MealMate\backend\venv\lib\site-packages\rest_framework\views.py", line 509, in dispatch
    response = self.handle_exception(exc)
  File "e:\MealMate\backend\venv\lib\site-packages\rest_framework\views.py", line 469, in handle_exception
    self.raise_uncaught_exception(exc)
  File "e:\MealMate\backend\venv\lib\site-packages\rest_framework\views.py", line 480, in raise_uncaught_exception
    raise exc
  File "e:\MealMate\backend\venv\lib\site-packages\rest_framework\views.py", line 506, in dispatch
    response = handler(request, *args, **kwargs)
  File "E:\MealMate\backend\core\api\delivery_api\views.py", line 28, in list
    for doc in orders_cursor:
  File "e:\MealMate\backend\venv\lib\site-packages\pymongo\cursor.py", line 1238, in next
    if len(self.__data) or self._refresh():
  File "e:\MealMate\backend\venv\lib\site-packages\pymongo\cursor.py", line 1130, in _refresh
    self.__session = self.__collection.database.client._ensure_session()
  File "e:\MealMate\backend\venv\lib\site-packages\pymongo\mongo_client.py", line 1935, in _ensure_session
    return self.__start_session(True, causal_consistency=False)
  File "e:\MealMate\backend\venv\lib\site-packages\pymongo\mongo_client.py", line 1883, in __start_session
    server_session = self._get_server_session()
  File "e:\MealMate\backend\venv\lib\site-packages\pymongo\mongo_client.py", line 1921, in _get_server_session
    return self._topology.get_server_session()
  File "e:\MealMate\backend\venv\lib\site-packages\pymongo\topology.py", line 520, in get_server_session
    session_timeout = self._check_session_support()
  File "e:\MealMate\backend\venv\lib\site-packages\pymongo\topology.py", line 499, in _check_session_support
    self._select_servers_loop(
  File "e:\MealMate\backend\venv\lib\site-packages\pymongo\topology.py", line 218, in _select_servers_loop
    raise ServerSelectionTimeoutError(
pymongo.errors.ServerSelectionTimeoutError: localhost:27017: [WinError 10061] No connection could be made because the target machine actively refused it, Timeout: 30s, Topology Description: <TopologyDescription id: 6a75e5695f498b469edb3b3e, topology_type: Single, servers: [<ServerDescription ('localhost', 27017) server_type: Unknown, rtt: None, error=AutoReconnect('localhost:27017: [WinError 10061] No connection could be made because the target machine actively refused it')>]>
--------------------------------------------------------------------------------
Exception on /api/delivery/orders/:
Traceback (most recent call last):
  File "e:\MealMate\backend\venv\lib\site-packages\django\core\handlers\base.py", line 181, in _get_response
    response = wrapped_callback(request, *callback_args, **callback_kwargs)
  File "e:\MealMate\backend\venv\lib\site-packages\django\views\decorators\csrf.py", line 54, in wrapped_view
    return view_func(*args, **kwargs)
  File "e:\MealMate\backend\venv\lib\site-packages\rest_framework\viewsets.py", line 125, in view
    return self.dispatch(request, *args, **kwargs)
  File "e:\MealMate\backend\venv\lib\site-packages\rest_framework\views.py", line 509, in dispatch
    response = self.handle_exception(exc)
  File "e:\MealMate\backend\venv\lib\site-packages\rest_framework\views.py", line 469, in handle_exception
    self.raise_uncaught_exception(exc)
  File "e:\MealMate\backend\venv\lib\site-packages\rest_framework\views.py", line 480, in raise_uncaught_exception
    raise exc
  File "e:\MealMate\backend\venv\lib\site-packages\rest_framework\views.py", line 506, in dispatch
    response = handler(request, *args, **kwargs)
  File "E:\MealMate\backend\core\api\delivery_api\views.py", line 28, in list
    for doc in orders_cursor:
  File "e:\MealMate\backend\venv\lib\site-packages\pymongo\cursor.py", line 1238, in next
    if len(self.__data) or self._refresh():
  File "e:\MealMate\backend\venv\lib\site-packages\pymongo\cursor.py", line 1130, in _refresh
    self.__session = self.__collection.database.client._ensure_session()
  File "e:\MealMate\backend\venv\lib\site-packages\pymongo\mongo_client.py", line 1935, in _ensure_session
    return self.__start_session(True, causal_consistency=False)
  File "e:\MealMate\backend\venv\lib\site-packages\pymongo\mongo_client.py", line 1883, in __start_session
    server_session = self._get_server_session()
  File "e:\MealMate\backend\venv\lib\site-packages\pymongo\mongo_client.py", line 1921, in _get_server_session
    return self._topology.get_server_session()
  File "e:\MealMate\backend\venv\lib\site-packages\pymongo\topology.py", line 520, in get_server_session
    session_timeout = self._check_session_support()
  File "e:\MealMate\backend\venv\lib\site-packages\pymongo\topology.py", line 499, in _check_session_support
    self._select_servers_loop(
  File "e:\MealMate\backend\venv\lib\site-packages\pymongo\topology.py", line 218, in _select_servers_loop
    raise ServerSelectionTimeoutError(
pymongo.errors.ServerSelectionTimeoutError: localhost:27017: [WinError 10061] No connection could be made because the target machine actively refused it, Timeout: 30s, Topology Description: <TopologyDescription id: 6a75e5785f498b469edb3b3f, topology_type: Single, servers: [<ServerDescription ('localhost', 27017) server_type: Unknown, rtt: None, error=AutoReconnect('localhost:27017: [WinError 10061] No connection could be made because the target machine actively refused it')>]>
--------------------------------------------------------------------------------
Exception on /api/delivery/orders/:
Traceback (most recent call last):
  File "e:\MealMate\backend\venv\lib\site-packages\django\core\handlers\base.py", line 181, in _get_response
    response = wrapped_callback(request, *callback_args, **callback_kwargs)
  File "e:\MealMate\backend\venv\lib\site-packages\django\views\decorators\csrf.py", line 54, in wrapped_view
    return view_func(*args, **kwargs)
  File "e:\MealMate\backend\venv\lib\site-packages\rest_framework\viewsets.py", line 125, in view
    return self.dispatch(request, *args, **kwargs)
  File "e:\MealMate\backend\venv\lib\site-packages\rest_framework\views.py", line 509, in dispatch
    response = self.handle_exception(exc)
  File "e:\MealMate\backend\venv\lib\site-packages\rest_framework\views.py", line 469, in handle_exception
    self.raise_uncaught_exception(exc)
  File "e:\MealMate\backend\venv\lib\site-packages\rest_framework\views.py", line 480, in raise_uncaught_exception
    raise exc
  File "e:\MealMate\backend\venv\lib\site-packages\rest_framework\views.py", line 506, in dispatch
    response = handler(request, *args, **kwargs)
  File "E:\MealMate\backend\core\api\delivery_api\views.py", line 28, in list
    for doc in orders_cursor:
  File "e:\MealMate\backend\venv\lib\site-packages\pymongo\cursor.py", line 1238, in next
    if len(self.__data) or self._refresh():
  File "e:\MealMate\backend\venv\lib\site-packages\pymongo\cursor.py", line 1130, in _refresh
    self.__session = self.__collection.database.client._ensure_session()
  File "e:\MealMate\backend\venv\lib\site-packages\pymongo\mongo_client.py", line 1935, in _ensure_session
    return self.__start_session(True, causal_consistency=False)
  File "e:\MealMate\backend\venv\lib\site-packages\pymongo\mongo_client.py", line 1883, in __start_session
    server_session = self._get_server_session()
  File "e:\MealMate\backend\venv\lib\site-packages\pymongo\mongo_client.py", line 1921, in _get_server_session
    return self._topology.get_server_session()
  File "e:\MealMate\backend\venv\lib\site-packages\pymongo\topology.py", line 520, in get_server_session
    session_timeout = self._check_session_support()
  File "e:\MealMate\backend\venv\lib\site-packages\pymongo\topology.py", line 499, in _check_session_support
    self._select_servers_loop(
  File "e:\MealMate\backend\venv\lib\site-packages\pymongo\topology.py", line 218, in _select_servers_loop
    raise ServerSelectionTimeoutError(
pymongo.errors.ServerSelectionTimeoutError: localhost:27017: [WinError 10061] No connection could be made because the target machine actively refused it, Timeout: 30s, Topology Description: <TopologyDescription id: 6a75e57c5f498b469edb3b40, topology_type: Single, servers: [<ServerDescription ('localhost', 27017) server_type: Unknown, rtt: None, error=AutoReconnect('localhost:27017: [WinError 10061] No connection could be made because the target machine actively refused it')>]>
--------------------------------------------------------------------------------
Exception on /api/delivery/orders/:
Traceback (most recent call last):
  File "e:\MealMate\backend\venv\lib\site-packages\django\core\handlers\base.py", line 181, in _get_response
    response = wrapped_callback(request, *callback_args, **callback_kwargs)
  File "e:\MealMate\backend\venv\lib\site-packages\django\views\decorators\csrf.py", line 54, in wrapped_view
    return view_func(*args, **kwargs)
  File "e:\MealMate\backend\venv\lib\site-packages\rest_framework\viewsets.py", line 125, in view
    return self.dispatch(request, *args, **kwargs)
  File "e:\MealMate\backend\venv\lib\site-packages\rest_framework\views.py", line 509, in dispatch
    response = self.handle_exception(exc)
  File "e:\MealMate\backend\venv\lib\site-packages\rest_framework\views.py", line 469, in handle_exception
    self.raise_uncaught_exception(exc)
  File "e:\MealMate\backend\venv\lib\site-packages\rest_framework\views.py", line 480, in raise_uncaught_exception
    raise exc
  File "e:\MealMate\backend\venv\lib\site-packages\rest_framework\views.py", line 506, in dispatch
    response = handler(request, *args, **kwargs)
  File "E:\MealMate\backend\core\api\delivery_api\views.py", line 28, in list
    for doc in orders_cursor:
  File "e:\MealMate\backend\venv\lib\site-packages\pymongo\cursor.py", line 1238, in next
    if len(self.__data) or self._refresh():
  File "e:\MealMate\backend\venv\lib\site-packages\pymongo\cursor.py", line 1130, in _refresh
    self.__session = self.__collection.database.client._ensure_session()
  File "e:\MealMate\backend\venv\lib\site-packages\pymongo\mongo_client.py", line 1935, in _ensure_session
    return self.__start_session(True, causal_consistency=False)
  File "e:\MealMate\backend\venv\lib\site-packages\pymongo\mongo_client.py", line 1883, in __start_session
    server_session = self._get_server_session()
  File "e:\MealMate\backend\venv\lib\site-packages\pymongo\mongo_client.py", line 1921, in _get_server_session
    return self._topology.get_server_session()
  File "e:\MealMate\backend\venv\lib\site-packages\pymongo\topology.py", line 520, in get_server_session
    session_timeout = self._check_session_support()
  File "e:\MealMate\backend\venv\lib\site-packages\pymongo\topology.py", line 499, in _check_session_support
    self._select_servers_loop(
  File "e:\MealMate\backend\venv\lib\site-packages\pymongo\topology.py", line 218, in _select_servers_loop
    raise ServerSelectionTimeoutError(
pymongo.errors.ServerSelectionTimeoutError: localhost:27017: [WinError 10061] No connection could be made because the target machine actively refused it, Timeout: 30s, Topology Description: <TopologyDescription id: 6a75e57f5f498b469edb3b41, topology_type: Single, servers: [<ServerDescription ('localhost', 27017) server_type: Unknown, rtt: None, error=AutoReconnect('localhost:27017: [WinError 10061] No connection could be made because the target machine actively refused it')>]>
--------------------------------------------------------------------------------
Exception on /api/delivery/orders/:
Traceback (most recent call last):
  File "e:\MealMate\backend\venv\lib\site-packages\django\core\handlers\base.py", line 181, in _get_response
    response = wrapped_callback(request, *callback_args, **callback_kwargs)
  File "e:\MealMate\backend\venv\lib\site-packages\django\views\decorators\csrf.py", line 54, in wrapped_view
    return view_func(*args, **kwargs)
  File "e:\MealMate\backend\venv\lib\site-packages\rest_framework\viewsets.py", line 125, in view
    return self.dispatch(request, *args, **kwargs)
  File "e:\MealMate\backend\venv\lib\site-packages\rest_framework\views.py", line 509, in dispatch
    response = self.handle_exception(exc)
  File "e:\MealMate\backend\venv\lib\site-packages\rest_framework\views.py", line 469, in handle_exception
    self.raise_uncaught_exception(exc)
  File "e:\MealMate\backend\venv\lib\site-packages\rest_framework\views.py", line 480, in raise_uncaught_exception
    raise exc
  File "e:\MealMate\backend\venv\lib\site-packages\rest_framework\views.py", line 506, in dispatch
    response = handler(request, *args, **kwargs)
  File "E:\MealMate\backend\core\api\delivery_api\views.py", line 28, in list
    for doc in orders_cursor:
  File "e:\MealMate\backend\venv\lib\site-packages\pymongo\cursor.py", line 1238, in next
    if len(self.__data) or self._refresh():
  File "e:\MealMate\backend\venv\lib\site-packages\pymongo\cursor.py", line 1130, in _refresh
    self.__session = self.__collection.database.client._ensure_session()
  File "e:\MealMate\backend\venv\lib\site-packages\pymongo\mongo_client.py", line 1935, in _ensure_session
    return self.__start_session(True, causal_consistency=False)
  File "e:\MealMate\backend\venv\lib\site-packages\pymongo\mongo_client.py", line 1883, in __start_session
    server_session = self._get_server_session()
  File "e:\MealMate\backend\venv\lib\site-packages\pymongo\mongo_client.py", line 1921, in _get_server_session
    return self._topology.get_server_session()
  File "e:\MealMate\backend\venv\lib\site-packages\pymongo\topology.py", line 520, in get_server_session
    session_timeout = self._check_session_support()
  File "e:\MealMate\backend\venv\lib\site-packages\pymongo\topology.py", line 499, in _check_session_support
    self._select_servers_loop(
  File "e:\MealMate\backend\venv\lib\site-packages\pymongo\topology.py", line 218, in _select_servers_loop
    raise ServerSelectionTimeoutError(
pymongo.errors.ServerSelectionTimeoutError: localhost:27017: [WinError 10061] No connection could be made because the target machine actively refused it, Timeout: 30s, Topology Description: <TopologyDescription id: 6a75e5815f498b469edb3b42, topology_type: Single, servers: [<ServerDescription ('localhost', 27017) server_type: Unknown, rtt: None, error=AutoReconnect('localhost:27017: [WinError 10061] No connection could be made because the target machine actively refused it')>]>
--------------------------------------------------------------------------------
Exception on /api/delivery/orders/:
Traceback (most recent call last):
  File "e:\MealMate\backend\venv\lib\site-packages\django\core\handlers\base.py", line 181, in _get_response
    response = wrapped_callback(request, *callback_args, **callback_kwargs)
  File "e:\MealMate\backend\venv\lib\site-packages\django\views\decorators\csrf.py", line 54, in wrapped_view
    return view_func(*args, **kwargs)
  File "e:\MealMate\backend\venv\lib\site-packages\rest_framework\viewsets.py", line 125, in view
    return self.dispatch(request, *args, **kwargs)
  File "e:\MealMate\backend\venv\lib\site-packages\rest_framework\views.py", line 509, in dispatch
    response = self.handle_exception(exc)
  File "e:\MealMate\backend\venv\lib\site-packages\rest_framework\views.py", line 469, in handle_exception
    self.raise_uncaught_exception(exc)
  File "e:\MealMate\backend\venv\lib\site-packages\rest_framework\views.py", line 480, in raise_uncaught_exception
    raise exc
  File "e:\MealMate\backend\venv\lib\site-packages\rest_framework\views.py", line 506, in dispatch
    response = handler(request, *args, **kwargs)
  File "E:\MealMate\backend\core\api\delivery_api\views.py", line 28, in list
    for doc in orders_cursor:
  File "e:\MealMate\backend\venv\lib\site-packages\pymongo\cursor.py", line 1238, in next
    if len(self.__data) or self._refresh():
  File "e:\MealMate\backend\venv\lib\site-packages\pymongo\cursor.py", line 1130, in _refresh
    self.__session = self.__collection.database.client._ensure_session()
  File "e:\MealMate\backend\venv\lib\site-packages\pymongo\mongo_client.py", line 1935, in _ensure_session
    return self.__start_session(True, causal_consistency=False)
  File "e:\MealMate\backend\venv\lib\site-packages\pymongo\mongo_client.py", line 1883, in __start_session
    server_session = self._get_server_session()
  File "e:\MealMate\backend\venv\lib\site-packages\pymongo\mongo_client.py", line 1921, in _get_server_session
    return self._topology.get_server_session()
  File "e:\MealMate\backend\venv\lib\site-packages\pymongo\topology.py", line 520, in get_server_session
    session_timeout = self._check_session_support()
  File "e:\MealMate\backend\venv\lib\site-packages\pymongo\topology.py", line 499, in _check_session_support
    self._select_servers_loop(
  File "e:\MealMate\backend\venv\lib\site-packages\pymongo\topology.py", line 218, in _select_servers_loop
    raise ServerSelectionTimeoutError(
pymongo.errors.ServerSelectionTimeoutError: localhost:27017: [WinError 10061] No connection could be made because the target machine actively refused it, Timeout: 30s, Topology Description: <TopologyDescription id: 6a75e5855f498b469edb3b43, topology_type: Single, servers: [<ServerDescription ('localhost', 27017) server_type: Unknown, rtt: None, error=AutoReconnect('localhost:27017: [WinError 10061] No connection could be made because the target machine actively refused it')>]>
--------------------------------------------------------------------------------
Exception on /api/delivery/orders/:
Traceback (most recent call last):
  File "e:\MealMate\backend\venv\lib\site-packages\django\core\handlers\base.py", line 181, in _get_response
    response = wrapped_callback(request, *callback_args, **callback_kwargs)
  File "e:\MealMate\backend\venv\lib\site-packages\django\views\decorators\csrf.py", line 54, in wrapped_view
    return view_func(*args, **kwargs)
  File "e:\MealMate\backend\venv\lib\site-packages\rest_framework\viewsets.py", line 125, in view
    return self.dispatch(request, *args, **kwargs)
  File "e:\MealMate\backend\venv\lib\site-packages\rest_framework\views.py", line 509, in dispatch
    response = self.handle_exception(exc)
  File "e:\MealMate\backend\venv\lib\site-packages\rest_framework\views.py", line 469, in handle_exception
    self.raise_uncaught_exception(exc)
  File "e:\MealMate\backend\venv\lib\site-packages\rest_framework\views.py", line 480, in raise_uncaught_exception
    raise exc
  File "e:\MealMate\backend\venv\lib\site-packages\rest_framework\views.py", line 506, in dispatch
    response = handler(request, *args, **kwargs)
  File "E:\MealMate\backend\core\api\delivery_api\views.py", line 28, in list
    for doc in orders_cursor:
  File "e:\MealMate\backend\venv\lib\site-packages\pymongo\cursor.py", line 1238, in next
    if len(self.__data) or self._refresh():
  File "e:\MealMate\backend\venv\lib\site-packages\pymongo\cursor.py", line 1130, in _refresh
    self.__session = self.__collection.database.client._ensure_session()
  File "e:\MealMate\backend\venv\lib\site-packages\pymongo\mongo_client.py", line 1935, in _ensure_session
    return self.__start_session(True, causal_consistency=False)
  File "e:\MealMate\backend\venv\lib\site-packages\pymongo\mongo_client.py", line 1883, in __start_session
    server_session = self._get_server_session()
  File "e:\MealMate\backend\venv\lib\site-packages\pymongo\mongo_client.py", line 1921, in _get_server_session
    return self._topology.get_server_session()
  File "e:\MealMate\backend\venv\lib\site-packages\pymongo\topology.py", line 520, in get_server_session
    session_timeout = self._check_session_support()
  File "e:\MealMate\backend\venv\lib\site-packages\pymongo\topology.py", line 499, in _check_session_support
    self._select_servers_loop(
  File "e:\MealMate\backend\venv\lib\site-packages\pymongo\topology.py", line 218, in _select_servers_loop
    raise ServerSelectionTimeoutError(
pymongo.errors.ServerSelectionTimeoutError: localhost:27017: [WinError 10061] No connection could be made because the target machine actively refused it, Timeout: 30s, Topology Description: <TopologyDescription id: 6a75e5975f498b469edb3b44, topology_type: Single, servers: [<ServerDescription ('localhost', 27017) server_type: Unknown, rtt: None, error=AutoReconnect('localhost:27017: [WinError 10061] No connection could be made because the target machine actively refused it')>]>
--------------------------------------------------------------------------------
Exception on /api/delivery/orders/:
Traceback (most recent call last):
  File "e:\MealMate\backend\venv\lib\site-packages\django\core\handlers\base.py", line 181, in _get_response
    response = wrapped_callback(request, *callback_args, **callback_kwargs)
  File "e:\MealMate\backend\venv\lib\site-packages\django\views\decorators\csrf.py", line 54, in wrapped_view
    return view_func(*args, **kwargs)
  File "e:\MealMate\backend\venv\lib\site-packages\rest_framework\viewsets.py", line 125, in view
    return self.dispatch(request, *args, **kwargs)
  File "e:\MealMate\backend\venv\lib\site-packages\rest_framework\views.py", line 509, in dispatch
    response = self.handle_exception(exc)
  File "e:\MealMate\backend\venv\lib\site-packages\rest_framework\views.py", line 469, in handle_exception
    self.raise_uncaught_exception(exc)
  File "e:\MealMate\backend\venv\lib\site-packages\rest_framework\views.py", line 480, in raise_uncaught_exception
    raise exc
  File "e:\MealMate\backend\venv\lib\site-packages\rest_framework\views.py", line 506, in dispatch
    response = handler(request, *args, **kwargs)
  File "E:\MealMate\backend\core\api\delivery_api\views.py", line 28, in list
    for doc in orders_cursor:
  File "e:\MealMate\backend\venv\lib\site-packages\pymongo\cursor.py", line 1238, in next
    if len(self.__data) or self._refresh():
  File "e:\MealMate\backend\venv\lib\site-packages\pymongo\cursor.py", line 1130, in _refresh
    self.__session = self.__collection.database.client._ensure_session()
  File "e:\MealMate\backend\venv\lib\site-packages\pymongo\mongo_client.py", line 1935, in _ensure_session
    return self.__start_session(True, causal_consistency=False)
  File "e:\MealMate\backend\venv\lib\site-packages\pymongo\mongo_client.py", line 1883, in __start_session
    server_session = self._get_server_session()
  File "e:\MealMate\backend\venv\lib\site-packages\pymongo\mongo_client.py", line 1921, in _get_server_session
    return self._topology.get_server_session()
  File "e:\MealMate\backend\venv\lib\site-packages\pymongo\topology.py", line 520, in get_server_session
    session_timeout = self._check_session_support()
  File "e:\MealMate\backend\venv\lib\site-packages\pymongo\topology.py", line 499, in _check_session_support
    self._select_servers_loop(
  File "e:\MealMate\backend\venv\lib\site-packages\pymongo\topology.py", line 218, in _select_servers_loop
    raise ServerSelectionTimeoutError(
pymongo.errors.ServerSelectionTimeoutError: localhost:27017: [WinError 10061] No connection could be made because the target machine actively refused it, Timeout: 30s, Topology Description: <TopologyDescription id: 6a75e5d35f498b469edb3b45, topology_type: Single, servers: [<ServerDescription ('localhost', 27017) server_type: Unknown, rtt: None, error=AutoReconnect('localhost:27017: [WinError 10061] No connection could be made because the target machine actively refused it')>]>
--------------------------------------------------------------------------------
Exception on /api/delivery/orders/:
Traceback (most recent call last):
  File "e:\MealMate\backend\venv\lib\site-packages\django\core\handlers\base.py", line 181, in _get_response
    response = wrapped_callback(request, *callback_args, **callback_kwargs)
  File "e:\MealMate\backend\venv\lib\site-packages\django\views\decorators\csrf.py", line 54, in wrapped_view
    return view_func(*args, **kwargs)
  File "e:\MealMate\backend\venv\lib\site-packages\rest_framework\viewsets.py", line 125, in view
    return self.dispatch(request, *args, **kwargs)
  File "e:\MealMate\backend\venv\lib\site-packages\rest_framework\views.py", line 509, in dispatch
    response = self.handle_exception(exc)
  File "e:\MealMate\backend\venv\lib\site-packages\rest_framework\views.py", line 469, in handle_exception
    self.raise_uncaught_exception(exc)
  File "e:\MealMate\backend\venv\lib\site-packages\rest_framework\views.py", line 480, in raise_uncaught_exception
    raise exc
  File "e:\MealMate\backend\venv\lib\site-packages\rest_framework\views.py", line 506, in dispatch
    response = handler(request, *args, **kwargs)
  File "E:\MealMate\backend\core\api\delivery_api\views.py", line 28, in list
    for doc in orders_cursor:
  File "e:\MealMate\backend\venv\lib\site-packages\pymongo\cursor.py", line 1238, in next
    if len(self.__data) or self._refresh():
  File "e:\MealMate\backend\venv\lib\site-packages\pymongo\cursor.py", line 1130, in _refresh
    self.__session = self.__collection.database.client._ensure_session()
  File "e:\MealMate\backend\venv\lib\site-packages\pymongo\mongo_client.py", line 1935, in _ensure_session
    return self.__start_session(True, causal_consistency=False)
  File "e:\MealMate\backend\venv\lib\site-packages\pymongo\mongo_client.py", line 1883, in __start_session
    server_session = self._get_server_session()
  File "e:\MealMate\backend\venv\lib\site-packages\pymongo\mongo_client.py", line 1921, in _get_server_session
    return self._topology.get_server_session()
  File "e:\MealMate\backend\venv\lib\site-packages\pymongo\topology.py", line 520, in get_server_session
    session_timeout = self._check_session_support()
  File "e:\MealMate\backend\venv\lib\site-packages\pymongo\topology.py", line 499, in _check_session_support
    self._select_servers_loop(
  File "e:\MealMate\backend\venv\lib\site-packages\pymongo\topology.py", line 218, in _select_servers_loop
    raise ServerSelectionTimeoutError(
pymongo.errors.ServerSelectionTimeoutError: localhost:27017: [WinError 10061] No connection could be made because the target machine actively refused it, Timeout: 30s, Topology Description: <TopologyDescription id: 6a75e60f5f498b469edb3b46, topology_type: Single, servers: [<ServerDescription ('localhost', 27017) server_type: Unknown, rtt: None, error=AutoReconnect('localhost:27017: [WinError 10061] No connection could be made because the target machine actively refused it')>]>
--------------------------------------------------------------------------------
Exception on /api/delivery/orders/:
Traceback (most recent call last):
  File "e:\MealMate\backend\venv\lib\site-packages\django\core\handlers\base.py", line 181, in _get_response
    response = wrapped_callback(request, *callback_args, **callback_kwargs)
  File "e:\MealMate\backend\venv\lib\site-packages\django\views\decorators\csrf.py", line 54, in wrapped_view
    return view_func(*args, **kwargs)
  File "e:\MealMate\backend\venv\lib\site-packages\rest_framework\viewsets.py", line 125, in view
    return self.dispatch(request, *args, **kwargs)
  File "e:\MealMate\backend\venv\lib\site-packages\rest_framework\views.py", line 509, in dispatch
    response = self.handle_exception(exc)
  File "e:\MealMate\backend\venv\lib\site-packages\rest_framework\views.py", line 469, in handle_exception
    self.raise_uncaught_exception(exc)
  File "e:\MealMate\backend\venv\lib\site-packages\rest_framework\views.py", line 480, in raise_uncaught_exception
    raise exc
  File "e:\MealMate\backend\venv\lib\site-packages\rest_framework\views.py", line 506, in dispatch
    response = handler(request, *args, **kwargs)
  File "E:\MealMate\backend\core\api\delivery_api\views.py", line 28, in list
    for doc in orders_cursor:
  File "e:\MealMate\backend\venv\lib\site-packages\pymongo\cursor.py", line 1238, in next
    if len(self.__data) or self._refresh():
  File "e:\MealMate\backend\venv\lib\site-packages\pymongo\cursor.py", line 1130, in _refresh
    self.__session = self.__collection.database.client._ensure_session()
  File "e:\MealMate\backend\venv\lib\site-packages\pymongo\mongo_client.py", line 1935, in _ensure_session
    return self.__start_session(True, causal_consistency=False)
  File "e:\MealMate\backend\venv\lib\site-packages\pymongo\mongo_client.py", line 1883, in __start_session
    server_session = self._get_server_session()
  File "e:\MealMate\backend\venv\lib\site-packages\pymongo\mongo_client.py", line 1921, in _get_server_session
    return self._topology.get_server_session()
  File "e:\MealMate\backend\venv\lib\site-packages\pymongo\topology.py", line 520, in get_server_session
    session_timeout = self._check_session_support()
  File "e:\MealMate\backend\venv\lib\site-packages\pymongo\topology.py", line 499, in _check_session_support
    self._select_servers_loop(
  File "e:\MealMate\backend\venv\lib\site-packages\pymongo\topology.py", line 218, in _select_servers_loop
    raise ServerSelectionTimeoutError(
pymongo.errors.ServerSelectionTimeoutError: localhost:27017: [WinError 10061] No connection could be made because the target machine actively refused it, Timeout: 30s, Topology Description: <TopologyDescription id: 6a75e64b5f498b469edb3b47, topology_type: Single, servers: [<ServerDescription ('localhost', 27017) server_type: Unknown, rtt: None, error=AutoReconnect('localhost:27017: [WinError 10061] No connection could be made because the target machine actively refused it')>]>
--------------------------------------------------------------------------------
Exception on /api/delivery/orders/:
Traceback (most recent call last):
  File "e:\MealMate\backend\venv\lib\site-packages\django\core\handlers\base.py", line 181, in _get_response
    response = wrapped_callback(request, *callback_args, **callback_kwargs)
  File "e:\MealMate\backend\venv\lib\site-packages\django\views\decorators\csrf.py", line 54, in wrapped_view
    return view_func(*args, **kwargs)
  File "e:\MealMate\backend\venv\lib\site-packages\rest_framework\viewsets.py", line 125, in view
    return self.dispatch(request, *args, **kwargs)
  File "e:\MealMate\backend\venv\lib\site-packages\rest_framework\views.py", line 509, in dispatch
    response = self.handle_exception(exc)
  File "e:\MealMate\backend\venv\lib\site-packages\rest_framework\views.py", line 469, in handle_exception
    self.raise_uncaught_exception(exc)
  File "e:\MealMate\backend\venv\lib\site-packages\rest_framework\views.py", line 480, in raise_uncaught_exception
    raise exc
  File "e:\MealMate\backend\venv\lib\site-packages\rest_framework\views.py", line 506, in dispatch
    response = handler(request, *args, **kwargs)
  File "E:\MealMate\backend\core\api\delivery_api\views.py", line 28, in list
    for doc in orders_cursor:
  File "e:\MealMate\backend\venv\lib\site-packages\pymongo\cursor.py", line 1238, in next
    if len(self.__data) or self._refresh():
  File "e:\MealMate\backend\venv\lib\site-packages\pymongo\cursor.py", line 1130, in _refresh
    self.__session = self.__collection.database.client._ensure_session()
  File "e:\MealMate\backend\venv\lib\site-packages\pymongo\mongo_client.py", line 1935, in _ensure_session
    return self.__start_session(True, causal_consistency=False)
  File "e:\MealMate\backend\venv\lib\site-packages\pymongo\mongo_client.py", line 1883, in __start_session
    server_session = self._get_server_session()
  File "e:\MealMate\backend\venv\lib\site-packages\pymongo\mongo_client.py", line 1921, in _get_server_session
    return self._topology.get_server_session()
  File "e:\MealMate\backend\venv\lib\site-packages\pymongo\topology.py", line 520, in get_server_session
    session_timeout = self._check_session_support()
  File "e:\MealMate\backend\venv\lib\site-packages\pymongo\topology.py", line 499, in _check_session_support
    self._select_servers_loop(
  File "e:\MealMate\backend\venv\lib\site-packages\pymongo\topology.py", line 218, in _select_servers_loop
    raise ServerSelectionTimeoutError(
pymongo.errors.ServerSelectionTimeoutError: localhost:27017: [WinError 10061] No connection could be made because the target machine actively refused it, Timeout: 30s, Topology Description: <TopologyDescription id: 6a75e6875f498b469edb3b48, topology_type: Single, servers: [<ServerDescription ('localhost', 27017) server_type: Unknown, rtt: None, error=AutoReconnect('localhost:27017: [WinError 10061] No connection could be made because the target machine actively refused it')>]>
--------------------------------------------------------------------------------
Exception on /api/delivery/orders/:
Traceback (most recent call last):
  File "e:\MealMate\backend\venv\lib\site-packages\django\core\handlers\base.py", line 181, in _get_response
    response = wrapped_callback(request, *callback_args, **callback_kwargs)
  File "e:\MealMate\backend\venv\lib\site-packages\django\views\decorators\csrf.py", line 54, in wrapped_view
    return view_func(*args, **kwargs)
  File "e:\MealMate\backend\venv\lib\site-packages\rest_framework\viewsets.py", line 125, in view
    return self.dispatch(request, *args, **kwargs)
  File "e:\MealMate\backend\venv\lib\site-packages\rest_framework\views.py", line 509, in dispatch
    response = self.handle_exception(exc)
  File "e:\MealMate\backend\venv\lib\site-packages\rest_framework\views.py", line 469, in handle_exception
    self.raise_uncaught_exception(exc)
  File "e:\MealMate\backend\venv\lib\site-packages\rest_framework\views.py", line 480, in raise_uncaught_exception
    raise exc
  File "e:\MealMate\backend\venv\lib\site-packages\rest_framework\views.py", line 506, in dispatch
    response = handler(request, *args, **kwargs)
  File "E:\MealMate\backend\core\api\delivery_api\views.py", line 28, in list
    for doc in orders_cursor:
  File "e:\MealMate\backend\venv\lib\site-packages\pymongo\cursor.py", line 1238, in next
    if len(self.__data) or self._refresh():
  File "e:\MealMate\backend\venv\lib\site-packages\pymongo\cursor.py", line 1130, in _refresh
    self.__session = self.__collection.database.client._ensure_session()
  File "e:\MealMate\backend\venv\lib\site-packages\pymongo\mongo_client.py", line 1935, in _ensure_session
    return self.__start_session(True, causal_consistency=False)
  File "e:\MealMate\backend\venv\lib\site-packages\pymongo\mongo_client.py", line 1883, in __start_session
    server_session = self._get_server_session()
  File "e:\MealMate\backend\venv\lib\site-packages\pymongo\mongo_client.py", line 1921, in _get_server_session
    return self._topology.get_server_session()
  File "e:\MealMate\backend\venv\lib\site-packages\pymongo\topology.py", line 520, in get_server_session
    session_timeout = self._check_session_support()
  File "e:\MealMate\backend\venv\lib\site-packages\pymongo\topology.py", line 499, in _check_session_support
    self._select_servers_loop(
  File "e:\MealMate\backend\venv\lib\site-packages\pymongo\topology.py", line 218, in _select_servers_loop
    raise ServerSelectionTimeoutError(
pymongo.errors.ServerSelectionTimeoutError: localhost:27017: [WinError 10061] No connection could be made because the target machine actively refused it, Timeout: 30s, Topology Description: <TopologyDescription id: 6a75e6c35f498b469edb3b49, topology_type: Single, servers: [<ServerDescription ('localhost', 27017) server_type: Unknown, rtt: None, error=AutoReconnect('localhost:27017: [WinError 10061] No connection could be made because the target machine actively refused it')>]>
--------------------------------------------------------------------------------
Exception on /api/delivery/orders/:
Traceback (most recent call last):
  File "e:\MealMate\backend\venv\lib\site-packages\django\core\handlers\base.py", line 181, in _get_response
    response = wrapped_callback(request, *callback_args, **callback_kwargs)
  File "e:\MealMate\backend\venv\lib\site-packages\django\views\decorators\csrf.py", line 54, in wrapped_view
    return view_func(*args, **kwargs)
  File "e:\MealMate\backend\venv\lib\site-packages\rest_framework\viewsets.py", line 125, in view
    return self.dispatch(request, *args, **kwargs)
  File "e:\MealMate\backend\venv\lib\site-packages\rest_framework\views.py", line 509, in dispatch
    response = self.handle_exception(exc)
  File "e:\MealMate\backend\venv\lib\site-packages\rest_framework\views.py", line 469, in handle_exception
    self.raise_uncaught_exception(exc)
  File "e:\MealMate\backend\venv\lib\site-packages\rest_framework\views.py", line 480, in raise_uncaught_exception
    raise exc
  File "e:\MealMate\backend\venv\lib\site-packages\rest_framework\views.py", line 506, in dispatch
    response = handler(request, *args, **kwargs)
  File "E:\MealMate\backend\core\api\delivery_api\views.py", line 28, in list
    for doc in orders_cursor:
  File "e:\MealMate\backend\venv\lib\site-packages\pymongo\cursor.py", line 1238, in next
    if len(self.__data) or self._refresh():
  File "e:\MealMate\backend\venv\lib\site-packages\pymongo\cursor.py", line 1130, in _refresh
    self.__session = self.__collection.database.client._ensure_session()
  File "e:\MealMate\backend\venv\lib\site-packages\pymongo\mongo_client.py", line 1935, in _ensure_session
    return self.__start_session(True, causal_consistency=False)
  File "e:\MealMate\backend\venv\lib\site-packages\pymongo\mongo_client.py", line 1883, in __start_session
    server_session = self._get_server_session()
  File "e:\MealMate\backend\venv\lib\site-packages\pymongo\mongo_client.py", line 1921, in _get_server_session
    return self._topology.get_server_session()
  File "e:\MealMate\backend\venv\lib\site-packages\pymongo\topology.py", line 520, in get_server_session
    session_timeout = self._check_session_support()
  File "e:\MealMate\backend\venv\lib\site-packages\pymongo\topology.py", line 499, in _check_session_support
    self._select_servers_loop(
  File "e:\MealMate\backend\venv\lib\site-packages\pymongo\topology.py", line 218, in _select_servers_loop
    raise ServerSelectionTimeoutError(
pymongo.errors.ServerSelectionTimeoutError: localhost:27017: [WinError 10061] No connection could be made because the target machine actively refused it, Timeout: 30s, Topology Description: <TopologyDescription id: 6a75e6ff5f498b469edb3b4a, topology_type: Single, servers: [<ServerDescription ('localhost', 27017) server_type: Unknown, rtt: None, error=AutoReconnect('localhost:27017: [WinError 10061] No connection could be made because the target machine actively refused it')>]>
--------------------------------------------------------------------------------
Exception on /api/delivery/orders/:
Traceback (most recent call last):
  File "e:\MealMate\backend\venv\lib\site-packages\django\core\handlers\base.py", line 181, in _get_response
    response = wrapped_callback(request, *callback_args, **callback_kwargs)
  File "e:\MealMate\backend\venv\lib\site-packages\django\views\decorators\csrf.py", line 54, in wrapped_view
    return view_func(*args, **kwargs)
  File "e:\MealMate\backend\venv\lib\site-packages\rest_framework\viewsets.py", line 125, in view
    return self.dispatch(request, *args, **kwargs)
  File "e:\MealMate\backend\venv\lib\site-packages\rest_framework\views.py", line 509, in dispatch
    response = self.handle_exception(exc)
  File "e:\MealMate\backend\venv\lib\site-packages\rest_framework\views.py", line 469, in handle_exception
    self.raise_uncaught_exception(exc)
  File "e:\MealMate\backend\venv\lib\site-packages\rest_framework\views.py", line 480, in raise_uncaught_exception
    raise exc
  File "e:\MealMate\backend\venv\lib\site-packages\rest_framework\views.py", line 506, in dispatch
    response = handler(request, *args, **kwargs)
  File "E:\MealMate\backend\core\api\delivery_api\views.py", line 28, in list
    for doc in orders_cursor:
  File "e:\MealMate\backend\venv\lib\site-packages\pymongo\cursor.py", line 1238, in next
    if len(self.__data) or self._refresh():
  File "e:\MealMate\backend\venv\lib\site-packages\pymongo\cursor.py", line 1130, in _refresh
    self.__session = self.__collection.database.client._ensure_session()
  File "e:\MealMate\backend\venv\lib\site-packages\pymongo\mongo_client.py", line 1935, in _ensure_session
    return self.__start_session(True, causal_consistency=False)
  File "e:\MealMate\backend\venv\lib\site-packages\pymongo\mongo_client.py", line 1883, in __start_session
    server_session = self._get_server_session()
  File "e:\MealMate\backend\venv\lib\site-packages\pymongo\mongo_client.py", line 1921, in _get_server_session
    return self._topology.get_server_session()
  File "e:\MealMate\backend\venv\lib\site-packages\pymongo\topology.py", line 520, in get_server_session
    session_timeout = self._check_session_support()
  File "e:\MealMate\backend\venv\lib\site-packages\pymongo\topology.py", line 499, in _check_session_support
    self._select_servers_loop(
  File "e:\MealMate\backend\venv\lib\site-packages\pymongo\topology.py", line 218, in _select_servers_loop
    raise ServerSelectionTimeoutError(
pymongo.errors.ServerSelectionTimeoutError: localhost:27017: [WinError 10061] No connection could be made because the target machine actively refused it, Timeout: 30s, Topology Description: <TopologyDescription id: 6a75e73b5f498b469edb3b4b, topology_type: Single, servers: [<ServerDescription ('localhost', 27017) server_type: Unknown, rtt: None, error=AutoReconnect('localhost:27017: [WinError 10061] No connection could be made because the target machine actively refused it')>]>
--------------------------------------------------------------------------------
Exception on /api/delivery/orders/:
Traceback (most recent call last):
  File "e:\MealMate\backend\venv\lib\site-packages\django\core\handlers\base.py", line 181, in _get_response
    response = wrapped_callback(request, *callback_args, **callback_kwargs)
  File "e:\MealMate\backend\venv\lib\site-packages\django\views\decorators\csrf.py", line 54, in wrapped_view
    return view_func(*args, **kwargs)
  File "e:\MealMate\backend\venv\lib\site-packages\rest_framework\viewsets.py", line 125, in view
    return self.dispatch(request, *args, **kwargs)
  File "e:\MealMate\backend\venv\lib\site-packages\rest_framework\views.py", line 509, in dispatch
    response = self.handle_exception(exc)
  File "e:\MealMate\backend\venv\lib\site-packages\rest_framework\views.py", line 469, in handle_exception
    self.raise_uncaught_exception(exc)
  File "e:\MealMate\backend\venv\lib\site-packages\rest_framework\views.py", line 480, in raise_uncaught_exception
    raise exc
  File "e:\MealMate\backend\venv\lib\site-packages\rest_framework\views.py", line 506, in dispatch
    response = handler(request, *args, **kwargs)
  File "E:\MealMate\backend\core\api\delivery_api\views.py", line 28, in list
    for doc in orders_cursor:
  File "e:\MealMate\backend\venv\lib\site-packages\pymongo\cursor.py", line 1238, in next
    if len(self.__data) or self._refresh():
  File "e:\MealMate\backend\venv\lib\site-packages\pymongo\cursor.py", line 1130, in _refresh
    self.__session = self.__collection.database.client._ensure_session()
  File "e:\MealMate\backend\venv\lib\site-packages\pymongo\mongo_client.py", line 1935, in _ensure_session
    return self.__start_session(True, causal_consistency=False)
  File "e:\MealMate\backend\venv\lib\site-packages\pymongo\mongo_client.py", line 1883, in __start_session
    server_session = self._get_server_session()
  File "e:\MealMate\backend\venv\lib\site-packages\pymongo\mongo_client.py", line 1921, in _get_server_session
    return self._topology.get_server_session()
  File "e:\MealMate\backend\venv\lib\site-packages\pymongo\topology.py", line 520, in get_server_session
    session_timeout = self._check_session_support()
  File "e:\MealMate\backend\venv\lib\site-packages\pymongo\topology.py", line 499, in _check_session_support
    self._select_servers_loop(
  File "e:\MealMate\backend\venv\lib\site-packages\pymongo\topology.py", line 218, in _select_servers_loop
    raise ServerSelectionTimeoutError(
pymongo.errors.ServerSelectionTimeoutError: localhost:27017: [WinError 10061] No connection could be made because the target machine actively refused it, Timeout: 30s, Topology Description: <TopologyDescription id: 6a75e7775f498b469edb3b4c, topology_type: Single, servers: [<ServerDescription ('localhost', 27017) server_type: Unknown, rtt: None, error=AutoReconnect('localhost:27017: [WinError 10061] No connection could be made because the target machine actively refused it')>]>
--------------------------------------------------------------------------------
Exception on /api/delivery/orders/:
Traceback (most recent call last):
  File "e:\MealMate\backend\venv\lib\site-packages\django\core\handlers\base.py", line 181, in _get_response
    response = wrapped_callback(request, *callback_args, **callback_kwargs)
  File "e:\MealMate\backend\venv\lib\site-packages\django\views\decorators\csrf.py", line 54, in wrapped_view
    return view_func(*args, **kwargs)
  File "e:\MealMate\backend\venv\lib\site-packages\rest_framework\viewsets.py", line 125, in view
    return self.dispatch(request, *args, **kwargs)
  File "e:\MealMate\backend\venv\lib\site-packages\rest_framework\views.py", line 509, in dispatch
    response = self.handle_exception(exc)
  File "e:\MealMate\backend\venv\lib\site-packages\rest_framework\views.py", line 469, in handle_exception
    self.raise_uncaught_exception(exc)
  File "e:\MealMate\backend\venv\lib\site-packages\rest_framework\views.py", line 480, in raise_uncaught_exception
    raise exc
  File "e:\MealMate\backend\venv\lib\site-packages\rest_framework\views.py", line 506, in dispatch
    response = handler(request, *args, **kwargs)
  File "E:\MealMate\backend\core\api\delivery_api\views.py", line 28, in list
    for doc in orders_cursor:
  File "e:\MealMate\backend\venv\lib\site-packages\pymongo\cursor.py", line 1238, in next
    if len(self.__data) or self._refresh():
  File "e:\MealMate\backend\venv\lib\site-packages\pymongo\cursor.py", line 1130, in _refresh
    self.__session = self.__collection.database.client._ensure_session()
  File "e:\MealMate\backend\venv\lib\site-packages\pymongo\mongo_client.py", line 1935, in _ensure_session
    return self.__start_session(True, causal_consistency=False)
  File "e:\MealMate\backend\venv\lib\site-packages\pymongo\mongo_client.py", line 1883, in __start_session
    server_session = self._get_server_session()
  File "e:\MealMate\backend\venv\lib\site-packages\pymongo\mongo_client.py", line 1921, in _get_server_session
    return self._topology.get_server_session()
  File "e:\MealMate\backend\venv\lib\site-packages\pymongo\topology.py", line 520, in get_server_session
    session_timeout = self._check_session_support()
  File "e:\MealMate\backend\venv\lib\site-packages\pymongo\topology.py", line 499, in _check_session_support
    self._select_servers_loop(
  File "e:\MealMate\backend\venv\lib\site-packages\pymongo\topology.py", line 218, in _select_servers_loop
    raise ServerSelectionTimeoutError(
pymongo.errors.ServerSelectionTimeoutError: localhost:27017: [WinError 10061] No connection could be made because the target machine actively refused it, Timeout: 30s, Topology Description: <TopologyDescription id: 6a75e7b35f498b469edb3b4d, topology_type: Single, servers: [<ServerDescription ('localhost', 27017) server_type: Unknown, rtt: None, error=AutoReconnect('localhost:27017: [WinError 10061] No connection could be made because the target machine actively refused it')>]>
--------------------------------------------------------------------------------
Exception on /api/delivery/orders/:
Traceback (most recent call last):
  File "e:\MealMate\backend\venv\lib\site-packages\django\core\handlers\base.py", line 181, in _get_response
    response = wrapped_callback(request, *callback_args, **callback_kwargs)
  File "e:\MealMate\backend\venv\lib\site-packages\django\views\decorators\csrf.py", line 54, in wrapped_view
    return view_func(*args, **kwargs)
  File "e:\MealMate\backend\venv\lib\site-packages\rest_framework\viewsets.py", line 125, in view
    return self.dispatch(request, *args, **kwargs)
  File "e:\MealMate\backend\venv\lib\site-packages\rest_framework\views.py", line 509, in dispatch
    response = self.handle_exception(exc)
  File "e:\MealMate\backend\venv\lib\site-packages\rest_framework\views.py", line 469, in handle_exception
    self.raise_uncaught_exception(exc)
  File "e:\MealMate\backend\venv\lib\site-packages\rest_framework\views.py", line 480, in raise_uncaught_exception
    raise exc
  File "e:\MealMate\backend\venv\lib\site-packages\rest_framework\views.py", line 506, in dispatch
    response = handler(request, *args, **kwargs)
  File "E:\MealMate\backend\core\api\delivery_api\views.py", line 28, in list
    for doc in orders_cursor:
  File "e:\MealMate\backend\venv\lib\site-packages\pymongo\cursor.py", line 1238, in next
    if len(self.__data) or self._refresh():
  File "e:\MealMate\backend\venv\lib\site-packages\pymongo\cursor.py", line 1130, in _refresh
    self.__session = self.__collection.database.client._ensure_session()
  File "e:\MealMate\backend\venv\lib\site-packages\pymongo\mongo_client.py", line 1935, in _ensure_session
    return self.__start_session(True, causal_consistency=False)
  File "e:\MealMate\backend\venv\lib\site-packages\pymongo\mongo_client.py", line 1883, in __start_session
    server_session = self._get_server_session()
  File "e:\MealMate\backend\venv\lib\site-packages\pymongo\mongo_client.py", line 1921, in _get_server_session
    return self._topology.get_server_session()
  File "e:\MealMate\backend\venv\lib\site-packages\pymongo\topology.py", line 520, in get_server_session
    session_timeout = self._check_session_support()
  File "e:\MealMate\backend\venv\lib\site-packages\pymongo\topology.py", line 499, in _check_session_support
    self._select_servers_loop(
  File "e:\MealMate\backend\venv\lib\site-packages\pymongo\topology.py", line 218, in _select_servers_loop
    raise ServerSelectionTimeoutError(
pymongo.errors.ServerSelectionTimeoutError: localhost:27017: [WinError 10061] No connection could be made because the target machine actively refused it, Timeout: 30s, Topology Description: <TopologyDescription id: 6a75e7ef5f498b469edb3b4e, topology_type: Single, servers: [<ServerDescription ('localhost', 27017) server_type: Unknown, rtt: None, error=AutoReconnect('localhost:27017: [WinError 10061] No connection could be made because the target machine actively refused it')>]>
--------------------------------------------------------------------------------
Exception on /api/delivery/orders/:
Traceback (most recent call last):
  File "e:\MealMate\backend\venv\lib\site-packages\django\core\handlers\base.py", line 181, in _get_response
    response = wrapped_callback(request, *callback_args, **callback_kwargs)
  File "e:\MealMate\backend\venv\lib\site-packages\django\views\decorators\csrf.py", line 54, in wrapped_view
    return view_func(*args, **kwargs)
  File "e:\MealMate\backend\venv\lib\site-packages\rest_framework\viewsets.py", line 125, in view
    return self.dispatch(request, *args, **kwargs)
  File "e:\MealMate\backend\venv\lib\site-packages\rest_framework\views.py", line 509, in dispatch
    response = self.handle_exception(exc)
  File "e:\MealMate\backend\venv\lib\site-packages\rest_framework\views.py", line 469, in handle_exception
    self.raise_uncaught_exception(exc)
  File "e:\MealMate\backend\venv\lib\site-packages\rest_framework\views.py", line 480, in raise_uncaught_exception
    raise exc
  File "e:\MealMate\backend\venv\lib\site-packages\rest_framework\views.py", line 506, in dispatch
    response = handler(request, *args, **kwargs)
  File "E:\MealMate\backend\core\api\delivery_api\views.py", line 28, in list
    for doc in orders_cursor:
  File "e:\MealMate\backend\venv\lib\site-packages\pymongo\cursor.py", line 1238, in next
    if len(self.__data) or self._refresh():
  File "e:\MealMate\backend\venv\lib\site-packages\pymongo\cursor.py", line 1130, in _refresh
    self.__session = self.__collection.database.client._ensure_session()
  File "e:\MealMate\backend\venv\lib\site-packages\pymongo\mongo_client.py", line 1935, in _ensure_session
    return self.__start_session(True, causal_consistency=False)
  File "e:\MealMate\backend\venv\lib\site-packages\pymongo\mongo_client.py", line 1883, in __start_session
    server_session = self._get_server_session()
  File "e:\MealMate\backend\venv\lib\site-packages\pymongo\mongo_client.py", line 1921, in _get_server_session
    return self._topology.get_server_session()
  File "e:\MealMate\backend\venv\lib\site-packages\pymongo\topology.py", line 520, in get_server_session
    session_timeout = self._check_session_support()
  File "e:\MealMate\backend\venv\lib\site-packages\pymongo\topology.py", line 499, in _check_session_support
    self._select_servers_loop(
  File "e:\MealMate\backend\venv\lib\site-packages\pymongo\topology.py", line 218, in _select_servers_loop
    raise ServerSelectionTimeoutError(
pymongo.errors.ServerSelectionTimeoutError: localhost:27017: [WinError 10061] No connection could be made because the target machine actively refused it, Timeout: 30s, Topology Description: <TopologyDescription id: 6a75e82b5f498b469edb3b4f, topology_type: Single, servers: [<ServerDescription ('localhost', 27017) server_type: Unknown, rtt: None, error=AutoReconnect('localhost:27017: [WinError 10061] No connection could be made because the target machine actively refused it')>]>
--------------------------------------------------------------------------------
Exception on /api/delivery/orders/:
Traceback (most recent call last):
  File "e:\MealMate\backend\venv\lib\site-packages\django\core\handlers\base.py", line 181, in _get_response
    response = wrapped_callback(request, *callback_args, **callback_kwargs)
  File "e:\MealMate\backend\venv\lib\site-packages\django\views\decorators\csrf.py", line 54, in wrapped_view
    return view_func(*args, **kwargs)
  File "e:\MealMate\backend\venv\lib\site-packages\rest_framework\viewsets.py", line 125, in view
    return self.dispatch(request, *args, **kwargs)
  File "e:\MealMate\backend\venv\lib\site-packages\rest_framework\views.py", line 509, in dispatch
    response = self.handle_exception(exc)
  File "e:\MealMate\backend\venv\lib\site-packages\rest_framework\views.py", line 469, in handle_exception
    self.raise_uncaught_exception(exc)
  File "e:\MealMate\backend\venv\lib\site-packages\rest_framework\views.py", line 480, in raise_uncaught_exception
    raise exc
  File "e:\MealMate\backend\venv\lib\site-packages\rest_framework\views.py", line 506, in dispatch
    response = handler(request, *args, **kwargs)
  File "E:\MealMate\backend\core\api\delivery_api\views.py", line 28, in list
    for doc in orders_cursor:
  File "e:\MealMate\backend\venv\lib\site-packages\pymongo\cursor.py", line 1238, in next
    if len(self.__data) or self._refresh():
  File "e:\MealMate\backend\venv\lib\site-packages\pymongo\cursor.py", line 1130, in _refresh
    self.__session = self.__collection.database.client._ensure_session()
  File "e:\MealMate\backend\venv\lib\site-packages\pymongo\mongo_client.py", line 1935, in _ensure_session
    return self.__start_session(True, causal_consistency=False)
  File "e:\MealMate\backend\venv\lib\site-packages\pymongo\mongo_client.py", line 1883, in __start_session
    server_session = self._get_server_session()
  File "e:\MealMate\backend\venv\lib\site-packages\pymongo\mongo_client.py", line 1921, in _get_server_session
    return self._topology.get_server_session()
  File "e:\MealMate\backend\venv\lib\site-packages\pymongo\topology.py", line 520, in get_server_session
    session_timeout = self._check_session_support()
  File "e:\MealMate\backend\venv\lib\site-packages\pymongo\topology.py", line 499, in _check_session_support
    self._select_servers_loop(
  File "e:\MealMate\backend\venv\lib\site-packages\pymongo\topology.py", line 218, in _select_servers_loop
    raise ServerSelectionTimeoutError(
pymongo.errors.ServerSelectionTimeoutError: localhost:27017: [WinError 10061] No connection could be made because the target machine actively refused it, Timeout: 30s, Topology Description: <TopologyDescription id: 6a75e8675f498b469edb3b50, topology_type: Single, servers: [<ServerDescription ('localhost', 27017) server_type: Unknown, rtt: None, error=AutoReconnect('localhost:27017: [WinError 10061] No connection could be made because the target machine actively refused it')>]>
--------------------------------------------------------------------------------
Exception on /api/delivery/orders/:
Traceback (most recent call last):
  File "e:\MealMate\backend\venv\lib\site-packages\django\core\handlers\base.py", line 181, in _get_response
    response = wrapped_callback(request, *callback_args, **callback_kwargs)
  File "e:\MealMate\backend\venv\lib\site-packages\django\views\decorators\csrf.py", line 54, in wrapped_view
    return view_func(*args, **kwargs)
  File "e:\MealMate\backend\venv\lib\site-packages\rest_framework\viewsets.py", line 125, in view
    return self.dispatch(request, *args, **kwargs)
  File "e:\MealMate\backend\venv\lib\site-packages\rest_framework\views.py", line 509, in dispatch
    response = self.handle_exception(exc)
  File "e:\MealMate\backend\venv\lib\site-packages\rest_framework\views.py", line 469, in handle_exception
    self.raise_uncaught_exception(exc)
  File "e:\MealMate\backend\venv\lib\site-packages\rest_framework\views.py", line 480, in raise_uncaught_exception
    raise exc
  File "e:\MealMate\backend\venv\lib\site-packages\rest_framework\views.py", line 506, in dispatch
    response = handler(request, *args, **kwargs)
  File "E:\MealMate\backend\core\api\delivery_api\views.py", line 28, in list
    for doc in orders_cursor:
  File "e:\MealMate\backend\venv\lib\site-packages\pymongo\cursor.py", line 1238, in next
    if len(self.__data) or self._refresh():
  File "e:\MealMate\backend\venv\lib\site-packages\pymongo\cursor.py", line 1130, in _refresh
    self.__session = self.__collection.database.client._ensure_session()
  File "e:\MealMate\backend\venv\lib\site-packages\pymongo\mongo_client.py", line 1935, in _ensure_session
    return self.__start_session(True, causal_consistency=False)
  File "e:\MealMate\backend\venv\lib\site-packages\pymongo\mongo_client.py", line 1883, in __start_session
    server_session = self._get_server_session()
  File "e:\MealMate\backend\venv\lib\site-packages\pymongo\mongo_client.py", line 1921, in _get_server_session
    return self._topology.get_server_session()
  File "e:\MealMate\backend\venv\lib\site-packages\pymongo\topology.py", line 520, in get_server_session
    session_timeout = self._check_session_support()
  File "e:\MealMate\backend\venv\lib\site-packages\pymongo\topology.py", line 499, in _check_session_support
    self._select_servers_loop(
  File "e:\MealMate\backend\venv\lib\site-packages\pymongo\topology.py", line 218, in _select_servers_loop
    raise ServerSelectionTimeoutError(
pymongo.errors.ServerSelectionTimeoutError: localhost:27017: [WinError 10061] No connection could be made because the target machine actively refused it, Timeout: 30s, Topology Description: <TopologyDescription id: 6a75e8a35f498b469edb3b51, topology_type: Single, servers: [<ServerDescription ('localhost', 27017) server_type: Unknown, rtt: None, error=AutoReconnect('localhost:27017: [WinError 10061] No connection could be made because the target machine actively refused it')>]>
--------------------------------------------------------------------------------
Exception on /api/delivery/orders/:
Traceback (most recent call last):
  File "e:\MealMate\backend\venv\lib\site-packages\django\core\handlers\base.py", line 181, in _get_response
    response = wrapped_callback(request, *callback_args, **callback_kwargs)
  File "e:\MealMate\backend\venv\lib\site-packages\django\views\decorators\csrf.py", line 54, in wrapped_view
    return view_func(*args, **kwargs)
  File "e:\MealMate\backend\venv\lib\site-packages\rest_framework\viewsets.py", line 125, in view
    return self.dispatch(request, *args, **kwargs)
  File "e:\MealMate\backend\venv\lib\site-packages\rest_framework\views.py", line 509, in dispatch
    response = self.handle_exception(exc)
  File "e:\MealMate\backend\venv\lib\site-packages\rest_framework\views.py", line 469, in handle_exception
    self.raise_uncaught_exception(exc)
  File "e:\MealMate\backend\venv\lib\site-packages\rest_framework\views.py", line 480, in raise_uncaught_exception
    raise exc
  File "e:\MealMate\backend\venv\lib\site-packages\rest_framework\views.py", line 506, in dispatch
    response = handler(request, *args, **kwargs)
  File "E:\MealMate\backend\core\api\delivery_api\views.py", line 28, in list
    for doc in orders_cursor:
  File "e:\MealMate\backend\venv\lib\site-packages\pymongo\cursor.py", line 1238, in next
    if len(self.__data) or self._refresh():
  File "e:\MealMate\backend\venv\lib\site-packages\pymongo\cursor.py", line 1130, in _refresh
    self.__session = self.__collection.database.client._ensure_session()
  File "e:\MealMate\backend\venv\lib\site-packages\pymongo\mongo_client.py", line 1935, in _ensure_session
    return self.__start_session(True, causal_consistency=False)
  File "e:\MealMate\backend\venv\lib\site-packages\pymongo\mongo_client.py", line 1883, in __start_session
    server_session = self._get_server_session()
  File "e:\MealMate\backend\venv\lib\site-packages\pymongo\mongo_client.py", line 1921, in _get_server_session
    return self._topology.get_server_session()
  File "e:\MealMate\backend\venv\lib\site-packages\pymongo\topology.py", line 520, in get_server_session
    session_timeout = self._check_session_support()
  File "e:\MealMate\backend\venv\lib\site-packages\pymongo\topology.py", line 499, in _check_session_support
    self._select_servers_loop(
  File "e:\MealMate\backend\venv\lib\site-packages\pymongo\topology.py", line 218, in _select_servers_loop
    raise ServerSelectionTimeoutError(
pymongo.errors.ServerSelectionTimeoutError: localhost:27017: [WinError 10061] No connection could be made because the target machine actively refused it, Timeout: 30s, Topology Description: <TopologyDescription id: 6a75e9d65f498b469edb3b52, topology_type: Single, servers: [<ServerDescription ('localhost', 27017) server_type: Unknown, rtt: None, error=AutoReconnect('localhost:27017: [WinError 10061] No connection could be made because the target machine actively refused it')>]>
--------------------------------------------------------------------------------
Exception on /api/delivery/orders/:
Traceback (most recent call last):
  File "e:\MealMate\backend\venv\lib\site-packages\django\core\handlers\base.py", line 181, in _get_response
    response = wrapped_callback(request, *callback_args, **callback_kwargs)
  File "e:\MealMate\backend\venv\lib\site-packages\django\views\decorators\csrf.py", line 54, in wrapped_view
    return view_func(*args, **kwargs)
  File "e:\MealMate\backend\venv\lib\site-packages\rest_framework\viewsets.py", line 125, in view
    return self.dispatch(request, *args, **kwargs)
  File "e:\MealMate\backend\venv\lib\site-packages\rest_framework\views.py", line 509, in dispatch
    response = self.handle_exception(exc)
  File "e:\MealMate\backend\venv\lib\site-packages\rest_framework\views.py", line 469, in handle_exception
    self.raise_uncaught_exception(exc)
  File "e:\MealMate\backend\venv\lib\site-packages\rest_framework\views.py", line 480, in raise_uncaught_exception
    raise exc
  File "e:\MealMate\backend\venv\lib\site-packages\rest_framework\views.py", line 506, in dispatch
    response = handler(request, *args, **kwargs)
  File "E:\MealMate\backend\core\api\delivery_api\views.py", line 28, in list
    for doc in orders_cursor:
  File "e:\MealMate\backend\venv\lib\site-packages\pymongo\cursor.py", line 1238, in next
    if len(self.__data) or self._refresh():
  File "e:\MealMate\backend\venv\lib\site-packages\pymongo\cursor.py", line 1130, in _refresh
    self.__session = self.__collection.database.client._ensure_session()
  File "e:\MealMate\backend\venv\lib\site-packages\pymongo\mongo_client.py", line 1935, in _ensure_session
    return self.__start_session(True, causal_consistency=False)
  File "e:\MealMate\backend\venv\lib\site-packages\pymongo\mongo_client.py", line 1883, in __start_session
    server_session = self._get_server_session()
  File "e:\MealMate\backend\venv\lib\site-packages\pymongo\mongo_client.py", line 1921, in _get_server_session
    return self._topology.get_server_session()
  File "e:\MealMate\backend\venv\lib\site-packages\pymongo\topology.py", line 520, in get_server_session
    session_timeout = self._check_session_support()
  File "e:\MealMate\backend\venv\lib\site-packages\pymongo\topology.py", line 499, in _check_session_support
    self._select_servers_loop(
  File "e:\MealMate\backend\venv\lib\site-packages\pymongo\topology.py", line 218, in _select_servers_loop
    raise ServerSelectionTimeoutError(
pymongo.errors.ServerSelectionTimeoutError: localhost:27017: [WinError 10061] No connection could be made because the target machine actively refused it, Timeout: 30s, Topology Description: <TopologyDescription id: 6a75ea0b5f498b469edb3b53, topology_type: Single, servers: [<ServerDescription ('localhost', 27017) server_type: Unknown, rtt: None, error=AutoReconnect('localhost:27017: [WinError 10061] No connection could be made because the target machine actively refused it')>]>
--------------------------------------------------------------------------------
Exception on /api/delivery/orders/:
Traceback (most recent call last):
  File "e:\MealMate\backend\venv\lib\site-packages\django\core\handlers\base.py", line 181, in _get_response
    response = wrapped_callback(request, *callback_args, **callback_kwargs)
  File "e:\MealMate\backend\venv\lib\site-packages\django\views\decorators\csrf.py", line 54, in wrapped_view
    return view_func(*args, **kwargs)
  File "e:\MealMate\backend\venv\lib\site-packages\rest_framework\viewsets.py", line 125, in view
    return self.dispatch(request, *args, **kwargs)
  File "e:\MealMate\backend\venv\lib\site-packages\rest_framework\views.py", line 509, in dispatch
    response = self.handle_exception(exc)
  File "e:\MealMate\backend\venv\lib\site-packages\rest_framework\views.py", line 469, in handle_exception
    self.raise_uncaught_exception(exc)
  File "e:\MealMate\backend\venv\lib\site-packages\rest_framework\views.py", line 480, in raise_uncaught_exception
    raise exc
  File "e:\MealMate\backend\venv\lib\site-packages\rest_framework\views.py", line 506, in dispatch
    response = handler(request, *args, **kwargs)
  File "E:\MealMate\backend\core\api\delivery_api\views.py", line 28, in list
    for doc in orders_cursor:
  File "e:\MealMate\backend\venv\lib\site-packages\pymongo\cursor.py", line 1238, in next
    if len(self.__data) or self._refresh():
  File "e:\MealMate\backend\venv\lib\site-packages\pymongo\cursor.py", line 1130, in _refresh
    self.__session = self.__collection.database.client._ensure_session()
  File "e:\MealMate\backend\venv\lib\site-packages\pymongo\mongo_client.py", line 1935, in _ensure_session
    return self.__start_session(True, causal_consistency=False)
  File "e:\MealMate\backend\venv\lib\site-packages\pymongo\mongo_client.py", line 1883, in __start_session
    server_session = self._get_server_session()
  File "e:\MealMate\backend\venv\lib\site-packages\pymongo\mongo_client.py", line 1921, in _get_server_session
    return self._topology.get_server_session()
  File "e:\MealMate\backend\venv\lib\site-packages\pymongo\topology.py", line 520, in get_server_session
    session_timeout = self._check_session_support()
  File "e:\MealMate\backend\venv\lib\site-packages\pymongo\topology.py", line 499, in _check_session_support
    self._select_servers_loop(
  File "e:\MealMate\backend\venv\lib\site-packages\pymongo\topology.py", line 218, in _select_servers_loop
    raise ServerSelectionTimeoutError(
pymongo.errors.ServerSelectionTimeoutError: localhost:27017: [WinError 10061] No connection could be made because the target machine actively refused it, Timeout: 30s, Topology Description: <TopologyDescription id: 6a75ea475f498b469edb3b54, topology_type: Single, servers: [<ServerDescription ('localhost', 27017) server_type: Unknown, rtt: None, error=AutoReconnect('localhost:27017: [WinError 10061] No connection could be made because the target machine actively refused it')>]>
--------------------------------------------------------------------------------
Exception on /api/delivery/orders/:
Traceback (most recent call last):
  File "e:\MealMate\backend\venv\lib\site-packages\django\core\handlers\base.py", line 181, in _get_response
    response = wrapped_callback(request, *callback_args, **callback_kwargs)
  File "e:\MealMate\backend\venv\lib\site-packages\django\views\decorators\csrf.py", line 54, in wrapped_view
    return view_func(*args, **kwargs)
  File "e:\MealMate\backend\venv\lib\site-packages\rest_framework\viewsets.py", line 125, in view
    return self.dispatch(request, *args, **kwargs)
  File "e:\MealMate\backend\venv\lib\site-packages\rest_framework\views.py", line 509, in dispatch
    response = self.handle_exception(exc)
  File "e:\MealMate\backend\venv\lib\site-packages\rest_framework\views.py", line 469, in handle_exception
    self.raise_uncaught_exception(exc)
  File "e:\MealMate\backend\venv\lib\site-packages\rest_framework\views.py", line 480, in raise_uncaught_exception
    raise exc
  File "e:\MealMate\backend\venv\lib\site-packages\rest_framework\views.py", line 506, in dispatch
    response = handler(request, *args, **kwargs)
  File "E:\MealMate\backend\core\api\delivery_api\views.py", line 28, in list
    for doc in orders_cursor:
  File "e:\MealMate\backend\venv\lib\site-packages\pymongo\cursor.py", line 1238, in next
    if len(self.__data) or self._refresh():
  File "e:\MealMate\backend\venv\lib\site-packages\pymongo\cursor.py", line 1130, in _refresh
    self.__session = self.__collection.database.client._ensure_session()
  File "e:\MealMate\backend\venv\lib\site-packages\pymongo\mongo_client.py", line 1935, in _ensure_session
    return self.__start_session(True, causal_consistency=False)
  File "e:\MealMate\backend\venv\lib\site-packages\pymongo\mongo_client.py", line 1883, in __start_session
    server_session = self._get_server_session()
  File "e:\MealMate\backend\venv\lib\site-packages\pymongo\mongo_client.py", line 1921, in _get_server_session
    return self._topology.get_server_session()
  File "e:\MealMate\backend\venv\lib\site-packages\pymongo\topology.py", line 520, in get_server_session
    session_timeout = self._check_session_support()
  File "e:\MealMate\backend\venv\lib\site-packages\pymongo\topology.py", line 499, in _check_session_support
    self._select_servers_loop(
  File "e:\MealMate\backend\venv\lib\site-packages\pymongo\topology.py", line 218, in _select_servers_loop
    raise ServerSelectionTimeoutError(
pymongo.errors.ServerSelectionTimeoutError: localhost:27017: [WinError 10061] No connection could be made because the target machine actively refused it, Timeout: 30s, Topology Description: <TopologyDescription id: 6a75ea835f498b469edb3b55, topology_type: Single, servers: [<ServerDescription ('localhost', 27017) server_type: Unknown, rtt: None, error=AutoReconnect('localhost:27017: [WinError 10061] No connection could be made because the target machine actively refused it')>]>
--------------------------------------------------------------------------------
Exception on /api/delivery/orders/:
Traceback (most recent call last):
  File "e:\MealMate\backend\venv\lib\site-packages\django\core\handlers\base.py", line 181, in _get_response
    response = wrapped_callback(request, *callback_args, **callback_kwargs)
  File "e:\MealMate\backend\venv\lib\site-packages\django\views\decorators\csrf.py", line 54, in wrapped_view
    return view_func(*args, **kwargs)
  File "e:\MealMate\backend\venv\lib\site-packages\rest_framework\viewsets.py", line 125, in view
    return self.dispatch(request, *args, **kwargs)
  File "e:\MealMate\backend\venv\lib\site-packages\rest_framework\views.py", line 509, in dispatch
    response = self.handle_exception(exc)
  File "e:\MealMate\backend\venv\lib\site-packages\rest_framework\views.py", line 469, in handle_exception
    self.raise_uncaught_exception(exc)
  File "e:\MealMate\backend\venv\lib\site-packages\rest_framework\views.py", line 480, in raise_uncaught_exception
    raise exc
  File "e:\MealMate\backend\venv\lib\site-packages\rest_framework\views.py", line 506, in dispatch
    response = handler(request, *args, **kwargs)
  File "E:\MealMate\backend\core\api\delivery_api\views.py", line 28, in list
    for doc in orders_cursor:
  File "e:\MealMate\backend\venv\lib\site-packages\pymongo\cursor.py", line 1238, in next
    if len(self.__data) or self._refresh():
  File "e:\MealMate\backend\venv\lib\site-packages\pymongo\cursor.py", line 1130, in _refresh
    self.__session = self.__collection.database.client._ensure_session()
  File "e:\MealMate\backend\venv\lib\site-packages\pymongo\mongo_client.py", line 1935, in _ensure_session
    return self.__start_session(True, causal_consistency=False)
  File "e:\MealMate\backend\venv\lib\site-packages\pymongo\mongo_client.py", line 1883, in __start_session
    server_session = self._get_server_session()
  File "e:\MealMate\backend\venv\lib\site-packages\pymongo\mongo_client.py", line 1921, in _get_server_session
    return self._topology.get_server_session()
  File "e:\MealMate\backend\venv\lib\site-packages\pymongo\topology.py", line 520, in get_server_session
    session_timeout = self._check_session_support()
  File "e:\MealMate\backend\venv\lib\site-packages\pymongo\topology.py", line 499, in _check_session_support
    self._select_servers_loop(
  File "e:\MealMate\backend\venv\lib\site-packages\pymongo\topology.py", line 218, in _select_servers_loop
    raise ServerSelectionTimeoutError(
pymongo.errors.ServerSelectionTimeoutError: localhost:27017: [WinError 10061] No connection could be made because the target machine actively refused it, Timeout: 30s, Topology Description: <TopologyDescription id: 6a75eabf5f498b469edb3b56, topology_type: Single, servers: [<ServerDescription ('localhost', 27017) server_type: Unknown, rtt: None, error=AutoReconnect('localhost:27017: [WinError 10061] No connection could be made because the target machine actively refused it')>]>
--------------------------------------------------------------------------------
Exception on /api/delivery/orders/:
Traceback (most recent call last):
  File "e:\MealMate\backend\venv\lib\site-packages\django\core\handlers\base.py", line 181, in _get_response
    response = wrapped_callback(request, *callback_args, **callback_kwargs)
  File "e:\MealMate\backend\venv\lib\site-packages\django\views\decorators\csrf.py", line 54, in wrapped_view
    return view_func(*args, **kwargs)
  File "e:\MealMate\backend\venv\lib\site-packages\rest_framework\viewsets.py", line 125, in view
    return self.dispatch(request, *args, **kwargs)
  File "e:\MealMate\backend\venv\lib\site-packages\rest_framework\views.py", line 509, in dispatch
    response = self.handle_exception(exc)
  File "e:\MealMate\backend\venv\lib\site-packages\rest_framework\views.py", line 469, in handle_exception
    self.raise_uncaught_exception(exc)
  File "e:\MealMate\backend\venv\lib\site-packages\rest_framework\views.py", line 480, in raise_uncaught_exception
    raise exc
  File "e:\MealMate\backend\venv\lib\site-packages\rest_framework\views.py", line 506, in dispatch
    response = handler(request, *args, **kwargs)
  File "E:\MealMate\backend\core\api\delivery_api\views.py", line 28, in list
    for doc in orders_cursor:
  File "e:\MealMate\backend\venv\lib\site-packages\pymongo\cursor.py", line 1238, in next
    if len(self.__data) or self._refresh():
  File "e:\MealMate\backend\venv\lib\site-packages\pymongo\cursor.py", line 1130, in _refresh
    self.__session = self.__collection.database.client._ensure_session()
  File "e:\MealMate\backend\venv\lib\site-packages\pymongo\mongo_client.py", line 1935, in _ensure_session
    return self.__start_session(True, causal_consistency=False)
  File "e:\MealMate\backend\venv\lib\site-packages\pymongo\mongo_client.py", line 1883, in __start_session
    server_session = self._get_server_session()
  File "e:\MealMate\backend\venv\lib\site-packages\pymongo\mongo_client.py", line 1921, in _get_server_session
    return self._topology.get_server_session()
  File "e:\MealMate\backend\venv\lib\site-packages\pymongo\topology.py", line 520, in get_server_session
    session_timeout = self._check_session_support()
  File "e:\MealMate\backend\venv\lib\site-packages\pymongo\topology.py", line 499, in _check_session_support
    self._select_servers_loop(
  File "e:\MealMate\backend\venv\lib\site-packages\pymongo\topology.py", line 218, in _select_servers_loop
    raise ServerSelectionTimeoutError(
pymongo.errors.ServerSelectionTimeoutError: localhost:27017: [WinError 10061] No connection could be made because the target machine actively refused it, Timeout: 30s, Topology Description: <TopologyDescription id: 6a75eafb5f498b469edb3b57, topology_type: Single, servers: [<ServerDescription ('localhost', 27017) server_type: Unknown, rtt: None, error=AutoReconnect('localhost:27017: [WinError 10061] No connection could be made because the target machine actively refused it')>]>
--------------------------------------------------------------------------------
Exception on /api/delivery/orders/:
Traceback (most recent call last):
  File "e:\MealMate\backend\venv\lib\site-packages\django\core\handlers\base.py", line 181, in _get_response
    response = wrapped_callback(request, *callback_args, **callback_kwargs)
  File "e:\MealMate\backend\venv\lib\site-packages\django\views\decorators\csrf.py", line 54, in wrapped_view
    return view_func(*args, **kwargs)
  File "e:\MealMate\backend\venv\lib\site-packages\rest_framework\viewsets.py", line 125, in view
    return self.dispatch(request, *args, **kwargs)
  File "e:\MealMate\backend\venv\lib\site-packages\rest_framework\views.py", line 509, in dispatch
    response = self.handle_exception(exc)
  File "e:\MealMate\backend\venv\lib\site-packages\rest_framework\views.py", line 469, in handle_exception
    self.raise_uncaught_exception(exc)
  File "e:\MealMate\backend\venv\lib\site-packages\rest_framework\views.py", line 480, in raise_uncaught_exception
    raise exc
  File "e:\MealMate\backend\venv\lib\site-packages\rest_framework\views.py", line 506, in dispatch
    response = handler(request, *args, **kwargs)
  File "E:\MealMate\backend\core\api\delivery_api\views.py", line 28, in list
    for doc in orders_cursor:
  File "e:\MealMate\backend\venv\lib\site-packages\pymongo\cursor.py", line 1238, in next
    if len(self.__data) or self._refresh():
  File "e:\MealMate\backend\venv\lib\site-packages\pymongo\cursor.py", line 1130, in _refresh
    self.__session = self.__collection.database.client._ensure_session()
  File "e:\MealMate\backend\venv\lib\site-packages\pymongo\mongo_client.py", line 1935, in _ensure_session
    return self.__start_session(True, causal_consistency=False)
  File "e:\MealMate\backend\venv\lib\site-packages\pymongo\mongo_client.py", line 1883, in __start_session
    server_session = self._get_server_session()
  File "e:\MealMate\backend\venv\lib\site-packages\pymongo\mongo_client.py", line 1921, in _get_server_session
    return self._topology.get_server_session()
  File "e:\MealMate\backend\venv\lib\site-packages\pymongo\topology.py", line 520, in get_server_session
    session_timeout = self._check_session_support()
  File "e:\MealMate\backend\venv\lib\site-packages\pymongo\topology.py", line 499, in _check_session_support
    self._select_servers_loop(
  File "e:\MealMate\backend\venv\lib\site-packages\pymongo\topology.py", line 218, in _select_servers_loop
    raise ServerSelectionTimeoutError(
pymongo.errors.ServerSelectionTimeoutError: localhost:27017: [WinError 10061] No connection could be made because the target machine actively refused it, Timeout: 30s, Topology Description: <TopologyDescription id: 6a75eb375f498b469edb3b58, topology_type: Single, servers: [<ServerDescription ('localhost', 27017) server_type: Unknown, rtt: None, error=AutoReconnect('localhost:27017: [WinError 10061] No connection could be made because the target machine actively refused it')>]>
--------------------------------------------------------------------------------
Exception on /api/delivery/orders/:
Traceback (most recent call last):
  File "e:\MealMate\backend\venv\lib\site-packages\django\core\handlers\base.py", line 181, in _get_response
    response = wrapped_callback(request, *callback_args, **callback_kwargs)
  File "e:\MealMate\backend\venv\lib\site-packages\django\views\decorators\csrf.py", line 54, in wrapped_view
    return view_func(*args, **kwargs)
  File "e:\MealMate\backend\venv\lib\site-packages\rest_framework\viewsets.py", line 125, in view
    return self.dispatch(request, *args, **kwargs)
  File "e:\MealMate\backend\venv\lib\site-packages\rest_framework\views.py", line 509, in dispatch
    response = self.handle_exception(exc)
  File "e:\MealMate\backend\venv\lib\site-packages\rest_framework\views.py", line 469, in handle_exception
    self.raise_uncaught_exception(exc)
  File "e:\MealMate\backend\venv\lib\site-packages\rest_framework\views.py", line 480, in raise_uncaught_exception
    raise exc
  File "e:\MealMate\backend\venv\lib\site-packages\rest_framework\views.py", line 506, in dispatch
    response = handler(request, *args, **kwargs)
  File "E:\MealMate\backend\core\api\delivery_api\views.py", line 28, in list
    for doc in orders_cursor:
  File "e:\MealMate\backend\venv\lib\site-packages\pymongo\cursor.py", line 1238, in next
    if len(self.__data) or self._refresh():
  File "e:\MealMate\backend\venv\lib\site-packages\pymongo\cursor.py", line 1130, in _refresh
    self.__session = self.__collection.database.client._ensure_session()
  File "e:\MealMate\backend\venv\lib\site-packages\pymongo\mongo_client.py", line 1935, in _ensure_session
    return self.__start_session(True, causal_consistency=False)
  File "e:\MealMate\backend\venv\lib\site-packages\pymongo\mongo_client.py", line 1883, in __start_session
    server_session = self._get_server_session()
  File "e:\MealMate\backend\venv\lib\site-packages\pymongo\mongo_client.py", line 1921, in _get_server_session
    return self._topology.get_server_session()
  File "e:\MealMate\backend\venv\lib\site-packages\pymongo\topology.py", line 520, in get_server_session
    session_timeout = self._check_session_support()
  File "e:\MealMate\backend\venv\lib\site-packages\pymongo\topology.py", line 499, in _check_session_support
    self._select_servers_loop(
  File "e:\MealMate\backend\venv\lib\site-packages\pymongo\topology.py", line 218, in _select_servers_loop
    raise ServerSelectionTimeoutError(
pymongo.errors.ServerSelectionTimeoutError: localhost:27017: [WinError 10061] No connection could be made because the target machine actively refused it, Timeout: 30s, Topology Description: <TopologyDescription id: 6a75eb735f498b469edb3b59, topology_type: Single, servers: [<ServerDescription ('localhost', 27017) server_type: Unknown, rtt: None, error=AutoReconnect('localhost:27017: [WinError 10061] No connection could be made because the target machine actively refused it')>]>
--------------------------------------------------------------------------------
Exception on /api/delivery/orders/:
Traceback (most recent call last):
  File "e:\MealMate\backend\venv\lib\site-packages\django\core\handlers\base.py", line 181, in _get_response
    response = wrapped_callback(request, *callback_args, **callback_kwargs)
  File "e:\MealMate\backend\venv\lib\site-packages\django\views\decorators\csrf.py", line 54, in wrapped_view
    return view_func(*args, **kwargs)
  File "e:\MealMate\backend\venv\lib\site-packages\rest_framework\viewsets.py", line 125, in view
    return self.dispatch(request, *args, **kwargs)
  File "e:\MealMate\backend\venv\lib\site-packages\rest_framework\views.py", line 509, in dispatch
    response = self.handle_exception(exc)
  File "e:\MealMate\backend\venv\lib\site-packages\rest_framework\views.py", line 469, in handle_exception
    self.raise_uncaught_exception(exc)
  File "e:\MealMate\backend\venv\lib\site-packages\rest_framework\views.py", line 480, in raise_uncaught_exception
    raise exc
  File "e:\MealMate\backend\venv\lib\site-packages\rest_framework\views.py", line 506, in dispatch
    response = handler(request, *args, **kwargs)
  File "E:\MealMate\backend\core\api\delivery_api\views.py", line 28, in list
    for doc in orders_cursor:
  File "e:\MealMate\backend\venv\lib\site-packages\pymongo\cursor.py", line 1238, in next
    if len(self.__data) or self._refresh():
  File "e:\MealMate\backend\venv\lib\site-packages\pymongo\cursor.py", line 1130, in _refresh
    self.__session = self.__collection.database.client._ensure_session()
  File "e:\MealMate\backend\venv\lib\site-packages\pymongo\mongo_client.py", line 1935, in _ensure_session
    return self.__start_session(True, causal_consistency=False)
  File "e:\MealMate\backend\venv\lib\site-packages\pymongo\mongo_client.py", line 1883, in __start_session
    server_session = self._get_server_session()
  File "e:\MealMate\backend\venv\lib\site-packages\pymongo\mongo_client.py", line 1921, in _get_server_session
    return self._topology.get_server_session()
  File "e:\MealMate\backend\venv\lib\site-packages\pymongo\topology.py", line 520, in get_server_session
    session_timeout = self._check_session_support()
  File "e:\MealMate\backend\venv\lib\site-packages\pymongo\topology.py", line 499, in _check_session_support
    self._select_servers_loop(
  File "e:\MealMate\backend\venv\lib\site-packages\pymongo\topology.py", line 218, in _select_servers_loop
    raise ServerSelectionTimeoutError(
pymongo.errors.ServerSelectionTimeoutError: localhost:27017: [WinError 10061] No connection could be made because the target machine actively refused it, Timeout: 30s, Topology Description: <TopologyDescription id: 6a75ebaf5f498b469edb3b5a, topology_type: Single, servers: [<ServerDescription ('localhost', 27017) server_type: Unknown, rtt: None, error=AutoReconnect('localhost:27017: [WinError 10061] No connection could be made because the target machine actively refused it')>]>
--------------------------------------------------------------------------------
Exception on /api/delivery/orders/:
Traceback (most recent call last):
  File "e:\MealMate\backend\venv\lib\site-packages\django\core\handlers\base.py", line 181, in _get_response
    response = wrapped_callback(request, *callback_args, **callback_kwargs)
  File "e:\MealMate\backend\venv\lib\site-packages\django\views\decorators\csrf.py", line 54, in wrapped_view
    return view_func(*args, **kwargs)
  File "e:\MealMate\backend\venv\lib\site-packages\rest_framework\viewsets.py", line 125, in view
    return self.dispatch(request, *args, **kwargs)
  File "e:\MealMate\backend\venv\lib\site-packages\rest_framework\views.py", line 509, in dispatch
    response = self.handle_exception(exc)
  File "e:\MealMate\backend\venv\lib\site-packages\rest_framework\views.py", line 469, in handle_exception
    self.raise_uncaught_exception(exc)
  File "e:\MealMate\backend\venv\lib\site-packages\rest_framework\views.py", line 480, in raise_uncaught_exception
    raise exc
  File "e:\MealMate\backend\venv\lib\site-packages\rest_framework\views.py", line 506, in dispatch
    response = handler(request, *args, **kwargs)
  File "E:\MealMate\backend\core\api\delivery_api\views.py", line 28, in list
    for doc in orders_cursor:
  File "e:\MealMate\backend\venv\lib\site-packages\pymongo\cursor.py", line 1238, in next
    if len(self.__data) or self._refresh():
  File "e:\MealMate\backend\venv\lib\site-packages\pymongo\cursor.py", line 1130, in _refresh
    self.__session = self.__collection.database.client._ensure_session()
  File "e:\MealMate\backend\venv\lib\site-packages\pymongo\mongo_client.py", line 1935, in _ensure_session
    return self.__start_session(True, causal_consistency=False)
  File "e:\MealMate\backend\venv\lib\site-packages\pymongo\mongo_client.py", line 1883, in __start_session
    server_session = self._get_server_session()
  File "e:\MealMate\backend\venv\lib\site-packages\pymongo\mongo_client.py", line 1921, in _get_server_session
    return self._topology.get_server_session()
  File "e:\MealMate\backend\venv\lib\site-packages\pymongo\topology.py", line 520, in get_server_session
    session_timeout = self._check_session_support()
  File "e:\MealMate\backend\venv\lib\site-packages\pymongo\topology.py", line 499, in _check_session_support
    self._select_servers_loop(
  File "e:\MealMate\backend\venv\lib\site-packages\pymongo\topology.py", line 218, in _select_servers_loop
    raise ServerSelectionTimeoutError(
pymongo.errors.ServerSelectionTimeoutError: localhost:27017: [WinError 10061] No connection could be made because the target machine actively refused it, Timeout: 30s, Topology Description: <TopologyDescription id: 6a75ebeb5f498b469edb3b5b, topology_type: Single, servers: [<ServerDescription ('localhost', 27017) server_type: Unknown, rtt: None, error=AutoReconnect('localhost:27017: [WinError 10061] No connection could be made because the target machine actively refused it')>]>
--------------------------------------------------------------------------------
Exception on /api/delivery/orders/:
Traceback (most recent call last):
  File "e:\MealMate\backend\venv\lib\site-packages\django\core\handlers\base.py", line 181, in _get_response
    response = wrapped_callback(request, *callback_args, **callback_kwargs)
  File "e:\MealMate\backend\venv\lib\site-packages\django\views\decorators\csrf.py", line 54, in wrapped_view
    return view_func(*args, **kwargs)
  File "e:\MealMate\backend\venv\lib\site-packages\rest_framework\viewsets.py", line 125, in view
    return self.dispatch(request, *args, **kwargs)
  File "e:\MealMate\backend\venv\lib\site-packages\rest_framework\views.py", line 509, in dispatch
    response = self.handle_exception(exc)
  File "e:\MealMate\backend\venv\lib\site-packages\rest_framework\views.py", line 469, in handle_exception
    self.raise_uncaught_exception(exc)
  File "e:\MealMate\backend\venv\lib\site-packages\rest_framework\views.py", line 480, in raise_uncaught_exception
    raise exc
  File "e:\MealMate\backend\venv\lib\site-packages\rest_framework\views.py", line 506, in dispatch
    response = handler(request, *args, **kwargs)
  File "E:\MealMate\backend\core\api\delivery_api\views.py", line 28, in list
    for doc in orders_cursor:
  File "e:\MealMate\backend\venv\lib\site-packages\pymongo\cursor.py", line 1238, in next
    if len(self.__data) or self._refresh():
  File "e:\MealMate\backend\venv\lib\site-packages\pymongo\cursor.py", line 1130, in _refresh
    self.__session = self.__collection.database.client._ensure_session()
  File "e:\MealMate\backend\venv\lib\site-packages\pymongo\mongo_client.py", line 1935, in _ensure_session
    return self.__start_session(True, causal_consistency=False)
  File "e:\MealMate\backend\venv\lib\site-packages\pymongo\mongo_client.py", line 1883, in __start_session
    server_session = self._get_server_session()
  File "e:\MealMate\backend\venv\lib\site-packages\pymongo\mongo_client.py", line 1921, in _get_server_session
    return self._topology.get_server_session()
  File "e:\MealMate\backend\venv\lib\site-packages\pymongo\topology.py", line 520, in get_server_session
    session_timeout = self._check_session_support()
  File "e:\MealMate\backend\venv\lib\site-packages\pymongo\topology.py", line 499, in _check_session_support
    self._select_servers_loop(
  File "e:\MealMate\backend\venv\lib\site-packages\pymongo\topology.py", line 218, in _select_servers_loop
    raise ServerSelectionTimeoutError(
pymongo.errors.ServerSelectionTimeoutError: localhost:27017: [WinError 10061] No connection could be made because the target machine actively refused it, Timeout: 30s, Topology Description: <TopologyDescription id: 6a75ec275f498b469edb3b5c, topology_type: Single, servers: [<ServerDescription ('localhost', 27017) server_type: Unknown, rtt: None, error=AutoReconnect('localhost:27017: [WinError 10061] No connection could be made because the target machine actively refused it')>]>
--------------------------------------------------------------------------------
Exception on /api/delivery/orders/:
Traceback (most recent call last):
  File "e:\MealMate\backend\venv\lib\site-packages\django\core\handlers\base.py", line 181, in _get_response
    response = wrapped_callback(request, *callback_args, **callback_kwargs)
  File "e:\MealMate\backend\venv\lib\site-packages\django\views\decorators\csrf.py", line 54, in wrapped_view
    return view_func(*args, **kwargs)
  File "e:\MealMate\backend\venv\lib\site-packages\rest_framework\viewsets.py", line 125, in view
    return self.dispatch(request, *args, **kwargs)
  File "e:\MealMate\backend\venv\lib\site-packages\rest_framework\views.py", line 509, in dispatch
    response = self.handle_exception(exc)
  File "e:\MealMate\backend\venv\lib\site-packages\rest_framework\views.py", line 469, in handle_exception
    self.raise_uncaught_exception(exc)
  File "e:\MealMate\backend\venv\lib\site-packages\rest_framework\views.py", line 480, in raise_uncaught_exception
    raise exc
  File "e:\MealMate\backend\venv\lib\site-packages\rest_framework\views.py", line 506, in dispatch
    response = handler(request, *args, **kwargs)
  File "E:\MealMate\backend\core\api\delivery_api\views.py", line 28, in list
    for doc in orders_cursor:
  File "e:\MealMate\backend\venv\lib\site-packages\pymongo\cursor.py", line 1238, in next
    if len(self.__data) or self._refresh():
  File "e:\MealMate\backend\venv\lib\site-packages\pymongo\cursor.py", line 1130, in _refresh
    self.__session = self.__collection.database.client._ensure_session()
  File "e:\MealMate\backend\venv\lib\site-packages\pymongo\mongo_client.py", line 1935, in _ensure_session
    return self.__start_session(True, causal_consistency=False)
  File "e:\MealMate\backend\venv\lib\site-packages\pymongo\mongo_client.py", line 1883, in __start_session
    server_session = self._get_server_session()
  File "e:\MealMate\backend\venv\lib\site-packages\pymongo\mongo_client.py", line 1921, in _get_server_session
    return self._topology.get_server_session()
  File "e:\MealMate\backend\venv\lib\site-packages\pymongo\topology.py", line 520, in get_server_session
    session_timeout = self._check_session_support()
  File "e:\MealMate\backend\venv\lib\site-packages\pymongo\topology.py", line 499, in _check_session_support
    self._select_servers_loop(
  File "e:\MealMate\backend\venv\lib\site-packages\pymongo\topology.py", line 218, in _select_servers_loop
    raise ServerSelectionTimeoutError(
pymongo.errors.ServerSelectionTimeoutError: localhost:27017: [WinError 10061] No connection could be made because the target machine actively refused it, Timeout: 30s, Topology Description: <TopologyDescription id: 6a75ec635f498b469edb3b5d, topology_type: Single, servers: [<ServerDescription ('localhost', 27017) server_type: Unknown, rtt: None, error=AutoReconnect('localhost:27017: [WinError 10061] No connection could be made because the target machine actively refused it')>]>
--------------------------------------------------------------------------------
Exception on /api/delivery/orders/:
Traceback (most recent call last):
  File "e:\MealMate\backend\venv\lib\site-packages\django\core\handlers\base.py", line 181, in _get_response
    response = wrapped_callback(request, *callback_args, **callback_kwargs)
  File "e:\MealMate\backend\venv\lib\site-packages\django\views\decorators\csrf.py", line 54, in wrapped_view
    return view_func(*args, **kwargs)
  File "e:\MealMate\backend\venv\lib\site-packages\rest_framework\viewsets.py", line 125, in view
    return self.dispatch(request, *args, **kwargs)
  File "e:\MealMate\backend\venv\lib\site-packages\rest_framework\views.py", line 509, in dispatch
    response = self.handle_exception(exc)
  File "e:\MealMate\backend\venv\lib\site-packages\rest_framework\views.py", line 469, in handle_exception
    self.raise_uncaught_exception(exc)
  File "e:\MealMate\backend\venv\lib\site-packages\rest_framework\views.py", line 480, in raise_uncaught_exception
    raise exc
  File "e:\MealMate\backend\venv\lib\site-packages\rest_framework\views.py", line 506, in dispatch
    response = handler(request, *args, **kwargs)
  File "E:\MealMate\backend\core\api\delivery_api\views.py", line 28, in list
    for doc in orders_cursor:
  File "e:\MealMate\backend\venv\lib\site-packages\pymongo\cursor.py", line 1238, in next
    if len(self.__data) or self._refresh():
  File "e:\MealMate\backend\venv\lib\site-packages\pymongo\cursor.py", line 1130, in _refresh
    self.__session = self.__collection.database.client._ensure_session()
  File "e:\MealMate\backend\venv\lib\site-packages\pymongo\mongo_client.py", line 1935, in _ensure_session
    return self.__start_session(True, causal_consistency=False)
  File "e:\MealMate\backend\venv\lib\site-packages\pymongo\mongo_client.py", line 1883, in __start_session
    server_session = self._get_server_session()
  File "e:\MealMate\backend\venv\lib\site-packages\pymongo\mongo_client.py", line 1921, in _get_server_session
    return self._topology.get_server_session()
  File "e:\MealMate\backend\venv\lib\site-packages\pymongo\topology.py", line 520, in get_server_session
    session_timeout = self._check_session_support()
  File "e:\MealMate\backend\venv\lib\site-packages\pymongo\topology.py", line 499, in _check_session_support
    self._select_servers_loop(
  File "e:\MealMate\backend\venv\lib\site-packages\pymongo\topology.py", line 218, in _select_servers_loop
    raise ServerSelectionTimeoutError(
pymongo.errors.ServerSelectionTimeoutError: localhost:27017: [WinError 10061] No connection could be made because the target machine actively refused it, Timeout: 30s, Topology Description: <TopologyDescription id: 6a75ec9f5f498b469edb3b5e, topology_type: Single, servers: [<ServerDescription ('localhost', 27017) server_type: Unknown, rtt: None, error=AutoReconnect('localhost:27017: [WinError 10061] No connection could be made because the target machine actively refused it')>]>
--------------------------------------------------------------------------------
Exception on /api/delivery/orders/:
Traceback (most recent call last):
  File "e:\MealMate\backend\venv\lib\site-packages\django\core\handlers\base.py", line 181, in _get_response
    response = wrapped_callback(request, *callback_args, **callback_kwargs)
  File "e:\MealMate\backend\venv\lib\site-packages\django\views\decorators\csrf.py", line 54, in wrapped_view
    return view_func(*args, **kwargs)
  File "e:\MealMate\backend\venv\lib\site-packages\rest_framework\viewsets.py", line 125, in view
    return self.dispatch(request, *args, **kwargs)
  File "e:\MealMate\backend\venv\lib\site-packages\rest_framework\views.py", line 509, in dispatch
    response = self.handle_exception(exc)
  File "e:\MealMate\backend\venv\lib\site-packages\rest_framework\views.py", line 469, in handle_exception
    self.raise_uncaught_exception(exc)
  File "e:\MealMate\backend\venv\lib\site-packages\rest_framework\views.py", line 480, in raise_uncaught_exception
    raise exc
  File "e:\MealMate\backend\venv\lib\site-packages\rest_framework\views.py", line 506, in dispatch
    response = handler(request, *args, **kwargs)
  File "E:\MealMate\backend\core\api\delivery_api\views.py", line 28, in list
    for doc in orders_cursor:
  File "e:\MealMate\backend\venv\lib\site-packages\pymongo\cursor.py", line 1238, in next
    if len(self.__data) or self._refresh():
  File "e:\MealMate\backend\venv\lib\site-packages\pymongo\cursor.py", line 1130, in _refresh
    self.__session = self.__collection.database.client._ensure_session()
  File "e:\MealMate\backend\venv\lib\site-packages\pymongo\mongo_client.py", line 1935, in _ensure_session
    return self.__start_session(True, causal_consistency=False)
  File "e:\MealMate\backend\venv\lib\site-packages\pymongo\mongo_client.py", line 1883, in __start_session
    server_session = self._get_server_session()
  File "e:\MealMate\backend\venv\lib\site-packages\pymongo\mongo_client.py", line 1921, in _get_server_session
    return self._topology.get_server_session()
  File "e:\MealMate\backend\venv\lib\site-packages\pymongo\topology.py", line 520, in get_server_session
    session_timeout = self._check_session_support()
  File "e:\MealMate\backend\venv\lib\site-packages\pymongo\topology.py", line 499, in _check_session_support
    self._select_servers_loop(
  File "e:\MealMate\backend\venv\lib\site-packages\pymongo\topology.py", line 218, in _select_servers_loop
    raise ServerSelectionTimeoutError(
pymongo.errors.ServerSelectionTimeoutError: localhost:27017: [WinError 10061] No connection could be made because the target machine actively refused it, Timeout: 30s, Topology Description: <TopologyDescription id: 6a75ecdb5f498b469edb3b5f, topology_type: Single, servers: [<ServerDescription ('localhost', 27017) server_type: Unknown, rtt: None, error=AutoReconnect('localhost:27017: [WinError 10061] No connection could be made because the target machine actively refused it')>]>
--------------------------------------------------------------------------------
Exception on /api/delivery/orders/:
Traceback (most recent call last):
  File "e:\MealMate\backend\venv\lib\site-packages\django\core\handlers\base.py", line 181, in _get_response
    response = wrapped_callback(request, *callback_args, **callback_kwargs)
  File "e:\MealMate\backend\venv\lib\site-packages\django\views\decorators\csrf.py", line 54, in wrapped_view
    return view_func(*args, **kwargs)
  File "e:\MealMate\backend\venv\lib\site-packages\rest_framework\viewsets.py", line 125, in view
    return self.dispatch(request, *args, **kwargs)
  File "e:\MealMate\backend\venv\lib\site-packages\rest_framework\views.py", line 509, in dispatch
    response = self.handle_exception(exc)
  File "e:\MealMate\backend\venv\lib\site-packages\rest_framework\views.py", line 469, in handle_exception
    self.raise_uncaught_exception(exc)
  File "e:\MealMate\backend\venv\lib\site-packages\rest_framework\views.py", line 480, in raise_uncaught_exception
    raise exc
  File "e:\MealMate\backend\venv\lib\site-packages\rest_framework\views.py", line 506, in dispatch
    response = handler(request, *args, **kwargs)
  File "E:\MealMate\backend\core\api\delivery_api\views.py", line 28, in list
    for doc in orders_cursor:
  File "e:\MealMate\backend\venv\lib\site-packages\pymongo\cursor.py", line 1238, in next
    if len(self.__data) or self._refresh():
  File "e:\MealMate\backend\venv\lib\site-packages\pymongo\cursor.py", line 1130, in _refresh
    self.__session = self.__collection.database.client._ensure_session()
  File "e:\MealMate\backend\venv\lib\site-packages\pymongo\mongo_client.py", line 1935, in _ensure_session
    return self.__start_session(True, causal_consistency=False)
  File "e:\MealMate\backend\venv\lib\site-packages\pymongo\mongo_client.py", line 1883, in __start_session
    server_session = self._get_server_session()
  File "e:\MealMate\backend\venv\lib\site-packages\pymongo\mongo_client.py", line 1921, in _get_server_session
    return self._topology.get_server_session()
  File "e:\MealMate\backend\venv\lib\site-packages\pymongo\topology.py", line 520, in get_server_session
    session_timeout = self._check_session_support()
  File "e:\MealMate\backend\venv\lib\site-packages\pymongo\topology.py", line 499, in _check_session_support
    self._select_servers_loop(
  File "e:\MealMate\backend\venv\lib\site-packages\pymongo\topology.py", line 218, in _select_servers_loop
    raise ServerSelectionTimeoutError(
pymongo.errors.ServerSelectionTimeoutError: localhost:27017: [WinError 10061] No connection could be made because the target machine actively refused it, Timeout: 30s, Topology Description: <TopologyDescription id: 6a75ed175f498b469edb3b60, topology_type: Single, servers: [<ServerDescription ('localhost', 27017) server_type: Unknown, rtt: None, error=AutoReconnect('localhost:27017: [WinError 10061] No connection could be made because the target machine actively refused it')>]>
--------------------------------------------------------------------------------
Exception on /api/delivery/orders/:
Traceback (most recent call last):
  File "e:\MealMate\backend\venv\lib\site-packages\django\core\handlers\base.py", line 181, in _get_response
    response = wrapped_callback(request, *callback_args, **callback_kwargs)
  File "e:\MealMate\backend\venv\lib\site-packages\django\views\decorators\csrf.py", line 54, in wrapped_view
    return view_func(*args, **kwargs)
  File "e:\MealMate\backend\venv\lib\site-packages\rest_framework\viewsets.py", line 125, in view
    return self.dispatch(request, *args, **kwargs)
  File "e:\MealMate\backend\venv\lib\site-packages\rest_framework\views.py", line 509, in dispatch
    response = self.handle_exception(exc)
  File "e:\MealMate\backend\venv\lib\site-packages\rest_framework\views.py", line 469, in handle_exception
    self.raise_uncaught_exception(exc)
  File "e:\MealMate\backend\venv\lib\site-packages\rest_framework\views.py", line 480, in raise_uncaught_exception
    raise exc
  File "e:\MealMate\backend\venv\lib\site-packages\rest_framework\views.py", line 506, in dispatch
    response = handler(request, *args, **kwargs)
  File "E:\MealMate\backend\core\api\delivery_api\views.py", line 28, in list
    for doc in orders_cursor:
  File "e:\MealMate\backend\venv\lib\site-packages\pymongo\cursor.py", line 1238, in next
    if len(self.__data) or self._refresh():
  File "e:\MealMate\backend\venv\lib\site-packages\pymongo\cursor.py", line 1130, in _refresh
    self.__session = self.__collection.database.client._ensure_session()
  File "e:\MealMate\backend\venv\lib\site-packages\pymongo\mongo_client.py", line 1935, in _ensure_session
    return self.__start_session(True, causal_consistency=False)
  File "e:\MealMate\backend\venv\lib\site-packages\pymongo\mongo_client.py", line 1883, in __start_session
    server_session = self._get_server_session()
  File "e:\MealMate\backend\venv\lib\site-packages\pymongo\mongo_client.py", line 1921, in _get_server_session
    return self._topology.get_server_session()
  File "e:\MealMate\backend\venv\lib\site-packages\pymongo\topology.py", line 520, in get_server_session
    session_timeout = self._check_session_support()
  File "e:\MealMate\backend\venv\lib\site-packages\pymongo\topology.py", line 499, in _check_session_support
    self._select_servers_loop(
  File "e:\MealMate\backend\venv\lib\site-packages\pymongo\topology.py", line 218, in _select_servers_loop
    raise ServerSelectionTimeoutError(
pymongo.errors.ServerSelectionTimeoutError: localhost:27017: [WinError 10061] No connection could be made because the target machine actively refused it, Timeout: 30s, Topology Description: <TopologyDescription id: 6a75ed535f498b469edb3b61, topology_type: Single, servers: [<ServerDescription ('localhost', 27017) server_type: Unknown, rtt: None, error=AutoReconnect('localhost:27017: [WinError 10061] No connection could be made because the target machine actively refused it')>]>
--------------------------------------------------------------------------------
Exception on /api/delivery/orders/:
Traceback (most recent call last):
  File "e:\MealMate\backend\venv\lib\site-packages\django\core\handlers\base.py", line 181, in _get_response
    response = wrapped_callback(request, *callback_args, **callback_kwargs)
  File "e:\MealMate\backend\venv\lib\site-packages\django\views\decorators\csrf.py", line 54, in wrapped_view
    return view_func(*args, **kwargs)
  File "e:\MealMate\backend\venv\lib\site-packages\rest_framework\viewsets.py", line 125, in view
    return self.dispatch(request, *args, **kwargs)
  File "e:\MealMate\backend\venv\lib\site-packages\rest_framework\views.py", line 509, in dispatch
    response = self.handle_exception(exc)
  File "e:\MealMate\backend\venv\lib\site-packages\rest_framework\views.py", line 469, in handle_exception
    self.raise_uncaught_exception(exc)
  File "e:\MealMate\backend\venv\lib\site-packages\rest_framework\views.py", line 480, in raise_uncaught_exception
    raise exc
  File "e:\MealMate\backend\venv\lib\site-packages\rest_framework\views.py", line 506, in dispatch
    response = handler(request, *args, **kwargs)
  File "E:\MealMate\backend\core\api\delivery_api\views.py", line 28, in list
    for doc in orders_cursor:
  File "e:\MealMate\backend\venv\lib\site-packages\pymongo\cursor.py", line 1238, in next
    if len(self.__data) or self._refresh():
  File "e:\MealMate\backend\venv\lib\site-packages\pymongo\cursor.py", line 1130, in _refresh
    self.__session = self.__collection.database.client._ensure_session()
  File "e:\MealMate\backend\venv\lib\site-packages\pymongo\mongo_client.py", line 1935, in _ensure_session
    return self.__start_session(True, causal_consistency=False)
  File "e:\MealMate\backend\venv\lib\site-packages\pymongo\mongo_client.py", line 1883, in __start_session
    server_session = self._get_server_session()
  File "e:\MealMate\backend\venv\lib\site-packages\pymongo\mongo_client.py", line 1921, in _get_server_session
    return self._topology.get_server_session()
  File "e:\MealMate\backend\venv\lib\site-packages\pymongo\topology.py", line 520, in get_server_session
    session_timeout = self._check_session_support()
  File "e:\MealMate\backend\venv\lib\site-packages\pymongo\topology.py", line 499, in _check_session_support
    self._select_servers_loop(
  File "e:\MealMate\backend\venv\lib\site-packages\pymongo\topology.py", line 218, in _select_servers_loop
    raise ServerSelectionTimeoutError(
pymongo.errors.ServerSelectionTimeoutError: localhost:27017: [WinError 10061] No connection could be made because the target machine actively refused it, Timeout: 30s, Topology Description: <TopologyDescription id: 6a75ed8f5f498b469edb3b62, topology_type: Single, servers: [<ServerDescription ('localhost', 27017) server_type: Unknown, rtt: None, error=AutoReconnect('localhost:27017: [WinError 10061] No connection could be made because the target machine actively refused it')>]>
--------------------------------------------------------------------------------
Exception on /api/delivery/orders/:
Traceback (most recent call last):
  File "e:\MealMate\backend\venv\lib\site-packages\django\core\handlers\base.py", line 181, in _get_response
    response = wrapped_callback(request, *callback_args, **callback_kwargs)
  File "e:\MealMate\backend\venv\lib\site-packages\django\views\decorators\csrf.py", line 54, in wrapped_view
    return view_func(*args, **kwargs)
  File "e:\MealMate\backend\venv\lib\site-packages\rest_framework\viewsets.py", line 125, in view
    return self.dispatch(request, *args, **kwargs)
  File "e:\MealMate\backend\venv\lib\site-packages\rest_framework\views.py", line 509, in dispatch
    response = self.handle_exception(exc)
  File "e:\MealMate\backend\venv\lib\site-packages\rest_framework\views.py", line 469, in handle_exception
    self.raise_uncaught_exception(exc)
  File "e:\MealMate\backend\venv\lib\site-packages\rest_framework\views.py", line 480, in raise_uncaught_exception
    raise exc
  File "e:\MealMate\backend\venv\lib\site-packages\rest_framework\views.py", line 506, in dispatch
    response = handler(request, *args, **kwargs)
  File "E:\MealMate\backend\core\api\delivery_api\views.py", line 28, in list
    for doc in orders_cursor:
  File "e:\MealMate\backend\venv\lib\site-packages\pymongo\cursor.py", line 1238, in next
    if len(self.__data) or self._refresh():
  File "e:\MealMate\backend\venv\lib\site-packages\pymongo\cursor.py", line 1130, in _refresh
    self.__session = self.__collection.database.client._ensure_session()
  File "e:\MealMate\backend\venv\lib\site-packages\pymongo\mongo_client.py", line 1935, in _ensure_session
    return self.__start_session(True, causal_consistency=False)
  File "e:\MealMate\backend\venv\lib\site-packages\pymongo\mongo_client.py", line 1883, in __start_session
    server_session = self._get_server_session()
  File "e:\MealMate\backend\venv\lib\site-packages\pymongo\mongo_client.py", line 1921, in _get_server_session
    return self._topology.get_server_session()
  File "e:\MealMate\backend\venv\lib\site-packages\pymongo\topology.py", line 520, in get_server_session
    session_timeout = self._check_session_support()
  File "e:\MealMate\backend\venv\lib\site-packages\pymongo\topology.py", line 499, in _check_session_support
    self._select_servers_loop(
  File "e:\MealMate\backend\venv\lib\site-packages\pymongo\topology.py", line 218, in _select_servers_loop
    raise ServerSelectionTimeoutError(
pymongo.errors.ServerSelectionTimeoutError: localhost:27017: [WinError 10061] No connection could be made because the target machine actively refused it, Timeout: 30s, Topology Description: <TopologyDescription id: 6a75edcb5f498b469edb3b63, topology_type: Single, servers: [<ServerDescription ('localhost', 27017) server_type: Unknown, rtt: None, error=AutoReconnect('localhost:27017: [WinError 10061] No connection could be made because the target machine actively refused it')>]>
--------------------------------------------------------------------------------
Exception on /api/delivery/orders/:
Traceback (most recent call last):
  File "e:\MealMate\backend\venv\lib\site-packages\django\core\handlers\base.py", line 181, in _get_response
    response = wrapped_callback(request, *callback_args, **callback_kwargs)
  File "e:\MealMate\backend\venv\lib\site-packages\django\views\decorators\csrf.py", line 54, in wrapped_view
    return view_func(*args, **kwargs)
  File "e:\MealMate\backend\venv\lib\site-packages\rest_framework\viewsets.py", line 125, in view
    return self.dispatch(request, *args, **kwargs)
  File "e:\MealMate\backend\venv\lib\site-packages\rest_framework\views.py", line 509, in dispatch
    response = self.handle_exception(exc)
  File "e:\MealMate\backend\venv\lib\site-packages\rest_framework\views.py", line 469, in handle_exception
    self.raise_uncaught_exception(exc)
  File "e:\MealMate\backend\venv\lib\site-packages\rest_framework\views.py", line 480, in raise_uncaught_exception
    raise exc
  File "e:\MealMate\backend\venv\lib\site-packages\rest_framework\views.py", line 506, in dispatch
    response = handler(request, *args, **kwargs)
  File "E:\MealMate\backend\core\api\delivery_api\views.py", line 28, in list
    for doc in orders_cursor:
  File "e:\MealMate\backend\venv\lib\site-packages\pymongo\cursor.py", line 1238, in next
    if len(self.__data) or self._refresh():
  File "e:\MealMate\backend\venv\lib\site-packages\pymongo\cursor.py", line 1130, in _refresh
    self.__session = self.__collection.database.client._ensure_session()
  File "e:\MealMate\backend\venv\lib\site-packages\pymongo\mongo_client.py", line 1935, in _ensure_session
    return self.__start_session(True, causal_consistency=False)
  File "e:\MealMate\backend\venv\lib\site-packages\pymongo\mongo_client.py", line 1883, in __start_session
    server_session = self._get_server_session()
  File "e:\MealMate\backend\venv\lib\site-packages\pymongo\mongo_client.py", line 1921, in _get_server_session
    return self._topology.get_server_session()
  File "e:\MealMate\backend\venv\lib\site-packages\pymongo\topology.py", line 520, in get_server_session
    session_timeout = self._check_session_support()
  File "e:\MealMate\backend\venv\lib\site-packages\pymongo\topology.py", line 499, in _check_session_support
    self._select_servers_loop(
  File "e:\MealMate\backend\venv\lib\site-packages\pymongo\topology.py", line 218, in _select_servers_loop
    raise ServerSelectionTimeoutError(
pymongo.errors.ServerSelectionTimeoutError: localhost:27017: [WinError 10061] No connection could be made because the target machine actively refused it, Timeout: 30s, Topology Description: <TopologyDescription id: 6a75ee075f498b469edb3b64, topology_type: Single, servers: [<ServerDescription ('localhost', 27017) server_type: Unknown, rtt: None, error=AutoReconnect('localhost:27017: [WinError 10061] No connection could be made because the target machine actively refused it')>]>
--------------------------------------------------------------------------------
Exception on /api/delivery/orders/:
Traceback (most recent call last):
  File "e:\MealMate\backend\venv\lib\site-packages\django\core\handlers\base.py", line 181, in _get_response
    response = wrapped_callback(request, *callback_args, **callback_kwargs)
  File "e:\MealMate\backend\venv\lib\site-packages\django\views\decorators\csrf.py", line 54, in wrapped_view
    return view_func(*args, **kwargs)
  File "e:\MealMate\backend\venv\lib\site-packages\rest_framework\viewsets.py", line 125, in view
    return self.dispatch(request, *args, **kwargs)
  File "e:\MealMate\backend\venv\lib\site-packages\rest_framework\views.py", line 509, in dispatch
    response = self.handle_exception(exc)
  File "e:\MealMate\backend\venv\lib\site-packages\rest_framework\views.py", line 469, in handle_exception
    self.raise_uncaught_exception(exc)
  File "e:\MealMate\backend\venv\lib\site-packages\rest_framework\views.py", line 480, in raise_uncaught_exception
    raise exc
  File "e:\MealMate\backend\venv\lib\site-packages\rest_framework\views.py", line 506, in dispatch
    response = handler(request, *args, **kwargs)
  File "E:\MealMate\backend\core\api\delivery_api\views.py", line 28, in list
    for doc in orders_cursor:
  File "e:\MealMate\backend\venv\lib\site-packages\pymongo\cursor.py", line 1238, in next
    if len(self.__data) or self._refresh():
  File "e:\MealMate\backend\venv\lib\site-packages\pymongo\cursor.py", line 1130, in _refresh
    self.__session = self.__collection.database.client._ensure_session()
  File "e:\MealMate\backend\venv\lib\site-packages\pymongo\mongo_client.py", line 1935, in _ensure_session
    return self.__start_session(True, causal_consistency=False)
  File "e:\MealMate\backend\venv\lib\site-packages\pymongo\mongo_client.py", line 1883, in __start_session
    server_session = self._get_server_session()
  File "e:\MealMate\backend\venv\lib\site-packages\pymongo\mongo_client.py", line 1921, in _get_server_session
    return self._topology.get_server_session()
  File "e:\MealMate\backend\venv\lib\site-packages\pymongo\topology.py", line 520, in get_server_session
    session_timeout = self._check_session_support()
  File "e:\MealMate\backend\venv\lib\site-packages\pymongo\topology.py", line 499, in _check_session_support
    self._select_servers_loop(
  File "e:\MealMate\backend\venv\lib\site-packages\pymongo\topology.py", line 218, in _select_servers_loop
    raise ServerSelectionTimeoutError(
pymongo.errors.ServerSelectionTimeoutError: localhost:27017: [WinError 10061] No connection could be made because the target machine actively refused it, Timeout: 30s, Topology Description: <TopologyDescription id: 6a75ee435f498b469edb3b65, topology_type: Single, servers: [<ServerDescription ('localhost', 27017) server_type: Unknown, rtt: None, error=AutoReconnect('localhost:27017: [WinError 10061] No connection could be made because the target machine actively refused it')>]>
--------------------------------------------------------------------------------
Exception on /api/delivery/orders/:
Traceback (most recent call last):
  File "e:\MealMate\backend\venv\lib\site-packages\django\core\handlers\base.py", line 181, in _get_response
    response = wrapped_callback(request, *callback_args, **callback_kwargs)
  File "e:\MealMate\backend\venv\lib\site-packages\django\views\decorators\csrf.py", line 54, in wrapped_view
    return view_func(*args, **kwargs)
  File "e:\MealMate\backend\venv\lib\site-packages\rest_framework\viewsets.py", line 125, in view
    return self.dispatch(request, *args, **kwargs)
  File "e:\MealMate\backend\venv\lib\site-packages\rest_framework\views.py", line 509, in dispatch
    response = self.handle_exception(exc)
  File "e:\MealMate\backend\venv\lib\site-packages\rest_framework\views.py", line 469, in handle_exception
    self.raise_uncaught_exception(exc)
  File "e:\MealMate\backend\venv\lib\site-packages\rest_framework\views.py", line 480, in raise_uncaught_exception
    raise exc
  File "e:\MealMate\backend\venv\lib\site-packages\rest_framework\views.py", line 506, in dispatch
    response = handler(request, *args, **kwargs)
  File "E:\MealMate\backend\core\api\delivery_api\views.py", line 28, in list
    for doc in orders_cursor:
  File "e:\MealMate\backend\venv\lib\site-packages\pymongo\cursor.py", line 1238, in next
    if len(self.__data) or self._refresh():
  File "e:\MealMate\backend\venv\lib\site-packages\pymongo\cursor.py", line 1130, in _refresh
    self.__session = self.__collection.database.client._ensure_session()
  File "e:\MealMate\backend\venv\lib\site-packages\pymongo\mongo_client.py", line 1935, in _ensure_session
    return self.__start_session(True, causal_consistency=False)
  File "e:\MealMate\backend\venv\lib\site-packages\pymongo\mongo_client.py", line 1883, in __start_session
    server_session = self._get_server_session()
  File "e:\MealMate\backend\venv\lib\site-packages\pymongo\mongo_client.py", line 1921, in _get_server_session
    return self._topology.get_server_session()
  File "e:\MealMate\backend\venv\lib\site-packages\pymongo\topology.py", line 520, in get_server_session
    session_timeout = self._check_session_support()
  File "e:\MealMate\backend\venv\lib\site-packages\pymongo\topology.py", line 499, in _check_session_support
    self._select_servers_loop(
  File "e:\MealMate\backend\venv\lib\site-packages\pymongo\topology.py", line 218, in _select_servers_loop
    raise ServerSelectionTimeoutError(
pymongo.errors.ServerSelectionTimeoutError: localhost:27017: [WinError 10061] No connection could be made because the target machine actively refused it, Timeout: 30s, Topology Description: <TopologyDescription id: 6a75ee7f5f498b469edb3b66, topology_type: Single, servers: [<ServerDescription ('localhost', 27017) server_type: Unknown, rtt: None, error=AutoReconnect('localhost:27017: [WinError 10061] No connection could be made because the target machine actively refused it')>]>
--------------------------------------------------------------------------------
Exception on /api/delivery/orders/:
Traceback (most recent call last):
  File "e:\MealMate\backend\venv\lib\site-packages\django\core\handlers\base.py", line 181, in _get_response
    response = wrapped_callback(request, *callback_args, **callback_kwargs)
  File "e:\MealMate\backend\venv\lib\site-packages\django\views\decorators\csrf.py", line 54, in wrapped_view
    return view_func(*args, **kwargs)
  File "e:\MealMate\backend\venv\lib\site-packages\rest_framework\viewsets.py", line 125, in view
    return self.dispatch(request, *args, **kwargs)
  File "e:\MealMate\backend\venv\lib\site-packages\rest_framework\views.py", line 509, in dispatch
    response = self.handle_exception(exc)
  File "e:\MealMate\backend\venv\lib\site-packages\rest_framework\views.py", line 469, in handle_exception
    self.raise_uncaught_exception(exc)
  File "e:\MealMate\backend\venv\lib\site-packages\rest_framework\views.py", line 480, in raise_uncaught_exception
    raise exc
  File "e:\MealMate\backend\venv\lib\site-packages\rest_framework\views.py", line 506, in dispatch
    response = handler(request, *args, **kwargs)
  File "E:\MealMate\backend\core\api\delivery_api\views.py", line 28, in list
    for doc in orders_cursor:
  File "e:\MealMate\backend\venv\lib\site-packages\pymongo\cursor.py", line 1238, in next
    if len(self.__data) or self._refresh():
  File "e:\MealMate\backend\venv\lib\site-packages\pymongo\cursor.py", line 1130, in _refresh
    self.__session = self.__collection.database.client._ensure_session()
  File "e:\MealMate\backend\venv\lib\site-packages\pymongo\mongo_client.py", line 1935, in _ensure_session
    return self.__start_session(True, causal_consistency=False)
  File "e:\MealMate\backend\venv\lib\site-packages\pymongo\mongo_client.py", line 1883, in __start_session
    server_session = self._get_server_session()
  File "e:\MealMate\backend\venv\lib\site-packages\pymongo\mongo_client.py", line 1921, in _get_server_session
    return self._topology.get_server_session()
  File "e:\MealMate\backend\venv\lib\site-packages\pymongo\topology.py", line 520, in get_server_session
    session_timeout = self._check_session_support()
  File "e:\MealMate\backend\venv\lib\site-packages\pymongo\topology.py", line 499, in _check_session_support
    self._select_servers_loop(
  File "e:\MealMate\backend\venv\lib\site-packages\pymongo\topology.py", line 218, in _select_servers_loop
    raise ServerSelectionTimeoutError(
pymongo.errors.ServerSelectionTimeoutError: localhost:27017: [WinError 10061] No connection could be made because the target machine actively refused it, Timeout: 30s, Topology Description: <TopologyDescription id: 6a75eebb5f498b469edb3b67, topology_type: Single, servers: [<ServerDescription ('localhost', 27017) server_type: Unknown, rtt: None, error=AutoReconnect('localhost:27017: [WinError 10061] No connection could be made because the target machine actively refused it')>]>
--------------------------------------------------------------------------------
Exception on /api/delivery/orders/:
Traceback (most recent call last):
  File "e:\MealMate\backend\venv\lib\site-packages\django\core\handlers\base.py", line 181, in _get_response
    response = wrapped_callback(request, *callback_args, **callback_kwargs)
  File "e:\MealMate\backend\venv\lib\site-packages\django\views\decorators\csrf.py", line 54, in wrapped_view
    return view_func(*args, **kwargs)
  File "e:\MealMate\backend\venv\lib\site-packages\rest_framework\viewsets.py", line 125, in view
    return self.dispatch(request, *args, **kwargs)
  File "e:\MealMate\backend\venv\lib\site-packages\rest_framework\views.py", line 509, in dispatch
    response = self.handle_exception(exc)
  File "e:\MealMate\backend\venv\lib\site-packages\rest_framework\views.py", line 469, in handle_exception
    self.raise_uncaught_exception(exc)
  File "e:\MealMate\backend\venv\lib\site-packages\rest_framework\views.py", line 480, in raise_uncaught_exception
    raise exc
  File "e:\MealMate\backend\venv\lib\site-packages\rest_framework\views.py", line 506, in dispatch
    response = handler(request, *args, **kwargs)
  File "E:\MealMate\backend\core\api\delivery_api\views.py", line 28, in list
    for doc in orders_cursor:
  File "e:\MealMate\backend\venv\lib\site-packages\pymongo\cursor.py", line 1238, in next
    if len(self.__data) or self._refresh():
  File "e:\MealMate\backend\venv\lib\site-packages\pymongo\cursor.py", line 1130, in _refresh
    self.__session = self.__collection.database.client._ensure_session()
  File "e:\MealMate\backend\venv\lib\site-packages\pymongo\mongo_client.py", line 1935, in _ensure_session
    return self.__start_session(True, causal_consistency=False)
  File "e:\MealMate\backend\venv\lib\site-packages\pymongo\mongo_client.py", line 1883, in __start_session
    server_session = self._get_server_session()
  File "e:\MealMate\backend\venv\lib\site-packages\pymongo\mongo_client.py", line 1921, in _get_server_session
    return self._topology.get_server_session()
  File "e:\MealMate\backend\venv\lib\site-packages\pymongo\topology.py", line 520, in get_server_session
    session_timeout = self._check_session_support()
  File "e:\MealMate\backend\venv\lib\site-packages\pymongo\topology.py", line 499, in _check_session_support
    self._select_servers_loop(
  File "e:\MealMate\backend\venv\lib\site-packages\pymongo\topology.py", line 218, in _select_servers_loop
    raise ServerSelectionTimeoutError(
pymongo.errors.ServerSelectionTimeoutError: localhost:27017: [WinError 10061] No connection could be made because the target machine actively refused it, Timeout: 30s, Topology Description: <TopologyDescription id: 6a75eef75f498b469edb3b68, topology_type: Single, servers: [<ServerDescription ('localhost', 27017) server_type: Unknown, rtt: None, error=AutoReconnect('localhost:27017: [WinError 10061] No connection could be made because the target machine actively refused it')>]>
--------------------------------------------------------------------------------
Exception on /api/delivery/orders/:
Traceback (most recent call last):
  File "e:\MealMate\backend\venv\lib\site-packages\django\core\handlers\base.py", line 181, in _get_response
    response = wrapped_callback(request, *callback_args, **callback_kwargs)
  File "e:\MealMate\backend\venv\lib\site-packages\django\views\decorators\csrf.py", line 54, in wrapped_view
    return view_func(*args, **kwargs)
  File "e:\MealMate\backend\venv\lib\site-packages\rest_framework\viewsets.py", line 125, in view
    return self.dispatch(request, *args, **kwargs)
  File "e:\MealMate\backend\venv\lib\site-packages\rest_framework\views.py", line 509, in dispatch
    response = self.handle_exception(exc)
  File "e:\MealMate\backend\venv\lib\site-packages\rest_framework\views.py", line 469, in handle_exception
    self.raise_uncaught_exception(exc)
  File "e:\MealMate\backend\venv\lib\site-packages\rest_framework\views.py", line 480, in raise_uncaught_exception
    raise exc
  File "e:\MealMate\backend\venv\lib\site-packages\rest_framework\views.py", line 506, in dispatch
    response = handler(request, *args, **kwargs)
  File "E:\MealMate\backend\core\api\delivery_api\views.py", line 28, in list
    for doc in orders_cursor:
  File "e:\MealMate\backend\venv\lib\site-packages\pymongo\cursor.py", line 1238, in next
    if len(self.__data) or self._refresh():
  File "e:\MealMate\backend\venv\lib\site-packages\pymongo\cursor.py", line 1130, in _refresh
    self.__session = self.__collection.database.client._ensure_session()
  File "e:\MealMate\backend\venv\lib\site-packages\pymongo\mongo_client.py", line 1935, in _ensure_session
    return self.__start_session(True, causal_consistency=False)
  File "e:\MealMate\backend\venv\lib\site-packages\pymongo\mongo_client.py", line 1883, in __start_session
    server_session = self._get_server_session()
  File "e:\MealMate\backend\venv\lib\site-packages\pymongo\mongo_client.py", line 1921, in _get_server_session
    return self._topology.get_server_session()
  File "e:\MealMate\backend\venv\lib\site-packages\pymongo\topology.py", line 520, in get_server_session
    session_timeout = self._check_session_support()
  File "e:\MealMate\backend\venv\lib\site-packages\pymongo\topology.py", line 499, in _check_session_support
    self._select_servers_loop(
  File "e:\MealMate\backend\venv\lib\site-packages\pymongo\topology.py", line 218, in _select_servers_loop
    raise ServerSelectionTimeoutError(
pymongo.errors.ServerSelectionTimeoutError: localhost:27017: [WinError 10061] No connection could be made because the target machine actively refused it, Timeout: 30s, Topology Description: <TopologyDescription id: 6a75ef335f498b469edb3b69, topology_type: Single, servers: [<ServerDescription ('localhost', 27017) server_type: Unknown, rtt: None, error=AutoReconnect('localhost:27017: [WinError 10061] No connection could be made because the target machine actively refused it')>]>
--------------------------------------------------------------------------------
Exception on /api/delivery/orders/:
Traceback (most recent call last):
  File "e:\MealMate\backend\venv\lib\site-packages\django\core\handlers\base.py", line 181, in _get_response
    response = wrapped_callback(request, *callback_args, **callback_kwargs)
  File "e:\MealMate\backend\venv\lib\site-packages\django\views\decorators\csrf.py", line 54, in wrapped_view
    return view_func(*args, **kwargs)
  File "e:\MealMate\backend\venv\lib\site-packages\rest_framework\viewsets.py", line 125, in view
    return self.dispatch(request, *args, **kwargs)
  File "e:\MealMate\backend\venv\lib\site-packages\rest_framework\views.py", line 509, in dispatch
    response = self.handle_exception(exc)
  File "e:\MealMate\backend\venv\lib\site-packages\rest_framework\views.py", line 469, in handle_exception
    self.raise_uncaught_exception(exc)
  File "e:\MealMate\backend\venv\lib\site-packages\rest_framework\views.py", line 480, in raise_uncaught_exception
    raise exc
  File "e:\MealMate\backend\venv\lib\site-packages\rest_framework\views.py", line 506, in dispatch
    response = handler(request, *args, **kwargs)
  File "E:\MealMate\backend\core\api\delivery_api\views.py", line 28, in list
    for doc in orders_cursor:
  File "e:\MealMate\backend\venv\lib\site-packages\pymongo\cursor.py", line 1238, in next
    if len(self.__data) or self._refresh():
  File "e:\MealMate\backend\venv\lib\site-packages\pymongo\cursor.py", line 1130, in _refresh
    self.__session = self.__collection.database.client._ensure_session()
  File "e:\MealMate\backend\venv\lib\site-packages\pymongo\mongo_client.py", line 1935, in _ensure_session
    return self.__start_session(True, causal_consistency=False)
  File "e:\MealMate\backend\venv\lib\site-packages\pymongo\mongo_client.py", line 1883, in __start_session
    server_session = self._get_server_session()
  File "e:\MealMate\backend\venv\lib\site-packages\pymongo\mongo_client.py", line 1921, in _get_server_session
    return self._topology.get_server_session()
  File "e:\MealMate\backend\venv\lib\site-packages\pymongo\topology.py", line 520, in get_server_session
    session_timeout = self._check_session_support()
  File "e:\MealMate\backend\venv\lib\site-packages\pymongo\topology.py", line 499, in _check_session_support
    self._select_servers_loop(
  File "e:\MealMate\backend\venv\lib\site-packages\pymongo\topology.py", line 218, in _select_servers_loop
    raise ServerSelectionTimeoutError(
pymongo.errors.ServerSelectionTimeoutError: localhost:27017: [WinError 10061] No connection could be made because the target machine actively refused it, Timeout: 30s, Topology Description: <TopologyDescription id: 6a75ef6f5f498b469edb3b6a, topology_type: Single, servers: [<ServerDescription ('localhost', 27017) server_type: Unknown, rtt: None, error=AutoReconnect('localhost:27017: [WinError 10061] No connection could be made because the target machine actively refused it')>]>
--------------------------------------------------------------------------------
Exception on /api/delivery/orders/:
Traceback (most recent call last):
  File "e:\MealMate\backend\venv\lib\site-packages\django\core\handlers\base.py", line 181, in _get_response
    response = wrapped_callback(request, *callback_args, **callback_kwargs)
  File "e:\MealMate\backend\venv\lib\site-packages\django\views\decorators\csrf.py", line 54, in wrapped_view
    return view_func(*args, **kwargs)
  File "e:\MealMate\backend\venv\lib\site-packages\rest_framework\viewsets.py", line 125, in view
    return self.dispatch(request, *args, **kwargs)
  File "e:\MealMate\backend\venv\lib\site-packages\rest_framework\views.py", line 509, in dispatch
    response = self.handle_exception(exc)
  File "e:\MealMate\backend\venv\lib\site-packages\rest_framework\views.py", line 469, in handle_exception
    self.raise_uncaught_exception(exc)
  File "e:\MealMate\backend\venv\lib\site-packages\rest_framework\views.py", line 480, in raise_uncaught_exception
    raise exc
  File "e:\MealMate\backend\venv\lib\site-packages\rest_framework\views.py", line 506, in dispatch
    response = handler(request, *args, **kwargs)
  File "E:\MealMate\backend\core\api\delivery_api\views.py", line 28, in list
    for doc in orders_cursor:
  File "e:\MealMate\backend\venv\lib\site-packages\pymongo\cursor.py", line 1238, in next
    if len(self.__data) or self._refresh():
  File "e:\MealMate\backend\venv\lib\site-packages\pymongo\cursor.py", line 1130, in _refresh
    self.__session = self.__collection.database.client._ensure_session()
  File "e:\MealMate\backend\venv\lib\site-packages\pymongo\mongo_client.py", line 1935, in _ensure_session
    return self.__start_session(True, causal_consistency=False)
  File "e:\MealMate\backend\venv\lib\site-packages\pymongo\mongo_client.py", line 1883, in __start_session
    server_session = self._get_server_session()
  File "e:\MealMate\backend\venv\lib\site-packages\pymongo\mongo_client.py", line 1921, in _get_server_session
    return self._topology.get_server_session()
  File "e:\MealMate\backend\venv\lib\site-packages\pymongo\topology.py", line 520, in get_server_session
    session_timeout = self._check_session_support()
  File "e:\MealMate\backend\venv\lib\site-packages\pymongo\topology.py", line 499, in _check_session_support
    self._select_servers_loop(
  File "e:\MealMate\backend\venv\lib\site-packages\pymongo\topology.py", line 218, in _select_servers_loop
    raise ServerSelectionTimeoutError(
pymongo.errors.ServerSelectionTimeoutError: localhost:27017: [WinError 10061] No connection could be made because the target machine actively refused it, Timeout: 30s, Topology Description: <TopologyDescription id: 6a75ef8e5f498b469edb3b6b, topology_type: Single, servers: [<ServerDescription ('localhost', 27017) server_type: Unknown, rtt: None, error=AutoReconnect('localhost:27017: [WinError 10061] No connection could be made because the target machine actively refused it')>]>
--------------------------------------------------------------------------------
Exception on /api/customer/orders/:
Traceback (most recent call last):
  File "e:\MealMate\backend\venv\lib\site-packages\django\core\handlers\base.py", line 181, in _get_response
    response = wrapped_callback(request, *callback_args, **callback_kwargs)
  File "e:\MealMate\backend\venv\lib\site-packages\django\views\decorators\csrf.py", line 54, in wrapped_view
    return view_func(*args, **kwargs)
  File "e:\MealMate\backend\venv\lib\site-packages\rest_framework\viewsets.py", line 125, in view
    return self.dispatch(request, *args, **kwargs)
  File "e:\MealMate\backend\venv\lib\site-packages\rest_framework\views.py", line 509, in dispatch
    response = self.handle_exception(exc)
  File "e:\MealMate\backend\venv\lib\site-packages\rest_framework\views.py", line 469, in handle_exception
    self.raise_uncaught_exception(exc)
  File "e:\MealMate\backend\venv\lib\site-packages\rest_framework\views.py", line 480, in raise_uncaught_exception
    raise exc
  File "e:\MealMate\backend\venv\lib\site-packages\rest_framework\views.py", line 506, in dispatch
    response = handler(request, *args, **kwargs)
  File "E:\MealMate\backend\core\api\customer_api\views.py", line 45, in list
    for doc in orders_cursor:
  File "e:\MealMate\backend\venv\lib\site-packages\pymongo\cursor.py", line 1238, in next
    if len(self.__data) or self._refresh():
  File "e:\MealMate\backend\venv\lib\site-packages\pymongo\cursor.py", line 1130, in _refresh
    self.__session = self.__collection.database.client._ensure_session()
  File "e:\MealMate\backend\venv\lib\site-packages\pymongo\mongo_client.py", line 1935, in _ensure_session
    return self.__start_session(True, causal_consistency=False)
  File "e:\MealMate\backend\venv\lib\site-packages\pymongo\mongo_client.py", line 1883, in __start_session
    server_session = self._get_server_session()
  File "e:\MealMate\backend\venv\lib\site-packages\pymongo\mongo_client.py", line 1921, in _get_server_session
    return self._topology.get_server_session()
  File "e:\MealMate\backend\venv\lib\site-packages\pymongo\topology.py", line 520, in get_server_session
    session_timeout = self._check_session_support()
  File "e:\MealMate\backend\venv\lib\site-packages\pymongo\topology.py", line 499, in _check_session_support
    self._select_servers_loop(
  File "e:\MealMate\backend\venv\lib\site-packages\pymongo\topology.py", line 218, in _select_servers_loop
    raise ServerSelectionTimeoutError(
pymongo.errors.ServerSelectionTimeoutError: localhost:27017: [WinError 10061] No connection could be made because the target machine actively refused it, Timeout: 30s, Topology Description: <TopologyDescription id: 6a75ef965f498b469edb3b6c, topology_type: Single, servers: [<ServerDescription ('localhost', 27017) server_type: Unknown, rtt: None, error=AutoReconnect('localhost:27017: [WinError 10061] No connection could be made because the target machine actively refused it')>]>
--------------------------------------------------------------------------------
Exception on /api/customer/recommendations/:
Traceback (most recent call last):
  File "e:\MealMate\backend\venv\lib\site-packages\django\core\handlers\base.py", line 181, in _get_response
    response = wrapped_callback(request, *callback_args, **callback_kwargs)
  File "e:\MealMate\backend\venv\lib\site-packages\django\views\decorators\csrf.py", line 54, in wrapped_view
    return view_func(*args, **kwargs)
  File "e:\MealMate\backend\venv\lib\site-packages\django\views\generic\base.py", line 70, in view
    return self.dispatch(request, *args, **kwargs)
  File "e:\MealMate\backend\venv\lib\site-packages\rest_framework\views.py", line 509, in dispatch
    response = self.handle_exception(exc)
  File "e:\MealMate\backend\venv\lib\site-packages\rest_framework\views.py", line 469, in handle_exception
    self.raise_uncaught_exception(exc)
  File "e:\MealMate\backend\venv\lib\site-packages\rest_framework\views.py", line 480, in raise_uncaught_exception
    raise exc
  File "e:\MealMate\backend\venv\lib\site-packages\rest_framework\views.py", line 506, in dispatch
    response = handler(request, *args, **kwargs)
  File "E:\MealMate\backend\core\api\customer_api\views.py", line 227, in get
    past_orders = list(db.core_order.find({"customer_id": user_id}))
  File "e:\MealMate\backend\venv\lib\site-packages\pymongo\cursor.py", line 1238, in next
    if len(self.__data) or self._refresh():
  File "e:\MealMate\backend\venv\lib\site-packages\pymongo\cursor.py", line 1130, in _refresh
    self.__session = self.__collection.database.client._ensure_session()
  File "e:\MealMate\backend\venv\lib\site-packages\pymongo\mongo_client.py", line 1935, in _ensure_session
    return self.__start_session(True, causal_consistency=False)
  File "e:\MealMate\backend\venv\lib\site-packages\pymongo\mongo_client.py", line 1883, in __start_session
    server_session = self._get_server_session()
  File "e:\MealMate\backend\venv\lib\site-packages\pymongo\mongo_client.py", line 1921, in _get_server_session
    return self._topology.get_server_session()
  File "e:\MealMate\backend\venv\lib\site-packages\pymongo\topology.py", line 520, in get_server_session
    session_timeout = self._check_session_support()
  File "e:\MealMate\backend\venv\lib\site-packages\pymongo\topology.py", line 499, in _check_session_support
    self._select_servers_loop(
  File "e:\MealMate\backend\venv\lib\site-packages\pymongo\topology.py", line 218, in _select_servers_loop
    raise ServerSelectionTimeoutError(
pymongo.errors.ServerSelectionTimeoutError: localhost:27017: [WinError 10061] No connection could be made because the target machine actively refused it, Timeout: 30s, Topology Description: <TopologyDescription id: 6a75ef965f498b469edb3b6d, topology_type: Single, servers: [<ServerDescription ('localhost', 27017) server_type: Unknown, rtt: None, error=AutoReconnect('localhost:27017: [WinError 10061] No connection could be made because the target machine actively refused it')>]>
--------------------------------------------------------------------------------
Exception on /api/customer/wallet/:
Traceback (most recent call last):
  File "e:\MealMate\backend\venv\lib\site-packages\django\core\handlers\base.py", line 181, in _get_response
    response = wrapped_callback(request, *callback_args, **callback_kwargs)
  File "e:\MealMate\backend\venv\lib\site-packages\django\views\decorators\csrf.py", line 54, in wrapped_view
    return view_func(*args, **kwargs)
  File "e:\MealMate\backend\venv\lib\site-packages\django\views\generic\base.py", line 70, in view
    return self.dispatch(request, *args, **kwargs)
  File "e:\MealMate\backend\venv\lib\site-packages\rest_framework\views.py", line 509, in dispatch
    response = self.handle_exception(exc)
  File "e:\MealMate\backend\venv\lib\site-packages\rest_framework\views.py", line 469, in handle_exception
    self.raise_uncaught_exception(exc)
  File "e:\MealMate\backend\venv\lib\site-packages\rest_framework\views.py", line 480, in raise_uncaught_exception
    raise exc
  File "e:\MealMate\backend\venv\lib\site-packages\rest_framework\views.py", line 506, in dispatch
    response = handler(request, *args, **kwargs)
  File "E:\MealMate\backend\core\api\customer_api\views.py", line 291, in get
    wallet = db.core_wallet.find_one({"user_id": user_id})
  File "e:\MealMate\backend\venv\lib\site-packages\pymongo\collection.py", line 1328, in find_one
    for result in cursor.limit(-1):
  File "e:\MealMate\backend\venv\lib\site-packages\pymongo\cursor.py", line 1238, in next
    if len(self.__data) or self._refresh():
  File "e:\MealMate\backend\venv\lib\site-packages\pymongo\cursor.py", line 1130, in _refresh
    self.__session = self.__collection.database.client._ensure_session()
  File "e:\MealMate\backend\venv\lib\site-packages\pymongo\mongo_client.py", line 1935, in _ensure_session
    return self.__start_session(True, causal_consistency=False)
  File "e:\MealMate\backend\venv\lib\site-packages\pymongo\mongo_client.py", line 1883, in __start_session
    server_session = self._get_server_session()
  File "e:\MealMate\backend\venv\lib\site-packages\pymongo\mongo_client.py", line 1921, in _get_server_session
    return self._topology.get_server_session()
  File "e:\MealMate\backend\venv\lib\site-packages\pymongo\topology.py", line 520, in get_server_session
    session_timeout = self._check_session_support()
  File "e:\MealMate\backend\venv\lib\site-packages\pymongo\topology.py", line 499, in _check_session_support
    self._select_servers_loop(
  File "e:\MealMate\backend\venv\lib\site-packages\pymongo\topology.py", line 218, in _select_servers_loop
    raise ServerSelectionTimeoutError(
pymongo.errors.ServerSelectionTimeoutError: localhost:27017: [WinError 10061] No connection could be made because the target machine actively refused it, Timeout: 30s, Topology Description: <TopologyDescription id: 6a75ef965f498b469edb3b6e, topology_type: Single, servers: [<ServerDescription ('localhost', 27017) server_type: Unknown, rtt: None, error=AutoReconnect('localhost:27017: [WinError 10061] No connection could be made because the target machine actively refused it')>]>
--------------------------------------------------------------------------------
Exception on /api/restaurant/menu/:
Traceback (most recent call last):
  File "e:\MealMate\backend\venv\lib\site-packages\djongo\sql2mongo\query.py", line 808, in __iter__
    yield from iter(self._query)
  File "e:\MealMate\backend\venv\lib\site-packages\djongo\sql2mongo\query.py", line 166, in __iter__
    for doc in cursor:
  File "e:\MealMate\backend\venv\lib\site-packages\pymongo\cursor.py", line 1238, in next
    if len(self.__data) or self._refresh():
  File "e:\MealMate\backend\venv\lib\site-packages\pymongo\cursor.py", line 1130, in _refresh
    self.__session = self.__collection.database.client._ensure_session()
  File "e:\MealMate\backend\venv\lib\site-packages\pymongo\mongo_client.py", line 1935, in _ensure_session
    return self.__start_session(True, causal_consistency=False)
  File "e:\MealMate\backend\venv\lib\site-packages\pymongo\mongo_client.py", line 1883, in __start_session
    server_session = self._get_server_session()
  File "e:\MealMate\backend\venv\lib\site-packages\pymongo\mongo_client.py", line 1921, in _get_server_session
    return self._topology.get_server_session()
  File "e:\MealMate\backend\venv\lib\site-packages\pymongo\topology.py", line 520, in get_server_session
    session_timeout = self._check_session_support()
  File "e:\MealMate\backend\venv\lib\site-packages\pymongo\topology.py", line 499, in _check_session_support
    self._select_servers_loop(
  File "e:\MealMate\backend\venv\lib\site-packages\pymongo\topology.py", line 218, in _select_servers_loop
    raise ServerSelectionTimeoutError(
pymongo.errors.ServerSelectionTimeoutError: localhost:27017: [WinError 10061] No connection could be made because the target machine actively refused it, Timeout: 30s, Topology Description: <TopologyDescription id: 6a75a8f95f498b469edb35c9, topology_type: Single, servers: [<ServerDescription ('localhost', 27017) server_type: Unknown, rtt: None, error=AutoReconnect('localhost:27017: [WinError 10061] No connection could be made because the target machine actively refused it')>]>

The above exception was the direct cause of the following exception:

Traceback (most recent call last):
  File "e:\MealMate\backend\venv\lib\site-packages\djongo\cursor.py", line 65, in fetchmany
    ret.append(self.result.next())
  File "e:\MealMate\backend\venv\lib\site-packages\djongo\sql2mongo\query.py", line 797, in __next__
    result = next(self._result_generator)
  File "e:\MealMate\backend\venv\lib\site-packages\djongo\sql2mongo\query.py", line 830, in __iter__
    raise exe from e
djongo.exceptions.SQLDecodeError: 

	Keyword: FAILED SQL: SELECT "core_menuitem"."id", "core_menuitem"."restaurant_id", "core_menuitem"."name", "core_menuitem"."category", "core_menuitem"."description", "core_menuitem"."price", "core_menuitem"."image_url", "core_menuitem"."is_available" FROM "core_menuitem"
Params: ()
Version: 1.3.6
	Sub SQL: None
	FAILED SQL: None
	Params: None
	Version: None

The above exception was the direct cause of the following exception:

Traceback (most recent call last):
  File "e:\MealMate\backend\venv\lib\site-packages\django\db\utils.py", line 97, in inner
    return func(*args, **kwargs)
  File "e:\MealMate\backend\venv\lib\site-packages\djongo\cursor.py", line 70, in fetchmany
    raise db_exe from e
djongo.database.DatabaseError

The above exception was the direct cause of the following exception:

Traceback (most recent call last):
  File "e:\MealMate\backend\venv\lib\site-packages\django\core\handlers\base.py", line 181, in _get_response
    response = wrapped_callback(request, *callback_args, **callback_kwargs)
  File "e:\MealMate\backend\venv\lib\site-packages\django\views\decorators\csrf.py", line 54, in wrapped_view
    return view_func(*args, **kwargs)
  File "e:\MealMate\backend\venv\lib\site-packages\rest_framework\viewsets.py", line 125, in view
    return self.dispatch(request, *args, **kwargs)
  File "e:\MealMate\backend\venv\lib\site-packages\rest_framework\views.py", line 509, in dispatch
    response = self.handle_exception(exc)
  File "e:\MealMate\backend\venv\lib\site-packages\rest_framework\views.py", line 469, in handle_exception
    self.raise_uncaught_exception(exc)
  File "e:\MealMate\backend\venv\lib\site-packages\rest_framework\views.py", line 480, in raise_uncaught_exception
    raise exc
  File "e:\MealMate\backend\venv\lib\site-packages\rest_framework\views.py", line 506, in dispatch
    response = handler(request, *args, **kwargs)
  File "e:\MealMate\backend\venv\lib\site-packages\rest_framework\mixins.py", line 46, in list
    return Response(serializer.data)
  File "e:\MealMate\backend\venv\lib\site-packages\rest_framework\serializers.py", line 768, in data
    ret = super().data
  File "e:\MealMate\backend\venv\lib\site-packages\rest_framework\serializers.py", line 253, in data
    self._data = self.to_representation(self.instance)
  File "e:\MealMate\backend\venv\lib\site-packages\rest_framework\serializers.py", line 686, in to_representation
    return [
  File "e:\MealMate\backend\venv\lib\site-packages\django\db\models\query.py", line 280, in __iter__
    self._fetch_all()
  File "e:\MealMate\backend\venv\lib\site-packages\django\db\models\query.py", line 1324, in _fetch_all
    self._result_cache = list(self._iterable_class(self))
  File "e:\MealMate\backend\venv\lib\site-packages\django\db\models\query.py", line 51, in __iter__
    results = compiler.execute_sql(chunked_fetch=self.chunked_fetch, chunk_size=self.chunk_size)
  File "e:\MealMate\backend\venv\lib\site-packages\django\db\models\sql\compiler.py", line 1208, in execute_sql
    return list(result)
  File "e:\MealMate\backend\venv\lib\site-packages\django\db\models\sql\compiler.py", line 1646, in cursor_iter
    for rows in iter((lambda: cursor.fetchmany(itersize)), sentinel):
  File "e:\MealMate\backend\venv\lib\site-packages\django\db\models\sql\compiler.py", line 1646, in <lambda>
    for rows in iter((lambda: cursor.fetchmany(itersize)), sentinel):
  File "e:\MealMate\backend\venv\lib\site-packages\django\db\utils.py", line 96, in inner
    with self:
  File "e:\MealMate\backend\venv\lib\site-packages\django\db\utils.py", line 90, in __exit__
    raise dj_exc_value.with_traceback(traceback) from exc_value
  File "e:\MealMate\backend\venv\lib\site-packages\django\db\utils.py", line 97, in inner
    return func(*args, **kwargs)
  File "e:\MealMate\backend\venv\lib\site-packages\djongo\cursor.py", line 70, in fetchmany
    raise db_exe from e
django.db.utils.DatabaseError
--------------------------------------------------------------------------------
Exception on /api/customer/restaurants/:
Traceback (most recent call last):
  File "e:\MealMate\backend\venv\lib\site-packages\djongo\sql2mongo\query.py", line 808, in __iter__
    yield from iter(self._query)
  File "e:\MealMate\backend\venv\lib\site-packages\djongo\sql2mongo\query.py", line 166, in __iter__
    for doc in cursor:
  File "e:\MealMate\backend\venv\lib\site-packages\pymongo\cursor.py", line 1238, in next
    if len(self.__data) or self._refresh():
  File "e:\MealMate\backend\venv\lib\site-packages\pymongo\cursor.py", line 1130, in _refresh
    self.__session = self.__collection.database.client._ensure_session()
  File "e:\MealMate\backend\venv\lib\site-packages\pymongo\mongo_client.py", line 1935, in _ensure_session
    return self.__start_session(True, causal_consistency=False)
  File "e:\MealMate\backend\venv\lib\site-packages\pymongo\mongo_client.py", line 1883, in __start_session
    server_session = self._get_server_session()
  File "e:\MealMate\backend\venv\lib\site-packages\pymongo\mongo_client.py", line 1921, in _get_server_session
    return self._topology.get_server_session()
  File "e:\MealMate\backend\venv\lib\site-packages\pymongo\topology.py", line 520, in get_server_session
    session_timeout = self._check_session_support()
  File "e:\MealMate\backend\venv\lib\site-packages\pymongo\topology.py", line 499, in _check_session_support
    self._select_servers_loop(
  File "e:\MealMate\backend\venv\lib\site-packages\pymongo\topology.py", line 218, in _select_servers_loop
    raise ServerSelectionTimeoutError(
pymongo.errors.ServerSelectionTimeoutError: localhost:27017: [WinError 10061] No connection could be made because the target machine actively refused it, Timeout: 30s, Topology Description: <TopologyDescription id: 6a75a8f95f498b469edb35c9, topology_type: Single, servers: [<ServerDescription ('localhost', 27017) server_type: Unknown, rtt: None, error=AutoReconnect('localhost:27017: [WinError 10061] No connection could be made because the target machine actively refused it')>]>

The above exception was the direct cause of the following exception:

Traceback (most recent call last):
  File "e:\MealMate\backend\venv\lib\site-packages\djongo\cursor.py", line 65, in fetchmany
    ret.append(self.result.next())
  File "e:\MealMate\backend\venv\lib\site-packages\djongo\sql2mongo\query.py", line 797, in __next__
    result = next(self._result_generator)
  File "e:\MealMate\backend\venv\lib\site-packages\djongo\sql2mongo\query.py", line 830, in __iter__
    raise exe from e
djongo.exceptions.SQLDecodeError: 

	Keyword: FAILED SQL: SELECT "core_restaurant"."id", "core_restaurant"."owner_id", "core_restaurant"."name", "core_restaurant"."description", "core_restaurant"."address", "core_restaurant"."banner_url", "core_restaurant"."is_open", "core_restaurant"."rating" FROM "core_restaurant"
Params: ()
Version: 1.3.6
	Sub SQL: None
	FAILED SQL: None
	Params: None
	Version: None

The above exception was the direct cause of the following exception:

Traceback (most recent call last):
  File "e:\MealMate\backend\venv\lib\site-packages\django\db\utils.py", line 97, in inner
    return func(*args, **kwargs)
  File "e:\MealMate\backend\venv\lib\site-packages\djongo\cursor.py", line 70, in fetchmany
    raise db_exe from e
djongo.database.DatabaseError

The above exception was the direct cause of the following exception:

Traceback (most recent call last):
  File "e:\MealMate\backend\venv\lib\site-packages\django\core\handlers\base.py", line 181, in _get_response
    response = wrapped_callback(request, *callback_args, **callback_kwargs)
  File "e:\MealMate\backend\venv\lib\site-packages\django\views\decorators\csrf.py", line 54, in wrapped_view
    return view_func(*args, **kwargs)
  File "e:\MealMate\backend\venv\lib\site-packages\rest_framework\viewsets.py", line 125, in view
    return self.dispatch(request, *args, **kwargs)
  File "e:\MealMate\backend\venv\lib\site-packages\rest_framework\views.py", line 509, in dispatch
    response = self.handle_exception(exc)
  File "e:\MealMate\backend\venv\lib\site-packages\rest_framework\views.py", line 469, in handle_exception
    self.raise_uncaught_exception(exc)
  File "e:\MealMate\backend\venv\lib\site-packages\rest_framework\views.py", line 480, in raise_uncaught_exception
    raise exc
  File "e:\MealMate\backend\venv\lib\site-packages\rest_framework\views.py", line 506, in dispatch
    response = handler(request, *args, **kwargs)
  File "e:\MealMate\backend\venv\lib\site-packages\rest_framework\mixins.py", line 46, in list
    return Response(serializer.data)
  File "e:\MealMate\backend\venv\lib\site-packages\rest_framework\serializers.py", line 768, in data
    ret = super().data
  File "e:\MealMate\backend\venv\lib\site-packages\rest_framework\serializers.py", line 253, in data
    self._data = self.to_representation(self.instance)
  File "e:\MealMate\backend\venv\lib\site-packages\rest_framework\serializers.py", line 686, in to_representation
    return [
  File "e:\MealMate\backend\venv\lib\site-packages\django\db\models\query.py", line 280, in __iter__
    self._fetch_all()
  File "e:\MealMate\backend\venv\lib\site-packages\django\db\models\query.py", line 1324, in _fetch_all
    self._result_cache = list(self._iterable_class(self))
  File "e:\MealMate\backend\venv\lib\site-packages\django\db\models\query.py", line 51, in __iter__
    results = compiler.execute_sql(chunked_fetch=self.chunked_fetch, chunk_size=self.chunk_size)
  File "e:\MealMate\backend\venv\lib\site-packages\django\db\models\sql\compiler.py", line 1208, in execute_sql
    return list(result)
  File "e:\MealMate\backend\venv\lib\site-packages\django\db\models\sql\compiler.py", line 1646, in cursor_iter
    for rows in iter((lambda: cursor.fetchmany(itersize)), sentinel):
  File "e:\MealMate\backend\venv\lib\site-packages\django\db\models\sql\compiler.py", line 1646, in <lambda>
    for rows in iter((lambda: cursor.fetchmany(itersize)), sentinel):
  File "e:\MealMate\backend\venv\lib\site-packages\django\db\utils.py", line 96, in inner
    with self:
  File "e:\MealMate\backend\venv\lib\site-packages\django\db\utils.py", line 90, in __exit__
    raise dj_exc_value.with_traceback(traceback) from exc_value
  File "e:\MealMate\backend\venv\lib\site-packages\django\db\utils.py", line 97, in inner
    return func(*args, **kwargs)
  File "e:\MealMate\backend\venv\lib\site-packages\djongo\cursor.py", line 70, in fetchmany
    raise db_exe from e
django.db.utils.DatabaseError
--------------------------------------------------------------------------------
Exception on /api/customer/validate_coupon/:
Traceback (most recent call last):
  File "e:\MealMate\backend\venv\lib\site-packages\django\core\handlers\base.py", line 181, in _get_response
    response = wrapped_callback(request, *callback_args, **callback_kwargs)
  File "e:\MealMate\backend\venv\lib\site-packages\django\views\decorators\csrf.py", line 54, in wrapped_view
    return view_func(*args, **kwargs)
  File "e:\MealMate\backend\venv\lib\site-packages\django\views\generic\base.py", line 70, in view
    return self.dispatch(request, *args, **kwargs)
  File "e:\MealMate\backend\venv\lib\site-packages\rest_framework\views.py", line 509, in dispatch
    response = self.handle_exception(exc)
  File "e:\MealMate\backend\venv\lib\site-packages\rest_framework\views.py", line 469, in handle_exception
    self.raise_uncaught_exception(exc)
  File "e:\MealMate\backend\venv\lib\site-packages\rest_framework\views.py", line 480, in raise_uncaught_exception
    raise exc
  File "e:\MealMate\backend\venv\lib\site-packages\rest_framework\views.py", line 506, in dispatch
    response = handler(request, *args, **kwargs)
  File "E:\MealMate\backend\core\api\customer_api\views.py", line 197, in get
    coupons = list(coupons_cursor)
  File "e:\MealMate\backend\venv\lib\site-packages\pymongo\cursor.py", line 1238, in next
    if len(self.__data) or self._refresh():
  File "e:\MealMate\backend\venv\lib\site-packages\pymongo\cursor.py", line 1130, in _refresh
    self.__session = self.__collection.database.client._ensure_session()
  File "e:\MealMate\backend\venv\lib\site-packages\pymongo\mongo_client.py", line 1935, in _ensure_session
    return self.__start_session(True, causal_consistency=False)
  File "e:\MealMate\backend\venv\lib\site-packages\pymongo\mongo_client.py", line 1883, in __start_session
    server_session = self._get_server_session()
  File "e:\MealMate\backend\venv\lib\site-packages\pymongo\mongo_client.py", line 1921, in _get_server_session
    return self._topology.get_server_session()
  File "e:\MealMate\backend\venv\lib\site-packages\pymongo\topology.py", line 520, in get_server_session
    session_timeout = self._check_session_support()
  File "e:\MealMate\backend\venv\lib\site-packages\pymongo\topology.py", line 499, in _check_session_support
    self._select_servers_loop(
  File "e:\MealMate\backend\venv\lib\site-packages\pymongo\topology.py", line 218, in _select_servers_loop
    raise ServerSelectionTimeoutError(
pymongo.errors.ServerSelectionTimeoutError: localhost:27017: [WinError 10061] No connection could be made because the target machine actively refused it, Timeout: 30s, Topology Description: <TopologyDescription id: 6a75ef9b5f498b469edb3b6f, topology_type: Single, servers: [<ServerDescription ('localhost', 27017) server_type: Unknown, rtt: None, error=AutoReconnect('localhost:27017: [WinError 10061] No connection could be made because the target machine actively refused it')>]>
--------------------------------------------------------------------------------
Exception on /api/customer/wallet/:
Traceback (most recent call last):
  File "e:\MealMate\backend\venv\lib\site-packages\django\core\handlers\base.py", line 181, in _get_response
    response = wrapped_callback(request, *callback_args, **callback_kwargs)
  File "e:\MealMate\backend\venv\lib\site-packages\django\views\decorators\csrf.py", line 54, in wrapped_view
    return view_func(*args, **kwargs)
  File "e:\MealMate\backend\venv\lib\site-packages\django\views\generic\base.py", line 70, in view
    return self.dispatch(request, *args, **kwargs)
  File "e:\MealMate\backend\venv\lib\site-packages\rest_framework\views.py", line 509, in dispatch
    response = self.handle_exception(exc)
  File "e:\MealMate\backend\venv\lib\site-packages\rest_framework\views.py", line 469, in handle_exception
    self.raise_uncaught_exception(exc)
  File "e:\MealMate\backend\venv\lib\site-packages\rest_framework\views.py", line 480, in raise_uncaught_exception
    raise exc
  File "e:\MealMate\backend\venv\lib\site-packages\rest_framework\views.py", line 506, in dispatch
    response = handler(request, *args, **kwargs)
  File "E:\MealMate\backend\core\api\customer_api\views.py", line 291, in get
    wallet = db.core_wallet.find_one({"user_id": user_id})
  File "e:\MealMate\backend\venv\lib\site-packages\pymongo\collection.py", line 1328, in find_one
    for result in cursor.limit(-1):
  File "e:\MealMate\backend\venv\lib\site-packages\pymongo\cursor.py", line 1238, in next
    if len(self.__data) or self._refresh():
  File "e:\MealMate\backend\venv\lib\site-packages\pymongo\cursor.py", line 1130, in _refresh
    self.__session = self.__collection.database.client._ensure_session()
  File "e:\MealMate\backend\venv\lib\site-packages\pymongo\mongo_client.py", line 1935, in _ensure_session
    return self.__start_session(True, causal_consistency=False)
  File "e:\MealMate\backend\venv\lib\site-packages\pymongo\mongo_client.py", line 1883, in __start_session
    server_session = self._get_server_session()
  File "e:\MealMate\backend\venv\lib\site-packages\pymongo\mongo_client.py", line 1921, in _get_server_session
    return self._topology.get_server_session()
  File "e:\MealMate\backend\venv\lib\site-packages\pymongo\topology.py", line 520, in get_server_session
    session_timeout = self._check_session_support()
  File "e:\MealMate\backend\venv\lib\site-packages\pymongo\topology.py", line 499, in _check_session_support
    self._select_servers_loop(
  File "e:\MealMate\backend\venv\lib\site-packages\pymongo\topology.py", line 218, in _select_servers_loop
    raise ServerSelectionTimeoutError(
pymongo.errors.ServerSelectionTimeoutError: localhost:27017: [WinError 10061] No connection could be made because the target machine actively refused it, Timeout: 30s, Topology Description: <TopologyDescription id: 6a75ef9b5f498b469edb3b70, topology_type: Single, servers: [<ServerDescription ('localhost', 27017) server_type: Unknown, rtt: None, error=AutoReconnect('localhost:27017: [WinError 10061] No connection could be made because the target machine actively refused it')>]>
--------------------------------------------------------------------------------
Exception on /api/restaurant/menu/:
Traceback (most recent call last):
  File "e:\MealMate\backend\venv\lib\site-packages\djongo\sql2mongo\query.py", line 808, in __iter__
    yield from iter(self._query)
  File "e:\MealMate\backend\venv\lib\site-packages\djongo\sql2mongo\query.py", line 166, in __iter__
    for doc in cursor:
  File "e:\MealMate\backend\venv\lib\site-packages\pymongo\cursor.py", line 1238, in next
    if len(self.__data) or self._refresh():
  File "e:\MealMate\backend\venv\lib\site-packages\pymongo\cursor.py", line 1130, in _refresh
    self.__session = self.__collection.database.client._ensure_session()
  File "e:\MealMate\backend\venv\lib\site-packages\pymongo\mongo_client.py", line 1935, in _ensure_session
    return self.__start_session(True, causal_consistency=False)
  File "e:\MealMate\backend\venv\lib\site-packages\pymongo\mongo_client.py", line 1883, in __start_session
    server_session = self._get_server_session()
  File "e:\MealMate\backend\venv\lib\site-packages\pymongo\mongo_client.py", line 1921, in _get_server_session
    return self._topology.get_server_session()
  File "e:\MealMate\backend\venv\lib\site-packages\pymongo\topology.py", line 520, in get_server_session
    session_timeout = self._check_session_support()
  File "e:\MealMate\backend\venv\lib\site-packages\pymongo\topology.py", line 499, in _check_session_support
    self._select_servers_loop(
  File "e:\MealMate\backend\venv\lib\site-packages\pymongo\topology.py", line 218, in _select_servers_loop
    raise ServerSelectionTimeoutError(
pymongo.errors.ServerSelectionTimeoutError: localhost:27017: [WinError 10061] No connection could be made because the target machine actively refused it, Timeout: 30s, Topology Description: <TopologyDescription id: 6a75a8f95f498b469edb35c9, topology_type: Single, servers: [<ServerDescription ('localhost', 27017) server_type: Unknown, rtt: None, error=AutoReconnect('localhost:27017: [WinError 10061] No connection could be made because the target machine actively refused it')>]>

The above exception was the direct cause of the following exception:

Traceback (most recent call last):
  File "e:\MealMate\backend\venv\lib\site-packages\djongo\cursor.py", line 65, in fetchmany
    ret.append(self.result.next())
  File "e:\MealMate\backend\venv\lib\site-packages\djongo\sql2mongo\query.py", line 797, in __next__
    result = next(self._result_generator)
  File "e:\MealMate\backend\venv\lib\site-packages\djongo\sql2mongo\query.py", line 830, in __iter__
    raise exe from e
djongo.exceptions.SQLDecodeError: 

	Keyword: FAILED SQL: SELECT "core_menuitem"."id", "core_menuitem"."restaurant_id", "core_menuitem"."name", "core_menuitem"."category", "core_menuitem"."description", "core_menuitem"."price", "core_menuitem"."image_url", "core_menuitem"."is_available" FROM "core_menuitem"
Params: ()
Version: 1.3.6
	Sub SQL: None
	FAILED SQL: None
	Params: None
	Version: None

The above exception was the direct cause of the following exception:

Traceback (most recent call last):
  File "e:\MealMate\backend\venv\lib\site-packages\django\db\utils.py", line 97, in inner
    return func(*args, **kwargs)
  File "e:\MealMate\backend\venv\lib\site-packages\djongo\cursor.py", line 70, in fetchmany
    raise db_exe from e
djongo.database.DatabaseError

The above exception was the direct cause of the following exception:

Traceback (most recent call last):
  File "e:\MealMate\backend\venv\lib\site-packages\django\core\handlers\base.py", line 181, in _get_response
    response = wrapped_callback(request, *callback_args, **callback_kwargs)
  File "e:\MealMate\backend\venv\lib\site-packages\django\views\decorators\csrf.py", line 54, in wrapped_view
    return view_func(*args, **kwargs)
  File "e:\MealMate\backend\venv\lib\site-packages\rest_framework\viewsets.py", line 125, in view
    return self.dispatch(request, *args, **kwargs)
  File "e:\MealMate\backend\venv\lib\site-packages\rest_framework\views.py", line 509, in dispatch
    response = self.handle_exception(exc)
  File "e:\MealMate\backend\venv\lib\site-packages\rest_framework\views.py", line 469, in handle_exception
    self.raise_uncaught_exception(exc)
  File "e:\MealMate\backend\venv\lib\site-packages\rest_framework\views.py", line 480, in raise_uncaught_exception
    raise exc
  File "e:\MealMate\backend\venv\lib\site-packages\rest_framework\views.py", line 506, in dispatch
    response = handler(request, *args, **kwargs)
  File "e:\MealMate\backend\venv\lib\site-packages\rest_framework\mixins.py", line 46, in list
    return Response(serializer.data)
  File "e:\MealMate\backend\venv\lib\site-packages\rest_framework\serializers.py", line 768, in data
    ret = super().data
  File "e:\MealMate\backend\venv\lib\site-packages\rest_framework\serializers.py", line 253, in data
    self._data = self.to_representation(self.instance)
  File "e:\MealMate\backend\venv\lib\site-packages\rest_framework\serializers.py", line 686, in to_representation
    return [
  File "e:\MealMate\backend\venv\lib\site-packages\django\db\models\query.py", line 280, in __iter__
    self._fetch_all()
  File "e:\MealMate\backend\venv\lib\site-packages\django\db\models\query.py", line 1324, in _fetch_all
    self._result_cache = list(self._iterable_class(self))
  File "e:\MealMate\backend\venv\lib\site-packages\django\db\models\query.py", line 51, in __iter__
    results = compiler.execute_sql(chunked_fetch=self.chunked_fetch, chunk_size=self.chunk_size)
  File "e:\MealMate\backend\venv\lib\site-packages\django\db\models\sql\compiler.py", line 1208, in execute_sql
    return list(result)
  File "e:\MealMate\backend\venv\lib\site-packages\django\db\models\sql\compiler.py", line 1646, in cursor_iter
    for rows in iter((lambda: cursor.fetchmany(itersize)), sentinel):
  File "e:\MealMate\backend\venv\lib\site-packages\django\db\models\sql\compiler.py", line 1646, in <lambda>
    for rows in iter((lambda: cursor.fetchmany(itersize)), sentinel):
  File "e:\MealMate\backend\venv\lib\site-packages\django\db\utils.py", line 96, in inner
    with self:
  File "e:\MealMate\backend\venv\lib\site-packages\django\db\utils.py", line 90, in __exit__
    raise dj_exc_value.with_traceback(traceback) from exc_value
  File "e:\MealMate\backend\venv\lib\site-packages\django\db\utils.py", line 97, in inner
    return func(*args, **kwargs)
  File "e:\MealMate\backend\venv\lib\site-packages\djongo\cursor.py", line 70, in fetchmany
    raise db_exe from e
django.db.utils.DatabaseError
--------------------------------------------------------------------------------
Exception on /api/customer/restaurants/:
Traceback (most recent call last):
  File "e:\MealMate\backend\venv\lib\site-packages\djongo\sql2mongo\query.py", line 808, in __iter__
    yield from iter(self._query)
  File "e:\MealMate\backend\venv\lib\site-packages\djongo\sql2mongo\query.py", line 166, in __iter__
    for doc in cursor:
  File "e:\MealMate\backend\venv\lib\site-packages\pymongo\cursor.py", line 1238, in next
    if len(self.__data) or self._refresh():
  File "e:\MealMate\backend\venv\lib\site-packages\pymongo\cursor.py", line 1130, in _refresh
    self.__session = self.__collection.database.client._ensure_session()
  File "e:\MealMate\backend\venv\lib\site-packages\pymongo\mongo_client.py", line 1935, in _ensure_session
    return self.__start_session(True, causal_consistency=False)
  File "e:\MealMate\backend\venv\lib\site-packages\pymongo\mongo_client.py", line 1883, in __start_session
    server_session = self._get_server_session()
  File "e:\MealMate\backend\venv\lib\site-packages\pymongo\mongo_client.py", line 1921, in _get_server_session
    return self._topology.get_server_session()
  File "e:\MealMate\backend\venv\lib\site-packages\pymongo\topology.py", line 520, in get_server_session
    session_timeout = self._check_session_support()
  File "e:\MealMate\backend\venv\lib\site-packages\pymongo\topology.py", line 499, in _check_session_support
    self._select_servers_loop(
  File "e:\MealMate\backend\venv\lib\site-packages\pymongo\topology.py", line 218, in _select_servers_loop
    raise ServerSelectionTimeoutError(
pymongo.errors.ServerSelectionTimeoutError: localhost:27017: [WinError 10061] No connection could be made because the target machine actively refused it, Timeout: 30s, Topology Description: <TopologyDescription id: 6a75a8f95f498b469edb35c9, topology_type: Single, servers: [<ServerDescription ('localhost', 27017) server_type: Unknown, rtt: None, error=AutoReconnect('localhost:27017: [WinError 10061] No connection could be made because the target machine actively refused it')>]>

The above exception was the direct cause of the following exception:

Traceback (most recent call last):
  File "e:\MealMate\backend\venv\lib\site-packages\djongo\cursor.py", line 65, in fetchmany
    ret.append(self.result.next())
  File "e:\MealMate\backend\venv\lib\site-packages\djongo\sql2mongo\query.py", line 797, in __next__
    result = next(self._result_generator)
  File "e:\MealMate\backend\venv\lib\site-packages\djongo\sql2mongo\query.py", line 830, in __iter__
    raise exe from e
djongo.exceptions.SQLDecodeError: 

	Keyword: FAILED SQL: SELECT "core_restaurant"."id", "core_restaurant"."owner_id", "core_restaurant"."name", "core_restaurant"."description", "core_restaurant"."address", "core_restaurant"."banner_url", "core_restaurant"."is_open", "core_restaurant"."rating" FROM "core_restaurant"
Params: ()
Version: 1.3.6
	Sub SQL: None
	FAILED SQL: None
	Params: None
	Version: None

The above exception was the direct cause of the following exception:

Traceback (most recent call last):
  File "e:\MealMate\backend\venv\lib\site-packages\django\db\utils.py", line 97, in inner
    return func(*args, **kwargs)
  File "e:\MealMate\backend\venv\lib\site-packages\djongo\cursor.py", line 70, in fetchmany
    raise db_exe from e
djongo.database.DatabaseError

The above exception was the direct cause of the following exception:

Traceback (most recent call last):
  File "e:\MealMate\backend\venv\lib\site-packages\django\core\handlers\base.py", line 181, in _get_response
    response = wrapped_callback(request, *callback_args, **callback_kwargs)
  File "e:\MealMate\backend\venv\lib\site-packages\django\views\decorators\csrf.py", line 54, in wrapped_view
    return view_func(*args, **kwargs)
  File "e:\MealMate\backend\venv\lib\site-packages\rest_framework\viewsets.py", line 125, in view
    return self.dispatch(request, *args, **kwargs)
  File "e:\MealMate\backend\venv\lib\site-packages\rest_framework\views.py", line 509, in dispatch
    response = self.handle_exception(exc)
  File "e:\MealMate\backend\venv\lib\site-packages\rest_framework\views.py", line 469, in handle_exception
    self.raise_uncaught_exception(exc)
  File "e:\MealMate\backend\venv\lib\site-packages\rest_framework\views.py", line 480, in raise_uncaught_exception
    raise exc
  File "e:\MealMate\backend\venv\lib\site-packages\rest_framework\views.py", line 506, in dispatch
    response = handler(request, *args, **kwargs)
  File "e:\MealMate\backend\venv\lib\site-packages\rest_framework\mixins.py", line 46, in list
    return Response(serializer.data)
  File "e:\MealMate\backend\venv\lib\site-packages\rest_framework\serializers.py", line 768, in data
    ret = super().data
  File "e:\MealMate\backend\venv\lib\site-packages\rest_framework\serializers.py", line 253, in data
    self._data = self.to_representation(self.instance)
  File "e:\MealMate\backend\venv\lib\site-packages\rest_framework\serializers.py", line 686, in to_representation
    return [
  File "e:\MealMate\backend\venv\lib\site-packages\django\db\models\query.py", line 280, in __iter__
    self._fetch_all()
  File "e:\MealMate\backend\venv\lib\site-packages\django\db\models\query.py", line 1324, in _fetch_all
    self._result_cache = list(self._iterable_class(self))
  File "e:\MealMate\backend\venv\lib\site-packages\django\db\models\query.py", line 51, in __iter__
    results = compiler.execute_sql(chunked_fetch=self.chunked_fetch, chunk_size=self.chunk_size)
  File "e:\MealMate\backend\venv\lib\site-packages\django\db\models\sql\compiler.py", line 1208, in execute_sql
    return list(result)
  File "e:\MealMate\backend\venv\lib\site-packages\django\db\models\sql\compiler.py", line 1646, in cursor_iter
    for rows in iter((lambda: cursor.fetchmany(itersize)), sentinel):
  File "e:\MealMate\backend\venv\lib\site-packages\django\db\models\sql\compiler.py", line 1646, in <lambda>
    for rows in iter((lambda: cursor.fetchmany(itersize)), sentinel):
  File "e:\MealMate\backend\venv\lib\site-packages\django\db\utils.py", line 96, in inner
    with self:
  File "e:\MealMate\backend\venv\lib\site-packages\django\db\utils.py", line 90, in __exit__
    raise dj_exc_value.with_traceback(traceback) from exc_value
  File "e:\MealMate\backend\venv\lib\site-packages\django\db\utils.py", line 97, in inner
    return func(*args, **kwargs)
  File "e:\MealMate\backend\venv\lib\site-packages\djongo\cursor.py", line 70, in fetchmany
    raise db_exe from e
django.db.utils.DatabaseError
--------------------------------------------------------------------------------
Exception on /api/customer/validate_coupon/:
Traceback (most recent call last):
  File "e:\MealMate\backend\venv\lib\site-packages\django\core\handlers\base.py", line 181, in _get_response
    response = wrapped_callback(request, *callback_args, **callback_kwargs)
  File "e:\MealMate\backend\venv\lib\site-packages\django\views\decorators\csrf.py", line 54, in wrapped_view
    return view_func(*args, **kwargs)
  File "e:\MealMate\backend\venv\lib\site-packages\django\views\generic\base.py", line 70, in view
    return self.dispatch(request, *args, **kwargs)
  File "e:\MealMate\backend\venv\lib\site-packages\rest_framework\views.py", line 509, in dispatch
    response = self.handle_exception(exc)
  File "e:\MealMate\backend\venv\lib\site-packages\rest_framework\views.py", line 469, in handle_exception
    self.raise_uncaught_exception(exc)
  File "e:\MealMate\backend\venv\lib\site-packages\rest_framework\views.py", line 480, in raise_uncaught_exception
    raise exc
  File "e:\MealMate\backend\venv\lib\site-packages\rest_framework\views.py", line 506, in dispatch
    response = handler(request, *args, **kwargs)
  File "E:\MealMate\backend\core\api\customer_api\views.py", line 197, in get
    coupons = list(coupons_cursor)
  File "e:\MealMate\backend\venv\lib\site-packages\pymongo\cursor.py", line 1238, in next
    if len(self.__data) or self._refresh():
  File "e:\MealMate\backend\venv\lib\site-packages\pymongo\cursor.py", line 1130, in _refresh
    self.__session = self.__collection.database.client._ensure_session()
  File "e:\MealMate\backend\venv\lib\site-packages\pymongo\mongo_client.py", line 1935, in _ensure_session
    return self.__start_session(True, causal_consistency=False)
  File "e:\MealMate\backend\venv\lib\site-packages\pymongo\mongo_client.py", line 1883, in __start_session
    server_session = self._get_server_session()
  File "e:\MealMate\backend\venv\lib\site-packages\pymongo\mongo_client.py", line 1921, in _get_server_session
    return self._topology.get_server_session()
  File "e:\MealMate\backend\venv\lib\site-packages\pymongo\topology.py", line 520, in get_server_session
    session_timeout = self._check_session_support()
  File "e:\MealMate\backend\venv\lib\site-packages\pymongo\topology.py", line 499, in _check_session_support
    self._select_servers_loop(
  File "e:\MealMate\backend\venv\lib\site-packages\pymongo\topology.py", line 218, in _select_servers_loop
    raise ServerSelectionTimeoutError(
pymongo.errors.ServerSelectionTimeoutError: localhost:27017: [WinError 10061] No connection could be made because the target machine actively refused it, Timeout: 30s, Topology Description: <TopologyDescription id: 6a75ef9b5f498b469edb3b74, topology_type: Single, servers: [<ServerDescription ('localhost', 27017) server_type: Unknown, rtt: None, error=AutoReconnect('localhost:27017: [WinError 10061] No connection could be made because the target machine actively refused it')>]>
--------------------------------------------------------------------------------
Exception on /api/customer/wallet/:
Traceback (most recent call last):
  File "e:\MealMate\backend\venv\lib\site-packages\django\core\handlers\base.py", line 181, in _get_response
    response = wrapped_callback(request, *callback_args, **callback_kwargs)
  File "e:\MealMate\backend\venv\lib\site-packages\django\views\decorators\csrf.py", line 54, in wrapped_view
    return view_func(*args, **kwargs)
  File "e:\MealMate\backend\venv\lib\site-packages\django\views\generic\base.py", line 70, in view
    return self.dispatch(request, *args, **kwargs)
  File "e:\MealMate\backend\venv\lib\site-packages\rest_framework\views.py", line 509, in dispatch
    response = self.handle_exception(exc)
  File "e:\MealMate\backend\venv\lib\site-packages\rest_framework\views.py", line 469, in handle_exception
    self.raise_uncaught_exception(exc)
  File "e:\MealMate\backend\venv\lib\site-packages\rest_framework\views.py", line 480, in raise_uncaught_exception
    raise exc
  File "e:\MealMate\backend\venv\lib\site-packages\rest_framework\views.py", line 506, in dispatch
    response = handler(request, *args, **kwargs)
  File "E:\MealMate\backend\core\api\customer_api\views.py", line 291, in get
    wallet = db.core_wallet.find_one({"user_id": user_id})
  File "e:\MealMate\backend\venv\lib\site-packages\pymongo\collection.py", line 1328, in find_one
    for result in cursor.limit(-1):
  File "e:\MealMate\backend\venv\lib\site-packages\pymongo\cursor.py", line 1238, in next
    if len(self.__data) or self._refresh():
  File "e:\MealMate\backend\venv\lib\site-packages\pymongo\cursor.py", line 1130, in _refresh
    self.__session = self.__collection.database.client._ensure_session()
  File "e:\MealMate\backend\venv\lib\site-packages\pymongo\mongo_client.py", line 1935, in _ensure_session
    return self.__start_session(True, causal_consistency=False)
  File "e:\MealMate\backend\venv\lib\site-packages\pymongo\mongo_client.py", line 1883, in __start_session
    server_session = self._get_server_session()
  File "e:\MealMate\backend\venv\lib\site-packages\pymongo\mongo_client.py", line 1921, in _get_server_session
    return self._topology.get_server_session()
  File "e:\MealMate\backend\venv\lib\site-packages\pymongo\topology.py", line 520, in get_server_session
    session_timeout = self._check_session_support()
  File "e:\MealMate\backend\venv\lib\site-packages\pymongo\topology.py", line 499, in _check_session_support
    self._select_servers_loop(
  File "e:\MealMate\backend\venv\lib\site-packages\pymongo\topology.py", line 218, in _select_servers_loop
    raise ServerSelectionTimeoutError(
pymongo.errors.ServerSelectionTimeoutError: localhost:27017: [WinError 10061] No connection could be made because the target machine actively refused it, Timeout: 30s, Topology Description: <TopologyDescription id: 6a75ef9b5f498b469edb3b72, topology_type: Single, servers: [<ServerDescription ('localhost', 27017) server_type: Unknown, rtt: None, error=AutoReconnect('localhost:27017: [WinError 10061] No connection could be made because the target machine actively refused it')>]>
--------------------------------------------------------------------------------
Exception on /api/customer/recommendations/:
Traceback (most recent call last):
  File "e:\MealMate\backend\venv\lib\site-packages\django\core\handlers\base.py", line 181, in _get_response
    response = wrapped_callback(request, *callback_args, **callback_kwargs)
  File "e:\MealMate\backend\venv\lib\site-packages\django\views\decorators\csrf.py", line 54, in wrapped_view
    return view_func(*args, **kwargs)
  File "e:\MealMate\backend\venv\lib\site-packages\django\views\generic\base.py", line 70, in view
    return self.dispatch(request, *args, **kwargs)
  File "e:\MealMate\backend\venv\lib\site-packages\rest_framework\views.py", line 509, in dispatch
    response = self.handle_exception(exc)
  File "e:\MealMate\backend\venv\lib\site-packages\rest_framework\views.py", line 469, in handle_exception
    self.raise_uncaught_exception(exc)
  File "e:\MealMate\backend\venv\lib\site-packages\rest_framework\views.py", line 480, in raise_uncaught_exception
    raise exc
  File "e:\MealMate\backend\venv\lib\site-packages\rest_framework\views.py", line 506, in dispatch
    response = handler(request, *args, **kwargs)
  File "E:\MealMate\backend\core\api\customer_api\views.py", line 227, in get
    past_orders = list(db.core_order.find({"customer_id": user_id}))
  File "e:\MealMate\backend\venv\lib\site-packages\pymongo\cursor.py", line 1238, in next
    if len(self.__data) or self._refresh():
  File "e:\MealMate\backend\venv\lib\site-packages\pymongo\cursor.py", line 1130, in _refresh
    self.__session = self.__collection.database.client._ensure_session()
  File "e:\MealMate\backend\venv\lib\site-packages\pymongo\mongo_client.py", line 1935, in _ensure_session
    return self.__start_session(True, causal_consistency=False)
  File "e:\MealMate\backend\venv\lib\site-packages\pymongo\mongo_client.py", line 1883, in __start_session
    server_session = self._get_server_session()
  File "e:\MealMate\backend\venv\lib\site-packages\pymongo\mongo_client.py", line 1921, in _get_server_session
    return self._topology.get_server_session()
  File "e:\MealMate\backend\venv\lib\site-packages\pymongo\topology.py", line 520, in get_server_session
    session_timeout = self._check_session_support()
  File "e:\MealMate\backend\venv\lib\site-packages\pymongo\topology.py", line 499, in _check_session_support
    self._select_servers_loop(
  File "e:\MealMate\backend\venv\lib\site-packages\pymongo\topology.py", line 218, in _select_servers_loop
    raise ServerSelectionTimeoutError(
pymongo.errors.ServerSelectionTimeoutError: localhost:27017: [WinError 10061] No connection could be made because the target machine actively refused it, Timeout: 30s, Topology Description: <TopologyDescription id: 6a75ef9b5f498b469edb3b73, topology_type: Single, servers: [<ServerDescription ('localhost', 27017) server_type: Unknown, rtt: None, error=AutoReconnect('localhost:27017: [WinError 10061] No connection could be made because the target machine actively refused it')>]>
--------------------------------------------------------------------------------
Exception on /api/customer/orders/:
Traceback (most recent call last):
  File "e:\MealMate\backend\venv\lib\site-packages\django\core\handlers\base.py", line 181, in _get_response
    response = wrapped_callback(request, *callback_args, **callback_kwargs)
  File "e:\MealMate\backend\venv\lib\site-packages\django\views\decorators\csrf.py", line 54, in wrapped_view
    return view_func(*args, **kwargs)
  File "e:\MealMate\backend\venv\lib\site-packages\rest_framework\viewsets.py", line 125, in view
    return self.dispatch(request, *args, **kwargs)
  File "e:\MealMate\backend\venv\lib\site-packages\rest_framework\views.py", line 509, in dispatch
    response = self.handle_exception(exc)
  File "e:\MealMate\backend\venv\lib\site-packages\rest_framework\views.py", line 469, in handle_exception
    self.raise_uncaught_exception(exc)
  File "e:\MealMate\backend\venv\lib\site-packages\rest_framework\views.py", line 480, in raise_uncaught_exception
    raise exc
  File "e:\MealMate\backend\venv\lib\site-packages\rest_framework\views.py", line 506, in dispatch
    response = handler(request, *args, **kwargs)
  File "E:\MealMate\backend\core\api\customer_api\views.py", line 45, in list
    for doc in orders_cursor:
  File "e:\MealMate\backend\venv\lib\site-packages\pymongo\cursor.py", line 1238, in next
    if len(self.__data) or self._refresh():
  File "e:\MealMate\backend\venv\lib\site-packages\pymongo\cursor.py", line 1130, in _refresh
    self.__session = self.__collection.database.client._ensure_session()
  File "e:\MealMate\backend\venv\lib\site-packages\pymongo\mongo_client.py", line 1935, in _ensure_session
    return self.__start_session(True, causal_consistency=False)
  File "e:\MealMate\backend\venv\lib\site-packages\pymongo\mongo_client.py", line 1883, in __start_session
    server_session = self._get_server_session()
  File "e:\MealMate\backend\venv\lib\site-packages\pymongo\mongo_client.py", line 1921, in _get_server_session
    return self._topology.get_server_session()
  File "e:\MealMate\backend\venv\lib\site-packages\pymongo\topology.py", line 520, in get_server_session
    session_timeout = self._check_session_support()
  File "e:\MealMate\backend\venv\lib\site-packages\pymongo\topology.py", line 499, in _check_session_support
    self._select_servers_loop(
  File "e:\MealMate\backend\venv\lib\site-packages\pymongo\topology.py", line 218, in _select_servers_loop
    raise ServerSelectionTimeoutError(
pymongo.errors.ServerSelectionTimeoutError: localhost:27017: [WinError 10061] No connection could be made because the target machine actively refused it, Timeout: 30s, Topology Description: <TopologyDescription id: 6a75ef9b5f498b469edb3b71, topology_type: Single, servers: [<ServerDescription ('localhost', 27017) server_type: Unknown, rtt: None, error=AutoReconnect('localhost:27017: [WinError 10061] No connection could be made because the target machine actively refused it')>]>
--------------------------------------------------------------------------------
Exception on /api/restaurant/menu/:
Traceback (most recent call last):
  File "e:\MealMate\backend\venv\lib\site-packages\djongo\sql2mongo\query.py", line 808, in __iter__
    yield from iter(self._query)
  File "e:\MealMate\backend\venv\lib\site-packages\djongo\sql2mongo\query.py", line 166, in __iter__
    for doc in cursor:
  File "e:\MealMate\backend\venv\lib\site-packages\pymongo\cursor.py", line 1238, in next
    if len(self.__data) or self._refresh():
  File "e:\MealMate\backend\venv\lib\site-packages\pymongo\cursor.py", line 1130, in _refresh
    self.__session = self.__collection.database.client._ensure_session()
  File "e:\MealMate\backend\venv\lib\site-packages\pymongo\mongo_client.py", line 1935, in _ensure_session
    return self.__start_session(True, causal_consistency=False)
  File "e:\MealMate\backend\venv\lib\site-packages\pymongo\mongo_client.py", line 1883, in __start_session
    server_session = self._get_server_session()
  File "e:\MealMate\backend\venv\lib\site-packages\pymongo\mongo_client.py", line 1921, in _get_server_session
    return self._topology.get_server_session()
  File "e:\MealMate\backend\venv\lib\site-packages\pymongo\topology.py", line 520, in get_server_session
    session_timeout = self._check_session_support()
  File "e:\MealMate\backend\venv\lib\site-packages\pymongo\topology.py", line 499, in _check_session_support
    self._select_servers_loop(
  File "e:\MealMate\backend\venv\lib\site-packages\pymongo\topology.py", line 218, in _select_servers_loop
    raise ServerSelectionTimeoutError(
pymongo.errors.ServerSelectionTimeoutError: localhost:27017: [WinError 10061] No connection could be made because the target machine actively refused it, Timeout: 30s, Topology Description: <TopologyDescription id: 6a75a8f95f498b469edb35c9, topology_type: Single, servers: [<ServerDescription ('localhost', 27017) server_type: Unknown, rtt: None, error=AutoReconnect('localhost:27017: [WinError 10061] No connection could be made because the target machine actively refused it')>]>

The above exception was the direct cause of the following exception:

Traceback (most recent call last):
  File "e:\MealMate\backend\venv\lib\site-packages\djongo\cursor.py", line 65, in fetchmany
    ret.append(self.result.next())
  File "e:\MealMate\backend\venv\lib\site-packages\djongo\sql2mongo\query.py", line 797, in __next__
    result = next(self._result_generator)
  File "e:\MealMate\backend\venv\lib\site-packages\djongo\sql2mongo\query.py", line 830, in __iter__
    raise exe from e
djongo.exceptions.SQLDecodeError: 

	Keyword: FAILED SQL: SELECT "core_menuitem"."id", "core_menuitem"."restaurant_id", "core_menuitem"."name", "core_menuitem"."category", "core_menuitem"."description", "core_menuitem"."price", "core_menuitem"."image_url", "core_menuitem"."is_available" FROM "core_menuitem"
Params: ()
Version: 1.3.6
	Sub SQL: None
	FAILED SQL: None
	Params: None
	Version: None

The above exception was the direct cause of the following exception:

Traceback (most recent call last):
  File "e:\MealMate\backend\venv\lib\site-packages\django\db\utils.py", line 97, in inner
    return func(*args, **kwargs)
  File "e:\MealMate\backend\venv\lib\site-packages\djongo\cursor.py", line 70, in fetchmany
    raise db_exe from e
djongo.database.DatabaseError

The above exception was the direct cause of the following exception:

Traceback (most recent call last):
  File "e:\MealMate\backend\venv\lib\site-packages\django\core\handlers\base.py", line 181, in _get_response
    response = wrapped_callback(request, *callback_args, **callback_kwargs)
  File "e:\MealMate\backend\venv\lib\site-packages\django\views\decorators\csrf.py", line 54, in wrapped_view
    return view_func(*args, **kwargs)
  File "e:\MealMate\backend\venv\lib\site-packages\rest_framework\viewsets.py", line 125, in view
    return self.dispatch(request, *args, **kwargs)
  File "e:\MealMate\backend\venv\lib\site-packages\rest_framework\views.py", line 509, in dispatch
    response = self.handle_exception(exc)
  File "e:\MealMate\backend\venv\lib\site-packages\rest_framework\views.py", line 469, in handle_exception
    self.raise_uncaught_exception(exc)
  File "e:\MealMate\backend\venv\lib\site-packages\rest_framework\views.py", line 480, in raise_uncaught_exception
    raise exc
  File "e:\MealMate\backend\venv\lib\site-packages\rest_framework\views.py", line 506, in dispatch
    response = handler(request, *args, **kwargs)
  File "e:\MealMate\backend\venv\lib\site-packages\rest_framework\mixins.py", line 46, in list
    return Response(serializer.data)
  File "e:\MealMate\backend\venv\lib\site-packages\rest_framework\serializers.py", line 768, in data
    ret = super().data
  File "e:\MealMate\backend\venv\lib\site-packages\rest_framework\serializers.py", line 253, in data
    self._data = self.to_representation(self.instance)
  File "e:\MealMate\backend\venv\lib\site-packages\rest_framework\serializers.py", line 686, in to_representation
    return [
  File "e:\MealMate\backend\venv\lib\site-packages\django\db\models\query.py", line 280, in __iter__
    self._fetch_all()
  File "e:\MealMate\backend\venv\lib\site-packages\django\db\models\query.py", line 1324, in _fetch_all
    self._result_cache = list(self._iterable_class(self))
  File "e:\MealMate\backend\venv\lib\site-packages\django\db\models\query.py", line 51, in __iter__
    results = compiler.execute_sql(chunked_fetch=self.chunked_fetch, chunk_size=self.chunk_size)
  File "e:\MealMate\backend\venv\lib\site-packages\django\db\models\sql\compiler.py", line 1208, in execute_sql
    return list(result)
  File "e:\MealMate\backend\venv\lib\site-packages\django\db\models\sql\compiler.py", line 1646, in cursor_iter
    for rows in iter((lambda: cursor.fetchmany(itersize)), sentinel):
  File "e:\MealMate\backend\venv\lib\site-packages\django\db\models\sql\compiler.py", line 1646, in <lambda>
    for rows in iter((lambda: cursor.fetchmany(itersize)), sentinel):
  File "e:\MealMate\backend\venv\lib\site-packages\django\db\utils.py", line 96, in inner
    with self:
  File "e:\MealMate\backend\venv\lib\site-packages\django\db\utils.py", line 90, in __exit__
    raise dj_exc_value.with_traceback(traceback) from exc_value
  File "e:\MealMate\backend\venv\lib\site-packages\django\db\utils.py", line 97, in inner
    return func(*args, **kwargs)
  File "e:\MealMate\backend\venv\lib\site-packages\djongo\cursor.py", line 70, in fetchmany
    raise db_exe from e
django.db.utils.DatabaseError
--------------------------------------------------------------------------------
Exception on /api/customer/restaurants/:
Traceback (most recent call last):
  File "e:\MealMate\backend\venv\lib\site-packages\djongo\sql2mongo\query.py", line 808, in __iter__
    yield from iter(self._query)
  File "e:\MealMate\backend\venv\lib\site-packages\djongo\sql2mongo\query.py", line 166, in __iter__
    for doc in cursor:
  File "e:\MealMate\backend\venv\lib\site-packages\pymongo\cursor.py", line 1238, in next
    if len(self.__data) or self._refresh():
  File "e:\MealMate\backend\venv\lib\site-packages\pymongo\cursor.py", line 1130, in _refresh
    self.__session = self.__collection.database.client._ensure_session()
  File "e:\MealMate\backend\venv\lib\site-packages\pymongo\mongo_client.py", line 1935, in _ensure_session
    return self.__start_session(True, causal_consistency=False)
  File "e:\MealMate\backend\venv\lib\site-packages\pymongo\mongo_client.py", line 1883, in __start_session
    server_session = self._get_server_session()
  File "e:\MealMate\backend\venv\lib\site-packages\pymongo\mongo_client.py", line 1921, in _get_server_session
    return self._topology.get_server_session()
  File "e:\MealMate\backend\venv\lib\site-packages\pymongo\topology.py", line 520, in get_server_session
    session_timeout = self._check_session_support()
  File "e:\MealMate\backend\venv\lib\site-packages\pymongo\topology.py", line 499, in _check_session_support
    self._select_servers_loop(
  File "e:\MealMate\backend\venv\lib\site-packages\pymongo\topology.py", line 218, in _select_servers_loop
    raise ServerSelectionTimeoutError(
pymongo.errors.ServerSelectionTimeoutError: localhost:27017: [WinError 10061] No connection could be made because the target machine actively refused it, Timeout: 30s, Topology Description: <TopologyDescription id: 6a75a8f95f498b469edb35c9, topology_type: Single, servers: [<ServerDescription ('localhost', 27017) server_type: Unknown, rtt: None, error=AutoReconnect('localhost:27017: [WinError 10061] No connection could be made because the target machine actively refused it')>]>

The above exception was the direct cause of the following exception:

Traceback (most recent call last):
  File "e:\MealMate\backend\venv\lib\site-packages\djongo\cursor.py", line 65, in fetchmany
    ret.append(self.result.next())
  File "e:\MealMate\backend\venv\lib\site-packages\djongo\sql2mongo\query.py", line 797, in __next__
    result = next(self._result_generator)
  File "e:\MealMate\backend\venv\lib\site-packages\djongo\sql2mongo\query.py", line 830, in __iter__
    raise exe from e
djongo.exceptions.SQLDecodeError: 

	Keyword: FAILED SQL: SELECT "core_restaurant"."id", "core_restaurant"."owner_id", "core_restaurant"."name", "core_restaurant"."description", "core_restaurant"."address", "core_restaurant"."banner_url", "core_restaurant"."is_open", "core_restaurant"."rating" FROM "core_restaurant"
Params: ()
Version: 1.3.6
	Sub SQL: None
	FAILED SQL: None
	Params: None
	Version: None

The above exception was the direct cause of the following exception:

Traceback (most recent call last):
  File "e:\MealMate\backend\venv\lib\site-packages\django\db\utils.py", line 97, in inner
    return func(*args, **kwargs)
  File "e:\MealMate\backend\venv\lib\site-packages\djongo\cursor.py", line 70, in fetchmany
    raise db_exe from e
djongo.database.DatabaseError

The above exception was the direct cause of the following exception:

Traceback (most recent call last):
  File "e:\MealMate\backend\venv\lib\site-packages\django\core\handlers\base.py", line 181, in _get_response
    response = wrapped_callback(request, *callback_args, **callback_kwargs)
  File "e:\MealMate\backend\venv\lib\site-packages\django\views\decorators\csrf.py", line 54, in wrapped_view
    return view_func(*args, **kwargs)
  File "e:\MealMate\backend\venv\lib\site-packages\rest_framework\viewsets.py", line 125, in view
    return self.dispatch(request, *args, **kwargs)
  File "e:\MealMate\backend\venv\lib\site-packages\rest_framework\views.py", line 509, in dispatch
    response = self.handle_exception(exc)
  File "e:\MealMate\backend\venv\lib\site-packages\rest_framework\views.py", line 469, in handle_exception
    self.raise_uncaught_exception(exc)
  File "e:\MealMate\backend\venv\lib\site-packages\rest_framework\views.py", line 480, in raise_uncaught_exception
    raise exc
  File "e:\MealMate\backend\venv\lib\site-packages\rest_framework\views.py", line 506, in dispatch
    response = handler(request, *args, **kwargs)
  File "e:\MealMate\backend\venv\lib\site-packages\rest_framework\mixins.py", line 46, in list
    return Response(serializer.data)
  File "e:\MealMate\backend\venv\lib\site-packages\rest_framework\serializers.py", line 768, in data
    ret = super().data
  File "e:\MealMate\backend\venv\lib\site-packages\rest_framework\serializers.py", line 253, in data
    self._data = self.to_representation(self.instance)
  File "e:\MealMate\backend\venv\lib\site-packages\rest_framework\serializers.py", line 686, in to_representation
    return [
  File "e:\MealMate\backend\venv\lib\site-packages\django\db\models\query.py", line 280, in __iter__
    self._fetch_all()
  File "e:\MealMate\backend\venv\lib\site-packages\django\db\models\query.py", line 1324, in _fetch_all
    self._result_cache = list(self._iterable_class(self))
  File "e:\MealMate\backend\venv\lib\site-packages\django\db\models\query.py", line 51, in __iter__
    results = compiler.execute_sql(chunked_fetch=self.chunked_fetch, chunk_size=self.chunk_size)
  File "e:\MealMate\backend\venv\lib\site-packages\django\db\models\sql\compiler.py", line 1208, in execute_sql
    return list(result)
  File "e:\MealMate\backend\venv\lib\site-packages\django\db\models\sql\compiler.py", line 1646, in cursor_iter
    for rows in iter((lambda: cursor.fetchmany(itersize)), sentinel):
  File "e:\MealMate\backend\venv\lib\site-packages\django\db\models\sql\compiler.py", line 1646, in <lambda>
    for rows in iter((lambda: cursor.fetchmany(itersize)), sentinel):
  File "e:\MealMate\backend\venv\lib\site-packages\django\db\utils.py", line 96, in inner
    with self:
  File "e:\MealMate\backend\venv\lib\site-packages\django\db\utils.py", line 90, in __exit__
    raise dj_exc_value.with_traceback(traceback) from exc_value
  File "e:\MealMate\backend\venv\lib\site-packages\django\db\utils.py", line 97, in inner
    return func(*args, **kwargs)
  File "e:\MealMate\backend\venv\lib\site-packages\djongo\cursor.py", line 70, in fetchmany
    raise db_exe from e
django.db.utils.DatabaseError
--------------------------------------------------------------------------------
Exception on /api/customer/wallet/:
Traceback (most recent call last):
  File "e:\MealMate\backend\venv\lib\site-packages\django\core\handlers\base.py", line 181, in _get_response
    response = wrapped_callback(request, *callback_args, **callback_kwargs)
  File "e:\MealMate\backend\venv\lib\site-packages\django\views\decorators\csrf.py", line 54, in wrapped_view
    return view_func(*args, **kwargs)
  File "e:\MealMate\backend\venv\lib\site-packages\django\views\generic\base.py", line 70, in view
    return self.dispatch(request, *args, **kwargs)
  File "e:\MealMate\backend\venv\lib\site-packages\rest_framework\views.py", line 509, in dispatch
    response = self.handle_exception(exc)
  File "e:\MealMate\backend\venv\lib\site-packages\rest_framework\views.py", line 469, in handle_exception
    self.raise_uncaught_exception(exc)
  File "e:\MealMate\backend\venv\lib\site-packages\rest_framework\views.py", line 480, in raise_uncaught_exception
    raise exc
  File "e:\MealMate\backend\venv\lib\site-packages\rest_framework\views.py", line 506, in dispatch
    response = handler(request, *args, **kwargs)
  File "E:\MealMate\backend\core\api\customer_api\views.py", line 291, in get
    wallet = db.core_wallet.find_one({"user_id": user_id})
  File "e:\MealMate\backend\venv\lib\site-packages\pymongo\collection.py", line 1328, in find_one
    for result in cursor.limit(-1):
  File "e:\MealMate\backend\venv\lib\site-packages\pymongo\cursor.py", line 1238, in next
    if len(self.__data) or self._refresh():
  File "e:\MealMate\backend\venv\lib\site-packages\pymongo\cursor.py", line 1130, in _refresh
    self.__session = self.__collection.database.client._ensure_session()
  File "e:\MealMate\backend\venv\lib\site-packages\pymongo\mongo_client.py", line 1935, in _ensure_session
    return self.__start_session(True, causal_consistency=False)
  File "e:\MealMate\backend\venv\lib\site-packages\pymongo\mongo_client.py", line 1883, in __start_session
    server_session = self._get_server_session()
  File "e:\MealMate\backend\venv\lib\site-packages\pymongo\mongo_client.py", line 1921, in _get_server_session
    return self._topology.get_server_session()
  File "e:\MealMate\backend\venv\lib\site-packages\pymongo\topology.py", line 520, in get_server_session
    session_timeout = self._check_session_support()
  File "e:\MealMate\backend\venv\lib\site-packages\pymongo\topology.py", line 499, in _check_session_support
    self._select_servers_loop(
  File "e:\MealMate\backend\venv\lib\site-packages\pymongo\topology.py", line 218, in _select_servers_loop
    raise ServerSelectionTimeoutError(
pymongo.errors.ServerSelectionTimeoutError: localhost:27017: [WinError 10061] No connection could be made because the target machine actively refused it, Timeout: 30s, Topology Description: <TopologyDescription id: 6a75efba5f498b469edb3b76, topology_type: Single, servers: [<ServerDescription ('localhost', 27017) server_type: Unknown, rtt: None, error=AutoReconnect('localhost:27017: [WinError 10061] No connection could be made because the target machine actively refused it')>]>
--------------------------------------------------------------------------------
Exception on /api/customer/orders/:
Traceback (most recent call last):
  File "e:\MealMate\backend\venv\lib\site-packages\django\core\handlers\base.py", line 181, in _get_response
    response = wrapped_callback(request, *callback_args, **callback_kwargs)
  File "e:\MealMate\backend\venv\lib\site-packages\django\views\decorators\csrf.py", line 54, in wrapped_view
    return view_func(*args, **kwargs)
  File "e:\MealMate\backend\venv\lib\site-packages\rest_framework\viewsets.py", line 125, in view
    return self.dispatch(request, *args, **kwargs)
  File "e:\MealMate\backend\venv\lib\site-packages\rest_framework\views.py", line 509, in dispatch
    response = self.handle_exception(exc)
  File "e:\MealMate\backend\venv\lib\site-packages\rest_framework\views.py", line 469, in handle_exception
    self.raise_uncaught_exception(exc)
  File "e:\MealMate\backend\venv\lib\site-packages\rest_framework\views.py", line 480, in raise_uncaught_exception
    raise exc
  File "e:\MealMate\backend\venv\lib\site-packages\rest_framework\views.py", line 506, in dispatch
    response = handler(request, *args, **kwargs)
  File "E:\MealMate\backend\core\api\customer_api\views.py", line 45, in list
    for doc in orders_cursor:
  File "e:\MealMate\backend\venv\lib\site-packages\pymongo\cursor.py", line 1238, in next
    if len(self.__data) or self._refresh():
  File "e:\MealMate\backend\venv\lib\site-packages\pymongo\cursor.py", line 1130, in _refresh
    self.__session = self.__collection.database.client._ensure_session()
  File "e:\MealMate\backend\venv\lib\site-packages\pymongo\mongo_client.py", line 1935, in _ensure_session
    return self.__start_session(True, causal_consistency=False)
  File "e:\MealMate\backend\venv\lib\site-packages\pymongo\mongo_client.py", line 1883, in __start_session
    server_session = self._get_server_session()
  File "e:\MealMate\backend\venv\lib\site-packages\pymongo\mongo_client.py", line 1921, in _get_server_session
    return self._topology.get_server_session()
  File "e:\MealMate\backend\venv\lib\site-packages\pymongo\topology.py", line 520, in get_server_session
    session_timeout = self._check_session_support()
  File "e:\MealMate\backend\venv\lib\site-packages\pymongo\topology.py", line 499, in _check_session_support
    self._select_servers_loop(
  File "e:\MealMate\backend\venv\lib\site-packages\pymongo\topology.py", line 218, in _select_servers_loop
    raise ServerSelectionTimeoutError(
pymongo.errors.ServerSelectionTimeoutError: localhost:27017: [WinError 10061] No connection could be made because the target machine actively refused it, Timeout: 30s, Topology Description: <TopologyDescription id: 6a75efba5f498b469edb3b75, topology_type: Single, servers: [<ServerDescription ('localhost', 27017) server_type: Unknown, rtt: None, error=AutoReconnect('localhost:27017: [WinError 10061] No connection could be made because the target machine actively refused it')>]>
--------------------------------------------------------------------------------
Exception on /api/customer/recommendations/:
Traceback (most recent call last):
  File "e:\MealMate\backend\venv\lib\site-packages\django\core\handlers\base.py", line 181, in _get_response
    response = wrapped_callback(request, *callback_args, **callback_kwargs)
  File "e:\MealMate\backend\venv\lib\site-packages\django\views\decorators\csrf.py", line 54, in wrapped_view
    return view_func(*args, **kwargs)
  File "e:\MealMate\backend\venv\lib\site-packages\django\views\generic\base.py", line 70, in view
    return self.dispatch(request, *args, **kwargs)
  File "e:\MealMate\backend\venv\lib\site-packages\rest_framework\views.py", line 509, in dispatch
    response = self.handle_exception(exc)
  File "e:\MealMate\backend\venv\lib\site-packages\rest_framework\views.py", line 469, in handle_exception
    self.raise_uncaught_exception(exc)
  File "e:\MealMate\backend\venv\lib\site-packages\rest_framework\views.py", line 480, in raise_uncaught_exception
    raise exc
  File "e:\MealMate\backend\venv\lib\site-packages\rest_framework\views.py", line 506, in dispatch
    response = handler(request, *args, **kwargs)
  File "E:\MealMate\backend\core\api\customer_api\views.py", line 227, in get
    past_orders = list(db.core_order.find({"customer_id": user_id}))
  File "e:\MealMate\backend\venv\lib\site-packages\pymongo\cursor.py", line 1238, in next
    if len(self.__data) or self._refresh():
  File "e:\MealMate\backend\venv\lib\site-packages\pymongo\cursor.py", line 1130, in _refresh
    self.__session = self.__collection.database.client._ensure_session()
  File "e:\MealMate\backend\venv\lib\site-packages\pymongo\mongo_client.py", line 1935, in _ensure_session
    return self.__start_session(True, causal_consistency=False)
  File "e:\MealMate\backend\venv\lib\site-packages\pymongo\mongo_client.py", line 1883, in __start_session
    server_session = self._get_server_session()
  File "e:\MealMate\backend\venv\lib\site-packages\pymongo\mongo_client.py", line 1921, in _get_server_session
    return self._topology.get_server_session()
  File "e:\MealMate\backend\venv\lib\site-packages\pymongo\topology.py", line 520, in get_server_session
    session_timeout = self._check_session_support()
  File "e:\MealMate\backend\venv\lib\site-packages\pymongo\topology.py", line 499, in _check_session_support
    self._select_servers_loop(
  File "e:\MealMate\backend\venv\lib\site-packages\pymongo\topology.py", line 218, in _select_servers_loop
    raise ServerSelectionTimeoutError(
pymongo.errors.ServerSelectionTimeoutError: localhost:27017: [WinError 10061] No connection could be made because the target machine actively refused it, Timeout: 30s, Topology Description: <TopologyDescription id: 6a75efd85f498b469edb3b77, topology_type: Single, servers: [<ServerDescription ('localhost', 27017) server_type: Unknown, rtt: None, error=AutoReconnect('localhost:27017: [WinError 10061] No connection could be made because the target machine actively refused it')>]>
--------------------------------------------------------------------------------
Exception on /api/customer/validate_coupon/:
Traceback (most recent call last):
  File "e:\MealMate\backend\venv\lib\site-packages\django\core\handlers\base.py", line 181, in _get_response
    response = wrapped_callback(request, *callback_args, **callback_kwargs)
  File "e:\MealMate\backend\venv\lib\site-packages\django\views\decorators\csrf.py", line 54, in wrapped_view
    return view_func(*args, **kwargs)
  File "e:\MealMate\backend\venv\lib\site-packages\django\views\generic\base.py", line 70, in view
    return self.dispatch(request, *args, **kwargs)
  File "e:\MealMate\backend\venv\lib\site-packages\rest_framework\views.py", line 509, in dispatch
    response = self.handle_exception(exc)
  File "e:\MealMate\backend\venv\lib\site-packages\rest_framework\views.py", line 469, in handle_exception
    self.raise_uncaught_exception(exc)
  File "e:\MealMate\backend\venv\lib\site-packages\rest_framework\views.py", line 480, in raise_uncaught_exception
    raise exc
  File "e:\MealMate\backend\venv\lib\site-packages\rest_framework\views.py", line 506, in dispatch
    response = handler(request, *args, **kwargs)
  File "E:\MealMate\backend\core\api\customer_api\views.py", line 197, in get
    coupons = list(coupons_cursor)
  File "e:\MealMate\backend\venv\lib\site-packages\pymongo\cursor.py", line 1238, in next
    if len(self.__data) or self._refresh():
  File "e:\MealMate\backend\venv\lib\site-packages\pymongo\cursor.py", line 1130, in _refresh
    self.__session = self.__collection.database.client._ensure_session()
  File "e:\MealMate\backend\venv\lib\site-packages\pymongo\mongo_client.py", line 1935, in _ensure_session
    return self.__start_session(True, causal_consistency=False)
  File "e:\MealMate\backend\venv\lib\site-packages\pymongo\mongo_client.py", line 1883, in __start_session
    server_session = self._get_server_session()
  File "e:\MealMate\backend\venv\lib\site-packages\pymongo\mongo_client.py", line 1921, in _get_server_session
    return self._topology.get_server_session()
  File "e:\MealMate\backend\venv\lib\site-packages\pymongo\topology.py", line 520, in get_server_session
    session_timeout = self._check_session_support()
  File "e:\MealMate\backend\venv\lib\site-packages\pymongo\topology.py", line 499, in _check_session_support
    self._select_servers_loop(
  File "e:\MealMate\backend\venv\lib\site-packages\pymongo\topology.py", line 218, in _select_servers_loop
    raise ServerSelectionTimeoutError(
pymongo.errors.ServerSelectionTimeoutError: localhost:27017: [WinError 10061] No connection could be made because the target machine actively refused it, Timeout: 30s, Topology Description: <TopologyDescription id: 6a75efd85f498b469edb3b78, topology_type: Single, servers: [<ServerDescription ('localhost', 27017) server_type: Unknown, rtt: None, error=AutoReconnect('localhost:27017: [WinError 10061] No connection could be made because the target machine actively refused it')>]>
--------------------------------------------------------------------------------
Exception on /api/delivery/orders/:
Traceback (most recent call last):
  File "e:\MealMate\backend\venv\lib\site-packages\django\core\handlers\base.py", line 181, in _get_response
    response = wrapped_callback(request, *callback_args, **callback_kwargs)
  File "e:\MealMate\backend\venv\lib\site-packages\django\views\decorators\csrf.py", line 54, in wrapped_view
    return view_func(*args, **kwargs)
  File "e:\MealMate\backend\venv\lib\site-packages\rest_framework\viewsets.py", line 125, in view
    return self.dispatch(request, *args, **kwargs)
  File "e:\MealMate\backend\venv\lib\site-packages\rest_framework\views.py", line 509, in dispatch
    response = self.handle_exception(exc)
  File "e:\MealMate\backend\venv\lib\site-packages\rest_framework\views.py", line 469, in handle_exception
    self.raise_uncaught_exception(exc)
  File "e:\MealMate\backend\venv\lib\site-packages\rest_framework\views.py", line 480, in raise_uncaught_exception
    raise exc
  File "e:\MealMate\backend\venv\lib\site-packages\rest_framework\views.py", line 506, in dispatch
    response = handler(request, *args, **kwargs)
  File "E:\MealMate\backend\core\api\delivery_api\views.py", line 28, in list
    for doc in orders_cursor:
  File "e:\MealMate\backend\venv\lib\site-packages\pymongo\cursor.py", line 1238, in next
    if len(self.__data) or self._refresh():
  File "e:\MealMate\backend\venv\lib\site-packages\pymongo\cursor.py", line 1130, in _refresh
    self.__session = self.__collection.database.client._ensure_session()
  File "e:\MealMate\backend\venv\lib\site-packages\pymongo\mongo_client.py", line 1935, in _ensure_session
    return self.__start_session(True, causal_consistency=False)
  File "e:\MealMate\backend\venv\lib\site-packages\pymongo\mongo_client.py", line 1883, in __start_session
    server_session = self._get_server_session()
  File "e:\MealMate\backend\venv\lib\site-packages\pymongo\mongo_client.py", line 1921, in _get_server_session
    return self._topology.get_server_session()
  File "e:\MealMate\backend\venv\lib\site-packages\pymongo\topology.py", line 520, in get_server_session
    session_timeout = self._check_session_support()
  File "e:\MealMate\backend\venv\lib\site-packages\pymongo\topology.py", line 499, in _check_session_support
    self._select_servers_loop(
  File "e:\MealMate\backend\venv\lib\site-packages\pymongo\topology.py", line 218, in _select_servers_loop
    raise ServerSelectionTimeoutError(
pymongo.errors.ServerSelectionTimeoutError: localhost:27017: [WinError 10061] No connection could be made because the target machine actively refused it, Timeout: 30s, Topology Description: <TopologyDescription id: 6a75efe45f498b469edb3b79, topology_type: Single, servers: [<ServerDescription ('localhost', 27017) server_type: Unknown, rtt: None, error=AutoReconnect('localhost:27017: [WinError 10061] No connection could be made because the target machine actively refused it')>]>
--------------------------------------------------------------------------------
Exception on /api/customer/restaurants/:
Traceback (most recent call last):
  File "e:\MealMate\backend\venv\lib\site-packages\djongo\sql2mongo\query.py", line 808, in __iter__
    yield from iter(self._query)
  File "e:\MealMate\backend\venv\lib\site-packages\djongo\sql2mongo\query.py", line 166, in __iter__
    for doc in cursor:
  File "e:\MealMate\backend\venv\lib\site-packages\pymongo\cursor.py", line 1238, in next
    if len(self.__data) or self._refresh():
  File "e:\MealMate\backend\venv\lib\site-packages\pymongo\cursor.py", line 1130, in _refresh
    self.__session = self.__collection.database.client._ensure_session()
  File "e:\MealMate\backend\venv\lib\site-packages\pymongo\mongo_client.py", line 1935, in _ensure_session
    return self.__start_session(True, causal_consistency=False)
  File "e:\MealMate\backend\venv\lib\site-packages\pymongo\mongo_client.py", line 1883, in __start_session
    server_session = self._get_server_session()
  File "e:\MealMate\backend\venv\lib\site-packages\pymongo\mongo_client.py", line 1921, in _get_server_session
    return self._topology.get_server_session()
  File "e:\MealMate\backend\venv\lib\site-packages\pymongo\topology.py", line 520, in get_server_session
    session_timeout = self._check_session_support()
  File "e:\MealMate\backend\venv\lib\site-packages\pymongo\topology.py", line 499, in _check_session_support
    self._select_servers_loop(
  File "e:\MealMate\backend\venv\lib\site-packages\pymongo\topology.py", line 218, in _select_servers_loop
    raise ServerSelectionTimeoutError(
pymongo.errors.ServerSelectionTimeoutError: localhost:27017: [WinError 10061] No connection could be made because the target machine actively refused it, Timeout: 30s, Topology Description: <TopologyDescription id: 6a75a8f95f498b469edb35c9, topology_type: Single, servers: [<ServerDescription ('localhost', 27017) server_type: Unknown, rtt: None, error=AutoReconnect('localhost:27017: [WinError 10061] No connection could be made because the target machine actively refused it')>]>

The above exception was the direct cause of the following exception:

Traceback (most recent call last):
  File "e:\MealMate\backend\venv\lib\site-packages\djongo\cursor.py", line 65, in fetchmany
    ret.append(self.result.next())
  File "e:\MealMate\backend\venv\lib\site-packages\djongo\sql2mongo\query.py", line 797, in __next__
    result = next(self._result_generator)
  File "e:\MealMate\backend\venv\lib\site-packages\djongo\sql2mongo\query.py", line 830, in __iter__
    raise exe from e
djongo.exceptions.SQLDecodeError: 

	Keyword: FAILED SQL: SELECT "core_restaurant"."id", "core_restaurant"."owner_id", "core_restaurant"."name", "core_restaurant"."description", "core_restaurant"."address", "core_restaurant"."banner_url", "core_restaurant"."is_open", "core_restaurant"."rating" FROM "core_restaurant"
Params: ()
Version: 1.3.6
	Sub SQL: None
	FAILED SQL: None
	Params: None
	Version: None

The above exception was the direct cause of the following exception:

Traceback (most recent call last):
  File "e:\MealMate\backend\venv\lib\site-packages\django\db\utils.py", line 97, in inner
    return func(*args, **kwargs)
  File "e:\MealMate\backend\venv\lib\site-packages\djongo\cursor.py", line 70, in fetchmany
    raise db_exe from e
djongo.database.DatabaseError

The above exception was the direct cause of the following exception:

Traceback (most recent call last):
  File "e:\MealMate\backend\venv\lib\site-packages\django\core\handlers\base.py", line 181, in _get_response
    response = wrapped_callback(request, *callback_args, **callback_kwargs)
  File "e:\MealMate\backend\venv\lib\site-packages\django\views\decorators\csrf.py", line 54, in wrapped_view
    return view_func(*args, **kwargs)
  File "e:\MealMate\backend\venv\lib\site-packages\rest_framework\viewsets.py", line 125, in view
    return self.dispatch(request, *args, **kwargs)
  File "e:\MealMate\backend\venv\lib\site-packages\rest_framework\views.py", line 509, in dispatch
    response = self.handle_exception(exc)
  File "e:\MealMate\backend\venv\lib\site-packages\rest_framework\views.py", line 469, in handle_exception
    self.raise_uncaught_exception(exc)
  File "e:\MealMate\backend\venv\lib\site-packages\rest_framework\views.py", line 480, in raise_uncaught_exception
    raise exc
  File "e:\MealMate\backend\venv\lib\site-packages\rest_framework\views.py", line 506, in dispatch
    response = handler(request, *args, **kwargs)
  File "e:\MealMate\backend\venv\lib\site-packages\rest_framework\mixins.py", line 46, in list
    return Response(serializer.data)
  File "e:\MealMate\backend\venv\lib\site-packages\rest_framework\serializers.py", line 768, in data
    ret = super().data
  File "e:\MealMate\backend\venv\lib\site-packages\rest_framework\serializers.py", line 253, in data
    self._data = self.to_representation(self.instance)
  File "e:\MealMate\backend\venv\lib\site-packages\rest_framework\serializers.py", line 686, in to_representation
    return [
  File "e:\MealMate\backend\venv\lib\site-packages\django\db\models\query.py", line 280, in __iter__
    self._fetch_all()
  File "e:\MealMate\backend\venv\lib\site-packages\django\db\models\query.py", line 1324, in _fetch_all
    self._result_cache = list(self._iterable_class(self))
  File "e:\MealMate\backend\venv\lib\site-packages\django\db\models\query.py", line 51, in __iter__
    results = compiler.execute_sql(chunked_fetch=self.chunked_fetch, chunk_size=self.chunk_size)
  File "e:\MealMate\backend\venv\lib\site-packages\django\db\models\sql\compiler.py", line 1208, in execute_sql
    return list(result)
  File "e:\MealMate\backend\venv\lib\site-packages\django\db\models\sql\compiler.py", line 1646, in cursor_iter
    for rows in iter((lambda: cursor.fetchmany(itersize)), sentinel):
  File "e:\MealMate\backend\venv\lib\site-packages\django\db\models\sql\compiler.py", line 1646, in <lambda>
    for rows in iter((lambda: cursor.fetchmany(itersize)), sentinel):
  File "e:\MealMate\backend\venv\lib\site-packages\django\db\utils.py", line 96, in inner
    with self:
  File "e:\MealMate\backend\venv\lib\site-packages\django\db\utils.py", line 90, in __exit__
    raise dj_exc_value.with_traceback(traceback) from exc_value
  File "e:\MealMate\backend\venv\lib\site-packages\django\db\utils.py", line 97, in inner
    return func(*args, **kwargs)
  File "e:\MealMate\backend\venv\lib\site-packages\djongo\cursor.py", line 70, in fetchmany
    raise db_exe from e
django.db.utils.DatabaseError
--------------------------------------------------------------------------------
Exception on /api/restaurant/menu/:
Traceback (most recent call last):
  File "e:\MealMate\backend\venv\lib\site-packages\djongo\sql2mongo\query.py", line 808, in __iter__
    yield from iter(self._query)
  File "e:\MealMate\backend\venv\lib\site-packages\djongo\sql2mongo\query.py", line 166, in __iter__
    for doc in cursor:
  File "e:\MealMate\backend\venv\lib\site-packages\pymongo\cursor.py", line 1238, in next
    if len(self.__data) or self._refresh():
  File "e:\MealMate\backend\venv\lib\site-packages\pymongo\cursor.py", line 1130, in _refresh
    self.__session = self.__collection.database.client._ensure_session()
  File "e:\MealMate\backend\venv\lib\site-packages\pymongo\mongo_client.py", line 1935, in _ensure_session
    return self.__start_session(True, causal_consistency=False)
  File "e:\MealMate\backend\venv\lib\site-packages\pymongo\mongo_client.py", line 1883, in __start_session
    server_session = self._get_server_session()
  File "e:\MealMate\backend\venv\lib\site-packages\pymongo\mongo_client.py", line 1921, in _get_server_session
    return self._topology.get_server_session()
  File "e:\MealMate\backend\venv\lib\site-packages\pymongo\topology.py", line 520, in get_server_session
    session_timeout = self._check_session_support()
  File "e:\MealMate\backend\venv\lib\site-packages\pymongo\topology.py", line 499, in _check_session_support
    self._select_servers_loop(
  File "e:\MealMate\backend\venv\lib\site-packages\pymongo\topology.py", line 218, in _select_servers_loop
    raise ServerSelectionTimeoutError(
pymongo.errors.ServerSelectionTimeoutError: localhost:27017: [WinError 10061] No connection could be made because the target machine actively refused it, Timeout: 30s, Topology Description: <TopologyDescription id: 6a75a8f95f498b469edb35c9, topology_type: Single, servers: [<ServerDescription ('localhost', 27017) server_type: Unknown, rtt: None, error=AutoReconnect('localhost:27017: [WinError 10061] No connection could be made because the target machine actively refused it')>]>

The above exception was the direct cause of the following exception:

Traceback (most recent call last):
  File "e:\MealMate\backend\venv\lib\site-packages\djongo\cursor.py", line 65, in fetchmany
    ret.append(self.result.next())
  File "e:\MealMate\backend\venv\lib\site-packages\djongo\sql2mongo\query.py", line 797, in __next__
    result = next(self._result_generator)
  File "e:\MealMate\backend\venv\lib\site-packages\djongo\sql2mongo\query.py", line 830, in __iter__
    raise exe from e
djongo.exceptions.SQLDecodeError: 

	Keyword: FAILED SQL: SELECT "core_menuitem"."id", "core_menuitem"."restaurant_id", "core_menuitem"."name", "core_menuitem"."category", "core_menuitem"."description", "core_menuitem"."price", "core_menuitem"."image_url", "core_menuitem"."is_available" FROM "core_menuitem"
Params: ()
Version: 1.3.6
	Sub SQL: None
	FAILED SQL: None
	Params: None
	Version: None

The above exception was the direct cause of the following exception:

Traceback (most recent call last):
  File "e:\MealMate\backend\venv\lib\site-packages\django\db\utils.py", line 97, in inner
    return func(*args, **kwargs)
  File "e:\MealMate\backend\venv\lib\site-packages\djongo\cursor.py", line 70, in fetchmany
    raise db_exe from e
djongo.database.DatabaseError

The above exception was the direct cause of the following exception:

Traceback (most recent call last):
  File "e:\MealMate\backend\venv\lib\site-packages\django\core\handlers\base.py", line 181, in _get_response
    response = wrapped_callback(request, *callback_args, **callback_kwargs)
  File "e:\MealMate\backend\venv\lib\site-packages\django\views\decorators\csrf.py", line 54, in wrapped_view
    return view_func(*args, **kwargs)
  File "e:\MealMate\backend\venv\lib\site-packages\rest_framework\viewsets.py", line 125, in view
    return self.dispatch(request, *args, **kwargs)
  File "e:\MealMate\backend\venv\lib\site-packages\rest_framework\views.py", line 509, in dispatch
    response = self.handle_exception(exc)
  File "e:\MealMate\backend\venv\lib\site-packages\rest_framework\views.py", line 469, in handle_exception
    self.raise_uncaught_exception(exc)
  File "e:\MealMate\backend\venv\lib\site-packages\rest_framework\views.py", line 480, in raise_uncaught_exception
    raise exc
  File "e:\MealMate\backend\venv\lib\site-packages\rest_framework\views.py", line 506, in dispatch
    response = handler(request, *args, **kwargs)
  File "e:\MealMate\backend\venv\lib\site-packages\rest_framework\mixins.py", line 46, in list
    return Response(serializer.data)
  File "e:\MealMate\backend\venv\lib\site-packages\rest_framework\serializers.py", line 768, in data
    ret = super().data
  File "e:\MealMate\backend\venv\lib\site-packages\rest_framework\serializers.py", line 253, in data
    self._data = self.to_representation(self.instance)
  File "e:\MealMate\backend\venv\lib\site-packages\rest_framework\serializers.py", line 686, in to_representation
    return [
  File "e:\MealMate\backend\venv\lib\site-packages\django\db\models\query.py", line 280, in __iter__
    self._fetch_all()
  File "e:\MealMate\backend\venv\lib\site-packages\django\db\models\query.py", line 1324, in _fetch_all
    self._result_cache = list(self._iterable_class(self))
  File "e:\MealMate\backend\venv\lib\site-packages\django\db\models\query.py", line 51, in __iter__
    results = compiler.execute_sql(chunked_fetch=self.chunked_fetch, chunk_size=self.chunk_size)
  File "e:\MealMate\backend\venv\lib\site-packages\django\db\models\sql\compiler.py", line 1208, in execute_sql
    return list(result)
  File "e:\MealMate\backend\venv\lib\site-packages\django\db\models\sql\compiler.py", line 1646, in cursor_iter
    for rows in iter((lambda: cursor.fetchmany(itersize)), sentinel):
  File "e:\MealMate\backend\venv\lib\site-packages\django\db\models\sql\compiler.py", line 1646, in <lambda>
    for rows in iter((lambda: cursor.fetchmany(itersize)), sentinel):
  File "e:\MealMate\backend\venv\lib\site-packages\django\db\utils.py", line 96, in inner
    with self:
  File "e:\MealMate\backend\venv\lib\site-packages\django\db\utils.py", line 90, in __exit__
    raise dj_exc_value.with_traceback(traceback) from exc_value
  File "e:\MealMate\backend\venv\lib\site-packages\django\db\utils.py", line 97, in inner
    return func(*args, **kwargs)
  File "e:\MealMate\backend\venv\lib\site-packages\djongo\cursor.py", line 70, in fetchmany
    raise db_exe from e
django.db.utils.DatabaseError
--------------------------------------------------------------------------------
Exception on /api/restaurant/menu/:
Traceback (most recent call last):
  File "e:\MealMate\backend\venv\lib\site-packages\djongo\sql2mongo\query.py", line 808, in __iter__
    yield from iter(self._query)
  File "e:\MealMate\backend\venv\lib\site-packages\djongo\sql2mongo\query.py", line 166, in __iter__
    for doc in cursor:
  File "e:\MealMate\backend\venv\lib\site-packages\pymongo\cursor.py", line 1238, in next
    if len(self.__data) or self._refresh():
  File "e:\MealMate\backend\venv\lib\site-packages\pymongo\cursor.py", line 1130, in _refresh
    self.__session = self.__collection.database.client._ensure_session()
  File "e:\MealMate\backend\venv\lib\site-packages\pymongo\mongo_client.py", line 1935, in _ensure_session
    return self.__start_session(True, causal_consistency=False)
  File "e:\MealMate\backend\venv\lib\site-packages\pymongo\mongo_client.py", line 1883, in __start_session
    server_session = self._get_server_session()
  File "e:\MealMate\backend\venv\lib\site-packages\pymongo\mongo_client.py", line 1921, in _get_server_session
    return self._topology.get_server_session()
  File "e:\MealMate\backend\venv\lib\site-packages\pymongo\topology.py", line 520, in get_server_session
    session_timeout = self._check_session_support()
  File "e:\MealMate\backend\venv\lib\site-packages\pymongo\topology.py", line 499, in _check_session_support
    self._select_servers_loop(
  File "e:\MealMate\backend\venv\lib\site-packages\pymongo\topology.py", line 218, in _select_servers_loop
    raise ServerSelectionTimeoutError(
pymongo.errors.ServerSelectionTimeoutError: localhost:27017: [WinError 10061] No connection could be made because the target machine actively refused it, Timeout: 30s, Topology Description: <TopologyDescription id: 6a75a8f95f498b469edb35c9, topology_type: Single, servers: [<ServerDescription ('localhost', 27017) server_type: Unknown, rtt: None, error=AutoReconnect('localhost:27017: [WinError 10061] No connection could be made because the target machine actively refused it')>]>

The above exception was the direct cause of the following exception:

Traceback (most recent call last):
  File "e:\MealMate\backend\venv\lib\site-packages\djongo\cursor.py", line 65, in fetchmany
    ret.append(self.result.next())
  File "e:\MealMate\backend\venv\lib\site-packages\djongo\sql2mongo\query.py", line 797, in __next__
    result = next(self._result_generator)
  File "e:\MealMate\backend\venv\lib\site-packages\djongo\sql2mongo\query.py", line 830, in __iter__
    raise exe from e
djongo.exceptions.SQLDecodeError: 

	Keyword: FAILED SQL: SELECT "core_menuitem"."id", "core_menuitem"."restaurant_id", "core_menuitem"."name", "core_menuitem"."category", "core_menuitem"."description", "core_menuitem"."price", "core_menuitem"."image_url", "core_menuitem"."is_available" FROM "core_menuitem"
Params: ()
Version: 1.3.6
	Sub SQL: None
	FAILED SQL: None
	Params: None
	Version: None

The above exception was the direct cause of the following exception:

Traceback (most recent call last):
  File "e:\MealMate\backend\venv\lib\site-packages\django\db\utils.py", line 97, in inner
    return func(*args, **kwargs)
  File "e:\MealMate\backend\venv\lib\site-packages\djongo\cursor.py", line 70, in fetchmany
    raise db_exe from e
djongo.database.DatabaseError

The above exception was the direct cause of the following exception:

Traceback (most recent call last):
  File "e:\MealMate\backend\venv\lib\site-packages\django\core\handlers\base.py", line 181, in _get_response
    response = wrapped_callback(request, *callback_args, **callback_kwargs)
  File "e:\MealMate\backend\venv\lib\site-packages\django\views\decorators\csrf.py", line 54, in wrapped_view
    return view_func(*args, **kwargs)
  File "e:\MealMate\backend\venv\lib\site-packages\rest_framework\viewsets.py", line 125, in view
    return self.dispatch(request, *args, **kwargs)
  File "e:\MealMate\backend\venv\lib\site-packages\rest_framework\views.py", line 509, in dispatch
    response = self.handle_exception(exc)
  File "e:\MealMate\backend\venv\lib\site-packages\rest_framework\views.py", line 469, in handle_exception
    self.raise_uncaught_exception(exc)
  File "e:\MealMate\backend\venv\lib\site-packages\rest_framework\views.py", line 480, in raise_uncaught_exception
    raise exc
  File "e:\MealMate\backend\venv\lib\site-packages\rest_framework\views.py", line 506, in dispatch
    response = handler(request, *args, **kwargs)
  File "e:\MealMate\backend\venv\lib\site-packages\rest_framework\mixins.py", line 46, in list
    return Response(serializer.data)
  File "e:\MealMate\backend\venv\lib\site-packages\rest_framework\serializers.py", line 768, in data
    ret = super().data
  File "e:\MealMate\backend\venv\lib\site-packages\rest_framework\serializers.py", line 253, in data
    self._data = self.to_representation(self.instance)
  File "e:\MealMate\backend\venv\lib\site-packages\rest_framework\serializers.py", line 686, in to_representation
    return [
  File "e:\MealMate\backend\venv\lib\site-packages\django\db\models\query.py", line 280, in __iter__
    self._fetch_all()
  File "e:\MealMate\backend\venv\lib\site-packages\django\db\models\query.py", line 1324, in _fetch_all
    self._result_cache = list(self._iterable_class(self))
  File "e:\MealMate\backend\venv\lib\site-packages\django\db\models\query.py", line 51, in __iter__
    results = compiler.execute_sql(chunked_fetch=self.chunked_fetch, chunk_size=self.chunk_size)
  File "e:\MealMate\backend\venv\lib\site-packages\django\db\models\sql\compiler.py", line 1208, in execute_sql
    return list(result)
  File "e:\MealMate\backend\venv\lib\site-packages\django\db\models\sql\compiler.py", line 1646, in cursor_iter
    for rows in iter((lambda: cursor.fetchmany(itersize)), sentinel):
  File "e:\MealMate\backend\venv\lib\site-packages\django\db\models\sql\compiler.py", line 1646, in <lambda>
    for rows in iter((lambda: cursor.fetchmany(itersize)), sentinel):
  File "e:\MealMate\backend\venv\lib\site-packages\django\db\utils.py", line 96, in inner
    with self:
  File "e:\MealMate\backend\venv\lib\site-packages\django\db\utils.py", line 90, in __exit__
    raise dj_exc_value.with_traceback(traceback) from exc_value
  File "e:\MealMate\backend\venv\lib\site-packages\django\db\utils.py", line 97, in inner
    return func(*args, **kwargs)
  File "e:\MealMate\backend\venv\lib\site-packages\djongo\cursor.py", line 70, in fetchmany
    raise db_exe from e
django.db.utils.DatabaseError
--------------------------------------------------------------------------------
Exception on /api/customer/restaurants/:
Traceback (most recent call last):
  File "e:\MealMate\backend\venv\lib\site-packages\djongo\sql2mongo\query.py", line 808, in __iter__
    yield from iter(self._query)
  File "e:\MealMate\backend\venv\lib\site-packages\djongo\sql2mongo\query.py", line 166, in __iter__
    for doc in cursor:
  File "e:\MealMate\backend\venv\lib\site-packages\pymongo\cursor.py", line 1238, in next
    if len(self.__data) or self._refresh():
  File "e:\MealMate\backend\venv\lib\site-packages\pymongo\cursor.py", line 1130, in _refresh
    self.__session = self.__collection.database.client._ensure_session()
  File "e:\MealMate\backend\venv\lib\site-packages\pymongo\mongo_client.py", line 1935, in _ensure_session
    return self.__start_session(True, causal_consistency=False)
  File "e:\MealMate\backend\venv\lib\site-packages\pymongo\mongo_client.py", line 1883, in __start_session
    server_session = self._get_server_session()
  File "e:\MealMate\backend\venv\lib\site-packages\pymongo\mongo_client.py", line 1921, in _get_server_session
    return self._topology.get_server_session()
  File "e:\MealMate\backend\venv\lib\site-packages\pymongo\topology.py", line 520, in get_server_session
    session_timeout = self._check_session_support()
  File "e:\MealMate\backend\venv\lib\site-packages\pymongo\topology.py", line 499, in _check_session_support
    self._select_servers_loop(
  File "e:\MealMate\backend\venv\lib\site-packages\pymongo\topology.py", line 218, in _select_servers_loop
    raise ServerSelectionTimeoutError(
pymongo.errors.ServerSelectionTimeoutError: localhost:27017: [WinError 10061] No connection could be made because the target machine actively refused it, Timeout: 30s, Topology Description: <TopologyDescription id: 6a75a8f95f498b469edb35c9, topology_type: Single, servers: [<ServerDescription ('localhost', 27017) server_type: Unknown, rtt: None, error=AutoReconnect('localhost:27017: [WinError 10061] No connection could be made because the target machine actively refused it')>]>

The above exception was the direct cause of the following exception:

Traceback (most recent call last):
  File "e:\MealMate\backend\venv\lib\site-packages\djongo\cursor.py", line 65, in fetchmany
    ret.append(self.result.next())
  File "e:\MealMate\backend\venv\lib\site-packages\djongo\sql2mongo\query.py", line 797, in __next__
    result = next(self._result_generator)
  File "e:\MealMate\backend\venv\lib\site-packages\djongo\sql2mongo\query.py", line 830, in __iter__
    raise exe from e
djongo.exceptions.SQLDecodeError: 

	Keyword: FAILED SQL: SELECT "core_restaurant"."id", "core_restaurant"."owner_id", "core_restaurant"."name", "core_restaurant"."description", "core_restaurant"."address", "core_restaurant"."banner_url", "core_restaurant"."is_open", "core_restaurant"."rating" FROM "core_restaurant"
Params: ()
Version: 1.3.6
	Sub SQL: None
	FAILED SQL: None
	Params: None
	Version: None

The above exception was the direct cause of the following exception:

Traceback (most recent call last):
  File "e:\MealMate\backend\venv\lib\site-packages\django\db\utils.py", line 97, in inner
    return func(*args, **kwargs)
  File "e:\MealMate\backend\venv\lib\site-packages\djongo\cursor.py", line 70, in fetchmany
    raise db_exe from e
djongo.database.DatabaseError

The above exception was the direct cause of the following exception:

Traceback (most recent call last):
  File "e:\MealMate\backend\venv\lib\site-packages\django\core\handlers\base.py", line 181, in _get_response
    response = wrapped_callback(request, *callback_args, **callback_kwargs)
  File "e:\MealMate\backend\venv\lib\site-packages\django\views\decorators\csrf.py", line 54, in wrapped_view
    return view_func(*args, **kwargs)
  File "e:\MealMate\backend\venv\lib\site-packages\rest_framework\viewsets.py", line 125, in view
    return self.dispatch(request, *args, **kwargs)
  File "e:\MealMate\backend\venv\lib\site-packages\rest_framework\views.py", line 509, in dispatch
    response = self.handle_exception(exc)
  File "e:\MealMate\backend\venv\lib\site-packages\rest_framework\views.py", line 469, in handle_exception
    self.raise_uncaught_exception(exc)
  File "e:\MealMate\backend\venv\lib\site-packages\rest_framework\views.py", line 480, in raise_uncaught_exception
    raise exc
  File "e:\MealMate\backend\venv\lib\site-packages\rest_framework\views.py", line 506, in dispatch
    response = handler(request, *args, **kwargs)
  File "e:\MealMate\backend\venv\lib\site-packages\rest_framework\mixins.py", line 46, in list
    return Response(serializer.data)
  File "e:\MealMate\backend\venv\lib\site-packages\rest_framework\serializers.py", line 768, in data
    ret = super().data
  File "e:\MealMate\backend\venv\lib\site-packages\rest_framework\serializers.py", line 253, in data
    self._data = self.to_representation(self.instance)
  File "e:\MealMate\backend\venv\lib\site-packages\rest_framework\serializers.py", line 686, in to_representation
    return [
  File "e:\MealMate\backend\venv\lib\site-packages\django\db\models\query.py", line 280, in __iter__
    self._fetch_all()
  File "e:\MealMate\backend\venv\lib\site-packages\django\db\models\query.py", line 1324, in _fetch_all
    self._result_cache = list(self._iterable_class(self))
  File "e:\MealMate\backend\venv\lib\site-packages\django\db\models\query.py", line 51, in __iter__
    results = compiler.execute_sql(chunked_fetch=self.chunked_fetch, chunk_size=self.chunk_size)
  File "e:\MealMate\backend\venv\lib\site-packages\django\db\models\sql\compiler.py", line 1208, in execute_sql
    return list(result)
  File "e:\MealMate\backend\venv\lib\site-packages\django\db\models\sql\compiler.py", line 1646, in cursor_iter
    for rows in iter((lambda: cursor.fetchmany(itersize)), sentinel):
  File "e:\MealMate\backend\venv\lib\site-packages\django\db\models\sql\compiler.py", line 1646, in <lambda>
    for rows in iter((lambda: cursor.fetchmany(itersize)), sentinel):
  File "e:\MealMate\backend\venv\lib\site-packages\django\db\utils.py", line 96, in inner
    with self:
  File "e:\MealMate\backend\venv\lib\site-packages\django\db\utils.py", line 90, in __exit__
    raise dj_exc_value.with_traceback(traceback) from exc_value
  File "e:\MealMate\backend\venv\lib\site-packages\django\db\utils.py", line 97, in inner
    return func(*args, **kwargs)
  File "e:\MealMate\backend\venv\lib\site-packages\djongo\cursor.py", line 70, in fetchmany
    raise db_exe from e
django.db.utils.DatabaseError
--------------------------------------------------------------------------------
Exception on /api/auth/login/:
Traceback (most recent call last):
  File "e:\MealMate\backend\venv\lib\site-packages\djongo\sql2mongo\query.py", line 808, in __iter__
    yield from iter(self._query)
  File "e:\MealMate\backend\venv\lib\site-packages\djongo\sql2mongo\query.py", line 166, in __iter__
    for doc in cursor:
  File "e:\MealMate\backend\venv\lib\site-packages\pymongo\cursor.py", line 1238, in next
    if len(self.__data) or self._refresh():
  File "e:\MealMate\backend\venv\lib\site-packages\pymongo\cursor.py", line 1130, in _refresh
    self.__session = self.__collection.database.client._ensure_session()
  File "e:\MealMate\backend\venv\lib\site-packages\pymongo\mongo_client.py", line 1935, in _ensure_session
    return self.__start_session(True, causal_consistency=False)
  File "e:\MealMate\backend\venv\lib\site-packages\pymongo\mongo_client.py", line 1883, in __start_session
    server_session = self._get_server_session()
  File "e:\MealMate\backend\venv\lib\site-packages\pymongo\mongo_client.py", line 1921, in _get_server_session
    return self._topology.get_server_session()
  File "e:\MealMate\backend\venv\lib\site-packages\pymongo\topology.py", line 520, in get_server_session
    session_timeout = self._check_session_support()
  File "e:\MealMate\backend\venv\lib\site-packages\pymongo\topology.py", line 499, in _check_session_support
    self._select_servers_loop(
  File "e:\MealMate\backend\venv\lib\site-packages\pymongo\topology.py", line 218, in _select_servers_loop
    raise ServerSelectionTimeoutError(
pymongo.errors.ServerSelectionTimeoutError: localhost:27017: [WinError 10061] No connection could be made because the target machine actively refused it, Timeout: 30s, Topology Description: <TopologyDescription id: 6a75a8f95f498b469edb35c9, topology_type: Single, servers: [<ServerDescription ('localhost', 27017) server_type: Unknown, rtt: None, error=AutoReconnect('localhost:27017: [WinError 10061] No connection could be made because the target machine actively refused it')>]>

The above exception was the direct cause of the following exception:

Traceback (most recent call last):
  File "e:\MealMate\backend\venv\lib\site-packages\djongo\cursor.py", line 65, in fetchmany
    ret.append(self.result.next())
  File "e:\MealMate\backend\venv\lib\site-packages\djongo\sql2mongo\query.py", line 797, in __next__
    result = next(self._result_generator)
  File "e:\MealMate\backend\venv\lib\site-packages\djongo\sql2mongo\query.py", line 830, in __iter__
    raise exe from e
djongo.exceptions.SQLDecodeError: 

	Keyword: FAILED SQL: SELECT "core_user"."id", "core_user"."password", "core_user"."last_login", "core_user"."is_superuser", "core_user"."username", "core_user"."first_name", "core_user"."last_name", "core_user"."email", "core_user"."is_staff", "core_user"."is_active", "core_user"."date_joined", "core_user"."role", "core_user"."phone" FROM "core_user" WHERE "core_user"."username" = %(0)s LIMIT 21
Params: ('restaurant.owner',)
Version: 1.3.6
	Sub SQL: None
	FAILED SQL: None
	Params: None
	Version: None

The above exception was the direct cause of the following exception:

Traceback (most recent call last):
  File "e:\MealMate\backend\venv\lib\site-packages\django\db\utils.py", line 97, in inner
    return func(*args, **kwargs)
  File "e:\MealMate\backend\venv\lib\site-packages\djongo\cursor.py", line 70, in fetchmany
    raise db_exe from e
djongo.database.DatabaseError

The above exception was the direct cause of the following exception:

Traceback (most recent call last):
  File "e:\MealMate\backend\venv\lib\site-packages\django\core\handlers\base.py", line 181, in _get_response
    response = wrapped_callback(request, *callback_args, **callback_kwargs)
  File "e:\MealMate\backend\venv\lib\site-packages\django\views\decorators\csrf.py", line 54, in wrapped_view
    return view_func(*args, **kwargs)
  File "e:\MealMate\backend\venv\lib\site-packages\django\views\generic\base.py", line 70, in view
    return self.dispatch(request, *args, **kwargs)
  File "e:\MealMate\backend\venv\lib\site-packages\rest_framework\views.py", line 509, in dispatch
    response = self.handle_exception(exc)
  File "e:\MealMate\backend\venv\lib\site-packages\rest_framework\views.py", line 469, in handle_exception
    self.raise_uncaught_exception(exc)
  File "e:\MealMate\backend\venv\lib\site-packages\rest_framework\views.py", line 480, in raise_uncaught_exception
    raise exc
  File "e:\MealMate\backend\venv\lib\site-packages\rest_framework\views.py", line 506, in dispatch
    response = handler(request, *args, **kwargs)
  File "e:\MealMate\backend\venv\lib\site-packages\rest_framework\decorators.py", line 50, in handler
    return func(*args, **kwargs)
  File "E:\MealMate\backend\core\api\auth.py", line 28, in login_view
    user = authenticate(username=username, password=password)
  File "e:\MealMate\backend\venv\lib\site-packages\django\views\decorators\debug.py", line 42, in sensitive_variables_wrapper
    return func(*func_args, **func_kwargs)
  File "e:\MealMate\backend\venv\lib\site-packages\django\contrib\auth\__init__.py", line 76, in authenticate
    user = backend.authenticate(request, **credentials)
  File "e:\MealMate\backend\venv\lib\site-packages\django\contrib\auth\backends.py", line 42, in authenticate
    user = UserModel._default_manager.get_by_natural_key(username)
  File "e:\MealMate\backend\venv\lib\site-packages\django\contrib\auth\base_user.py", line 45, in get_by_natural_key
    return self.get(**{self.model.USERNAME_FIELD: username})
  File "e:\MealMate\backend\venv\lib\site-packages\django\db\models\manager.py", line 85, in manager_method
    return getattr(self.get_queryset(), name)(*args, **kwargs)
  File "e:\MealMate\backend\venv\lib\site-packages\django\db\models\query.py", line 431, in get
    num = len(clone)
  File "e:\MealMate\backend\venv\lib\site-packages\django\db\models\query.py", line 262, in __len__
    self._fetch_all()
  File "e:\MealMate\backend\venv\lib\site-packages\django\db\models\query.py", line 1324, in _fetch_all
    self._result_cache = list(self._iterable_class(self))
  File "e:\MealMate\backend\venv\lib\site-packages\django\db\models\query.py", line 51, in __iter__
    results = compiler.execute_sql(chunked_fetch=self.chunked_fetch, chunk_size=self.chunk_size)
  File "e:\MealMate\backend\venv\lib\site-packages\django\db\models\sql\compiler.py", line 1208, in execute_sql
    return list(result)
  File "e:\MealMate\backend\venv\lib\site-packages\django\db\models\sql\compiler.py", line 1646, in cursor_iter
    for rows in iter((lambda: cursor.fetchmany(itersize)), sentinel):
  File "e:\MealMate\backend\venv\lib\site-packages\django\db\models\sql\compiler.py", line 1646, in <lambda>
    for rows in iter((lambda: cursor.fetchmany(itersize)), sentinel):
  File "e:\MealMate\backend\venv\lib\site-packages\django\db\utils.py", line 96, in inner
    with self:
  File "e:\MealMate\backend\venv\lib\site-packages\django\db\utils.py", line 90, in __exit__
    raise dj_exc_value.with_traceback(traceback) from exc_value
  File "e:\MealMate\backend\venv\lib\site-packages\django\db\utils.py", line 97, in inner
    return func(*args, **kwargs)
  File "e:\MealMate\backend\venv\lib\site-packages\djongo\cursor.py", line 70, in fetchmany
    raise db_exe from e
django.db.utils.DatabaseError
--------------------------------------------------------------------------------
Exception on /api/auth/login/:
Traceback (most recent call last):
  File "e:\MealMate\backend\venv\lib\site-packages\djongo\sql2mongo\query.py", line 808, in __iter__
    yield from iter(self._query)
  File "e:\MealMate\backend\venv\lib\site-packages\djongo\sql2mongo\query.py", line 166, in __iter__
    for doc in cursor:
  File "e:\MealMate\backend\venv\lib\site-packages\pymongo\cursor.py", line 1238, in next
    if len(self.__data) or self._refresh():
  File "e:\MealMate\backend\venv\lib\site-packages\pymongo\cursor.py", line 1130, in _refresh
    self.__session = self.__collection.database.client._ensure_session()
  File "e:\MealMate\backend\venv\lib\site-packages\pymongo\mongo_client.py", line 1935, in _ensure_session
    return self.__start_session(True, causal_consistency=False)
  File "e:\MealMate\backend\venv\lib\site-packages\pymongo\mongo_client.py", line 1883, in __start_session
    server_session = self._get_server_session()
  File "e:\MealMate\backend\venv\lib\site-packages\pymongo\mongo_client.py", line 1921, in _get_server_session
    return self._topology.get_server_session()
  File "e:\MealMate\backend\venv\lib\site-packages\pymongo\topology.py", line 520, in get_server_session
    session_timeout = self._check_session_support()
  File "e:\MealMate\backend\venv\lib\site-packages\pymongo\topology.py", line 499, in _check_session_support
    self._select_servers_loop(
  File "e:\MealMate\backend\venv\lib\site-packages\pymongo\topology.py", line 218, in _select_servers_loop
    raise ServerSelectionTimeoutError(
pymongo.errors.ServerSelectionTimeoutError: localhost:27017: [WinError 10061] No connection could be made because the target machine actively refused it, Timeout: 30s, Topology Description: <TopologyDescription id: 6a75a8f95f498b469edb35c9, topology_type: Single, servers: [<ServerDescription ('localhost', 27017) server_type: Unknown, rtt: None, error=AutoReconnect('localhost:27017: [WinError 10061] No connection could be made because the target machine actively refused it')>]>

The above exception was the direct cause of the following exception:

Traceback (most recent call last):
  File "e:\MealMate\backend\venv\lib\site-packages\djongo\cursor.py", line 65, in fetchmany
    ret.append(self.result.next())
  File "e:\MealMate\backend\venv\lib\site-packages\djongo\sql2mongo\query.py", line 797, in __next__
    result = next(self._result_generator)
  File "e:\MealMate\backend\venv\lib\site-packages\djongo\sql2mongo\query.py", line 830, in __iter__
    raise exe from e
djongo.exceptions.SQLDecodeError: 

	Keyword: FAILED SQL: SELECT "core_user"."id", "core_user"."password", "core_user"."last_login", "core_user"."is_superuser", "core_user"."username", "core_user"."first_name", "core_user"."last_name", "core_user"."email", "core_user"."is_staff", "core_user"."is_active", "core_user"."date_joined", "core_user"."role", "core_user"."phone" FROM "core_user" WHERE "core_user"."username" = %(0)s LIMIT 21
Params: ('restaurant.owner',)
Version: 1.3.6
	Sub SQL: None
	FAILED SQL: None
	Params: None
	Version: None

The above exception was the direct cause of the following exception:

Traceback (most recent call last):
  File "e:\MealMate\backend\venv\lib\site-packages\django\db\utils.py", line 97, in inner
    return func(*args, **kwargs)
  File "e:\MealMate\backend\venv\lib\site-packages\djongo\cursor.py", line 70, in fetchmany
    raise db_exe from e
djongo.database.DatabaseError

The above exception was the direct cause of the following exception:

Traceback (most recent call last):
  File "e:\MealMate\backend\venv\lib\site-packages\django\core\handlers\base.py", line 181, in _get_response
    response = wrapped_callback(request, *callback_args, **callback_kwargs)
  File "e:\MealMate\backend\venv\lib\site-packages\django\views\decorators\csrf.py", line 54, in wrapped_view
    return view_func(*args, **kwargs)
  File "e:\MealMate\backend\venv\lib\site-packages\django\views\generic\base.py", line 70, in view
    return self.dispatch(request, *args, **kwargs)
  File "e:\MealMate\backend\venv\lib\site-packages\rest_framework\views.py", line 509, in dispatch
    response = self.handle_exception(exc)
  File "e:\MealMate\backend\venv\lib\site-packages\rest_framework\views.py", line 469, in handle_exception
    self.raise_uncaught_exception(exc)
  File "e:\MealMate\backend\venv\lib\site-packages\rest_framework\views.py", line 480, in raise_uncaught_exception
    raise exc
  File "e:\MealMate\backend\venv\lib\site-packages\rest_framework\views.py", line 506, in dispatch
    response = handler(request, *args, **kwargs)
  File "e:\MealMate\backend\venv\lib\site-packages\rest_framework\decorators.py", line 50, in handler
    return func(*args, **kwargs)
  File "E:\MealMate\backend\core\api\auth.py", line 28, in login_view
    user = authenticate(username=username, password=password)
  File "e:\MealMate\backend\venv\lib\site-packages\django\views\decorators\debug.py", line 42, in sensitive_variables_wrapper
    return func(*func_args, **func_kwargs)
  File "e:\MealMate\backend\venv\lib\site-packages\django\contrib\auth\__init__.py", line 76, in authenticate
    user = backend.authenticate(request, **credentials)
  File "e:\MealMate\backend\venv\lib\site-packages\django\contrib\auth\backends.py", line 42, in authenticate
    user = UserModel._default_manager.get_by_natural_key(username)
  File "e:\MealMate\backend\venv\lib\site-packages\django\contrib\auth\base_user.py", line 45, in get_by_natural_key
    return self.get(**{self.model.USERNAME_FIELD: username})
  File "e:\MealMate\backend\venv\lib\site-packages\django\db\models\manager.py", line 85, in manager_method
    return getattr(self.get_queryset(), name)(*args, **kwargs)
  File "e:\MealMate\backend\venv\lib\site-packages\django\db\models\query.py", line 431, in get
    num = len(clone)
  File "e:\MealMate\backend\venv\lib\site-packages\django\db\models\query.py", line 262, in __len__
    self._fetch_all()
  File "e:\MealMate\backend\venv\lib\site-packages\django\db\models\query.py", line 1324, in _fetch_all
    self._result_cache = list(self._iterable_class(self))
  File "e:\MealMate\backend\venv\lib\site-packages\django\db\models\query.py", line 51, in __iter__
    results = compiler.execute_sql(chunked_fetch=self.chunked_fetch, chunk_size=self.chunk_size)
  File "e:\MealMate\backend\venv\lib\site-packages\django\db\models\sql\compiler.py", line 1208, in execute_sql
    return list(result)
  File "e:\MealMate\backend\venv\lib\site-packages\django\db\models\sql\compiler.py", line 1646, in cursor_iter
    for rows in iter((lambda: cursor.fetchmany(itersize)), sentinel):
  File "e:\MealMate\backend\venv\lib\site-packages\django\db\models\sql\compiler.py", line 1646, in <lambda>
    for rows in iter((lambda: cursor.fetchmany(itersize)), sentinel):
  File "e:\MealMate\backend\venv\lib\site-packages\django\db\utils.py", line 96, in inner
    with self:
  File "e:\MealMate\backend\venv\lib\site-packages\django\db\utils.py", line 90, in __exit__
    raise dj_exc_value.with_traceback(traceback) from exc_value
  File "e:\MealMate\backend\venv\lib\site-packages\django\db\utils.py", line 97, in inner
    return func(*args, **kwargs)
  File "e:\MealMate\backend\venv\lib\site-packages\djongo\cursor.py", line 70, in fetchmany
    raise db_exe from e
django.db.utils.DatabaseError
--------------------------------------------------------------------------------
Exception on /api/auth/login/:
Traceback (most recent call last):
  File "e:\MealMate\backend\venv\lib\site-packages\djongo\sql2mongo\query.py", line 808, in __iter__
    yield from iter(self._query)
  File "e:\MealMate\backend\venv\lib\site-packages\djongo\sql2mongo\query.py", line 166, in __iter__
    for doc in cursor:
  File "e:\MealMate\backend\venv\lib\site-packages\pymongo\cursor.py", line 1238, in next
    if len(self.__data) or self._refresh():
  File "e:\MealMate\backend\venv\lib\site-packages\pymongo\cursor.py", line 1130, in _refresh
    self.__session = self.__collection.database.client._ensure_session()
  File "e:\MealMate\backend\venv\lib\site-packages\pymongo\mongo_client.py", line 1935, in _ensure_session
    return self.__start_session(True, causal_consistency=False)
  File "e:\MealMate\backend\venv\lib\site-packages\pymongo\mongo_client.py", line 1883, in __start_session
    server_session = self._get_server_session()
  File "e:\MealMate\backend\venv\lib\site-packages\pymongo\mongo_client.py", line 1921, in _get_server_session
    return self._topology.get_server_session()
  File "e:\MealMate\backend\venv\lib\site-packages\pymongo\topology.py", line 520, in get_server_session
    session_timeout = self._check_session_support()
  File "e:\MealMate\backend\venv\lib\site-packages\pymongo\topology.py", line 499, in _check_session_support
    self._select_servers_loop(
  File "e:\MealMate\backend\venv\lib\site-packages\pymongo\topology.py", line 218, in _select_servers_loop
    raise ServerSelectionTimeoutError(
pymongo.errors.ServerSelectionTimeoutError: localhost:27017: [WinError 10061] No connection could be made because the target machine actively refused it, Timeout: 30s, Topology Description: <TopologyDescription id: 6a75a8f95f498b469edb35c9, topology_type: Single, servers: [<ServerDescription ('localhost', 27017) server_type: Unknown, rtt: None, error=AutoReconnect('localhost:27017: [WinError 10061] No connection could be made because the target machine actively refused it')>]>

The above exception was the direct cause of the following exception:

Traceback (most recent call last):
  File "e:\MealMate\backend\venv\lib\site-packages\djongo\cursor.py", line 65, in fetchmany
    ret.append(self.result.next())
  File "e:\MealMate\backend\venv\lib\site-packages\djongo\sql2mongo\query.py", line 797, in __next__
    result = next(self._result_generator)
  File "e:\MealMate\backend\venv\lib\site-packages\djongo\sql2mongo\query.py", line 830, in __iter__
    raise exe from e
djongo.exceptions.SQLDecodeError: 

	Keyword: FAILED SQL: SELECT "core_user"."id", "core_user"."password", "core_user"."last_login", "core_user"."is_superuser", "core_user"."username", "core_user"."first_name", "core_user"."last_name", "core_user"."email", "core_user"."is_staff", "core_user"."is_active", "core_user"."date_joined", "core_user"."role", "core_user"."phone" FROM "core_user" WHERE "core_user"."username" = %(0)s LIMIT 21
Params: ('admin',)
Version: 1.3.6
	Sub SQL: None
	FAILED SQL: None
	Params: None
	Version: None

The above exception was the direct cause of the following exception:

Traceback (most recent call last):
  File "e:\MealMate\backend\venv\lib\site-packages\django\db\utils.py", line 97, in inner
    return func(*args, **kwargs)
  File "e:\MealMate\backend\venv\lib\site-packages\djongo\cursor.py", line 70, in fetchmany
    raise db_exe from e
djongo.database.DatabaseError

The above exception was the direct cause of the following exception:

Traceback (most recent call last):
  File "e:\MealMate\backend\venv\lib\site-packages\django\core\handlers\base.py", line 181, in _get_response
    response = wrapped_callback(request, *callback_args, **callback_kwargs)
  File "e:\MealMate\backend\venv\lib\site-packages\django\views\decorators\csrf.py", line 54, in wrapped_view
    return view_func(*args, **kwargs)
  File "e:\MealMate\backend\venv\lib\site-packages\django\views\generic\base.py", line 70, in view
    return self.dispatch(request, *args, **kwargs)
  File "e:\MealMate\backend\venv\lib\site-packages\rest_framework\views.py", line 509, in dispatch
    response = self.handle_exception(exc)
  File "e:\MealMate\backend\venv\lib\site-packages\rest_framework\views.py", line 469, in handle_exception
    self.raise_uncaught_exception(exc)
  File "e:\MealMate\backend\venv\lib\site-packages\rest_framework\views.py", line 480, in raise_uncaught_exception
    raise exc
  File "e:\MealMate\backend\venv\lib\site-packages\rest_framework\views.py", line 506, in dispatch
    response = handler(request, *args, **kwargs)
  File "e:\MealMate\backend\venv\lib\site-packages\rest_framework\decorators.py", line 50, in handler
    return func(*args, **kwargs)
  File "E:\MealMate\backend\core\api\auth.py", line 28, in login_view
    user = authenticate(username=username, password=password)
  File "e:\MealMate\backend\venv\lib\site-packages\django\views\decorators\debug.py", line 42, in sensitive_variables_wrapper
    return func(*func_args, **func_kwargs)
  File "e:\MealMate\backend\venv\lib\site-packages\django\contrib\auth\__init__.py", line 76, in authenticate
    user = backend.authenticate(request, **credentials)
  File "e:\MealMate\backend\venv\lib\site-packages\django\contrib\auth\backends.py", line 42, in authenticate
    user = UserModel._default_manager.get_by_natural_key(username)
  File "e:\MealMate\backend\venv\lib\site-packages\django\contrib\auth\base_user.py", line 45, in get_by_natural_key
    return self.get(**{self.model.USERNAME_FIELD: username})
  File "e:\MealMate\backend\venv\lib\site-packages\django\db\models\manager.py", line 85, in manager_method
    return getattr(self.get_queryset(), name)(*args, **kwargs)
  File "e:\MealMate\backend\venv\lib\site-packages\django\db\models\query.py", line 431, in get
    num = len(clone)
  File "e:\MealMate\backend\venv\lib\site-packages\django\db\models\query.py", line 262, in __len__
    self._fetch_all()
  File "e:\MealMate\backend\venv\lib\site-packages\django\db\models\query.py", line 1324, in _fetch_all
    self._result_cache = list(self._iterable_class(self))
  File "e:\MealMate\backend\venv\lib\site-packages\django\db\models\query.py", line 51, in __iter__
    results = compiler.execute_sql(chunked_fetch=self.chunked_fetch, chunk_size=self.chunk_size)
  File "e:\MealMate\backend\venv\lib\site-packages\django\db\models\sql\compiler.py", line 1208, in execute_sql
    return list(result)
  File "e:\MealMate\backend\venv\lib\site-packages\django\db\models\sql\compiler.py", line 1646, in cursor_iter
    for rows in iter((lambda: cursor.fetchmany(itersize)), sentinel):
  File "e:\MealMate\backend\venv\lib\site-packages\django\db\models\sql\compiler.py", line 1646, in <lambda>
    for rows in iter((lambda: cursor.fetchmany(itersize)), sentinel):
  File "e:\MealMate\backend\venv\lib\site-packages\django\db\utils.py", line 96, in inner
    with self:
  File "e:\MealMate\backend\venv\lib\site-packages\django\db\utils.py", line 90, in __exit__
    raise dj_exc_value.with_traceback(traceback) from exc_value
  File "e:\MealMate\backend\venv\lib\site-packages\django\db\utils.py", line 97, in inner
    return func(*args, **kwargs)
  File "e:\MealMate\backend\venv\lib\site-packages\djongo\cursor.py", line 70, in fetchmany
    raise db_exe from e
django.db.utils.DatabaseError
--------------------------------------------------------------------------------
Exception on /api/restaurant/menu/:
Traceback (most recent call last):
  File "e:\MealMate\backend\venv\lib\site-packages\djongo\sql2mongo\query.py", line 808, in __iter__
    yield from iter(self._query)
  File "e:\MealMate\backend\venv\lib\site-packages\djongo\sql2mongo\query.py", line 166, in __iter__
    for doc in cursor:
  File "e:\MealMate\backend\venv\lib\site-packages\pymongo\cursor.py", line 1238, in next
    if len(self.__data) or self._refresh():
  File "e:\MealMate\backend\venv\lib\site-packages\pymongo\cursor.py", line 1130, in _refresh
    self.__session = self.__collection.database.client._ensure_session()
  File "e:\MealMate\backend\venv\lib\site-packages\pymongo\mongo_client.py", line 1935, in _ensure_session
    return self.__start_session(True, causal_consistency=False)
  File "e:\MealMate\backend\venv\lib\site-packages\pymongo\mongo_client.py", line 1883, in __start_session
    server_session = self._get_server_session()
  File "e:\MealMate\backend\venv\lib\site-packages\pymongo\mongo_client.py", line 1921, in _get_server_session
    return self._topology.get_server_session()
  File "e:\MealMate\backend\venv\lib\site-packages\pymongo\topology.py", line 520, in get_server_session
    session_timeout = self._check_session_support()
  File "e:\MealMate\backend\venv\lib\site-packages\pymongo\topology.py", line 499, in _check_session_support
    self._select_servers_loop(
  File "e:\MealMate\backend\venv\lib\site-packages\pymongo\topology.py", line 218, in _select_servers_loop
    raise ServerSelectionTimeoutError(
pymongo.errors.ServerSelectionTimeoutError: localhost:27017: [WinError 10061] No connection could be made because the target machine actively refused it, Timeout: 30s, Topology Description: <TopologyDescription id: 6a75a8f95f498b469edb35c9, topology_type: Single, servers: [<ServerDescription ('localhost', 27017) server_type: Unknown, rtt: None, error=AutoReconnect('localhost:27017: [WinError 10061] No connection could be made because the target machine actively refused it')>]>

The above exception was the direct cause of the following exception:

Traceback (most recent call last):
  File "e:\MealMate\backend\venv\lib\site-packages\djongo\cursor.py", line 65, in fetchmany
    ret.append(self.result.next())
  File "e:\MealMate\backend\venv\lib\site-packages\djongo\sql2mongo\query.py", line 797, in __next__
    result = next(self._result_generator)
  File "e:\MealMate\backend\venv\lib\site-packages\djongo\sql2mongo\query.py", line 830, in __iter__
    raise exe from e
djongo.exceptions.SQLDecodeError: 

	Keyword: FAILED SQL: SELECT "core_menuitem"."id", "core_menuitem"."restaurant_id", "core_menuitem"."name", "core_menuitem"."category", "core_menuitem"."description", "core_menuitem"."price", "core_menuitem"."image_url", "core_menuitem"."is_available" FROM "core_menuitem"
Params: ()
Version: 1.3.6
	Sub SQL: None
	FAILED SQL: None
	Params: None
	Version: None

The above exception was the direct cause of the following exception:

Traceback (most recent call last):
  File "e:\MealMate\backend\venv\lib\site-packages\django\db\utils.py", line 97, in inner
    return func(*args, **kwargs)
  File "e:\MealMate\backend\venv\lib\site-packages\djongo\cursor.py", line 70, in fetchmany
    raise db_exe from e
djongo.database.DatabaseError

The above exception was the direct cause of the following exception:

Traceback (most recent call last):
  File "e:\MealMate\backend\venv\lib\site-packages\django\core\handlers\base.py", line 181, in _get_response
    response = wrapped_callback(request, *callback_args, **callback_kwargs)
  File "e:\MealMate\backend\venv\lib\site-packages\django\views\decorators\csrf.py", line 54, in wrapped_view
    return view_func(*args, **kwargs)
  File "e:\MealMate\backend\venv\lib\site-packages\rest_framework\viewsets.py", line 125, in view
    return self.dispatch(request, *args, **kwargs)
  File "e:\MealMate\backend\venv\lib\site-packages\rest_framework\views.py", line 509, in dispatch
    response = self.handle_exception(exc)
  File "e:\MealMate\backend\venv\lib\site-packages\rest_framework\views.py", line 469, in handle_exception
    self.raise_uncaught_exception(exc)
  File "e:\MealMate\backend\venv\lib\site-packages\rest_framework\views.py", line 480, in raise_uncaught_exception
    raise exc
  File "e:\MealMate\backend\venv\lib\site-packages\rest_framework\views.py", line 506, in dispatch
    response = handler(request, *args, **kwargs)
  File "e:\MealMate\backend\venv\lib\site-packages\rest_framework\mixins.py", line 46, in list
    return Response(serializer.data)
  File "e:\MealMate\backend\venv\lib\site-packages\rest_framework\serializers.py", line 768, in data
    ret = super().data
  File "e:\MealMate\backend\venv\lib\site-packages\rest_framework\serializers.py", line 253, in data
    self._data = self.to_representation(self.instance)
  File "e:\MealMate\backend\venv\lib\site-packages\rest_framework\serializers.py", line 686, in to_representation
    return [
  File "e:\MealMate\backend\venv\lib\site-packages\django\db\models\query.py", line 280, in __iter__
    self._fetch_all()
  File "e:\MealMate\backend\venv\lib\site-packages\django\db\models\query.py", line 1324, in _fetch_all
    self._result_cache = list(self._iterable_class(self))
  File "e:\MealMate\backend\venv\lib\site-packages\django\db\models\query.py", line 51, in __iter__
    results = compiler.execute_sql(chunked_fetch=self.chunked_fetch, chunk_size=self.chunk_size)
  File "e:\MealMate\backend\venv\lib\site-packages\django\db\models\sql\compiler.py", line 1208, in execute_sql
    return list(result)
  File "e:\MealMate\backend\venv\lib\site-packages\django\db\models\sql\compiler.py", line 1646, in cursor_iter
    for rows in iter((lambda: cursor.fetchmany(itersize)), sentinel):
  File "e:\MealMate\backend\venv\lib\site-packages\django\db\models\sql\compiler.py", line 1646, in <lambda>
    for rows in iter((lambda: cursor.fetchmany(itersize)), sentinel):
  File "e:\MealMate\backend\venv\lib\site-packages\django\db\utils.py", line 96, in inner
    with self:
  File "e:\MealMate\backend\venv\lib\site-packages\django\db\utils.py", line 90, in __exit__
    raise dj_exc_value.with_traceback(traceback) from exc_value
  File "e:\MealMate\backend\venv\lib\site-packages\django\db\utils.py", line 97, in inner
    return func(*args, **kwargs)
  File "e:\MealMate\backend\venv\lib\site-packages\djongo\cursor.py", line 70, in fetchmany
    raise db_exe from e
django.db.utils.DatabaseError
--------------------------------------------------------------------------------
Exception on /api/customer/restaurants/:
Traceback (most recent call last):
  File "e:\MealMate\backend\venv\lib\site-packages\djongo\sql2mongo\query.py", line 808, in __iter__
    yield from iter(self._query)
  File "e:\MealMate\backend\venv\lib\site-packages\djongo\sql2mongo\query.py", line 166, in __iter__
    for doc in cursor:
  File "e:\MealMate\backend\venv\lib\site-packages\pymongo\cursor.py", line 1238, in next
    if len(self.__data) or self._refresh():
  File "e:\MealMate\backend\venv\lib\site-packages\pymongo\cursor.py", line 1130, in _refresh
    self.__session = self.__collection.database.client._ensure_session()
  File "e:\MealMate\backend\venv\lib\site-packages\pymongo\mongo_client.py", line 1935, in _ensure_session
    return self.__start_session(True, causal_consistency=False)
  File "e:\MealMate\backend\venv\lib\site-packages\pymongo\mongo_client.py", line 1883, in __start_session
    server_session = self._get_server_session()
  File "e:\MealMate\backend\venv\lib\site-packages\pymongo\mongo_client.py", line 1921, in _get_server_session
    return self._topology.get_server_session()
  File "e:\MealMate\backend\venv\lib\site-packages\pymongo\topology.py", line 520, in get_server_session
    session_timeout = self._check_session_support()
  File "e:\MealMate\backend\venv\lib\site-packages\pymongo\topology.py", line 499, in _check_session_support
    self._select_servers_loop(
  File "e:\MealMate\backend\venv\lib\site-packages\pymongo\topology.py", line 218, in _select_servers_loop
    raise ServerSelectionTimeoutError(
pymongo.errors.ServerSelectionTimeoutError: localhost:27017: [WinError 10061] No connection could be made because the target machine actively refused it, Timeout: 30s, Topology Description: <TopologyDescription id: 6a75a8f95f498b469edb35c9, topology_type: Single, servers: [<ServerDescription ('localhost', 27017) server_type: Unknown, rtt: None, error=AutoReconnect('localhost:27017: [WinError 10061] No connection could be made because the target machine actively refused it')>]>

The above exception was the direct cause of the following exception:

Traceback (most recent call last):
  File "e:\MealMate\backend\venv\lib\site-packages\djongo\cursor.py", line 65, in fetchmany
    ret.append(self.result.next())
  File "e:\MealMate\backend\venv\lib\site-packages\djongo\sql2mongo\query.py", line 797, in __next__
    result = next(self._result_generator)
  File "e:\MealMate\backend\venv\lib\site-packages\djongo\sql2mongo\query.py", line 830, in __iter__
    raise exe from e
djongo.exceptions.SQLDecodeError: 

	Keyword: FAILED SQL: SELECT "core_restaurant"."id", "core_restaurant"."owner_id", "core_restaurant"."name", "core_restaurant"."description", "core_restaurant"."address", "core_restaurant"."banner_url", "core_restaurant"."is_open", "core_restaurant"."rating" FROM "core_restaurant"
Params: ()
Version: 1.3.6
	Sub SQL: None
	FAILED SQL: None
	Params: None
	Version: None

The above exception was the direct cause of the following exception:

Traceback (most recent call last):
  File "e:\MealMate\backend\venv\lib\site-packages\django\db\utils.py", line 97, in inner
    return func(*args, **kwargs)
  File "e:\MealMate\backend\venv\lib\site-packages\djongo\cursor.py", line 70, in fetchmany
    raise db_exe from e
djongo.database.DatabaseError

The above exception was the direct cause of the following exception:

Traceback (most recent call last):
  File "e:\MealMate\backend\venv\lib\site-packages\django\core\handlers\base.py", line 181, in _get_response
    response = wrapped_callback(request, *callback_args, **callback_kwargs)
  File "e:\MealMate\backend\venv\lib\site-packages\django\views\decorators\csrf.py", line 54, in wrapped_view
    return view_func(*args, **kwargs)
  File "e:\MealMate\backend\venv\lib\site-packages\rest_framework\viewsets.py", line 125, in view
    return self.dispatch(request, *args, **kwargs)
  File "e:\MealMate\backend\venv\lib\site-packages\rest_framework\views.py", line 509, in dispatch
    response = self.handle_exception(exc)
  File "e:\MealMate\backend\venv\lib\site-packages\rest_framework\views.py", line 469, in handle_exception
    self.raise_uncaught_exception(exc)
  File "e:\MealMate\backend\venv\lib\site-packages\rest_framework\views.py", line 480, in raise_uncaught_exception
    raise exc
  File "e:\MealMate\backend\venv\lib\site-packages\rest_framework\views.py", line 506, in dispatch
    response = handler(request, *args, **kwargs)
  File "e:\MealMate\backend\venv\lib\site-packages\rest_framework\mixins.py", line 46, in list
    return Response(serializer.data)
  File "e:\MealMate\backend\venv\lib\site-packages\rest_framework\serializers.py", line 768, in data
    ret = super().data
  File "e:\MealMate\backend\venv\lib\site-packages\rest_framework\serializers.py", line 253, in data
    self._data = self.to_representation(self.instance)
  File "e:\MealMate\backend\venv\lib\site-packages\rest_framework\serializers.py", line 686, in to_representation
    return [
  File "e:\MealMate\backend\venv\lib\site-packages\django\db\models\query.py", line 280, in __iter__
    self._fetch_all()
  File "e:\MealMate\backend\venv\lib\site-packages\django\db\models\query.py", line 1324, in _fetch_all
    self._result_cache = list(self._iterable_class(self))
  File "e:\MealMate\backend\venv\lib\site-packages\django\db\models\query.py", line 51, in __iter__
    results = compiler.execute_sql(chunked_fetch=self.chunked_fetch, chunk_size=self.chunk_size)
  File "e:\MealMate\backend\venv\lib\site-packages\django\db\models\sql\compiler.py", line 1208, in execute_sql
    return list(result)
  File "e:\MealMate\backend\venv\lib\site-packages\django\db\models\sql\compiler.py", line 1646, in cursor_iter
    for rows in iter((lambda: cursor.fetchmany(itersize)), sentinel):
  File "e:\MealMate\backend\venv\lib\site-packages\django\db\models\sql\compiler.py", line 1646, in <lambda>
    for rows in iter((lambda: cursor.fetchmany(itersize)), sentinel):
  File "e:\MealMate\backend\venv\lib\site-packages\django\db\utils.py", line 96, in inner
    with self:
  File "e:\MealMate\backend\venv\lib\site-packages\django\db\utils.py", line 90, in __exit__
    raise dj_exc_value.with_traceback(traceback) from exc_value
  File "e:\MealMate\backend\venv\lib\site-packages\django\db\utils.py", line 97, in inner
    return func(*args, **kwargs)
  File "e:\MealMate\backend\venv\lib\site-packages\djongo\cursor.py", line 70, in fetchmany
    raise db_exe from e
django.db.utils.DatabaseError
--------------------------------------------------------------------------------
Exception on /api/customer/wallet/:
Traceback (most recent call last):
  File "e:\MealMate\backend\venv\lib\site-packages\django\core\handlers\base.py", line 181, in _get_response
    response = wrapped_callback(request, *callback_args, **callback_kwargs)
  File "e:\MealMate\backend\venv\lib\site-packages\django\views\decorators\csrf.py", line 54, in wrapped_view
    return view_func(*args, **kwargs)
  File "e:\MealMate\backend\venv\lib\site-packages\django\views\generic\base.py", line 70, in view
    return self.dispatch(request, *args, **kwargs)
  File "e:\MealMate\backend\venv\lib\site-packages\rest_framework\views.py", line 509, in dispatch
    response = self.handle_exception(exc)
  File "e:\MealMate\backend\venv\lib\site-packages\rest_framework\views.py", line 469, in handle_exception
    self.raise_uncaught_exception(exc)
  File "e:\MealMate\backend\venv\lib\site-packages\rest_framework\views.py", line 480, in raise_uncaught_exception
    raise exc
  File "e:\MealMate\backend\venv\lib\site-packages\rest_framework\views.py", line 506, in dispatch
    response = handler(request, *args, **kwargs)
  File "E:\MealMate\backend\core\api\customer_api\views.py", line 291, in get
    wallet = db.core_wallet.find_one({"user_id": user_id})
  File "e:\MealMate\backend\venv\lib\site-packages\pymongo\collection.py", line 1328, in find_one
    for result in cursor.limit(-1):
  File "e:\MealMate\backend\venv\lib\site-packages\pymongo\cursor.py", line 1238, in next
    if len(self.__data) or self._refresh():
  File "e:\MealMate\backend\venv\lib\site-packages\pymongo\cursor.py", line 1130, in _refresh
    self.__session = self.__collection.database.client._ensure_session()
  File "e:\MealMate\backend\venv\lib\site-packages\pymongo\mongo_client.py", line 1935, in _ensure_session
    return self.__start_session(True, causal_consistency=False)
  File "e:\MealMate\backend\venv\lib\site-packages\pymongo\mongo_client.py", line 1883, in __start_session
    server_session = self._get_server_session()
  File "e:\MealMate\backend\venv\lib\site-packages\pymongo\mongo_client.py", line 1921, in _get_server_session
    return self._topology.get_server_session()
  File "e:\MealMate\backend\venv\lib\site-packages\pymongo\topology.py", line 520, in get_server_session
    session_timeout = self._check_session_support()
  File "e:\MealMate\backend\venv\lib\site-packages\pymongo\topology.py", line 499, in _check_session_support
    self._select_servers_loop(
  File "e:\MealMate\backend\venv\lib\site-packages\pymongo\topology.py", line 218, in _select_servers_loop
    raise ServerSelectionTimeoutError(
pymongo.errors.ServerSelectionTimeoutError: localhost:27017: [WinError 10061] No connection could be made because the target machine actively refused it, Timeout: 30s, Topology Description: <TopologyDescription id: 6a75f79b5f498b469edb3b7b, topology_type: Single, servers: [<ServerDescription ('localhost', 27017) server_type: Unknown, rtt: None, error=AutoReconnect('localhost:27017: [WinError 10061] No connection could be made because the target machine actively refused it')>]>
--------------------------------------------------------------------------------
Exception on /api/customer/orders/:
Traceback (most recent call last):
  File "e:\MealMate\backend\venv\lib\site-packages\django\core\handlers\base.py", line 181, in _get_response
    response = wrapped_callback(request, *callback_args, **callback_kwargs)
  File "e:\MealMate\backend\venv\lib\site-packages\django\views\decorators\csrf.py", line 54, in wrapped_view
    return view_func(*args, **kwargs)
  File "e:\MealMate\backend\venv\lib\site-packages\rest_framework\viewsets.py", line 125, in view
    return self.dispatch(request, *args, **kwargs)
  File "e:\MealMate\backend\venv\lib\site-packages\rest_framework\views.py", line 509, in dispatch
    response = self.handle_exception(exc)
  File "e:\MealMate\backend\venv\lib\site-packages\rest_framework\views.py", line 469, in handle_exception
    self.raise_uncaught_exception(exc)
  File "e:\MealMate\backend\venv\lib\site-packages\rest_framework\views.py", line 480, in raise_uncaught_exception
    raise exc
  File "e:\MealMate\backend\venv\lib\site-packages\rest_framework\views.py", line 506, in dispatch
    response = handler(request, *args, **kwargs)
  File "E:\MealMate\backend\core\api\customer_api\views.py", line 45, in list
    for doc in orders_cursor:
  File "e:\MealMate\backend\venv\lib\site-packages\pymongo\cursor.py", line 1238, in next
    if len(self.__data) or self._refresh():
  File "e:\MealMate\backend\venv\lib\site-packages\pymongo\cursor.py", line 1130, in _refresh
    self.__session = self.__collection.database.client._ensure_session()
  File "e:\MealMate\backend\venv\lib\site-packages\pymongo\mongo_client.py", line 1935, in _ensure_session
    return self.__start_session(True, causal_consistency=False)
  File "e:\MealMate\backend\venv\lib\site-packages\pymongo\mongo_client.py", line 1883, in __start_session
    server_session = self._get_server_session()
  File "e:\MealMate\backend\venv\lib\site-packages\pymongo\mongo_client.py", line 1921, in _get_server_session
    return self._topology.get_server_session()
  File "e:\MealMate\backend\venv\lib\site-packages\pymongo\topology.py", line 520, in get_server_session
    session_timeout = self._check_session_support()
  File "e:\MealMate\backend\venv\lib\site-packages\pymongo\topology.py", line 499, in _check_session_support
    self._select_servers_loop(
  File "e:\MealMate\backend\venv\lib\site-packages\pymongo\topology.py", line 218, in _select_servers_loop
    raise ServerSelectionTimeoutError(
pymongo.errors.ServerSelectionTimeoutError: localhost:27017: [WinError 10061] No connection could be made because the target machine actively refused it, Timeout: 30s, Topology Description: <TopologyDescription id: 6a75f79b5f498b469edb3b7a, topology_type: Single, servers: [<ServerDescription ('localhost', 27017) server_type: Unknown, rtt: None, error=AutoReconnect('localhost:27017: [WinError 10061] No connection could be made because the target machine actively refused it')>]>
--------------------------------------------------------------------------------
Exception on /api/customer/validate_coupon/:
Traceback (most recent call last):
  File "e:\MealMate\backend\venv\lib\site-packages\django\core\handlers\base.py", line 181, in _get_response
    response = wrapped_callback(request, *callback_args, **callback_kwargs)
  File "e:\MealMate\backend\venv\lib\site-packages\django\views\decorators\csrf.py", line 54, in wrapped_view
    return view_func(*args, **kwargs)
  File "e:\MealMate\backend\venv\lib\site-packages\django\views\generic\base.py", line 70, in view
    return self.dispatch(request, *args, **kwargs)
  File "e:\MealMate\backend\venv\lib\site-packages\rest_framework\views.py", line 509, in dispatch
    response = self.handle_exception(exc)
  File "e:\MealMate\backend\venv\lib\site-packages\rest_framework\views.py", line 469, in handle_exception
    self.raise_uncaught_exception(exc)
  File "e:\MealMate\backend\venv\lib\site-packages\rest_framework\views.py", line 480, in raise_uncaught_exception
    raise exc
  File "e:\MealMate\backend\venv\lib\site-packages\rest_framework\views.py", line 506, in dispatch
    response = handler(request, *args, **kwargs)
  File "E:\MealMate\backend\core\api\customer_api\views.py", line 197, in get
    coupons = list(coupons_cursor)
  File "e:\MealMate\backend\venv\lib\site-packages\pymongo\cursor.py", line 1238, in next
    if len(self.__data) or self._refresh():
  File "e:\MealMate\backend\venv\lib\site-packages\pymongo\cursor.py", line 1130, in _refresh
    self.__session = self.__collection.database.client._ensure_session()
  File "e:\MealMate\backend\venv\lib\site-packages\pymongo\mongo_client.py", line 1935, in _ensure_session
    return self.__start_session(True, causal_consistency=False)
  File "e:\MealMate\backend\venv\lib\site-packages\pymongo\mongo_client.py", line 1883, in __start_session
    server_session = self._get_server_session()
  File "e:\MealMate\backend\venv\lib\site-packages\pymongo\mongo_client.py", line 1921, in _get_server_session
    return self._topology.get_server_session()
  File "e:\MealMate\backend\venv\lib\site-packages\pymongo\topology.py", line 520, in get_server_session
    session_timeout = self._check_session_support()
  File "e:\MealMate\backend\venv\lib\site-packages\pymongo\topology.py", line 499, in _check_session_support
    self._select_servers_loop(
  File "e:\MealMate\backend\venv\lib\site-packages\pymongo\topology.py", line 218, in _select_servers_loop
    raise ServerSelectionTimeoutError(
pymongo.errors.ServerSelectionTimeoutError: localhost:27017: [WinError 10061] No connection could be made because the target machine actively refused it, Timeout: 30s, Topology Description: <TopologyDescription id: 6a75f7ba5f498b469edb3b7d, topology_type: Single, servers: [<ServerDescription ('localhost', 27017) server_type: Unknown, rtt: None, error=AutoReconnect('localhost:27017: [WinError 10061] No connection could be made because the target machine actively refused it')>]>
--------------------------------------------------------------------------------
Exception on /api/customer/recommendations/:
Traceback (most recent call last):
  File "e:\MealMate\backend\venv\lib\site-packages\django\core\handlers\base.py", line 181, in _get_response
    response = wrapped_callback(request, *callback_args, **callback_kwargs)
  File "e:\MealMate\backend\venv\lib\site-packages\django\views\decorators\csrf.py", line 54, in wrapped_view
    return view_func(*args, **kwargs)
  File "e:\MealMate\backend\venv\lib\site-packages\django\views\generic\base.py", line 70, in view
    return self.dispatch(request, *args, **kwargs)
  File "e:\MealMate\backend\venv\lib\site-packages\rest_framework\views.py", line 509, in dispatch
    response = self.handle_exception(exc)
  File "e:\MealMate\backend\venv\lib\site-packages\rest_framework\views.py", line 469, in handle_exception
    self.raise_uncaught_exception(exc)
  File "e:\MealMate\backend\venv\lib\site-packages\rest_framework\views.py", line 480, in raise_uncaught_exception
    raise exc
  File "e:\MealMate\backend\venv\lib\site-packages\rest_framework\views.py", line 506, in dispatch
    response = handler(request, *args, **kwargs)
  File "E:\MealMate\backend\core\api\customer_api\views.py", line 227, in get
    past_orders = list(db.core_order.find({"customer_id": user_id}))
  File "e:\MealMate\backend\venv\lib\site-packages\pymongo\cursor.py", line 1238, in next
    if len(self.__data) or self._refresh():
  File "e:\MealMate\backend\venv\lib\site-packages\pymongo\cursor.py", line 1130, in _refresh
    self.__session = self.__collection.database.client._ensure_session()
  File "e:\MealMate\backend\venv\lib\site-packages\pymongo\mongo_client.py", line 1935, in _ensure_session
    return self.__start_session(True, causal_consistency=False)
  File "e:\MealMate\backend\venv\lib\site-packages\pymongo\mongo_client.py", line 1883, in __start_session
    server_session = self._get_server_session()
  File "e:\MealMate\backend\venv\lib\site-packages\pymongo\mongo_client.py", line 1921, in _get_server_session
    return self._topology.get_server_session()
  File "e:\MealMate\backend\venv\lib\site-packages\pymongo\topology.py", line 520, in get_server_session
    session_timeout = self._check_session_support()
  File "e:\MealMate\backend\venv\lib\site-packages\pymongo\topology.py", line 499, in _check_session_support
    self._select_servers_loop(
  File "e:\MealMate\backend\venv\lib\site-packages\pymongo\topology.py", line 218, in _select_servers_loop
    raise ServerSelectionTimeoutError(
pymongo.errors.ServerSelectionTimeoutError: localhost:27017: [WinError 10061] No connection could be made because the target machine actively refused it, Timeout: 30s, Topology Description: <TopologyDescription id: 6a75f7ba5f498b469edb3b7c, topology_type: Single, servers: [<ServerDescription ('localhost', 27017) server_type: Unknown, rtt: None, error=AutoReconnect('localhost:27017: [WinError 10061] No connection could be made because the target machine actively refused it')>]>
--------------------------------------------------------------------------------
Exception on /api/customer/restaurants/:
Traceback (most recent call last):
  File "e:\MealMate\backend\venv\lib\site-packages\django\db\models\fields\related_descriptors.py", line 173, in __get__
    rel_obj = self.field.get_cached_value(instance)
  File "e:\MealMate\backend\venv\lib\site-packages\django\db\models\fields\mixins.py", line 15, in get_cached_value
    return instance._state.fields_cache[cache_name]
KeyError: 'owner'

During handling of the above exception, another exception occurred:

Traceback (most recent call last):
  File "e:\MealMate\backend\venv\lib\site-packages\django\db\models\fields\__init__.py", line 1823, in get_prep_value
    return int(value)
TypeError: int() argument must be a string, a bytes-like object or a real number, not 'ObjectId'

The above exception was the direct cause of the following exception:

Traceback (most recent call last):
  File "e:\MealMate\backend\venv\lib\site-packages\django\core\handlers\base.py", line 181, in _get_response
    response = wrapped_callback(request, *callback_args, **callback_kwargs)
  File "e:\MealMate\backend\venv\lib\site-packages\django\views\decorators\csrf.py", line 54, in wrapped_view
    return view_func(*args, **kwargs)
  File "e:\MealMate\backend\venv\lib\site-packages\rest_framework\viewsets.py", line 125, in view
    return self.dispatch(request, *args, **kwargs)
  File "e:\MealMate\backend\venv\lib\site-packages\rest_framework\views.py", line 509, in dispatch
    response = self.handle_exception(exc)
  File "e:\MealMate\backend\venv\lib\site-packages\rest_framework\views.py", line 469, in handle_exception
    self.raise_uncaught_exception(exc)
  File "e:\MealMate\backend\venv\lib\site-packages\rest_framework\views.py", line 480, in raise_uncaught_exception
    raise exc
  File "e:\MealMate\backend\venv\lib\site-packages\rest_framework\views.py", line 506, in dispatch
    response = handler(request, *args, **kwargs)
  File "e:\MealMate\backend\venv\lib\site-packages\rest_framework\mixins.py", line 46, in list
    return Response(serializer.data)
  File "e:\MealMate\backend\venv\lib\site-packages\rest_framework\serializers.py", line 768, in data
    ret = super().data
  File "e:\MealMate\backend\venv\lib\site-packages\rest_framework\serializers.py", line 253, in data
    self._data = self.to_representation(self.instance)
  File "e:\MealMate\backend\venv\lib\site-packages\rest_framework\serializers.py", line 686, in to_representation
    return [
  File "e:\MealMate\backend\venv\lib\site-packages\rest_framework\serializers.py", line 687, in <listcomp>
    self.child.to_representation(item) for item in iterable
  File "e:\MealMate\backend\venv\lib\site-packages\rest_framework\serializers.py", line 509, in to_representation
    attribute = field.get_attribute(instance)
  File "e:\MealMate\backend\venv\lib\site-packages\rest_framework\fields.py", line 446, in get_attribute
    return get_attribute(instance, self.source_attrs)
  File "e:\MealMate\backend\venv\lib\site-packages\rest_framework\fields.py", line 96, in get_attribute
    instance = getattr(instance, attr)
  File "e:\MealMate\backend\venv\lib\site-packages\django\db\models\fields\related_descriptors.py", line 187, in __get__
    rel_obj = self.get_object(instance)
  File "e:\MealMate\backend\venv\lib\site-packages\django\db\models\fields\related_descriptors.py", line 307, in get_object
    return super().get_object(instance)
  File "e:\MealMate\backend\venv\lib\site-packages\django\db\models\fields\related_descriptors.py", line 154, in get_object
    return qs.get(self.field.get_reverse_related_filter(instance))
  File "e:\MealMate\backend\venv\lib\site-packages\django\db\models\query.py", line 424, in get
    clone = self._chain() if self.query.combinator else self.filter(*args, **kwargs)
  File "e:\MealMate\backend\venv\lib\site-packages\django\db\models\query.py", line 941, in filter
    return self._filter_or_exclude(False, args, kwargs)
  File "e:\MealMate\backend\venv\lib\site-packages\django\db\models\query.py", line 961, in _filter_or_exclude
    clone._filter_or_exclude_inplace(negate, args, kwargs)
  File "e:\MealMate\backend\venv\lib\site-packages\django\db\models\query.py", line 968, in _filter_or_exclude_inplace
    self._query.add_q(Q(*args, **kwargs))
  File "e:\MealMate\backend\venv\lib\site-packages\django\db\models\sql\query.py", line 1416, in add_q
    clause, _ = self._add_q(q_object, self.used_aliases)
  File "e:\MealMate\backend\venv\lib\site-packages\django\db\models\sql\query.py", line 1435, in _add_q
    child_clause, needed_inner = self.build_filter(
  File "e:\MealMate\backend\venv\lib\site-packages\django\db\models\sql\query.py", line 1288, in build_filter
    return self._add_q(
  File "e:\MealMate\backend\venv\lib\site-packages\django\db\models\sql\query.py", line 1435, in _add_q
    child_clause, needed_inner = self.build_filter(
  File "e:\MealMate\backend\venv\lib\site-packages\django\db\models\sql\query.py", line 1370, in build_filter
    condition = self.build_lookup(lookups, col, value)
  File "e:\MealMate\backend\venv\lib\site-packages\django\db\models\sql\query.py", line 1216, in build_lookup
    lookup = lookup_class(lhs, rhs)
  File "e:\MealMate\backend\venv\lib\site-packages\django\db\models\lookups.py", line 25, in __init__
    self.rhs = self.get_prep_lookup()
  File "e:\MealMate\backend\venv\lib\site-packages\django\db\models\lookups.py", line 77, in get_prep_lookup
    return self.lhs.output_field.get_prep_value(self.rhs)
  File "e:\MealMate\backend\venv\lib\site-packages\django\db\models\fields\__init__.py", line 1825, in get_prep_value
    raise e.__class__(
TypeError: Field 'id' expected a number but got ObjectId('6a7404d11ae9e6f649ac615b').
--------------------------------------------------------------------------------
Exception on /api/customer/restaurants/:
Traceback (most recent call last):
  File "e:\MealMate\backend\venv\lib\site-packages\django\db\models\fields\related_descriptors.py", line 173, in __get__
    rel_obj = self.field.get_cached_value(instance)
  File "e:\MealMate\backend\venv\lib\site-packages\django\db\models\fields\mixins.py", line 15, in get_cached_value
    return instance._state.fields_cache[cache_name]
KeyError: 'owner'

During handling of the above exception, another exception occurred:

Traceback (most recent call last):
  File "e:\MealMate\backend\venv\lib\site-packages\django\db\models\fields\__init__.py", line 1823, in get_prep_value
    return int(value)
TypeError: int() argument must be a string, a bytes-like object or a real number, not 'ObjectId'

The above exception was the direct cause of the following exception:

Traceback (most recent call last):
  File "e:\MealMate\backend\venv\lib\site-packages\django\core\handlers\base.py", line 181, in _get_response
    response = wrapped_callback(request, *callback_args, **callback_kwargs)
  File "e:\MealMate\backend\venv\lib\site-packages\django\views\decorators\csrf.py", line 54, in wrapped_view
    return view_func(*args, **kwargs)
  File "e:\MealMate\backend\venv\lib\site-packages\rest_framework\viewsets.py", line 125, in view
    return self.dispatch(request, *args, **kwargs)
  File "e:\MealMate\backend\venv\lib\site-packages\rest_framework\views.py", line 509, in dispatch
    response = self.handle_exception(exc)
  File "e:\MealMate\backend\venv\lib\site-packages\rest_framework\views.py", line 469, in handle_exception
    self.raise_uncaught_exception(exc)
  File "e:\MealMate\backend\venv\lib\site-packages\rest_framework\views.py", line 480, in raise_uncaught_exception
    raise exc
  File "e:\MealMate\backend\venv\lib\site-packages\rest_framework\views.py", line 506, in dispatch
    response = handler(request, *args, **kwargs)
  File "e:\MealMate\backend\venv\lib\site-packages\rest_framework\mixins.py", line 46, in list
    return Response(serializer.data)
  File "e:\MealMate\backend\venv\lib\site-packages\rest_framework\serializers.py", line 768, in data
    ret = super().data
  File "e:\MealMate\backend\venv\lib\site-packages\rest_framework\serializers.py", line 253, in data
    self._data = self.to_representation(self.instance)
  File "e:\MealMate\backend\venv\lib\site-packages\rest_framework\serializers.py", line 686, in to_representation
    return [
  File "e:\MealMate\backend\venv\lib\site-packages\rest_framework\serializers.py", line 687, in <listcomp>
    self.child.to_representation(item) for item in iterable
  File "e:\MealMate\backend\venv\lib\site-packages\rest_framework\serializers.py", line 509, in to_representation
    attribute = field.get_attribute(instance)
  File "e:\MealMate\backend\venv\lib\site-packages\rest_framework\fields.py", line 446, in get_attribute
    return get_attribute(instance, self.source_attrs)
  File "e:\MealMate\backend\venv\lib\site-packages\rest_framework\fields.py", line 96, in get_attribute
    instance = getattr(instance, attr)
  File "e:\MealMate\backend\venv\lib\site-packages\django\db\models\fields\related_descriptors.py", line 187, in __get__
    rel_obj = self.get_object(instance)
  File "e:\MealMate\backend\venv\lib\site-packages\django\db\models\fields\related_descriptors.py", line 307, in get_object
    return super().get_object(instance)
  File "e:\MealMate\backend\venv\lib\site-packages\django\db\models\fields\related_descriptors.py", line 154, in get_object
    return qs.get(self.field.get_reverse_related_filter(instance))
  File "e:\MealMate\backend\venv\lib\site-packages\django\db\models\query.py", line 424, in get
    clone = self._chain() if self.query.combinator else self.filter(*args, **kwargs)
  File "e:\MealMate\backend\venv\lib\site-packages\django\db\models\query.py", line 941, in filter
    return self._filter_or_exclude(False, args, kwargs)
  File "e:\MealMate\backend\venv\lib\site-packages\django\db\models\query.py", line 961, in _filter_or_exclude
    clone._filter_or_exclude_inplace(negate, args, kwargs)
  File "e:\MealMate\backend\venv\lib\site-packages\django\db\models\query.py", line 968, in _filter_or_exclude_inplace
    self._query.add_q(Q(*args, **kwargs))
  File "e:\MealMate\backend\venv\lib\site-packages\django\db\models\sql\query.py", line 1416, in add_q
    clause, _ = self._add_q(q_object, self.used_aliases)
  File "e:\MealMate\backend\venv\lib\site-packages\django\db\models\sql\query.py", line 1435, in _add_q
    child_clause, needed_inner = self.build_filter(
  File "e:\MealMate\backend\venv\lib\site-packages\django\db\models\sql\query.py", line 1288, in build_filter
    return self._add_q(
  File "e:\MealMate\backend\venv\lib\site-packages\django\db\models\sql\query.py", line 1435, in _add_q
    child_clause, needed_inner = self.build_filter(
  File "e:\MealMate\backend\venv\lib\site-packages\django\db\models\sql\query.py", line 1370, in build_filter
    condition = self.build_lookup(lookups, col, value)
  File "e:\MealMate\backend\venv\lib\site-packages\django\db\models\sql\query.py", line 1216, in build_lookup
    lookup = lookup_class(lhs, rhs)
  File "e:\MealMate\backend\venv\lib\site-packages\django\db\models\lookups.py", line 25, in __init__
    self.rhs = self.get_prep_lookup()
  File "e:\MealMate\backend\venv\lib\site-packages\django\db\models\lookups.py", line 77, in get_prep_lookup
    return self.lhs.output_field.get_prep_value(self.rhs)
  File "e:\MealMate\backend\venv\lib\site-packages\django\db\models\fields\__init__.py", line 1825, in get_prep_value
    raise e.__class__(
TypeError: Field 'id' expected a number but got ObjectId('6a7404d11ae9e6f649ac615b').
--------------------------------------------------------------------------------
Exception on /api/customer/restaurants/:
Traceback (most recent call last):
  File "e:\MealMate\backend\venv\lib\site-packages\django\db\models\fields\related_descriptors.py", line 173, in __get__
    rel_obj = self.field.get_cached_value(instance)
  File "e:\MealMate\backend\venv\lib\site-packages\django\db\models\fields\mixins.py", line 15, in get_cached_value
    return instance._state.fields_cache[cache_name]
KeyError: 'owner'

During handling of the above exception, another exception occurred:

Traceback (most recent call last):
  File "e:\MealMate\backend\venv\lib\site-packages\django\db\models\fields\__init__.py", line 1823, in get_prep_value
    return int(value)
TypeError: int() argument must be a string, a bytes-like object or a real number, not 'ObjectId'

The above exception was the direct cause of the following exception:

Traceback (most recent call last):
  File "e:\MealMate\backend\venv\lib\site-packages\django\core\handlers\base.py", line 181, in _get_response
    response = wrapped_callback(request, *callback_args, **callback_kwargs)
  File "e:\MealMate\backend\venv\lib\site-packages\django\views\decorators\csrf.py", line 54, in wrapped_view
    return view_func(*args, **kwargs)
  File "e:\MealMate\backend\venv\lib\site-packages\rest_framework\viewsets.py", line 125, in view
    return self.dispatch(request, *args, **kwargs)
  File "e:\MealMate\backend\venv\lib\site-packages\rest_framework\views.py", line 509, in dispatch
    response = self.handle_exception(exc)
  File "e:\MealMate\backend\venv\lib\site-packages\rest_framework\views.py", line 469, in handle_exception
    self.raise_uncaught_exception(exc)
  File "e:\MealMate\backend\venv\lib\site-packages\rest_framework\views.py", line 480, in raise_uncaught_exception
    raise exc
  File "e:\MealMate\backend\venv\lib\site-packages\rest_framework\views.py", line 506, in dispatch
    response = handler(request, *args, **kwargs)
  File "e:\MealMate\backend\venv\lib\site-packages\rest_framework\mixins.py", line 46, in list
    return Response(serializer.data)
  File "e:\MealMate\backend\venv\lib\site-packages\rest_framework\serializers.py", line 768, in data
    ret = super().data
  File "e:\MealMate\backend\venv\lib\site-packages\rest_framework\serializers.py", line 253, in data
    self._data = self.to_representation(self.instance)
  File "e:\MealMate\backend\venv\lib\site-packages\rest_framework\serializers.py", line 686, in to_representation
    return [
  File "e:\MealMate\backend\venv\lib\site-packages\rest_framework\serializers.py", line 687, in <listcomp>
    self.child.to_representation(item) for item in iterable
  File "e:\MealMate\backend\venv\lib\site-packages\rest_framework\serializers.py", line 509, in to_representation
    attribute = field.get_attribute(instance)
  File "e:\MealMate\backend\venv\lib\site-packages\rest_framework\fields.py", line 446, in get_attribute
    return get_attribute(instance, self.source_attrs)
  File "e:\MealMate\backend\venv\lib\site-packages\rest_framework\fields.py", line 96, in get_attribute
    instance = getattr(instance, attr)
  File "e:\MealMate\backend\venv\lib\site-packages\django\db\models\fields\related_descriptors.py", line 187, in __get__
    rel_obj = self.get_object(instance)
  File "e:\MealMate\backend\venv\lib\site-packages\django\db\models\fields\related_descriptors.py", line 307, in get_object
    return super().get_object(instance)
  File "e:\MealMate\backend\venv\lib\site-packages\django\db\models\fields\related_descriptors.py", line 154, in get_object
    return qs.get(self.field.get_reverse_related_filter(instance))
  File "e:\MealMate\backend\venv\lib\site-packages\django\db\models\query.py", line 424, in get
    clone = self._chain() if self.query.combinator else self.filter(*args, **kwargs)
  File "e:\MealMate\backend\venv\lib\site-packages\django\db\models\query.py", line 941, in filter
    return self._filter_or_exclude(False, args, kwargs)
  File "e:\MealMate\backend\venv\lib\site-packages\django\db\models\query.py", line 961, in _filter_or_exclude
    clone._filter_or_exclude_inplace(negate, args, kwargs)
  File "e:\MealMate\backend\venv\lib\site-packages\django\db\models\query.py", line 968, in _filter_or_exclude_inplace
    self._query.add_q(Q(*args, **kwargs))
  File "e:\MealMate\backend\venv\lib\site-packages\django\db\models\sql\query.py", line 1416, in add_q
    clause, _ = self._add_q(q_object, self.used_aliases)
  File "e:\MealMate\backend\venv\lib\site-packages\django\db\models\sql\query.py", line 1435, in _add_q
    child_clause, needed_inner = self.build_filter(
  File "e:\MealMate\backend\venv\lib\site-packages\django\db\models\sql\query.py", line 1288, in build_filter
    return self._add_q(
  File "e:\MealMate\backend\venv\lib\site-packages\django\db\models\sql\query.py", line 1435, in _add_q
    child_clause, needed_inner = self.build_filter(
  File "e:\MealMate\backend\venv\lib\site-packages\django\db\models\sql\query.py", line 1370, in build_filter
    condition = self.build_lookup(lookups, col, value)
  File "e:\MealMate\backend\venv\lib\site-packages\django\db\models\sql\query.py", line 1216, in build_lookup
    lookup = lookup_class(lhs, rhs)
  File "e:\MealMate\backend\venv\lib\site-packages\django\db\models\lookups.py", line 25, in __init__
    self.rhs = self.get_prep_lookup()
  File "e:\MealMate\backend\venv\lib\site-packages\django\db\models\lookups.py", line 77, in get_prep_lookup
    return self.lhs.output_field.get_prep_value(self.rhs)
  File "e:\MealMate\backend\venv\lib\site-packages\django\db\models\fields\__init__.py", line 1825, in get_prep_value
    raise e.__class__(
TypeError: Field 'id' expected a number but got ObjectId('6a7404d11ae9e6f649ac615b').
--------------------------------------------------------------------------------
Exception on /api/customer/restaurants/:
Traceback (most recent call last):
  File "e:\MealMate\backend\venv\lib\site-packages\django\db\models\fields\related_descriptors.py", line 173, in __get__
    rel_obj = self.field.get_cached_value(instance)
  File "e:\MealMate\backend\venv\lib\site-packages\django\db\models\fields\mixins.py", line 15, in get_cached_value
    return instance._state.fields_cache[cache_name]
KeyError: 'owner'

During handling of the above exception, another exception occurred:

Traceback (most recent call last):
  File "e:\MealMate\backend\venv\lib\site-packages\django\db\models\fields\__init__.py", line 1823, in get_prep_value
    return int(value)
TypeError: int() argument must be a string, a bytes-like object or a real number, not 'ObjectId'

The above exception was the direct cause of the following exception:

Traceback (most recent call last):
  File "e:\MealMate\backend\venv\lib\site-packages\django\core\handlers\base.py", line 181, in _get_response
    response = wrapped_callback(request, *callback_args, **callback_kwargs)
  File "e:\MealMate\backend\venv\lib\site-packages\django\views\decorators\csrf.py", line 54, in wrapped_view
    return view_func(*args, **kwargs)
  File "e:\MealMate\backend\venv\lib\site-packages\rest_framework\viewsets.py", line 125, in view
    return self.dispatch(request, *args, **kwargs)
  File "e:\MealMate\backend\venv\lib\site-packages\rest_framework\views.py", line 509, in dispatch
    response = self.handle_exception(exc)
  File "e:\MealMate\backend\venv\lib\site-packages\rest_framework\views.py", line 469, in handle_exception
    self.raise_uncaught_exception(exc)
  File "e:\MealMate\backend\venv\lib\site-packages\rest_framework\views.py", line 480, in raise_uncaught_exception
    raise exc
  File "e:\MealMate\backend\venv\lib\site-packages\rest_framework\views.py", line 506, in dispatch
    response = handler(request, *args, **kwargs)
  File "e:\MealMate\backend\venv\lib\site-packages\rest_framework\mixins.py", line 46, in list
    return Response(serializer.data)
  File "e:\MealMate\backend\venv\lib\site-packages\rest_framework\serializers.py", line 768, in data
    ret = super().data
  File "e:\MealMate\backend\venv\lib\site-packages\rest_framework\serializers.py", line 253, in data
    self._data = self.to_representation(self.instance)
  File "e:\MealMate\backend\venv\lib\site-packages\rest_framework\serializers.py", line 686, in to_representation
    return [
  File "e:\MealMate\backend\venv\lib\site-packages\rest_framework\serializers.py", line 687, in <listcomp>
    self.child.to_representation(item) for item in iterable
  File "e:\MealMate\backend\venv\lib\site-packages\rest_framework\serializers.py", line 509, in to_representation
    attribute = field.get_attribute(instance)
  File "e:\MealMate\backend\venv\lib\site-packages\rest_framework\fields.py", line 446, in get_attribute
    return get_attribute(instance, self.source_attrs)
  File "e:\MealMate\backend\venv\lib\site-packages\rest_framework\fields.py", line 96, in get_attribute
    instance = getattr(instance, attr)
  File "e:\MealMate\backend\venv\lib\site-packages\django\db\models\fields\related_descriptors.py", line 187, in __get__
    rel_obj = self.get_object(instance)
  File "e:\MealMate\backend\venv\lib\site-packages\django\db\models\fields\related_descriptors.py", line 307, in get_object
    return super().get_object(instance)
  File "e:\MealMate\backend\venv\lib\site-packages\django\db\models\fields\related_descriptors.py", line 154, in get_object
    return qs.get(self.field.get_reverse_related_filter(instance))
  File "e:\MealMate\backend\venv\lib\site-packages\django\db\models\query.py", line 424, in get
    clone = self._chain() if self.query.combinator else self.filter(*args, **kwargs)
  File "e:\MealMate\backend\venv\lib\site-packages\django\db\models\query.py", line 941, in filter
    return self._filter_or_exclude(False, args, kwargs)
  File "e:\MealMate\backend\venv\lib\site-packages\django\db\models\query.py", line 961, in _filter_or_exclude
    clone._filter_or_exclude_inplace(negate, args, kwargs)
  File "e:\MealMate\backend\venv\lib\site-packages\django\db\models\query.py", line 968, in _filter_or_exclude_inplace
    self._query.add_q(Q(*args, **kwargs))
  File "e:\MealMate\backend\venv\lib\site-packages\django\db\models\sql\query.py", line 1416, in add_q
    clause, _ = self._add_q(q_object, self.used_aliases)
  File "e:\MealMate\backend\venv\lib\site-packages\django\db\models\sql\query.py", line 1435, in _add_q
    child_clause, needed_inner = self.build_filter(
  File "e:\MealMate\backend\venv\lib\site-packages\django\db\models\sql\query.py", line 1288, in build_filter
    return self._add_q(
  File "e:\MealMate\backend\venv\lib\site-packages\django\db\models\sql\query.py", line 1435, in _add_q
    child_clause, needed_inner = self.build_filter(
  File "e:\MealMate\backend\venv\lib\site-packages\django\db\models\sql\query.py", line 1370, in build_filter
    condition = self.build_lookup(lookups, col, value)
  File "e:\MealMate\backend\venv\lib\site-packages\django\db\models\sql\query.py", line 1216, in build_lookup
    lookup = lookup_class(lhs, rhs)
  File "e:\MealMate\backend\venv\lib\site-packages\django\db\models\lookups.py", line 25, in __init__
    self.rhs = self.get_prep_lookup()
  File "e:\MealMate\backend\venv\lib\site-packages\django\db\models\lookups.py", line 77, in get_prep_lookup
    return self.lhs.output_field.get_prep_value(self.rhs)
  File "e:\MealMate\backend\venv\lib\site-packages\django\db\models\fields\__init__.py", line 1825, in get_prep_value
    raise e.__class__(
TypeError: Field 'id' expected a number but got ObjectId('6a7404d11ae9e6f649ac615b').
--------------------------------------------------------------------------------
Exception on /api/customer/restaurants/:
Traceback (most recent call last):
  File "e:\MealMate\backend\venv\lib\site-packages\django\db\models\fields\related_descriptors.py", line 173, in __get__
    rel_obj = self.field.get_cached_value(instance)
  File "e:\MealMate\backend\venv\lib\site-packages\django\db\models\fields\mixins.py", line 15, in get_cached_value
    return instance._state.fields_cache[cache_name]
KeyError: 'owner'

During handling of the above exception, another exception occurred:

Traceback (most recent call last):
  File "e:\MealMate\backend\venv\lib\site-packages\django\db\models\fields\__init__.py", line 1823, in get_prep_value
    return int(value)
TypeError: int() argument must be a string, a bytes-like object or a real number, not 'ObjectId'

The above exception was the direct cause of the following exception:

Traceback (most recent call last):
  File "e:\MealMate\backend\venv\lib\site-packages\django\core\handlers\base.py", line 181, in _get_response
    response = wrapped_callback(request, *callback_args, **callback_kwargs)
  File "e:\MealMate\backend\venv\lib\site-packages\django\views\decorators\csrf.py", line 54, in wrapped_view
    return view_func(*args, **kwargs)
  File "e:\MealMate\backend\venv\lib\site-packages\rest_framework\viewsets.py", line 125, in view
    return self.dispatch(request, *args, **kwargs)
  File "e:\MealMate\backend\venv\lib\site-packages\rest_framework\views.py", line 509, in dispatch
    response = self.handle_exception(exc)
  File "e:\MealMate\backend\venv\lib\site-packages\rest_framework\views.py", line 469, in handle_exception
    self.raise_uncaught_exception(exc)
  File "e:\MealMate\backend\venv\lib\site-packages\rest_framework\views.py", line 480, in raise_uncaught_exception
    raise exc
  File "e:\MealMate\backend\venv\lib\site-packages\rest_framework\views.py", line 506, in dispatch
    response = handler(request, *args, **kwargs)
  File "e:\MealMate\backend\venv\lib\site-packages\rest_framework\mixins.py", line 46, in list
    return Response(serializer.data)
  File "e:\MealMate\backend\venv\lib\site-packages\rest_framework\serializers.py", line 768, in data
    ret = super().data
  File "e:\MealMate\backend\venv\lib\site-packages\rest_framework\serializers.py", line 253, in data
    self._data = self.to_representation(self.instance)
  File "e:\MealMate\backend\venv\lib\site-packages\rest_framework\serializers.py", line 686, in to_representation
    return [
  File "e:\MealMate\backend\venv\lib\site-packages\rest_framework\serializers.py", line 687, in <listcomp>
    self.child.to_representation(item) for item in iterable
  File "e:\MealMate\backend\venv\lib\site-packages\rest_framework\serializers.py", line 509, in to_representation
    attribute = field.get_attribute(instance)
  File "e:\MealMate\backend\venv\lib\site-packages\rest_framework\fields.py", line 446, in get_attribute
    return get_attribute(instance, self.source_attrs)
  File "e:\MealMate\backend\venv\lib\site-packages\rest_framework\fields.py", line 96, in get_attribute
    instance = getattr(instance, attr)
  File "e:\MealMate\backend\venv\lib\site-packages\django\db\models\fields\related_descriptors.py", line 187, in __get__
    rel_obj = self.get_object(instance)
  File "e:\MealMate\backend\venv\lib\site-packages\django\db\models\fields\related_descriptors.py", line 307, in get_object
    return super().get_object(instance)
  File "e:\MealMate\backend\venv\lib\site-packages\django\db\models\fields\related_descriptors.py", line 154, in get_object
    return qs.get(self.field.get_reverse_related_filter(instance))
  File "e:\MealMate\backend\venv\lib\site-packages\django\db\models\query.py", line 424, in get
    clone = self._chain() if self.query.combinator else self.filter(*args, **kwargs)
  File "e:\MealMate\backend\venv\lib\site-packages\django\db\models\query.py", line 941, in filter
    return self._filter_or_exclude(False, args, kwargs)
  File "e:\MealMate\backend\venv\lib\site-packages\django\db\models\query.py", line 961, in _filter_or_exclude
    clone._filter_or_exclude_inplace(negate, args, kwargs)
  File "e:\MealMate\backend\venv\lib\site-packages\django\db\models\query.py", line 968, in _filter_or_exclude_inplace
    self._query.add_q(Q(*args, **kwargs))
  File "e:\MealMate\backend\venv\lib\site-packages\django\db\models\sql\query.py", line 1416, in add_q
    clause, _ = self._add_q(q_object, self.used_aliases)
  File "e:\MealMate\backend\venv\lib\site-packages\django\db\models\sql\query.py", line 1435, in _add_q
    child_clause, needed_inner = self.build_filter(
  File "e:\MealMate\backend\venv\lib\site-packages\django\db\models\sql\query.py", line 1288, in build_filter
    return self._add_q(
  File "e:\MealMate\backend\venv\lib\site-packages\django\db\models\sql\query.py", line 1435, in _add_q
    child_clause, needed_inner = self.build_filter(
  File "e:\MealMate\backend\venv\lib\site-packages\django\db\models\sql\query.py", line 1370, in build_filter
    condition = self.build_lookup(lookups, col, value)
  File "e:\MealMate\backend\venv\lib\site-packages\django\db\models\sql\query.py", line 1216, in build_lookup
    lookup = lookup_class(lhs, rhs)
  File "e:\MealMate\backend\venv\lib\site-packages\django\db\models\lookups.py", line 25, in __init__
    self.rhs = self.get_prep_lookup()
  File "e:\MealMate\backend\venv\lib\site-packages\django\db\models\lookups.py", line 77, in get_prep_lookup
    return self.lhs.output_field.get_prep_value(self.rhs)
  File "e:\MealMate\backend\venv\lib\site-packages\django\db\models\fields\__init__.py", line 1825, in get_prep_value
    raise e.__class__(
TypeError: Field 'id' expected a number but got ObjectId('6a7404d11ae9e6f649ac615b').
--------------------------------------------------------------------------------
Exception on /api/customer/restaurants/:
Traceback (most recent call last):
  File "e:\MealMate\backend\venv\lib\site-packages\django\db\models\fields\related_descriptors.py", line 173, in __get__
    rel_obj = self.field.get_cached_value(instance)
  File "e:\MealMate\backend\venv\lib\site-packages\django\db\models\fields\mixins.py", line 15, in get_cached_value
    return instance._state.fields_cache[cache_name]
KeyError: 'owner'

During handling of the above exception, another exception occurred:

Traceback (most recent call last):
  File "e:\MealMate\backend\venv\lib\site-packages\django\db\models\fields\__init__.py", line 1823, in get_prep_value
    return int(value)
TypeError: int() argument must be a string, a bytes-like object or a real number, not 'ObjectId'

The above exception was the direct cause of the following exception:

Traceback (most recent call last):
  File "e:\MealMate\backend\venv\lib\site-packages\django\core\handlers\base.py", line 181, in _get_response
    response = wrapped_callback(request, *callback_args, **callback_kwargs)
  File "e:\MealMate\backend\venv\lib\site-packages\django\views\decorators\csrf.py", line 54, in wrapped_view
    return view_func(*args, **kwargs)
  File "e:\MealMate\backend\venv\lib\site-packages\rest_framework\viewsets.py", line 125, in view
    return self.dispatch(request, *args, **kwargs)
  File "e:\MealMate\backend\venv\lib\site-packages\rest_framework\views.py", line 509, in dispatch
    response = self.handle_exception(exc)
  File "e:\MealMate\backend\venv\lib\site-packages\rest_framework\views.py", line 469, in handle_exception
    self.raise_uncaught_exception(exc)
  File "e:\MealMate\backend\venv\lib\site-packages\rest_framework\views.py", line 480, in raise_uncaught_exception
    raise exc
  File "e:\MealMate\backend\venv\lib\site-packages\rest_framework\views.py", line 506, in dispatch
    response = handler(request, *args, **kwargs)
  File "e:\MealMate\backend\venv\lib\site-packages\rest_framework\mixins.py", line 46, in list
    return Response(serializer.data)
  File "e:\MealMate\backend\venv\lib\site-packages\rest_framework\serializers.py", line 768, in data
    ret = super().data
  File "e:\MealMate\backend\venv\lib\site-packages\rest_framework\serializers.py", line 253, in data
    self._data = self.to_representation(self.instance)
  File "e:\MealMate\backend\venv\lib\site-packages\rest_framework\serializers.py", line 686, in to_representation
    return [
  File "e:\MealMate\backend\venv\lib\site-packages\rest_framework\serializers.py", line 687, in <listcomp>
    self.child.to_representation(item) for item in iterable
  File "e:\MealMate\backend\venv\lib\site-packages\rest_framework\serializers.py", line 509, in to_representation
    attribute = field.get_attribute(instance)
  File "e:\MealMate\backend\venv\lib\site-packages\rest_framework\fields.py", line 446, in get_attribute
    return get_attribute(instance, self.source_attrs)
  File "e:\MealMate\backend\venv\lib\site-packages\rest_framework\fields.py", line 96, in get_attribute
    instance = getattr(instance, attr)
  File "e:\MealMate\backend\venv\lib\site-packages\django\db\models\fields\related_descriptors.py", line 187, in __get__
    rel_obj = self.get_object(instance)
  File "e:\MealMate\backend\venv\lib\site-packages\django\db\models\fields\related_descriptors.py", line 307, in get_object
    return super().get_object(instance)
  File "e:\MealMate\backend\venv\lib\site-packages\django\db\models\fields\related_descriptors.py", line 154, in get_object
    return qs.get(self.field.get_reverse_related_filter(instance))
  File "e:\MealMate\backend\venv\lib\site-packages\django\db\models\query.py", line 424, in get
    clone = self._chain() if self.query.combinator else self.filter(*args, **kwargs)
  File "e:\MealMate\backend\venv\lib\site-packages\django\db\models\query.py", line 941, in filter
    return self._filter_or_exclude(False, args, kwargs)
  File "e:\MealMate\backend\venv\lib\site-packages\django\db\models\query.py", line 961, in _filter_or_exclude
    clone._filter_or_exclude_inplace(negate, args, kwargs)
  File "e:\MealMate\backend\venv\lib\site-packages\django\db\models\query.py", line 968, in _filter_or_exclude_inplace
    self._query.add_q(Q(*args, **kwargs))
  File "e:\MealMate\backend\venv\lib\site-packages\django\db\models\sql\query.py", line 1416, in add_q
    clause, _ = self._add_q(q_object, self.used_aliases)
  File "e:\MealMate\backend\venv\lib\site-packages\django\db\models\sql\query.py", line 1435, in _add_q
    child_clause, needed_inner = self.build_filter(
  File "e:\MealMate\backend\venv\lib\site-packages\django\db\models\sql\query.py", line 1288, in build_filter
    return self._add_q(
  File "e:\MealMate\backend\venv\lib\site-packages\django\db\models\sql\query.py", line 1435, in _add_q
    child_clause, needed_inner = self.build_filter(
  File "e:\MealMate\backend\venv\lib\site-packages\django\db\models\sql\query.py", line 1370, in build_filter
    condition = self.build_lookup(lookups, col, value)
  File "e:\MealMate\backend\venv\lib\site-packages\django\db\models\sql\query.py", line 1216, in build_lookup
    lookup = lookup_class(lhs, rhs)
  File "e:\MealMate\backend\venv\lib\site-packages\django\db\models\lookups.py", line 25, in __init__
    self.rhs = self.get_prep_lookup()
  File "e:\MealMate\backend\venv\lib\site-packages\django\db\models\lookups.py", line 77, in get_prep_lookup
    return self.lhs.output_field.get_prep_value(self.rhs)
  File "e:\MealMate\backend\venv\lib\site-packages\django\db\models\fields\__init__.py", line 1825, in get_prep_value
    raise e.__class__(
TypeError: Field 'id' expected a number but got ObjectId('6a7404d11ae9e6f649ac615b').
--------------------------------------------------------------------------------
Exception on /api/customer/restaurants/:
Traceback (most recent call last):
  File "e:\MealMate\backend\venv\lib\site-packages\django\db\models\fields\related_descriptors.py", line 173, in __get__
    rel_obj = self.field.get_cached_value(instance)
  File "e:\MealMate\backend\venv\lib\site-packages\django\db\models\fields\mixins.py", line 15, in get_cached_value
    return instance._state.fields_cache[cache_name]
KeyError: 'owner'

During handling of the above exception, another exception occurred:

Traceback (most recent call last):
  File "e:\MealMate\backend\venv\lib\site-packages\django\db\models\fields\__init__.py", line 1823, in get_prep_value
    return int(value)
TypeError: int() argument must be a string, a bytes-like object or a real number, not 'ObjectId'

The above exception was the direct cause of the following exception:

Traceback (most recent call last):
  File "e:\MealMate\backend\venv\lib\site-packages\django\core\handlers\base.py", line 181, in _get_response
    response = wrapped_callback(request, *callback_args, **callback_kwargs)
  File "e:\MealMate\backend\venv\lib\site-packages\django\views\decorators\csrf.py", line 54, in wrapped_view
    return view_func(*args, **kwargs)
  File "e:\MealMate\backend\venv\lib\site-packages\rest_framework\viewsets.py", line 125, in view
    return self.dispatch(request, *args, **kwargs)
  File "e:\MealMate\backend\venv\lib\site-packages\rest_framework\views.py", line 509, in dispatch
    response = self.handle_exception(exc)
  File "e:\MealMate\backend\venv\lib\site-packages\rest_framework\views.py", line 469, in handle_exception
    self.raise_uncaught_exception(exc)
  File "e:\MealMate\backend\venv\lib\site-packages\rest_framework\views.py", line 480, in raise_uncaught_exception
    raise exc
  File "e:\MealMate\backend\venv\lib\site-packages\rest_framework\views.py", line 506, in dispatch
    response = handler(request, *args, **kwargs)
  File "e:\MealMate\backend\venv\lib\site-packages\rest_framework\mixins.py", line 46, in list
    return Response(serializer.data)
  File "e:\MealMate\backend\venv\lib\site-packages\rest_framework\serializers.py", line 768, in data
    ret = super().data
  File "e:\MealMate\backend\venv\lib\site-packages\rest_framework\serializers.py", line 253, in data
    self._data = self.to_representation(self.instance)
  File "e:\MealMate\backend\venv\lib\site-packages\rest_framework\serializers.py", line 686, in to_representation
    return [
  File "e:\MealMate\backend\venv\lib\site-packages\rest_framework\serializers.py", line 687, in <listcomp>
    self.child.to_representation(item) for item in iterable
  File "e:\MealMate\backend\venv\lib\site-packages\rest_framework\serializers.py", line 509, in to_representation
    attribute = field.get_attribute(instance)
  File "e:\MealMate\backend\venv\lib\site-packages\rest_framework\fields.py", line 446, in get_attribute
    return get_attribute(instance, self.source_attrs)
  File "e:\MealMate\backend\venv\lib\site-packages\rest_framework\fields.py", line 96, in get_attribute
    instance = getattr(instance, attr)
  File "e:\MealMate\backend\venv\lib\site-packages\django\db\models\fields\related_descriptors.py", line 187, in __get__
    rel_obj = self.get_object(instance)
  File "e:\MealMate\backend\venv\lib\site-packages\django\db\models\fields\related_descriptors.py", line 307, in get_object
    return super().get_object(instance)
  File "e:\MealMate\backend\venv\lib\site-packages\django\db\models\fields\related_descriptors.py", line 154, in get_object
    return qs.get(self.field.get_reverse_related_filter(instance))
  File "e:\MealMate\backend\venv\lib\site-packages\django\db\models\query.py", line 424, in get
    clone = self._chain() if self.query.combinator else self.filter(*args, **kwargs)
  File "e:\MealMate\backend\venv\lib\site-packages\django\db\models\query.py", line 941, in filter
    return self._filter_or_exclude(False, args, kwargs)
  File "e:\MealMate\backend\venv\lib\site-packages\django\db\models\query.py", line 961, in _filter_or_exclude
    clone._filter_or_exclude_inplace(negate, args, kwargs)
  File "e:\MealMate\backend\venv\lib\site-packages\django\db\models\query.py", line 968, in _filter_or_exclude_inplace
    self._query.add_q(Q(*args, **kwargs))
  File "e:\MealMate\backend\venv\lib\site-packages\django\db\models\sql\query.py", line 1416, in add_q
    clause, _ = self._add_q(q_object, self.used_aliases)
  File "e:\MealMate\backend\venv\lib\site-packages\django\db\models\sql\query.py", line 1435, in _add_q
    child_clause, needed_inner = self.build_filter(
  File "e:\MealMate\backend\venv\lib\site-packages\django\db\models\sql\query.py", line 1288, in build_filter
    return self._add_q(
  File "e:\MealMate\backend\venv\lib\site-packages\django\db\models\sql\query.py", line 1435, in _add_q
    child_clause, needed_inner = self.build_filter(
  File "e:\MealMate\backend\venv\lib\site-packages\django\db\models\sql\query.py", line 1370, in build_filter
    condition = self.build_lookup(lookups, col, value)
  File "e:\MealMate\backend\venv\lib\site-packages\django\db\models\sql\query.py", line 1216, in build_lookup
    lookup = lookup_class(lhs, rhs)
  File "e:\MealMate\backend\venv\lib\site-packages\django\db\models\lookups.py", line 25, in __init__
    self.rhs = self.get_prep_lookup()
  File "e:\MealMate\backend\venv\lib\site-packages\django\db\models\lookups.py", line 77, in get_prep_lookup
    return self.lhs.output_field.get_prep_value(self.rhs)
  File "e:\MealMate\backend\venv\lib\site-packages\django\db\models\fields\__init__.py", line 1825, in get_prep_value
    raise e.__class__(
TypeError: Field 'id' expected a number but got ObjectId('6a7404d11ae9e6f649ac615b').
--------------------------------------------------------------------------------
Exception on /api/customer/restaurants/:
Traceback (most recent call last):
  File "e:\MealMate\backend\venv\lib\site-packages\django\db\models\fields\related_descriptors.py", line 173, in __get__
    rel_obj = self.field.get_cached_value(instance)
  File "e:\MealMate\backend\venv\lib\site-packages\django\db\models\fields\mixins.py", line 15, in get_cached_value
    return instance._state.fields_cache[cache_name]
KeyError: 'owner'

During handling of the above exception, another exception occurred:

Traceback (most recent call last):
  File "e:\MealMate\backend\venv\lib\site-packages\django\db\models\fields\__init__.py", line 1823, in get_prep_value
    return int(value)
TypeError: int() argument must be a string, a bytes-like object or a real number, not 'ObjectId'

The above exception was the direct cause of the following exception:

Traceback (most recent call last):
  File "e:\MealMate\backend\venv\lib\site-packages\django\core\handlers\base.py", line 181, in _get_response
    response = wrapped_callback(request, *callback_args, **callback_kwargs)
  File "e:\MealMate\backend\venv\lib\site-packages\django\views\decorators\csrf.py", line 54, in wrapped_view
    return view_func(*args, **kwargs)
  File "e:\MealMate\backend\venv\lib\site-packages\rest_framework\viewsets.py", line 125, in view
    return self.dispatch(request, *args, **kwargs)
  File "e:\MealMate\backend\venv\lib\site-packages\rest_framework\views.py", line 509, in dispatch
    response = self.handle_exception(exc)
  File "e:\MealMate\backend\venv\lib\site-packages\rest_framework\views.py", line 469, in handle_exception
    self.raise_uncaught_exception(exc)
  File "e:\MealMate\backend\venv\lib\site-packages\rest_framework\views.py", line 480, in raise_uncaught_exception
    raise exc
  File "e:\MealMate\backend\venv\lib\site-packages\rest_framework\views.py", line 506, in dispatch
    response = handler(request, *args, **kwargs)
  File "e:\MealMate\backend\venv\lib\site-packages\rest_framework\mixins.py", line 46, in list
    return Response(serializer.data)
  File "e:\MealMate\backend\venv\lib\site-packages\rest_framework\serializers.py", line 768, in data
    ret = super().data
  File "e:\MealMate\backend\venv\lib\site-packages\rest_framework\serializers.py", line 253, in data
    self._data = self.to_representation(self.instance)
  File "e:\MealMate\backend\venv\lib\site-packages\rest_framework\serializers.py", line 686, in to_representation
    return [
  File "e:\MealMate\backend\venv\lib\site-packages\rest_framework\serializers.py", line 687, in <listcomp>
    self.child.to_representation(item) for item in iterable
  File "e:\MealMate\backend\venv\lib\site-packages\rest_framework\serializers.py", line 509, in to_representation
    attribute = field.get_attribute(instance)
  File "e:\MealMate\backend\venv\lib\site-packages\rest_framework\fields.py", line 446, in get_attribute
    return get_attribute(instance, self.source_attrs)
  File "e:\MealMate\backend\venv\lib\site-packages\rest_framework\fields.py", line 96, in get_attribute
    instance = getattr(instance, attr)
  File "e:\MealMate\backend\venv\lib\site-packages\django\db\models\fields\related_descriptors.py", line 187, in __get__
    rel_obj = self.get_object(instance)
  File "e:\MealMate\backend\venv\lib\site-packages\django\db\models\fields\related_descriptors.py", line 307, in get_object
    return super().get_object(instance)
  File "e:\MealMate\backend\venv\lib\site-packages\django\db\models\fields\related_descriptors.py", line 154, in get_object
    return qs.get(self.field.get_reverse_related_filter(instance))
  File "e:\MealMate\backend\venv\lib\site-packages\django\db\models\query.py", line 424, in get
    clone = self._chain() if self.query.combinator else self.filter(*args, **kwargs)
  File "e:\MealMate\backend\venv\lib\site-packages\django\db\models\query.py", line 941, in filter
    return self._filter_or_exclude(False, args, kwargs)
  File "e:\MealMate\backend\venv\lib\site-packages\django\db\models\query.py", line 961, in _filter_or_exclude
    clone._filter_or_exclude_inplace(negate, args, kwargs)
  File "e:\MealMate\backend\venv\lib\site-packages\django\db\models\query.py", line 968, in _filter_or_exclude_inplace
    self._query.add_q(Q(*args, **kwargs))
  File "e:\MealMate\backend\venv\lib\site-packages\django\db\models\sql\query.py", line 1416, in add_q
    clause, _ = self._add_q(q_object, self.used_aliases)
  File "e:\MealMate\backend\venv\lib\site-packages\django\db\models\sql\query.py", line 1435, in _add_q
    child_clause, needed_inner = self.build_filter(
  File "e:\MealMate\backend\venv\lib\site-packages\django\db\models\sql\query.py", line 1288, in build_filter
    return self._add_q(
  File "e:\MealMate\backend\venv\lib\site-packages\django\db\models\sql\query.py", line 1435, in _add_q
    child_clause, needed_inner = self.build_filter(
  File "e:\MealMate\backend\venv\lib\site-packages\django\db\models\sql\query.py", line 1370, in build_filter
    condition = self.build_lookup(lookups, col, value)
  File "e:\MealMate\backend\venv\lib\site-packages\django\db\models\sql\query.py", line 1216, in build_lookup
    lookup = lookup_class(lhs, rhs)
  File "e:\MealMate\backend\venv\lib\site-packages\django\db\models\lookups.py", line 25, in __init__
    self.rhs = self.get_prep_lookup()
  File "e:\MealMate\backend\venv\lib\site-packages\django\db\models\lookups.py", line 77, in get_prep_lookup
    return self.lhs.output_field.get_prep_value(self.rhs)
  File "e:\MealMate\backend\venv\lib\site-packages\django\db\models\fields\__init__.py", line 1825, in get_prep_value
    raise e.__class__(
TypeError: Field 'id' expected a number but got ObjectId('6a7404d11ae9e6f649ac615b').
--------------------------------------------------------------------------------
Exception on /api/customer/restaurants/:
Traceback (most recent call last):
  File "e:\MealMate\backend\venv\lib\site-packages\django\db\models\fields\related_descriptors.py", line 173, in __get__
    rel_obj = self.field.get_cached_value(instance)
  File "e:\MealMate\backend\venv\lib\site-packages\django\db\models\fields\mixins.py", line 15, in get_cached_value
    return instance._state.fields_cache[cache_name]
KeyError: 'owner'

During handling of the above exception, another exception occurred:

Traceback (most recent call last):
  File "e:\MealMate\backend\venv\lib\site-packages\django\db\models\fields\__init__.py", line 1823, in get_prep_value
    return int(value)
TypeError: int() argument must be a string, a bytes-like object or a real number, not 'ObjectId'

The above exception was the direct cause of the following exception:

Traceback (most recent call last):
  File "e:\MealMate\backend\venv\lib\site-packages\django\core\handlers\base.py", line 181, in _get_response
    response = wrapped_callback(request, *callback_args, **callback_kwargs)
  File "e:\MealMate\backend\venv\lib\site-packages\django\views\decorators\csrf.py", line 54, in wrapped_view
    return view_func(*args, **kwargs)
  File "e:\MealMate\backend\venv\lib\site-packages\rest_framework\viewsets.py", line 125, in view
    return self.dispatch(request, *args, **kwargs)
  File "e:\MealMate\backend\venv\lib\site-packages\rest_framework\views.py", line 509, in dispatch
    response = self.handle_exception(exc)
  File "e:\MealMate\backend\venv\lib\site-packages\rest_framework\views.py", line 469, in handle_exception
    self.raise_uncaught_exception(exc)
  File "e:\MealMate\backend\venv\lib\site-packages\rest_framework\views.py", line 480, in raise_uncaught_exception
    raise exc
  File "e:\MealMate\backend\venv\lib\site-packages\rest_framework\views.py", line 506, in dispatch
    response = handler(request, *args, **kwargs)
  File "e:\MealMate\backend\venv\lib\site-packages\rest_framework\mixins.py", line 46, in list
    return Response(serializer.data)
  File "e:\MealMate\backend\venv\lib\site-packages\rest_framework\serializers.py", line 768, in data
    ret = super().data
  File "e:\MealMate\backend\venv\lib\site-packages\rest_framework\serializers.py", line 253, in data
    self._data = self.to_representation(self.instance)
  File "e:\MealMate\backend\venv\lib\site-packages\rest_framework\serializers.py", line 686, in to_representation
    return [
  File "e:\MealMate\backend\venv\lib\site-packages\rest_framework\serializers.py", line 687, in <listcomp>
    self.child.to_representation(item) for item in iterable
  File "e:\MealMate\backend\venv\lib\site-packages\rest_framework\serializers.py", line 509, in to_representation
    attribute = field.get_attribute(instance)
  File "e:\MealMate\backend\venv\lib\site-packages\rest_framework\fields.py", line 446, in get_attribute
    return get_attribute(instance, self.source_attrs)
  File "e:\MealMate\backend\venv\lib\site-packages\rest_framework\fields.py", line 96, in get_attribute
    instance = getattr(instance, attr)
  File "e:\MealMate\backend\venv\lib\site-packages\django\db\models\fields\related_descriptors.py", line 187, in __get__
    rel_obj = self.get_object(instance)
  File "e:\MealMate\backend\venv\lib\site-packages\django\db\models\fields\related_descriptors.py", line 307, in get_object
    return super().get_object(instance)
  File "e:\MealMate\backend\venv\lib\site-packages\django\db\models\fields\related_descriptors.py", line 154, in get_object
    return qs.get(self.field.get_reverse_related_filter(instance))
  File "e:\MealMate\backend\venv\lib\site-packages\django\db\models\query.py", line 424, in get
    clone = self._chain() if self.query.combinator else self.filter(*args, **kwargs)
  File "e:\MealMate\backend\venv\lib\site-packages\django\db\models\query.py", line 941, in filter
    return self._filter_or_exclude(False, args, kwargs)
  File "e:\MealMate\backend\venv\lib\site-packages\django\db\models\query.py", line 961, in _filter_or_exclude
    clone._filter_or_exclude_inplace(negate, args, kwargs)
  File "e:\MealMate\backend\venv\lib\site-packages\django\db\models\query.py", line 968, in _filter_or_exclude_inplace
    self._query.add_q(Q(*args, **kwargs))
  File "e:\MealMate\backend\venv\lib\site-packages\django\db\models\sql\query.py", line 1416, in add_q
    clause, _ = self._add_q(q_object, self.used_aliases)
  File "e:\MealMate\backend\venv\lib\site-packages\django\db\models\sql\query.py", line 1435, in _add_q
    child_clause, needed_inner = self.build_filter(
  File "e:\MealMate\backend\venv\lib\site-packages\django\db\models\sql\query.py", line 1288, in build_filter
    return self._add_q(
  File "e:\MealMate\backend\venv\lib\site-packages\django\db\models\sql\query.py", line 1435, in _add_q
    child_clause, needed_inner = self.build_filter(
  File "e:\MealMate\backend\venv\lib\site-packages\django\db\models\sql\query.py", line 1370, in build_filter
    condition = self.build_lookup(lookups, col, value)
  File "e:\MealMate\backend\venv\lib\site-packages\django\db\models\sql\query.py", line 1216, in build_lookup
    lookup = lookup_class(lhs, rhs)
  File "e:\MealMate\backend\venv\lib\site-packages\django\db\models\lookups.py", line 25, in __init__
    self.rhs = self.get_prep_lookup()
  File "e:\MealMate\backend\venv\lib\site-packages\django\db\models\lookups.py", line 77, in get_prep_lookup
    return self.lhs.output_field.get_prep_value(self.rhs)
  File "e:\MealMate\backend\venv\lib\site-packages\django\db\models\fields\__init__.py", line 1825, in get_prep_value
    raise e.__class__(
TypeError: Field 'id' expected a number but got ObjectId('6a7404d11ae9e6f649ac615b').
--------------------------------------------------------------------------------
Exception on /api/customer/restaurants/:
Traceback (most recent call last):
  File "e:\MealMate\backend\venv\lib\site-packages\django\db\models\fields\related_descriptors.py", line 173, in __get__
    rel_obj = self.field.get_cached_value(instance)
  File "e:\MealMate\backend\venv\lib\site-packages\django\db\models\fields\mixins.py", line 15, in get_cached_value
    return instance._state.fields_cache[cache_name]
KeyError: 'owner'

During handling of the above exception, another exception occurred:

Traceback (most recent call last):
  File "e:\MealMate\backend\venv\lib\site-packages\django\db\models\fields\__init__.py", line 1823, in get_prep_value
    return int(value)
TypeError: int() argument must be a string, a bytes-like object or a real number, not 'ObjectId'

The above exception was the direct cause of the following exception:

Traceback (most recent call last):
  File "e:\MealMate\backend\venv\lib\site-packages\django\core\handlers\base.py", line 181, in _get_response
    response = wrapped_callback(request, *callback_args, **callback_kwargs)
  File "e:\MealMate\backend\venv\lib\site-packages\django\views\decorators\csrf.py", line 54, in wrapped_view
    return view_func(*args, **kwargs)
  File "e:\MealMate\backend\venv\lib\site-packages\rest_framework\viewsets.py", line 125, in view
    return self.dispatch(request, *args, **kwargs)
  File "e:\MealMate\backend\venv\lib\site-packages\rest_framework\views.py", line 509, in dispatch
    response = self.handle_exception(exc)
  File "e:\MealMate\backend\venv\lib\site-packages\rest_framework\views.py", line 469, in handle_exception
    self.raise_uncaught_exception(exc)
  File "e:\MealMate\backend\venv\lib\site-packages\rest_framework\views.py", line 480, in raise_uncaught_exception
    raise exc
  File "e:\MealMate\backend\venv\lib\site-packages\rest_framework\views.py", line 506, in dispatch
    response = handler(request, *args, **kwargs)
  File "e:\MealMate\backend\venv\lib\site-packages\rest_framework\mixins.py", line 46, in list
    return Response(serializer.data)
  File "e:\MealMate\backend\venv\lib\site-packages\rest_framework\serializers.py", line 768, in data
    ret = super().data
  File "e:\MealMate\backend\venv\lib\site-packages\rest_framework\serializers.py", line 253, in data
    self._data = self.to_representation(self.instance)
  File "e:\MealMate\backend\venv\lib\site-packages\rest_framework\serializers.py", line 686, in to_representation
    return [
  File "e:\MealMate\backend\venv\lib\site-packages\rest_framework\serializers.py", line 687, in <listcomp>
    self.child.to_representation(item) for item in iterable
  File "e:\MealMate\backend\venv\lib\site-packages\rest_framework\serializers.py", line 509, in to_representation
    attribute = field.get_attribute(instance)
  File "e:\MealMate\backend\venv\lib\site-packages\rest_framework\fields.py", line 446, in get_attribute
    return get_attribute(instance, self.source_attrs)
  File "e:\MealMate\backend\venv\lib\site-packages\rest_framework\fields.py", line 96, in get_attribute
    instance = getattr(instance, attr)
  File "e:\MealMate\backend\venv\lib\site-packages\django\db\models\fields\related_descriptors.py", line 187, in __get__
    rel_obj = self.get_object(instance)
  File "e:\MealMate\backend\venv\lib\site-packages\django\db\models\fields\related_descriptors.py", line 307, in get_object
    return super().get_object(instance)
  File "e:\MealMate\backend\venv\lib\site-packages\django\db\models\fields\related_descriptors.py", line 154, in get_object
    return qs.get(self.field.get_reverse_related_filter(instance))
  File "e:\MealMate\backend\venv\lib\site-packages\django\db\models\query.py", line 424, in get
    clone = self._chain() if self.query.combinator else self.filter(*args, **kwargs)
  File "e:\MealMate\backend\venv\lib\site-packages\django\db\models\query.py", line 941, in filter
    return self._filter_or_exclude(False, args, kwargs)
  File "e:\MealMate\backend\venv\lib\site-packages\django\db\models\query.py", line 961, in _filter_or_exclude
    clone._filter_or_exclude_inplace(negate, args, kwargs)
  File "e:\MealMate\backend\venv\lib\site-packages\django\db\models\query.py", line 968, in _filter_or_exclude_inplace
    self._query.add_q(Q(*args, **kwargs))
  File "e:\MealMate\backend\venv\lib\site-packages\django\db\models\sql\query.py", line 1416, in add_q
    clause, _ = self._add_q(q_object, self.used_aliases)
  File "e:\MealMate\backend\venv\lib\site-packages\django\db\models\sql\query.py", line 1435, in _add_q
    child_clause, needed_inner = self.build_filter(
  File "e:\MealMate\backend\venv\lib\site-packages\django\db\models\sql\query.py", line 1288, in build_filter
    return self._add_q(
  File "e:\MealMate\backend\venv\lib\site-packages\django\db\models\sql\query.py", line 1435, in _add_q
    child_clause, needed_inner = self.build_filter(
  File "e:\MealMate\backend\venv\lib\site-packages\django\db\models\sql\query.py", line 1370, in build_filter
    condition = self.build_lookup(lookups, col, value)
  File "e:\MealMate\backend\venv\lib\site-packages\django\db\models\sql\query.py", line 1216, in build_lookup
    lookup = lookup_class(lhs, rhs)
  File "e:\MealMate\backend\venv\lib\site-packages\django\db\models\lookups.py", line 25, in __init__
    self.rhs = self.get_prep_lookup()
  File "e:\MealMate\backend\venv\lib\site-packages\django\db\models\lookups.py", line 77, in get_prep_lookup
    return self.lhs.output_field.get_prep_value(self.rhs)
  File "e:\MealMate\backend\venv\lib\site-packages\django\db\models\fields\__init__.py", line 1825, in get_prep_value
    raise e.__class__(
TypeError: Field 'id' expected a number but got ObjectId('6a7404d11ae9e6f649ac615b').
--------------------------------------------------------------------------------
Exception on /api/customer/restaurants/:
Traceback (most recent call last):
  File "e:\MealMate\backend\venv\lib\site-packages\django\db\models\fields\related_descriptors.py", line 173, in __get__
    rel_obj = self.field.get_cached_value(instance)
  File "e:\MealMate\backend\venv\lib\site-packages\django\db\models\fields\mixins.py", line 15, in get_cached_value
    return instance._state.fields_cache[cache_name]
KeyError: 'owner'

During handling of the above exception, another exception occurred:

Traceback (most recent call last):
  File "e:\MealMate\backend\venv\lib\site-packages\django\db\models\fields\__init__.py", line 1823, in get_prep_value
    return int(value)
TypeError: int() argument must be a string, a bytes-like object or a real number, not 'ObjectId'

The above exception was the direct cause of the following exception:

Traceback (most recent call last):
  File "e:\MealMate\backend\venv\lib\site-packages\django\core\handlers\base.py", line 181, in _get_response
    response = wrapped_callback(request, *callback_args, **callback_kwargs)
  File "e:\MealMate\backend\venv\lib\site-packages\django\views\decorators\csrf.py", line 54, in wrapped_view
    return view_func(*args, **kwargs)
  File "e:\MealMate\backend\venv\lib\site-packages\rest_framework\viewsets.py", line 125, in view
    return self.dispatch(request, *args, **kwargs)
  File "e:\MealMate\backend\venv\lib\site-packages\rest_framework\views.py", line 509, in dispatch
    response = self.handle_exception(exc)
  File "e:\MealMate\backend\venv\lib\site-packages\rest_framework\views.py", line 469, in handle_exception
    self.raise_uncaught_exception(exc)
  File "e:\MealMate\backend\venv\lib\site-packages\rest_framework\views.py", line 480, in raise_uncaught_exception
    raise exc
  File "e:\MealMate\backend\venv\lib\site-packages\rest_framework\views.py", line 506, in dispatch
    response = handler(request, *args, **kwargs)
  File "e:\MealMate\backend\venv\lib\site-packages\rest_framework\mixins.py", line 46, in list
    return Response(serializer.data)
  File "e:\MealMate\backend\venv\lib\site-packages\rest_framework\serializers.py", line 768, in data
    ret = super().data
  File "e:\MealMate\backend\venv\lib\site-packages\rest_framework\serializers.py", line 253, in data
    self._data = self.to_representation(self.instance)
  File "e:\MealMate\backend\venv\lib\site-packages\rest_framework\serializers.py", line 686, in to_representation
    return [
  File "e:\MealMate\backend\venv\lib\site-packages\rest_framework\serializers.py", line 687, in <listcomp>
    self.child.to_representation(item) for item in iterable
  File "e:\MealMate\backend\venv\lib\site-packages\rest_framework\serializers.py", line 509, in to_representation
    attribute = field.get_attribute(instance)
  File "e:\MealMate\backend\venv\lib\site-packages\rest_framework\fields.py", line 446, in get_attribute
    return get_attribute(instance, self.source_attrs)
  File "e:\MealMate\backend\venv\lib\site-packages\rest_framework\fields.py", line 96, in get_attribute
    instance = getattr(instance, attr)
  File "e:\MealMate\backend\venv\lib\site-packages\django\db\models\fields\related_descriptors.py", line 187, in __get__
    rel_obj = self.get_object(instance)
  File "e:\MealMate\backend\venv\lib\site-packages\django\db\models\fields\related_descriptors.py", line 307, in get_object
    return super().get_object(instance)
  File "e:\MealMate\backend\venv\lib\site-packages\django\db\models\fields\related_descriptors.py", line 154, in get_object
    return qs.get(self.field.get_reverse_related_filter(instance))
  File "e:\MealMate\backend\venv\lib\site-packages\django\db\models\query.py", line 424, in get
    clone = self._chain() if self.query.combinator else self.filter(*args, **kwargs)
  File "e:\MealMate\backend\venv\lib\site-packages\django\db\models\query.py", line 941, in filter
    return self._filter_or_exclude(False, args, kwargs)
  File "e:\MealMate\backend\venv\lib\site-packages\django\db\models\query.py", line 961, in _filter_or_exclude
    clone._filter_or_exclude_inplace(negate, args, kwargs)
  File "e:\MealMate\backend\venv\lib\site-packages\django\db\models\query.py", line 968, in _filter_or_exclude_inplace
    self._query.add_q(Q(*args, **kwargs))
  File "e:\MealMate\backend\venv\lib\site-packages\django\db\models\sql\query.py", line 1416, in add_q
    clause, _ = self._add_q(q_object, self.used_aliases)
  File "e:\MealMate\backend\venv\lib\site-packages\django\db\models\sql\query.py", line 1435, in _add_q
    child_clause, needed_inner = self.build_filter(
  File "e:\MealMate\backend\venv\lib\site-packages\django\db\models\sql\query.py", line 1288, in build_filter
    return self._add_q(
  File "e:\MealMate\backend\venv\lib\site-packages\django\db\models\sql\query.py", line 1435, in _add_q
    child_clause, needed_inner = self.build_filter(
  File "e:\MealMate\backend\venv\lib\site-packages\django\db\models\sql\query.py", line 1370, in build_filter
    condition = self.build_lookup(lookups, col, value)
  File "e:\MealMate\backend\venv\lib\site-packages\django\db\models\sql\query.py", line 1216, in build_lookup
    lookup = lookup_class(lhs, rhs)
  File "e:\MealMate\backend\venv\lib\site-packages\django\db\models\lookups.py", line 25, in __init__
    self.rhs = self.get_prep_lookup()
  File "e:\MealMate\backend\venv\lib\site-packages\django\db\models\lookups.py", line 77, in get_prep_lookup
    return self.lhs.output_field.get_prep_value(self.rhs)
  File "e:\MealMate\backend\venv\lib\site-packages\django\db\models\fields\__init__.py", line 1825, in get_prep_value
    raise e.__class__(
TypeError: Field 'id' expected a number but got ObjectId('6a7404d11ae9e6f649ac615b').
--------------------------------------------------------------------------------
Exception on /api/customer/restaurants/:
Traceback (most recent call last):
  File "e:\MealMate\backend\venv\lib\site-packages\django\db\models\fields\related_descriptors.py", line 173, in __get__
    rel_obj = self.field.get_cached_value(instance)
  File "e:\MealMate\backend\venv\lib\site-packages\django\db\models\fields\mixins.py", line 15, in get_cached_value
    return instance._state.fields_cache[cache_name]
KeyError: 'owner'

During handling of the above exception, another exception occurred:

Traceback (most recent call last):
  File "e:\MealMate\backend\venv\lib\site-packages\django\db\models\fields\__init__.py", line 1823, in get_prep_value
    return int(value)
TypeError: int() argument must be a string, a bytes-like object or a real number, not 'ObjectId'

The above exception was the direct cause of the following exception:

Traceback (most recent call last):
  File "e:\MealMate\backend\venv\lib\site-packages\django\core\handlers\base.py", line 181, in _get_response
    response = wrapped_callback(request, *callback_args, **callback_kwargs)
  File "e:\MealMate\backend\venv\lib\site-packages\django\views\decorators\csrf.py", line 54, in wrapped_view
    return view_func(*args, **kwargs)
  File "e:\MealMate\backend\venv\lib\site-packages\rest_framework\viewsets.py", line 125, in view
    return self.dispatch(request, *args, **kwargs)
  File "e:\MealMate\backend\venv\lib\site-packages\rest_framework\views.py", line 509, in dispatch
    response = self.handle_exception(exc)
  File "e:\MealMate\backend\venv\lib\site-packages\rest_framework\views.py", line 469, in handle_exception
    self.raise_uncaught_exception(exc)
  File "e:\MealMate\backend\venv\lib\site-packages\rest_framework\views.py", line 480, in raise_uncaught_exception
    raise exc
  File "e:\MealMate\backend\venv\lib\site-packages\rest_framework\views.py", line 506, in dispatch
    response = handler(request, *args, **kwargs)
  File "e:\MealMate\backend\venv\lib\site-packages\rest_framework\mixins.py", line 46, in list
    return Response(serializer.data)
  File "e:\MealMate\backend\venv\lib\site-packages\rest_framework\serializers.py", line 768, in data
    ret = super().data
  File "e:\MealMate\backend\venv\lib\site-packages\rest_framework\serializers.py", line 253, in data
    self._data = self.to_representation(self.instance)
  File "e:\MealMate\backend\venv\lib\site-packages\rest_framework\serializers.py", line 686, in to_representation
    return [
  File "e:\MealMate\backend\venv\lib\site-packages\rest_framework\serializers.py", line 687, in <listcomp>
    self.child.to_representation(item) for item in iterable
  File "e:\MealMate\backend\venv\lib\site-packages\rest_framework\serializers.py", line 509, in to_representation
    attribute = field.get_attribute(instance)
  File "e:\MealMate\backend\venv\lib\site-packages\rest_framework\fields.py", line 446, in get_attribute
    return get_attribute(instance, self.source_attrs)
  File "e:\MealMate\backend\venv\lib\site-packages\rest_framework\fields.py", line 96, in get_attribute
    instance = getattr(instance, attr)
  File "e:\MealMate\backend\venv\lib\site-packages\django\db\models\fields\related_descriptors.py", line 187, in __get__
    rel_obj = self.get_object(instance)
  File "e:\MealMate\backend\venv\lib\site-packages\django\db\models\fields\related_descriptors.py", line 307, in get_object
    return super().get_object(instance)
  File "e:\MealMate\backend\venv\lib\site-packages\django\db\models\fields\related_descriptors.py", line 154, in get_object
    return qs.get(self.field.get_reverse_related_filter(instance))
  File "e:\MealMate\backend\venv\lib\site-packages\django\db\models\query.py", line 424, in get
    clone = self._chain() if self.query.combinator else self.filter(*args, **kwargs)
  File "e:\MealMate\backend\venv\lib\site-packages\django\db\models\query.py", line 941, in filter
    return self._filter_or_exclude(False, args, kwargs)
  File "e:\MealMate\backend\venv\lib\site-packages\django\db\models\query.py", line 961, in _filter_or_exclude
    clone._filter_or_exclude_inplace(negate, args, kwargs)
  File "e:\MealMate\backend\venv\lib\site-packages\django\db\models\query.py", line 968, in _filter_or_exclude_inplace
    self._query.add_q(Q(*args, **kwargs))
  File "e:\MealMate\backend\venv\lib\site-packages\django\db\models\sql\query.py", line 1416, in add_q
    clause, _ = self._add_q(q_object, self.used_aliases)
  File "e:\MealMate\backend\venv\lib\site-packages\django\db\models\sql\query.py", line 1435, in _add_q
    child_clause, needed_inner = self.build_filter(
  File "e:\MealMate\backend\venv\lib\site-packages\django\db\models\sql\query.py", line 1288, in build_filter
    return self._add_q(
  File "e:\MealMate\backend\venv\lib\site-packages\django\db\models\sql\query.py", line 1435, in _add_q
    child_clause, needed_inner = self.build_filter(
  File "e:\MealMate\backend\venv\lib\site-packages\django\db\models\sql\query.py", line 1370, in build_filter
    condition = self.build_lookup(lookups, col, value)
  File "e:\MealMate\backend\venv\lib\site-packages\django\db\models\sql\query.py", line 1216, in build_lookup
    lookup = lookup_class(lhs, rhs)
  File "e:\MealMate\backend\venv\lib\site-packages\django\db\models\lookups.py", line 25, in __init__
    self.rhs = self.get_prep_lookup()
  File "e:\MealMate\backend\venv\lib\site-packages\django\db\models\lookups.py", line 77, in get_prep_lookup
    return self.lhs.output_field.get_prep_value(self.rhs)
  File "e:\MealMate\backend\venv\lib\site-packages\django\db\models\fields\__init__.py", line 1825, in get_prep_value
    raise e.__class__(
TypeError: Field 'id' expected a number but got ObjectId('6a7404d11ae9e6f649ac615b').
--------------------------------------------------------------------------------
Exception on /api/customer/restaurants/:
Traceback (most recent call last):
  File "e:\MealMate\backend\venv\lib\site-packages\django\db\models\fields\related_descriptors.py", line 173, in __get__
    rel_obj = self.field.get_cached_value(instance)
  File "e:\MealMate\backend\venv\lib\site-packages\django\db\models\fields\mixins.py", line 15, in get_cached_value
    return instance._state.fields_cache[cache_name]
KeyError: 'owner'

During handling of the above exception, another exception occurred:

Traceback (most recent call last):
  File "e:\MealMate\backend\venv\lib\site-packages\django\db\models\fields\__init__.py", line 1823, in get_prep_value
    return int(value)
TypeError: int() argument must be a string, a bytes-like object or a real number, not 'ObjectId'

The above exception was the direct cause of the following exception:

Traceback (most recent call last):
  File "e:\MealMate\backend\venv\lib\site-packages\django\core\handlers\base.py", line 181, in _get_response
    response = wrapped_callback(request, *callback_args, **callback_kwargs)
  File "e:\MealMate\backend\venv\lib\site-packages\django\views\decorators\csrf.py", line 54, in wrapped_view
    return view_func(*args, **kwargs)
  File "e:\MealMate\backend\venv\lib\site-packages\rest_framework\viewsets.py", line 125, in view
    return self.dispatch(request, *args, **kwargs)
  File "e:\MealMate\backend\venv\lib\site-packages\rest_framework\views.py", line 509, in dispatch
    response = self.handle_exception(exc)
  File "e:\MealMate\backend\venv\lib\site-packages\rest_framework\views.py", line 469, in handle_exception
    self.raise_uncaught_exception(exc)
  File "e:\MealMate\backend\venv\lib\site-packages\rest_framework\views.py", line 480, in raise_uncaught_exception
    raise exc
  File "e:\MealMate\backend\venv\lib\site-packages\rest_framework\views.py", line 506, in dispatch
    response = handler(request, *args, **kwargs)
  File "e:\MealMate\backend\venv\lib\site-packages\rest_framework\mixins.py", line 46, in list
    return Response(serializer.data)
  File "e:\MealMate\backend\venv\lib\site-packages\rest_framework\serializers.py", line 768, in data
    ret = super().data
  File "e:\MealMate\backend\venv\lib\site-packages\rest_framework\serializers.py", line 253, in data
    self._data = self.to_representation(self.instance)
  File "e:\MealMate\backend\venv\lib\site-packages\rest_framework\serializers.py", line 686, in to_representation
    return [
  File "e:\MealMate\backend\venv\lib\site-packages\rest_framework\serializers.py", line 687, in <listcomp>
    self.child.to_representation(item) for item in iterable
  File "e:\MealMate\backend\venv\lib\site-packages\rest_framework\serializers.py", line 509, in to_representation
    attribute = field.get_attribute(instance)
  File "e:\MealMate\backend\venv\lib\site-packages\rest_framework\fields.py", line 446, in get_attribute
    return get_attribute(instance, self.source_attrs)
  File "e:\MealMate\backend\venv\lib\site-packages\rest_framework\fields.py", line 96, in get_attribute
    instance = getattr(instance, attr)
  File "e:\MealMate\backend\venv\lib\site-packages\django\db\models\fields\related_descriptors.py", line 187, in __get__
    rel_obj = self.get_object(instance)
  File "e:\MealMate\backend\venv\lib\site-packages\django\db\models\fields\related_descriptors.py", line 307, in get_object
    return super().get_object(instance)
  File "e:\MealMate\backend\venv\lib\site-packages\django\db\models\fields\related_descriptors.py", line 154, in get_object
    return qs.get(self.field.get_reverse_related_filter(instance))
  File "e:\MealMate\backend\venv\lib\site-packages\django\db\models\query.py", line 424, in get
    clone = self._chain() if self.query.combinator else self.filter(*args, **kwargs)
  File "e:\MealMate\backend\venv\lib\site-packages\django\db\models\query.py", line 941, in filter
    return self._filter_or_exclude(False, args, kwargs)
  File "e:\MealMate\backend\venv\lib\site-packages\django\db\models\query.py", line 961, in _filter_or_exclude
    clone._filter_or_exclude_inplace(negate, args, kwargs)
  File "e:\MealMate\backend\venv\lib\site-packages\django\db\models\query.py", line 968, in _filter_or_exclude_inplace
    self._query.add_q(Q(*args, **kwargs))
  File "e:\MealMate\backend\venv\lib\site-packages\django\db\models\sql\query.py", line 1416, in add_q
    clause, _ = self._add_q(q_object, self.used_aliases)
  File "e:\MealMate\backend\venv\lib\site-packages\django\db\models\sql\query.py", line 1435, in _add_q
    child_clause, needed_inner = self.build_filter(
  File "e:\MealMate\backend\venv\lib\site-packages\django\db\models\sql\query.py", line 1288, in build_filter
    return self._add_q(
  File "e:\MealMate\backend\venv\lib\site-packages\django\db\models\sql\query.py", line 1435, in _add_q
    child_clause, needed_inner = self.build_filter(
  File "e:\MealMate\backend\venv\lib\site-packages\django\db\models\sql\query.py", line 1370, in build_filter
    condition = self.build_lookup(lookups, col, value)
  File "e:\MealMate\backend\venv\lib\site-packages\django\db\models\sql\query.py", line 1216, in build_lookup
    lookup = lookup_class(lhs, rhs)
  File "e:\MealMate\backend\venv\lib\site-packages\django\db\models\lookups.py", line 25, in __init__
    self.rhs = self.get_prep_lookup()
  File "e:\MealMate\backend\venv\lib\site-packages\django\db\models\lookups.py", line 77, in get_prep_lookup
    return self.lhs.output_field.get_prep_value(self.rhs)
  File "e:\MealMate\backend\venv\lib\site-packages\django\db\models\fields\__init__.py", line 1825, in get_prep_value
    raise e.__class__(
TypeError: Field 'id' expected a number but got ObjectId('6a7404d11ae9e6f649ac615b').
--------------------------------------------------------------------------------
Exception on /api/customer/restaurants/:
Traceback (most recent call last):
  File "e:\MealMate\backend\venv\lib\site-packages\django\db\models\fields\related_descriptors.py", line 173, in __get__
    rel_obj = self.field.get_cached_value(instance)
  File "e:\MealMate\backend\venv\lib\site-packages\django\db\models\fields\mixins.py", line 15, in get_cached_value
    return instance._state.fields_cache[cache_name]
KeyError: 'owner'

During handling of the above exception, another exception occurred:

Traceback (most recent call last):
  File "e:\MealMate\backend\venv\lib\site-packages\django\db\models\fields\__init__.py", line 1823, in get_prep_value
    return int(value)
TypeError: int() argument must be a string, a bytes-like object or a real number, not 'ObjectId'

The above exception was the direct cause of the following exception:

Traceback (most recent call last):
  File "e:\MealMate\backend\venv\lib\site-packages\django\core\handlers\base.py", line 181, in _get_response
    response = wrapped_callback(request, *callback_args, **callback_kwargs)
  File "e:\MealMate\backend\venv\lib\site-packages\django\views\decorators\csrf.py", line 54, in wrapped_view
    return view_func(*args, **kwargs)
  File "e:\MealMate\backend\venv\lib\site-packages\rest_framework\viewsets.py", line 125, in view
    return self.dispatch(request, *args, **kwargs)
  File "e:\MealMate\backend\venv\lib\site-packages\rest_framework\views.py", line 509, in dispatch
    response = self.handle_exception(exc)
  File "e:\MealMate\backend\venv\lib\site-packages\rest_framework\views.py", line 469, in handle_exception
    self.raise_uncaught_exception(exc)
  File "e:\MealMate\backend\venv\lib\site-packages\rest_framework\views.py", line 480, in raise_uncaught_exception
    raise exc
  File "e:\MealMate\backend\venv\lib\site-packages\rest_framework\views.py", line 506, in dispatch
    response = handler(request, *args, **kwargs)
  File "e:\MealMate\backend\venv\lib\site-packages\rest_framework\mixins.py", line 46, in list
    return Response(serializer.data)
  File "e:\MealMate\backend\venv\lib\site-packages\rest_framework\serializers.py", line 768, in data
    ret = super().data
  File "e:\MealMate\backend\venv\lib\site-packages\rest_framework\serializers.py", line 253, in data
    self._data = self.to_representation(self.instance)
  File "e:\MealMate\backend\venv\lib\site-packages\rest_framework\serializers.py", line 686, in to_representation
    return [
  File "e:\MealMate\backend\venv\lib\site-packages\rest_framework\serializers.py", line 687, in <listcomp>
    self.child.to_representation(item) for item in iterable
  File "e:\MealMate\backend\venv\lib\site-packages\rest_framework\serializers.py", line 509, in to_representation
    attribute = field.get_attribute(instance)
  File "e:\MealMate\backend\venv\lib\site-packages\rest_framework\fields.py", line 446, in get_attribute
    return get_attribute(instance, self.source_attrs)
  File "e:\MealMate\backend\venv\lib\site-packages\rest_framework\fields.py", line 96, in get_attribute
    instance = getattr(instance, attr)
  File "e:\MealMate\backend\venv\lib\site-packages\django\db\models\fields\related_descriptors.py", line 187, in __get__
    rel_obj = self.get_object(instance)
  File "e:\MealMate\backend\venv\lib\site-packages\django\db\models\fields\related_descriptors.py", line 307, in get_object
    return super().get_object(instance)
  File "e:\MealMate\backend\venv\lib\site-packages\django\db\models\fields\related_descriptors.py", line 154, in get_object
    return qs.get(self.field.get_reverse_related_filter(instance))
  File "e:\MealMate\backend\venv\lib\site-packages\django\db\models\query.py", line 424, in get
    clone = self._chain() if self.query.combinator else self.filter(*args, **kwargs)
  File "e:\MealMate\backend\venv\lib\site-packages\django\db\models\query.py", line 941, in filter
    return self._filter_or_exclude(False, args, kwargs)
  File "e:\MealMate\backend\venv\lib\site-packages\django\db\models\query.py", line 961, in _filter_or_exclude
    clone._filter_or_exclude_inplace(negate, args, kwargs)
  File "e:\MealMate\backend\venv\lib\site-packages\django\db\models\query.py", line 968, in _filter_or_exclude_inplace
    self._query.add_q(Q(*args, **kwargs))
  File "e:\MealMate\backend\venv\lib\site-packages\django\db\models\sql\query.py", line 1416, in add_q
    clause, _ = self._add_q(q_object, self.used_aliases)
  File "e:\MealMate\backend\venv\lib\site-packages\django\db\models\sql\query.py", line 1435, in _add_q
    child_clause, needed_inner = self.build_filter(
  File "e:\MealMate\backend\venv\lib\site-packages\django\db\models\sql\query.py", line 1288, in build_filter
    return self._add_q(
  File "e:\MealMate\backend\venv\lib\site-packages\django\db\models\sql\query.py", line 1435, in _add_q
    child_clause, needed_inner = self.build_filter(
  File "e:\MealMate\backend\venv\lib\site-packages\django\db\models\sql\query.py", line 1370, in build_filter
    condition = self.build_lookup(lookups, col, value)
  File "e:\MealMate\backend\venv\lib\site-packages\django\db\models\sql\query.py", line 1216, in build_lookup
    lookup = lookup_class(lhs, rhs)
  File "e:\MealMate\backend\venv\lib\site-packages\django\db\models\lookups.py", line 25, in __init__
    self.rhs = self.get_prep_lookup()
  File "e:\MealMate\backend\venv\lib\site-packages\django\db\models\lookups.py", line 77, in get_prep_lookup
    return self.lhs.output_field.get_prep_value(self.rhs)
  File "e:\MealMate\backend\venv\lib\site-packages\django\db\models\fields\__init__.py", line 1825, in get_prep_value
    raise e.__class__(
TypeError: Field 'id' expected a number but got ObjectId('6a7404d11ae9e6f649ac615b').
--------------------------------------------------------------------------------
Exception on /api/customer/restaurants/:
Traceback (most recent call last):
  File "e:\MealMate\backend\venv\lib\site-packages\django\db\models\fields\related_descriptors.py", line 173, in __get__
    rel_obj = self.field.get_cached_value(instance)
  File "e:\MealMate\backend\venv\lib\site-packages\django\db\models\fields\mixins.py", line 15, in get_cached_value
    return instance._state.fields_cache[cache_name]
KeyError: 'owner'

During handling of the above exception, another exception occurred:

Traceback (most recent call last):
  File "e:\MealMate\backend\venv\lib\site-packages\django\db\models\fields\__init__.py", line 1823, in get_prep_value
    return int(value)
TypeError: int() argument must be a string, a bytes-like object or a real number, not 'ObjectId'

The above exception was the direct cause of the following exception:

Traceback (most recent call last):
  File "e:\MealMate\backend\venv\lib\site-packages\django\core\handlers\base.py", line 181, in _get_response
    response = wrapped_callback(request, *callback_args, **callback_kwargs)
  File "e:\MealMate\backend\venv\lib\site-packages\django\views\decorators\csrf.py", line 54, in wrapped_view
    return view_func(*args, **kwargs)
  File "e:\MealMate\backend\venv\lib\site-packages\rest_framework\viewsets.py", line 125, in view
    return self.dispatch(request, *args, **kwargs)
  File "e:\MealMate\backend\venv\lib\site-packages\rest_framework\views.py", line 509, in dispatch
    response = self.handle_exception(exc)
  File "e:\MealMate\backend\venv\lib\site-packages\rest_framework\views.py", line 469, in handle_exception
    self.raise_uncaught_exception(exc)
  File "e:\MealMate\backend\venv\lib\site-packages\rest_framework\views.py", line 480, in raise_uncaught_exception
    raise exc
  File "e:\MealMate\backend\venv\lib\site-packages\rest_framework\views.py", line 506, in dispatch
    response = handler(request, *args, **kwargs)
  File "e:\MealMate\backend\venv\lib\site-packages\rest_framework\mixins.py", line 46, in list
    return Response(serializer.data)
  File "e:\MealMate\backend\venv\lib\site-packages\rest_framework\serializers.py", line 768, in data
    ret = super().data
  File "e:\MealMate\backend\venv\lib\site-packages\rest_framework\serializers.py", line 253, in data
    self._data = self.to_representation(self.instance)
  File "e:\MealMate\backend\venv\lib\site-packages\rest_framework\serializers.py", line 686, in to_representation
    return [
  File "e:\MealMate\backend\venv\lib\site-packages\rest_framework\serializers.py", line 687, in <listcomp>
    self.child.to_representation(item) for item in iterable
  File "e:\MealMate\backend\venv\lib\site-packages\rest_framework\serializers.py", line 509, in to_representation
    attribute = field.get_attribute(instance)
  File "e:\MealMate\backend\venv\lib\site-packages\rest_framework\fields.py", line 446, in get_attribute
    return get_attribute(instance, self.source_attrs)
  File "e:\MealMate\backend\venv\lib\site-packages\rest_framework\fields.py", line 96, in get_attribute
    instance = getattr(instance, attr)
  File "e:\MealMate\backend\venv\lib\site-packages\django\db\models\fields\related_descriptors.py", line 187, in __get__
    rel_obj = self.get_object(instance)
  File "e:\MealMate\backend\venv\lib\site-packages\django\db\models\fields\related_descriptors.py", line 307, in get_object
    return super().get_object(instance)
  File "e:\MealMate\backend\venv\lib\site-packages\django\db\models\fields\related_descriptors.py", line 154, in get_object
    return qs.get(self.field.get_reverse_related_filter(instance))
  File "e:\MealMate\backend\venv\lib\site-packages\django\db\models\query.py", line 424, in get
    clone = self._chain() if self.query.combinator else self.filter(*args, **kwargs)
  File "e:\MealMate\backend\venv\lib\site-packages\django\db\models\query.py", line 941, in filter
    return self._filter_or_exclude(False, args, kwargs)
  File "e:\MealMate\backend\venv\lib\site-packages\django\db\models\query.py", line 961, in _filter_or_exclude
    clone._filter_or_exclude_inplace(negate, args, kwargs)
  File "e:\MealMate\backend\venv\lib\site-packages\django\db\models\query.py", line 968, in _filter_or_exclude_inplace
    self._query.add_q(Q(*args, **kwargs))
  File "e:\MealMate\backend\venv\lib\site-packages\django\db\models\sql\query.py", line 1416, in add_q
    clause, _ = self._add_q(q_object, self.used_aliases)
  File "e:\MealMate\backend\venv\lib\site-packages\django\db\models\sql\query.py", line 1435, in _add_q
    child_clause, needed_inner = self.build_filter(
  File "e:\MealMate\backend\venv\lib\site-packages\django\db\models\sql\query.py", line 1288, in build_filter
    return self._add_q(
  File "e:\MealMate\backend\venv\lib\site-packages\django\db\models\sql\query.py", line 1435, in _add_q
    child_clause, needed_inner = self.build_filter(
  File "e:\MealMate\backend\venv\lib\site-packages\django\db\models\sql\query.py", line 1370, in build_filter
    condition = self.build_lookup(lookups, col, value)
  File "e:\MealMate\backend\venv\lib\site-packages\django\db\models\sql\query.py", line 1216, in build_lookup
    lookup = lookup_class(lhs, rhs)
  File "e:\MealMate\backend\venv\lib\site-packages\django\db\models\lookups.py", line 25, in __init__
    self.rhs = self.get_prep_lookup()
  File "e:\MealMate\backend\venv\lib\site-packages\django\db\models\lookups.py", line 77, in get_prep_lookup
    return self.lhs.output_field.get_prep_value(self.rhs)
  File "e:\MealMate\backend\venv\lib\site-packages\django\db\models\fields\__init__.py", line 1825, in get_prep_value
    raise e.__class__(
TypeError: Field 'id' expected a number but got ObjectId('6a7404d11ae9e6f649ac615b').
--------------------------------------------------------------------------------
Exception on /api/customer/restaurants/:
Traceback (most recent call last):
  File "e:\MealMate\backend\venv\lib\site-packages\django\db\models\fields\related_descriptors.py", line 173, in __get__
    rel_obj = self.field.get_cached_value(instance)
  File "e:\MealMate\backend\venv\lib\site-packages\django\db\models\fields\mixins.py", line 15, in get_cached_value
    return instance._state.fields_cache[cache_name]
KeyError: 'owner'

During handling of the above exception, another exception occurred:

Traceback (most recent call last):
  File "e:\MealMate\backend\venv\lib\site-packages\django\db\models\fields\__init__.py", line 1823, in get_prep_value
    return int(value)
TypeError: int() argument must be a string, a bytes-like object or a real number, not 'ObjectId'

The above exception was the direct cause of the following exception:

Traceback (most recent call last):
  File "e:\MealMate\backend\venv\lib\site-packages\django\core\handlers\base.py", line 181, in _get_response
    response = wrapped_callback(request, *callback_args, **callback_kwargs)
  File "e:\MealMate\backend\venv\lib\site-packages\django\views\decorators\csrf.py", line 54, in wrapped_view
    return view_func(*args, **kwargs)
  File "e:\MealMate\backend\venv\lib\site-packages\rest_framework\viewsets.py", line 125, in view
    return self.dispatch(request, *args, **kwargs)
  File "e:\MealMate\backend\venv\lib\site-packages\rest_framework\views.py", line 509, in dispatch
    response = self.handle_exception(exc)
  File "e:\MealMate\backend\venv\lib\site-packages\rest_framework\views.py", line 469, in handle_exception
    self.raise_uncaught_exception(exc)
  File "e:\MealMate\backend\venv\lib\site-packages\rest_framework\views.py", line 480, in raise_uncaught_exception
    raise exc
  File "e:\MealMate\backend\venv\lib\site-packages\rest_framework\views.py", line 506, in dispatch
    response = handler(request, *args, **kwargs)
  File "e:\MealMate\backend\venv\lib\site-packages\rest_framework\mixins.py", line 46, in list
    return Response(serializer.data)
  File "e:\MealMate\backend\venv\lib\site-packages\rest_framework\serializers.py", line 768, in data
    ret = super().data
  File "e:\MealMate\backend\venv\lib\site-packages\rest_framework\serializers.py", line 253, in data
    self._data = self.to_representation(self.instance)
  File "e:\MealMate\backend\venv\lib\site-packages\rest_framework\serializers.py", line 686, in to_representation
    return [
  File "e:\MealMate\backend\venv\lib\site-packages\rest_framework\serializers.py", line 687, in <listcomp>
    self.child.to_representation(item) for item in iterable
  File "e:\MealMate\backend\venv\lib\site-packages\rest_framework\serializers.py", line 509, in to_representation
    attribute = field.get_attribute(instance)
  File "e:\MealMate\backend\venv\lib\site-packages\rest_framework\fields.py", line 446, in get_attribute
    return get_attribute(instance, self.source_attrs)
  File "e:\MealMate\backend\venv\lib\site-packages\rest_framework\fields.py", line 96, in get_attribute
    instance = getattr(instance, attr)
  File "e:\MealMate\backend\venv\lib\site-packages\django\db\models\fields\related_descriptors.py", line 187, in __get__
    rel_obj = self.get_object(instance)
  File "e:\MealMate\backend\venv\lib\site-packages\django\db\models\fields\related_descriptors.py", line 307, in get_object
    return super().get_object(instance)
  File "e:\MealMate\backend\venv\lib\site-packages\django\db\models\fields\related_descriptors.py", line 154, in get_object
    return qs.get(self.field.get_reverse_related_filter(instance))
  File "e:\MealMate\backend\venv\lib\site-packages\django\db\models\query.py", line 424, in get
    clone = self._chain() if self.query.combinator else self.filter(*args, **kwargs)
  File "e:\MealMate\backend\venv\lib\site-packages\django\db\models\query.py", line 941, in filter
    return self._filter_or_exclude(False, args, kwargs)
  File "e:\MealMate\backend\venv\lib\site-packages\django\db\models\query.py", line 961, in _filter_or_exclude
    clone._filter_or_exclude_inplace(negate, args, kwargs)
  File "e:\MealMate\backend\venv\lib\site-packages\django\db\models\query.py", line 968, in _filter_or_exclude_inplace
    self._query.add_q(Q(*args, **kwargs))
  File "e:\MealMate\backend\venv\lib\site-packages\django\db\models\sql\query.py", line 1416, in add_q
    clause, _ = self._add_q(q_object, self.used_aliases)
  File "e:\MealMate\backend\venv\lib\site-packages\django\db\models\sql\query.py", line 1435, in _add_q
    child_clause, needed_inner = self.build_filter(
  File "e:\MealMate\backend\venv\lib\site-packages\django\db\models\sql\query.py", line 1288, in build_filter
    return self._add_q(
  File "e:\MealMate\backend\venv\lib\site-packages\django\db\models\sql\query.py", line 1435, in _add_q
    child_clause, needed_inner = self.build_filter(
  File "e:\MealMate\backend\venv\lib\site-packages\django\db\models\sql\query.py", line 1370, in build_filter
    condition = self.build_lookup(lookups, col, value)
  File "e:\MealMate\backend\venv\lib\site-packages\django\db\models\sql\query.py", line 1216, in build_lookup
    lookup = lookup_class(lhs, rhs)
  File "e:\MealMate\backend\venv\lib\site-packages\django\db\models\lookups.py", line 25, in __init__
    self.rhs = self.get_prep_lookup()
  File "e:\MealMate\backend\venv\lib\site-packages\django\db\models\lookups.py", line 77, in get_prep_lookup
    return self.lhs.output_field.get_prep_value(self.rhs)
  File "e:\MealMate\backend\venv\lib\site-packages\django\db\models\fields\__init__.py", line 1825, in get_prep_value
    raise e.__class__(
TypeError: Field 'id' expected a number but got ObjectId('6a7404d11ae9e6f649ac615b').
--------------------------------------------------------------------------------
Exception on /api/customer/restaurants/:
Traceback (most recent call last):
  File "e:\MealMate\backend\venv\lib\site-packages\django\db\models\fields\related_descriptors.py", line 173, in __get__
    rel_obj = self.field.get_cached_value(instance)
  File "e:\MealMate\backend\venv\lib\site-packages\django\db\models\fields\mixins.py", line 15, in get_cached_value
    return instance._state.fields_cache[cache_name]
KeyError: 'owner'

During handling of the above exception, another exception occurred:

Traceback (most recent call last):
  File "e:\MealMate\backend\venv\lib\site-packages\django\db\models\fields\__init__.py", line 1823, in get_prep_value
    return int(value)
TypeError: int() argument must be a string, a bytes-like object or a real number, not 'ObjectId'

The above exception was the direct cause of the following exception:

Traceback (most recent call last):
  File "e:\MealMate\backend\venv\lib\site-packages\django\core\handlers\base.py", line 181, in _get_response
    response = wrapped_callback(request, *callback_args, **callback_kwargs)
  File "e:\MealMate\backend\venv\lib\site-packages\django\views\decorators\csrf.py", line 54, in wrapped_view
    return view_func(*args, **kwargs)
  File "e:\MealMate\backend\venv\lib\site-packages\rest_framework\viewsets.py", line 125, in view
    return self.dispatch(request, *args, **kwargs)
  File "e:\MealMate\backend\venv\lib\site-packages\rest_framework\views.py", line 509, in dispatch
    response = self.handle_exception(exc)
  File "e:\MealMate\backend\venv\lib\site-packages\rest_framework\views.py", line 469, in handle_exception
    self.raise_uncaught_exception(exc)
  File "e:\MealMate\backend\venv\lib\site-packages\rest_framework\views.py", line 480, in raise_uncaught_exception
    raise exc
  File "e:\MealMate\backend\venv\lib\site-packages\rest_framework\views.py", line 506, in dispatch
    response = handler(request, *args, **kwargs)
  File "e:\MealMate\backend\venv\lib\site-packages\rest_framework\mixins.py", line 46, in list
    return Response(serializer.data)
  File "e:\MealMate\backend\venv\lib\site-packages\rest_framework\serializers.py", line 768, in data
    ret = super().data
  File "e:\MealMate\backend\venv\lib\site-packages\rest_framework\serializers.py", line 253, in data
    self._data = self.to_representation(self.instance)
  File "e:\MealMate\backend\venv\lib\site-packages\rest_framework\serializers.py", line 686, in to_representation
    return [
  File "e:\MealMate\backend\venv\lib\site-packages\rest_framework\serializers.py", line 687, in <listcomp>
    self.child.to_representation(item) for item in iterable
  File "e:\MealMate\backend\venv\lib\site-packages\rest_framework\serializers.py", line 509, in to_representation
    attribute = field.get_attribute(instance)
  File "e:\MealMate\backend\venv\lib\site-packages\rest_framework\fields.py", line 446, in get_attribute
    return get_attribute(instance, self.source_attrs)
  File "e:\MealMate\backend\venv\lib\site-packages\rest_framework\fields.py", line 96, in get_attribute
    instance = getattr(instance, attr)
  File "e:\MealMate\backend\venv\lib\site-packages\django\db\models\fields\related_descriptors.py", line 187, in __get__
    rel_obj = self.get_object(instance)
  File "e:\MealMate\backend\venv\lib\site-packages\django\db\models\fields\related_descriptors.py", line 307, in get_object
    return super().get_object(instance)
  File "e:\MealMate\backend\venv\lib\site-packages\django\db\models\fields\related_descriptors.py", line 154, in get_object
    return qs.get(self.field.get_reverse_related_filter(instance))
  File "e:\MealMate\backend\venv\lib\site-packages\django\db\models\query.py", line 424, in get
    clone = self._chain() if self.query.combinator else self.filter(*args, **kwargs)
  File "e:\MealMate\backend\venv\lib\site-packages\django\db\models\query.py", line 941, in filter
    return self._filter_or_exclude(False, args, kwargs)
  File "e:\MealMate\backend\venv\lib\site-packages\django\db\models\query.py", line 961, in _filter_or_exclude
    clone._filter_or_exclude_inplace(negate, args, kwargs)
  File "e:\MealMate\backend\venv\lib\site-packages\django\db\models\query.py", line 968, in _filter_or_exclude_inplace
    self._query.add_q(Q(*args, **kwargs))
  File "e:\MealMate\backend\venv\lib\site-packages\django\db\models\sql\query.py", line 1416, in add_q
    clause, _ = self._add_q(q_object, self.used_aliases)
  File "e:\MealMate\backend\venv\lib\site-packages\django\db\models\sql\query.py", line 1435, in _add_q
    child_clause, needed_inner = self.build_filter(
  File "e:\MealMate\backend\venv\lib\site-packages\django\db\models\sql\query.py", line 1288, in build_filter
    return self._add_q(
  File "e:\MealMate\backend\venv\lib\site-packages\django\db\models\sql\query.py", line 1435, in _add_q
    child_clause, needed_inner = self.build_filter(
  File "e:\MealMate\backend\venv\lib\site-packages\django\db\models\sql\query.py", line 1370, in build_filter
    condition = self.build_lookup(lookups, col, value)
  File "e:\MealMate\backend\venv\lib\site-packages\django\db\models\sql\query.py", line 1216, in build_lookup
    lookup = lookup_class(lhs, rhs)
  File "e:\MealMate\backend\venv\lib\site-packages\django\db\models\lookups.py", line 25, in __init__
    self.rhs = self.get_prep_lookup()
  File "e:\MealMate\backend\venv\lib\site-packages\django\db\models\lookups.py", line 77, in get_prep_lookup
    return self.lhs.output_field.get_prep_value(self.rhs)
  File "e:\MealMate\backend\venv\lib\site-packages\django\db\models\fields\__init__.py", line 1825, in get_prep_value
    raise e.__class__(
TypeError: Field 'id' expected a number but got ObjectId('6a7404d11ae9e6f649ac615b').
--------------------------------------------------------------------------------
Exception on /api/customer/restaurants/:
Traceback (most recent call last):
  File "e:\MealMate\backend\venv\lib\site-packages\django\db\models\fields\related_descriptors.py", line 173, in __get__
    rel_obj = self.field.get_cached_value(instance)
  File "e:\MealMate\backend\venv\lib\site-packages\django\db\models\fields\mixins.py", line 15, in get_cached_value
    return instance._state.fields_cache[cache_name]
KeyError: 'owner'

During handling of the above exception, another exception occurred:

Traceback (most recent call last):
  File "e:\MealMate\backend\venv\lib\site-packages\django\db\models\fields\__init__.py", line 1823, in get_prep_value
    return int(value)
TypeError: int() argument must be a string, a bytes-like object or a real number, not 'ObjectId'

The above exception was the direct cause of the following exception:

Traceback (most recent call last):
  File "e:\MealMate\backend\venv\lib\site-packages\django\core\handlers\base.py", line 181, in _get_response
    response = wrapped_callback(request, *callback_args, **callback_kwargs)
  File "e:\MealMate\backend\venv\lib\site-packages\django\views\decorators\csrf.py", line 54, in wrapped_view
    return view_func(*args, **kwargs)
  File "e:\MealMate\backend\venv\lib\site-packages\rest_framework\viewsets.py", line 125, in view
    return self.dispatch(request, *args, **kwargs)
  File "e:\MealMate\backend\venv\lib\site-packages\rest_framework\views.py", line 509, in dispatch
    response = self.handle_exception(exc)
  File "e:\MealMate\backend\venv\lib\site-packages\rest_framework\views.py", line 469, in handle_exception
    self.raise_uncaught_exception(exc)
  File "e:\MealMate\backend\venv\lib\site-packages\rest_framework\views.py", line 480, in raise_uncaught_exception
    raise exc
  File "e:\MealMate\backend\venv\lib\site-packages\rest_framework\views.py", line 506, in dispatch
    response = handler(request, *args, **kwargs)
  File "e:\MealMate\backend\venv\lib\site-packages\rest_framework\mixins.py", line 46, in list
    return Response(serializer.data)
  File "e:\MealMate\backend\venv\lib\site-packages\rest_framework\serializers.py", line 768, in data
    ret = super().data
  File "e:\MealMate\backend\venv\lib\site-packages\rest_framework\serializers.py", line 253, in data
    self._data = self.to_representation(self.instance)
  File "e:\MealMate\backend\venv\lib\site-packages\rest_framework\serializers.py", line 686, in to_representation
    return [
  File "e:\MealMate\backend\venv\lib\site-packages\rest_framework\serializers.py", line 687, in <listcomp>
    self.child.to_representation(item) for item in iterable
  File "e:\MealMate\backend\venv\lib\site-packages\rest_framework\serializers.py", line 509, in to_representation
    attribute = field.get_attribute(instance)
  File "e:\MealMate\backend\venv\lib\site-packages\rest_framework\fields.py", line 446, in get_attribute
    return get_attribute(instance, self.source_attrs)
  File "e:\MealMate\backend\venv\lib\site-packages\rest_framework\fields.py", line 96, in get_attribute
    instance = getattr(instance, attr)
  File "e:\MealMate\backend\venv\lib\site-packages\django\db\models\fields\related_descriptors.py", line 187, in __get__
    rel_obj = self.get_object(instance)
  File "e:\MealMate\backend\venv\lib\site-packages\django\db\models\fields\related_descriptors.py", line 307, in get_object
    return super().get_object(instance)
  File "e:\MealMate\backend\venv\lib\site-packages\django\db\models\fields\related_descriptors.py", line 154, in get_object
    return qs.get(self.field.get_reverse_related_filter(instance))
  File "e:\MealMate\backend\venv\lib\site-packages\django\db\models\query.py", line 424, in get
    clone = self._chain() if self.query.combinator else self.filter(*args, **kwargs)
  File "e:\MealMate\backend\venv\lib\site-packages\django\db\models\query.py", line 941, in filter
    return self._filter_or_exclude(False, args, kwargs)
  File "e:\MealMate\backend\venv\lib\site-packages\django\db\models\query.py", line 961, in _filter_or_exclude
    clone._filter_or_exclude_inplace(negate, args, kwargs)
  File "e:\MealMate\backend\venv\lib\site-packages\django\db\models\query.py", line 968, in _filter_or_exclude_inplace
    self._query.add_q(Q(*args, **kwargs))
  File "e:\MealMate\backend\venv\lib\site-packages\django\db\models\sql\query.py", line 1416, in add_q
    clause, _ = self._add_q(q_object, self.used_aliases)
  File "e:\MealMate\backend\venv\lib\site-packages\django\db\models\sql\query.py", line 1435, in _add_q
    child_clause, needed_inner = self.build_filter(
  File "e:\MealMate\backend\venv\lib\site-packages\django\db\models\sql\query.py", line 1288, in build_filter
    return self._add_q(
  File "e:\MealMate\backend\venv\lib\site-packages\django\db\models\sql\query.py", line 1435, in _add_q
    child_clause, needed_inner = self.build_filter(
  File "e:\MealMate\backend\venv\lib\site-packages\django\db\models\sql\query.py", line 1370, in build_filter
    condition = self.build_lookup(lookups, col, value)
  File "e:\MealMate\backend\venv\lib\site-packages\django\db\models\sql\query.py", line 1216, in build_lookup
    lookup = lookup_class(lhs, rhs)
  File "e:\MealMate\backend\venv\lib\site-packages\django\db\models\lookups.py", line 25, in __init__
    self.rhs = self.get_prep_lookup()
  File "e:\MealMate\backend\venv\lib\site-packages\django\db\models\lookups.py", line 77, in get_prep_lookup
    return self.lhs.output_field.get_prep_value(self.rhs)
  File "e:\MealMate\backend\venv\lib\site-packages\django\db\models\fields\__init__.py", line 1825, in get_prep_value
    raise e.__class__(
TypeError: Field 'id' expected a number but got ObjectId('6a7404d11ae9e6f649ac615b').
--------------------------------------------------------------------------------
Exception on /api/customer/restaurants/:
Traceback (most recent call last):
  File "e:\MealMate\backend\venv\lib\site-packages\django\db\models\fields\related_descriptors.py", line 173, in __get__
    rel_obj = self.field.get_cached_value(instance)
  File "e:\MealMate\backend\venv\lib\site-packages\django\db\models\fields\mixins.py", line 15, in get_cached_value
    return instance._state.fields_cache[cache_name]
KeyError: 'owner'

During handling of the above exception, another exception occurred:

Traceback (most recent call last):
  File "e:\MealMate\backend\venv\lib\site-packages\django\db\models\fields\__init__.py", line 1823, in get_prep_value
    return int(value)
TypeError: int() argument must be a string, a bytes-like object or a real number, not 'ObjectId'

The above exception was the direct cause of the following exception:

Traceback (most recent call last):
  File "e:\MealMate\backend\venv\lib\site-packages\django\core\handlers\base.py", line 181, in _get_response
    response = wrapped_callback(request, *callback_args, **callback_kwargs)
  File "e:\MealMate\backend\venv\lib\site-packages\django\views\decorators\csrf.py", line 54, in wrapped_view
    return view_func(*args, **kwargs)
  File "e:\MealMate\backend\venv\lib\site-packages\rest_framework\viewsets.py", line 125, in view
    return self.dispatch(request, *args, **kwargs)
  File "e:\MealMate\backend\venv\lib\site-packages\rest_framework\views.py", line 509, in dispatch
    response = self.handle_exception(exc)
  File "e:\MealMate\backend\venv\lib\site-packages\rest_framework\views.py", line 469, in handle_exception
    self.raise_uncaught_exception(exc)
  File "e:\MealMate\backend\venv\lib\site-packages\rest_framework\views.py", line 480, in raise_uncaught_exception
    raise exc
  File "e:\MealMate\backend\venv\lib\site-packages\rest_framework\views.py", line 506, in dispatch
    response = handler(request, *args, **kwargs)
  File "e:\MealMate\backend\venv\lib\site-packages\rest_framework\mixins.py", line 46, in list
    return Response(serializer.data)
  File "e:\MealMate\backend\venv\lib\site-packages\rest_framework\serializers.py", line 768, in data
    ret = super().data
  File "e:\MealMate\backend\venv\lib\site-packages\rest_framework\serializers.py", line 253, in data
    self._data = self.to_representation(self.instance)
  File "e:\MealMate\backend\venv\lib\site-packages\rest_framework\serializers.py", line 686, in to_representation
    return [
  File "e:\MealMate\backend\venv\lib\site-packages\rest_framework\serializers.py", line 687, in <listcomp>
    self.child.to_representation(item) for item in iterable
  File "e:\MealMate\backend\venv\lib\site-packages\rest_framework\serializers.py", line 509, in to_representation
    attribute = field.get_attribute(instance)
  File "e:\MealMate\backend\venv\lib\site-packages\rest_framework\fields.py", line 446, in get_attribute
    return get_attribute(instance, self.source_attrs)
  File "e:\MealMate\backend\venv\lib\site-packages\rest_framework\fields.py", line 96, in get_attribute
    instance = getattr(instance, attr)
  File "e:\MealMate\backend\venv\lib\site-packages\django\db\models\fields\related_descriptors.py", line 187, in __get__
    rel_obj = self.get_object(instance)
  File "e:\MealMate\backend\venv\lib\site-packages\django\db\models\fields\related_descriptors.py", line 307, in get_object
    return super().get_object(instance)
  File "e:\MealMate\backend\venv\lib\site-packages\django\db\models\fields\related_descriptors.py", line 154, in get_object
    return qs.get(self.field.get_reverse_related_filter(instance))
  File "e:\MealMate\backend\venv\lib\site-packages\django\db\models\query.py", line 424, in get
    clone = self._chain() if self.query.combinator else self.filter(*args, **kwargs)
  File "e:\MealMate\backend\venv\lib\site-packages\django\db\models\query.py", line 941, in filter
    return self._filter_or_exclude(False, args, kwargs)
  File "e:\MealMate\backend\venv\lib\site-packages\django\db\models\query.py", line 961, in _filter_or_exclude
    clone._filter_or_exclude_inplace(negate, args, kwargs)
  File "e:\MealMate\backend\venv\lib\site-packages\django\db\models\query.py", line 968, in _filter_or_exclude_inplace
    self._query.add_q(Q(*args, **kwargs))
  File "e:\MealMate\backend\venv\lib\site-packages\django\db\models\sql\query.py", line 1416, in add_q
    clause, _ = self._add_q(q_object, self.used_aliases)
  File "e:\MealMate\backend\venv\lib\site-packages\django\db\models\sql\query.py", line 1435, in _add_q
    child_clause, needed_inner = self.build_filter(
  File "e:\MealMate\backend\venv\lib\site-packages\django\db\models\sql\query.py", line 1288, in build_filter
    return self._add_q(
  File "e:\MealMate\backend\venv\lib\site-packages\django\db\models\sql\query.py", line 1435, in _add_q
    child_clause, needed_inner = self.build_filter(
  File "e:\MealMate\backend\venv\lib\site-packages\django\db\models\sql\query.py", line 1370, in build_filter
    condition = self.build_lookup(lookups, col, value)
  File "e:\MealMate\backend\venv\lib\site-packages\django\db\models\sql\query.py", line 1216, in build_lookup
    lookup = lookup_class(lhs, rhs)
  File "e:\MealMate\backend\venv\lib\site-packages\django\db\models\lookups.py", line 25, in __init__
    self.rhs = self.get_prep_lookup()
  File "e:\MealMate\backend\venv\lib\site-packages\django\db\models\lookups.py", line 77, in get_prep_lookup
    return self.lhs.output_field.get_prep_value(self.rhs)
  File "e:\MealMate\backend\venv\lib\site-packages\django\db\models\fields\__init__.py", line 1825, in get_prep_value
    raise e.__class__(
TypeError: Field 'id' expected a number but got ObjectId('6a7404d11ae9e6f649ac615b').
--------------------------------------------------------------------------------
Exception on /api/customer/restaurants/:
Traceback (most recent call last):
  File "e:\MealMate\backend\venv\lib\site-packages\django\db\models\fields\related_descriptors.py", line 173, in __get__
    rel_obj = self.field.get_cached_value(instance)
  File "e:\MealMate\backend\venv\lib\site-packages\django\db\models\fields\mixins.py", line 15, in get_cached_value
    return instance._state.fields_cache[cache_name]
KeyError: 'owner'

During handling of the above exception, another exception occurred:

Traceback (most recent call last):
  File "e:\MealMate\backend\venv\lib\site-packages\django\db\models\fields\__init__.py", line 1823, in get_prep_value
    return int(value)
TypeError: int() argument must be a string, a bytes-like object or a real number, not 'ObjectId'

The above exception was the direct cause of the following exception:

Traceback (most recent call last):
  File "e:\MealMate\backend\venv\lib\site-packages\django\core\handlers\base.py", line 181, in _get_response
    response = wrapped_callback(request, *callback_args, **callback_kwargs)
  File "e:\MealMate\backend\venv\lib\site-packages\django\views\decorators\csrf.py", line 54, in wrapped_view
    return view_func(*args, **kwargs)
  File "e:\MealMate\backend\venv\lib\site-packages\rest_framework\viewsets.py", line 125, in view
    return self.dispatch(request, *args, **kwargs)
  File "e:\MealMate\backend\venv\lib\site-packages\rest_framework\views.py", line 509, in dispatch
    response = self.handle_exception(exc)
  File "e:\MealMate\backend\venv\lib\site-packages\rest_framework\views.py", line 469, in handle_exception
    self.raise_uncaught_exception(exc)
  File "e:\MealMate\backend\venv\lib\site-packages\rest_framework\views.py", line 480, in raise_uncaught_exception
    raise exc
  File "e:\MealMate\backend\venv\lib\site-packages\rest_framework\views.py", line 506, in dispatch
    response = handler(request, *args, **kwargs)
  File "e:\MealMate\backend\venv\lib\site-packages\rest_framework\mixins.py", line 46, in list
    return Response(serializer.data)
  File "e:\MealMate\backend\venv\lib\site-packages\rest_framework\serializers.py", line 768, in data
    ret = super().data
  File "e:\MealMate\backend\venv\lib\site-packages\rest_framework\serializers.py", line 253, in data
    self._data = self.to_representation(self.instance)
  File "e:\MealMate\backend\venv\lib\site-packages\rest_framework\serializers.py", line 686, in to_representation
    return [
  File "e:\MealMate\backend\venv\lib\site-packages\rest_framework\serializers.py", line 687, in <listcomp>
    self.child.to_representation(item) for item in iterable
  File "e:\MealMate\backend\venv\lib\site-packages\rest_framework\serializers.py", line 509, in to_representation
    attribute = field.get_attribute(instance)
  File "e:\MealMate\backend\venv\lib\site-packages\rest_framework\fields.py", line 446, in get_attribute
    return get_attribute(instance, self.source_attrs)
  File "e:\MealMate\backend\venv\lib\site-packages\rest_framework\fields.py", line 96, in get_attribute
    instance = getattr(instance, attr)
  File "e:\MealMate\backend\venv\lib\site-packages\django\db\models\fields\related_descriptors.py", line 187, in __get__
    rel_obj = self.get_object(instance)
  File "e:\MealMate\backend\venv\lib\site-packages\django\db\models\fields\related_descriptors.py", line 307, in get_object
    return super().get_object(instance)
  File "e:\MealMate\backend\venv\lib\site-packages\django\db\models\fields\related_descriptors.py", line 154, in get_object
    return qs.get(self.field.get_reverse_related_filter(instance))
  File "e:\MealMate\backend\venv\lib\site-packages\django\db\models\query.py", line 424, in get
    clone = self._chain() if self.query.combinator else self.filter(*args, **kwargs)
  File "e:\MealMate\backend\venv\lib\site-packages\django\db\models\query.py", line 941, in filter
    return self._filter_or_exclude(False, args, kwargs)
  File "e:\MealMate\backend\venv\lib\site-packages\django\db\models\query.py", line 961, in _filter_or_exclude
    clone._filter_or_exclude_inplace(negate, args, kwargs)
  File "e:\MealMate\backend\venv\lib\site-packages\django\db\models\query.py", line 968, in _filter_or_exclude_inplace
    self._query.add_q(Q(*args, **kwargs))
  File "e:\MealMate\backend\venv\lib\site-packages\django\db\models\sql\query.py", line 1416, in add_q
    clause, _ = self._add_q(q_object, self.used_aliases)
  File "e:\MealMate\backend\venv\lib\site-packages\django\db\models\sql\query.py", line 1435, in _add_q
    child_clause, needed_inner = self.build_filter(
  File "e:\MealMate\backend\venv\lib\site-packages\django\db\models\sql\query.py", line 1288, in build_filter
    return self._add_q(
  File "e:\MealMate\backend\venv\lib\site-packages\django\db\models\sql\query.py", line 1435, in _add_q
    child_clause, needed_inner = self.build_filter(
  File "e:\MealMate\backend\venv\lib\site-packages\django\db\models\sql\query.py", line 1370, in build_filter
    condition = self.build_lookup(lookups, col, value)
  File "e:\MealMate\backend\venv\lib\site-packages\django\db\models\sql\query.py", line 1216, in build_lookup
    lookup = lookup_class(lhs, rhs)
  File "e:\MealMate\backend\venv\lib\site-packages\django\db\models\lookups.py", line 25, in __init__
    self.rhs = self.get_prep_lookup()
  File "e:\MealMate\backend\venv\lib\site-packages\django\db\models\lookups.py", line 77, in get_prep_lookup
    return self.lhs.output_field.get_prep_value(self.rhs)
  File "e:\MealMate\backend\venv\lib\site-packages\django\db\models\fields\__init__.py", line 1825, in get_prep_value
    raise e.__class__(
TypeError: Field 'id' expected a number but got ObjectId('6a7404d11ae9e6f649ac615b').
--------------------------------------------------------------------------------
Exception on /api/customer/restaurants/:
Traceback (most recent call last):
  File "e:\MealMate\backend\venv\lib\site-packages\django\db\models\fields\related_descriptors.py", line 173, in __get__
    rel_obj = self.field.get_cached_value(instance)
  File "e:\MealMate\backend\venv\lib\site-packages\django\db\models\fields\mixins.py", line 15, in get_cached_value
    return instance._state.fields_cache[cache_name]
KeyError: 'owner'

During handling of the above exception, another exception occurred:

Traceback (most recent call last):
  File "e:\MealMate\backend\venv\lib\site-packages\django\db\models\fields\__init__.py", line 1823, in get_prep_value
    return int(value)
TypeError: int() argument must be a string, a bytes-like object or a real number, not 'ObjectId'

The above exception was the direct cause of the following exception:

Traceback (most recent call last):
  File "e:\MealMate\backend\venv\lib\site-packages\django\core\handlers\base.py", line 181, in _get_response
    response = wrapped_callback(request, *callback_args, **callback_kwargs)
  File "e:\MealMate\backend\venv\lib\site-packages\django\views\decorators\csrf.py", line 54, in wrapped_view
    return view_func(*args, **kwargs)
  File "e:\MealMate\backend\venv\lib\site-packages\rest_framework\viewsets.py", line 125, in view
    return self.dispatch(request, *args, **kwargs)
  File "e:\MealMate\backend\venv\lib\site-packages\rest_framework\views.py", line 509, in dispatch
    response = self.handle_exception(exc)
  File "e:\MealMate\backend\venv\lib\site-packages\rest_framework\views.py", line 469, in handle_exception
    self.raise_uncaught_exception(exc)
  File "e:\MealMate\backend\venv\lib\site-packages\rest_framework\views.py", line 480, in raise_uncaught_exception
    raise exc
  File "e:\MealMate\backend\venv\lib\site-packages\rest_framework\views.py", line 506, in dispatch
    response = handler(request, *args, **kwargs)
  File "e:\MealMate\backend\venv\lib\site-packages\rest_framework\mixins.py", line 46, in list
    return Response(serializer.data)
  File "e:\MealMate\backend\venv\lib\site-packages\rest_framework\serializers.py", line 768, in data
    ret = super().data
  File "e:\MealMate\backend\venv\lib\site-packages\rest_framework\serializers.py", line 253, in data
    self._data = self.to_representation(self.instance)
  File "e:\MealMate\backend\venv\lib\site-packages\rest_framework\serializers.py", line 686, in to_representation
    return [
  File "e:\MealMate\backend\venv\lib\site-packages\rest_framework\serializers.py", line 687, in <listcomp>
    self.child.to_representation(item) for item in iterable
  File "e:\MealMate\backend\venv\lib\site-packages\rest_framework\serializers.py", line 509, in to_representation
    attribute = field.get_attribute(instance)
  File "e:\MealMate\backend\venv\lib\site-packages\rest_framework\fields.py", line 446, in get_attribute
    return get_attribute(instance, self.source_attrs)
  File "e:\MealMate\backend\venv\lib\site-packages\rest_framework\fields.py", line 96, in get_attribute
    instance = getattr(instance, attr)
  File "e:\MealMate\backend\venv\lib\site-packages\django\db\models\fields\related_descriptors.py", line 187, in __get__
    rel_obj = self.get_object(instance)
  File "e:\MealMate\backend\venv\lib\site-packages\django\db\models\fields\related_descriptors.py", line 307, in get_object
    return super().get_object(instance)
  File "e:\MealMate\backend\venv\lib\site-packages\django\db\models\fields\related_descriptors.py", line 154, in get_object
    return qs.get(self.field.get_reverse_related_filter(instance))
  File "e:\MealMate\backend\venv\lib\site-packages\django\db\models\query.py", line 424, in get
    clone = self._chain() if self.query.combinator else self.filter(*args, **kwargs)
  File "e:\MealMate\backend\venv\lib\site-packages\django\db\models\query.py", line 941, in filter
    return self._filter_or_exclude(False, args, kwargs)
  File "e:\MealMate\backend\venv\lib\site-packages\django\db\models\query.py", line 961, in _filter_or_exclude
    clone._filter_or_exclude_inplace(negate, args, kwargs)
  File "e:\MealMate\backend\venv\lib\site-packages\django\db\models\query.py", line 968, in _filter_or_exclude_inplace
    self._query.add_q(Q(*args, **kwargs))
  File "e:\MealMate\backend\venv\lib\site-packages\django\db\models\sql\query.py", line 1416, in add_q
    clause, _ = self._add_q(q_object, self.used_aliases)
  File "e:\MealMate\backend\venv\lib\site-packages\django\db\models\sql\query.py", line 1435, in _add_q
    child_clause, needed_inner = self.build_filter(
  File "e:\MealMate\backend\venv\lib\site-packages\django\db\models\sql\query.py", line 1288, in build_filter
    return self._add_q(
  File "e:\MealMate\backend\venv\lib\site-packages\django\db\models\sql\query.py", line 1435, in _add_q
    child_clause, needed_inner = self.build_filter(
  File "e:\MealMate\backend\venv\lib\site-packages\django\db\models\sql\query.py", line 1370, in build_filter
    condition = self.build_lookup(lookups, col, value)
  File "e:\MealMate\backend\venv\lib\site-packages\django\db\models\sql\query.py", line 1216, in build_lookup
    lookup = lookup_class(lhs, rhs)
  File "e:\MealMate\backend\venv\lib\site-packages\django\db\models\lookups.py", line 25, in __init__
    self.rhs = self.get_prep_lookup()
  File "e:\MealMate\backend\venv\lib\site-packages\django\db\models\lookups.py", line 77, in get_prep_lookup
    return self.lhs.output_field.get_prep_value(self.rhs)
  File "e:\MealMate\backend\venv\lib\site-packages\django\db\models\fields\__init__.py", line 1825, in get_prep_value
    raise e.__class__(
TypeError: Field 'id' expected a number but got ObjectId('6a7404d11ae9e6f649ac615b').
--------------------------------------------------------------------------------
Exception on /api/customer/restaurants/:
Traceback (most recent call last):
  File "e:\MealMate\backend\venv\lib\site-packages\django\db\models\fields\related_descriptors.py", line 173, in __get__
    rel_obj = self.field.get_cached_value(instance)
  File "e:\MealMate\backend\venv\lib\site-packages\django\db\models\fields\mixins.py", line 15, in get_cached_value
    return instance._state.fields_cache[cache_name]
KeyError: 'owner'

During handling of the above exception, another exception occurred:

Traceback (most recent call last):
  File "e:\MealMate\backend\venv\lib\site-packages\django\db\models\fields\__init__.py", line 1823, in get_prep_value
    return int(value)
TypeError: int() argument must be a string, a bytes-like object or a real number, not 'ObjectId'

The above exception was the direct cause of the following exception:

Traceback (most recent call last):
  File "e:\MealMate\backend\venv\lib\site-packages\django\core\handlers\base.py", line 181, in _get_response
    response = wrapped_callback(request, *callback_args, **callback_kwargs)
  File "e:\MealMate\backend\venv\lib\site-packages\django\views\decorators\csrf.py", line 54, in wrapped_view
    return view_func(*args, **kwargs)
  File "e:\MealMate\backend\venv\lib\site-packages\rest_framework\viewsets.py", line 125, in view
    return self.dispatch(request, *args, **kwargs)
  File "e:\MealMate\backend\venv\lib\site-packages\rest_framework\views.py", line 509, in dispatch
    response = self.handle_exception(exc)
  File "e:\MealMate\backend\venv\lib\site-packages\rest_framework\views.py", line 469, in handle_exception
    self.raise_uncaught_exception(exc)
  File "e:\MealMate\backend\venv\lib\site-packages\rest_framework\views.py", line 480, in raise_uncaught_exception
    raise exc
  File "e:\MealMate\backend\venv\lib\site-packages\rest_framework\views.py", line 506, in dispatch
    response = handler(request, *args, **kwargs)
  File "e:\MealMate\backend\venv\lib\site-packages\rest_framework\mixins.py", line 46, in list
    return Response(serializer.data)
  File "e:\MealMate\backend\venv\lib\site-packages\rest_framework\serializers.py", line 768, in data
    ret = super().data
  File "e:\MealMate\backend\venv\lib\site-packages\rest_framework\serializers.py", line 253, in data
    self._data = self.to_representation(self.instance)
  File "e:\MealMate\backend\venv\lib\site-packages\rest_framework\serializers.py", line 686, in to_representation
    return [
  File "e:\MealMate\backend\venv\lib\site-packages\rest_framework\serializers.py", line 687, in <listcomp>
    self.child.to_representation(item) for item in iterable
  File "e:\MealMate\backend\venv\lib\site-packages\rest_framework\serializers.py", line 509, in to_representation
    attribute = field.get_attribute(instance)
  File "e:\MealMate\backend\venv\lib\site-packages\rest_framework\fields.py", line 446, in get_attribute
    return get_attribute(instance, self.source_attrs)
  File "e:\MealMate\backend\venv\lib\site-packages\rest_framework\fields.py", line 96, in get_attribute
    instance = getattr(instance, attr)
  File "e:\MealMate\backend\venv\lib\site-packages\django\db\models\fields\related_descriptors.py", line 187, in __get__
    rel_obj = self.get_object(instance)
  File "e:\MealMate\backend\venv\lib\site-packages\django\db\models\fields\related_descriptors.py", line 307, in get_object
    return super().get_object(instance)
  File "e:\MealMate\backend\venv\lib\site-packages\django\db\models\fields\related_descriptors.py", line 154, in get_object
    return qs.get(self.field.get_reverse_related_filter(instance))
  File "e:\MealMate\backend\venv\lib\site-packages\django\db\models\query.py", line 424, in get
    clone = self._chain() if self.query.combinator else self.filter(*args, **kwargs)
  File "e:\MealMate\backend\venv\lib\site-packages\django\db\models\query.py", line 941, in filter
    return self._filter_or_exclude(False, args, kwargs)
  File "e:\MealMate\backend\venv\lib\site-packages\django\db\models\query.py", line 961, in _filter_or_exclude
    clone._filter_or_exclude_inplace(negate, args, kwargs)
  File "e:\MealMate\backend\venv\lib\site-packages\django\db\models\query.py", line 968, in _filter_or_exclude_inplace
    self._query.add_q(Q(*args, **kwargs))
  File "e:\MealMate\backend\venv\lib\site-packages\django\db\models\sql\query.py", line 1416, in add_q
    clause, _ = self._add_q(q_object, self.used_aliases)
  File "e:\MealMate\backend\venv\lib\site-packages\django\db\models\sql\query.py", line 1435, in _add_q
    child_clause, needed_inner = self.build_filter(
  File "e:\MealMate\backend\venv\lib\site-packages\django\db\models\sql\query.py", line 1288, in build_filter
    return self._add_q(
  File "e:\MealMate\backend\venv\lib\site-packages\django\db\models\sql\query.py", line 1435, in _add_q
    child_clause, needed_inner = self.build_filter(
  File "e:\MealMate\backend\venv\lib\site-packages\django\db\models\sql\query.py", line 1370, in build_filter
    condition = self.build_lookup(lookups, col, value)
  File "e:\MealMate\backend\venv\lib\site-packages\django\db\models\sql\query.py", line 1216, in build_lookup
    lookup = lookup_class(lhs, rhs)
  File "e:\MealMate\backend\venv\lib\site-packages\django\db\models\lookups.py", line 25, in __init__
    self.rhs = self.get_prep_lookup()
  File "e:\MealMate\backend\venv\lib\site-packages\django\db\models\lookups.py", line 77, in get_prep_lookup
    return self.lhs.output_field.get_prep_value(self.rhs)
  File "e:\MealMate\backend\venv\lib\site-packages\django\db\models\fields\__init__.py", line 1825, in get_prep_value
    raise e.__class__(
TypeError: Field 'id' expected a number but got ObjectId('6a7404d11ae9e6f649ac615b').
--------------------------------------------------------------------------------
Exception on /api/customer/restaurants/:
Traceback (most recent call last):
  File "e:\MealMate\backend\venv\lib\site-packages\django\db\models\fields\related_descriptors.py", line 173, in __get__
    rel_obj = self.field.get_cached_value(instance)
  File "e:\MealMate\backend\venv\lib\site-packages\django\db\models\fields\mixins.py", line 15, in get_cached_value
    return instance._state.fields_cache[cache_name]
KeyError: 'owner'

During handling of the above exception, another exception occurred:

Traceback (most recent call last):
  File "e:\MealMate\backend\venv\lib\site-packages\django\db\models\fields\__init__.py", line 1823, in get_prep_value
    return int(value)
TypeError: int() argument must be a string, a bytes-like object or a real number, not 'ObjectId'

The above exception was the direct cause of the following exception:

Traceback (most recent call last):
  File "e:\MealMate\backend\venv\lib\site-packages\django\core\handlers\base.py", line 181, in _get_response
    response = wrapped_callback(request, *callback_args, **callback_kwargs)
  File "e:\MealMate\backend\venv\lib\site-packages\django\views\decorators\csrf.py", line 54, in wrapped_view
    return view_func(*args, **kwargs)
  File "e:\MealMate\backend\venv\lib\site-packages\rest_framework\viewsets.py", line 125, in view
    return self.dispatch(request, *args, **kwargs)
  File "e:\MealMate\backend\venv\lib\site-packages\rest_framework\views.py", line 509, in dispatch
    response = self.handle_exception(exc)
  File "e:\MealMate\backend\venv\lib\site-packages\rest_framework\views.py", line 469, in handle_exception
    self.raise_uncaught_exception(exc)
  File "e:\MealMate\backend\venv\lib\site-packages\rest_framework\views.py", line 480, in raise_uncaught_exception
    raise exc
  File "e:\MealMate\backend\venv\lib\site-packages\rest_framework\views.py", line 506, in dispatch
    response = handler(request, *args, **kwargs)
  File "e:\MealMate\backend\venv\lib\site-packages\rest_framework\mixins.py", line 46, in list
    return Response(serializer.data)
  File "e:\MealMate\backend\venv\lib\site-packages\rest_framework\serializers.py", line 768, in data
    ret = super().data
  File "e:\MealMate\backend\venv\lib\site-packages\rest_framework\serializers.py", line 253, in data
    self._data = self.to_representation(self.instance)
  File "e:\MealMate\backend\venv\lib\site-packages\rest_framework\serializers.py", line 686, in to_representation
    return [
  File "e:\MealMate\backend\venv\lib\site-packages\rest_framework\serializers.py", line 687, in <listcomp>
    self.child.to_representation(item) for item in iterable
  File "e:\MealMate\backend\venv\lib\site-packages\rest_framework\serializers.py", line 509, in to_representation
    attribute = field.get_attribute(instance)
  File "e:\MealMate\backend\venv\lib\site-packages\rest_framework\fields.py", line 446, in get_attribute
    return get_attribute(instance, self.source_attrs)
  File "e:\MealMate\backend\venv\lib\site-packages\rest_framework\fields.py", line 96, in get_attribute
    instance = getattr(instance, attr)
  File "e:\MealMate\backend\venv\lib\site-packages\django\db\models\fields\related_descriptors.py", line 187, in __get__
    rel_obj = self.get_object(instance)
  File "e:\MealMate\backend\venv\lib\site-packages\django\db\models\fields\related_descriptors.py", line 307, in get_object
    return super().get_object(instance)
  File "e:\MealMate\backend\venv\lib\site-packages\django\db\models\fields\related_descriptors.py", line 154, in get_object
    return qs.get(self.field.get_reverse_related_filter(instance))
  File "e:\MealMate\backend\venv\lib\site-packages\django\db\models\query.py", line 424, in get
    clone = self._chain() if self.query.combinator else self.filter(*args, **kwargs)
  File "e:\MealMate\backend\venv\lib\site-packages\django\db\models\query.py", line 941, in filter
    return self._filter_or_exclude(False, args, kwargs)
  File "e:\MealMate\backend\venv\lib\site-packages\django\db\models\query.py", line 961, in _filter_or_exclude
    clone._filter_or_exclude_inplace(negate, args, kwargs)
  File "e:\MealMate\backend\venv\lib\site-packages\django\db\models\query.py", line 968, in _filter_or_exclude_inplace
    self._query.add_q(Q(*args, **kwargs))
  File "e:\MealMate\backend\venv\lib\site-packages\django\db\models\sql\query.py", line 1416, in add_q
    clause, _ = self._add_q(q_object, self.used_aliases)
  File "e:\MealMate\backend\venv\lib\site-packages\django\db\models\sql\query.py", line 1435, in _add_q
    child_clause, needed_inner = self.build_filter(
  File "e:\MealMate\backend\venv\lib\site-packages\django\db\models\sql\query.py", line 1288, in build_filter
    return self._add_q(
  File "e:\MealMate\backend\venv\lib\site-packages\django\db\models\sql\query.py", line 1435, in _add_q
    child_clause, needed_inner = self.build_filter(
  File "e:\MealMate\backend\venv\lib\site-packages\django\db\models\sql\query.py", line 1370, in build_filter
    condition = self.build_lookup(lookups, col, value)
  File "e:\MealMate\backend\venv\lib\site-packages\django\db\models\sql\query.py", line 1216, in build_lookup
    lookup = lookup_class(lhs, rhs)
  File "e:\MealMate\backend\venv\lib\site-packages\django\db\models\lookups.py", line 25, in __init__
    self.rhs = self.get_prep_lookup()
  File "e:\MealMate\backend\venv\lib\site-packages\django\db\models\lookups.py", line 77, in get_prep_lookup
    return self.lhs.output_field.get_prep_value(self.rhs)
  File "e:\MealMate\backend\venv\lib\site-packages\django\db\models\fields\__init__.py", line 1825, in get_prep_value
    raise e.__class__(
TypeError: Field 'id' expected a number but got ObjectId('6a7404d11ae9e6f649ac615b').
--------------------------------------------------------------------------------
Exception on /api/customer/restaurants/:
Traceback (most recent call last):
  File "e:\MealMate\backend\venv\lib\site-packages\django\db\models\fields\related_descriptors.py", line 173, in __get__
    rel_obj = self.field.get_cached_value(instance)
  File "e:\MealMate\backend\venv\lib\site-packages\django\db\models\fields\mixins.py", line 15, in get_cached_value
    return instance._state.fields_cache[cache_name]
KeyError: 'owner'

During handling of the above exception, another exception occurred:

Traceback (most recent call last):
  File "e:\MealMate\backend\venv\lib\site-packages\django\db\models\fields\__init__.py", line 1823, in get_prep_value
    return int(value)
TypeError: int() argument must be a string, a bytes-like object or a real number, not 'ObjectId'

The above exception was the direct cause of the following exception:

Traceback (most recent call last):
  File "e:\MealMate\backend\venv\lib\site-packages\django\core\handlers\base.py", line 181, in _get_response
    response = wrapped_callback(request, *callback_args, **callback_kwargs)
  File "e:\MealMate\backend\venv\lib\site-packages\django\views\decorators\csrf.py", line 54, in wrapped_view
    return view_func(*args, **kwargs)
  File "e:\MealMate\backend\venv\lib\site-packages\rest_framework\viewsets.py", line 125, in view
    return self.dispatch(request, *args, **kwargs)
  File "e:\MealMate\backend\venv\lib\site-packages\rest_framework\views.py", line 509, in dispatch
    response = self.handle_exception(exc)
  File "e:\MealMate\backend\venv\lib\site-packages\rest_framework\views.py", line 469, in handle_exception
    self.raise_uncaught_exception(exc)
  File "e:\MealMate\backend\venv\lib\site-packages\rest_framework\views.py", line 480, in raise_uncaught_exception
    raise exc
  File "e:\MealMate\backend\venv\lib\site-packages\rest_framework\views.py", line 506, in dispatch
    response = handler(request, *args, **kwargs)
  File "e:\MealMate\backend\venv\lib\site-packages\rest_framework\mixins.py", line 46, in list
    return Response(serializer.data)
  File "e:\MealMate\backend\venv\lib\site-packages\rest_framework\serializers.py", line 768, in data
    ret = super().data
  File "e:\MealMate\backend\venv\lib\site-packages\rest_framework\serializers.py", line 253, in data
    self._data = self.to_representation(self.instance)
  File "e:\MealMate\backend\venv\lib\site-packages\rest_framework\serializers.py", line 686, in to_representation
    return [
  File "e:\MealMate\backend\venv\lib\site-packages\rest_framework\serializers.py", line 687, in <listcomp>
    self.child.to_representation(item) for item in iterable
  File "e:\MealMate\backend\venv\lib\site-packages\rest_framework\serializers.py", line 509, in to_representation
    attribute = field.get_attribute(instance)
  File "e:\MealMate\backend\venv\lib\site-packages\rest_framework\fields.py", line 446, in get_attribute
    return get_attribute(instance, self.source_attrs)
  File "e:\MealMate\backend\venv\lib\site-packages\rest_framework\fields.py", line 96, in get_attribute
    instance = getattr(instance, attr)
  File "e:\MealMate\backend\venv\lib\site-packages\django\db\models\fields\related_descriptors.py", line 187, in __get__
    rel_obj = self.get_object(instance)
  File "e:\MealMate\backend\venv\lib\site-packages\django\db\models\fields\related_descriptors.py", line 307, in get_object
    return super().get_object(instance)
  File "e:\MealMate\backend\venv\lib\site-packages\django\db\models\fields\related_descriptors.py", line 154, in get_object
    return qs.get(self.field.get_reverse_related_filter(instance))
  File "e:\MealMate\backend\venv\lib\site-packages\django\db\models\query.py", line 424, in get
    clone = self._chain() if self.query.combinator else self.filter(*args, **kwargs)
  File "e:\MealMate\backend\venv\lib\site-packages\django\db\models\query.py", line 941, in filter
    return self._filter_or_exclude(False, args, kwargs)
  File "e:\MealMate\backend\venv\lib\site-packages\django\db\models\query.py", line 961, in _filter_or_exclude
    clone._filter_or_exclude_inplace(negate, args, kwargs)
  File "e:\MealMate\backend\venv\lib\site-packages\django\db\models\query.py", line 968, in _filter_or_exclude_inplace
    self._query.add_q(Q(*args, **kwargs))
  File "e:\MealMate\backend\venv\lib\site-packages\django\db\models\sql\query.py", line 1416, in add_q
    clause, _ = self._add_q(q_object, self.used_aliases)
  File "e:\MealMate\backend\venv\lib\site-packages\django\db\models\sql\query.py", line 1435, in _add_q
    child_clause, needed_inner = self.build_filter(
  File "e:\MealMate\backend\venv\lib\site-packages\django\db\models\sql\query.py", line 1288, in build_filter
    return self._add_q(
  File "e:\MealMate\backend\venv\lib\site-packages\django\db\models\sql\query.py", line 1435, in _add_q
    child_clause, needed_inner = self.build_filter(
  File "e:\MealMate\backend\venv\lib\site-packages\django\db\models\sql\query.py", line 1370, in build_filter
    condition = self.build_lookup(lookups, col, value)
  File "e:\MealMate\backend\venv\lib\site-packages\django\db\models\sql\query.py", line 1216, in build_lookup
    lookup = lookup_class(lhs, rhs)
  File "e:\MealMate\backend\venv\lib\site-packages\django\db\models\lookups.py", line 25, in __init__
    self.rhs = self.get_prep_lookup()
  File "e:\MealMate\backend\venv\lib\site-packages\django\db\models\lookups.py", line 77, in get_prep_lookup
    return self.lhs.output_field.get_prep_value(self.rhs)
  File "e:\MealMate\backend\venv\lib\site-packages\django\db\models\fields\__init__.py", line 1825, in get_prep_value
    raise e.__class__(
TypeError: Field 'id' expected a number but got ObjectId('6a7404d11ae9e6f649ac615b').
--------------------------------------------------------------------------------
Exception on /api/customer/restaurants/:
Traceback (most recent call last):
  File "e:\MealMate\backend\venv\lib\site-packages\django\db\models\fields\related_descriptors.py", line 173, in __get__
    rel_obj = self.field.get_cached_value(instance)
  File "e:\MealMate\backend\venv\lib\site-packages\django\db\models\fields\mixins.py", line 15, in get_cached_value
    return instance._state.fields_cache[cache_name]
KeyError: 'owner'

During handling of the above exception, another exception occurred:

Traceback (most recent call last):
  File "e:\MealMate\backend\venv\lib\site-packages\django\db\models\fields\__init__.py", line 1823, in get_prep_value
    return int(value)
TypeError: int() argument must be a string, a bytes-like object or a real number, not 'ObjectId'

The above exception was the direct cause of the following exception:

Traceback (most recent call last):
  File "e:\MealMate\backend\venv\lib\site-packages\django\core\handlers\base.py", line 181, in _get_response
    response = wrapped_callback(request, *callback_args, **callback_kwargs)
  File "e:\MealMate\backend\venv\lib\site-packages\django\views\decorators\csrf.py", line 54, in wrapped_view
    return view_func(*args, **kwargs)
  File "e:\MealMate\backend\venv\lib\site-packages\rest_framework\viewsets.py", line 125, in view
    return self.dispatch(request, *args, **kwargs)
  File "e:\MealMate\backend\venv\lib\site-packages\rest_framework\views.py", line 509, in dispatch
    response = self.handle_exception(exc)
  File "e:\MealMate\backend\venv\lib\site-packages\rest_framework\views.py", line 469, in handle_exception
    self.raise_uncaught_exception(exc)
  File "e:\MealMate\backend\venv\lib\site-packages\rest_framework\views.py", line 480, in raise_uncaught_exception
    raise exc
  File "e:\MealMate\backend\venv\lib\site-packages\rest_framework\views.py", line 506, in dispatch
    response = handler(request, *args, **kwargs)
  File "e:\MealMate\backend\venv\lib\site-packages\rest_framework\mixins.py", line 46, in list
    return Response(serializer.data)
  File "e:\MealMate\backend\venv\lib\site-packages\rest_framework\serializers.py", line 768, in data
    ret = super().data
  File "e:\MealMate\backend\venv\lib\site-packages\rest_framework\serializers.py", line 253, in data
    self._data = self.to_representation(self.instance)
  File "e:\MealMate\backend\venv\lib\site-packages\rest_framework\serializers.py", line 686, in to_representation
    return [
  File "e:\MealMate\backend\venv\lib\site-packages\rest_framework\serializers.py", line 687, in <listcomp>
    self.child.to_representation(item) for item in iterable
  File "e:\MealMate\backend\venv\lib\site-packages\rest_framework\serializers.py", line 509, in to_representation
    attribute = field.get_attribute(instance)
  File "e:\MealMate\backend\venv\lib\site-packages\rest_framework\fields.py", line 446, in get_attribute
    return get_attribute(instance, self.source_attrs)
  File "e:\MealMate\backend\venv\lib\site-packages\rest_framework\fields.py", line 96, in get_attribute
    instance = getattr(instance, attr)
  File "e:\MealMate\backend\venv\lib\site-packages\django\db\models\fields\related_descriptors.py", line 187, in __get__
    rel_obj = self.get_object(instance)
  File "e:\MealMate\backend\venv\lib\site-packages\django\db\models\fields\related_descriptors.py", line 307, in get_object
    return super().get_object(instance)
  File "e:\MealMate\backend\venv\lib\site-packages\django\db\models\fields\related_descriptors.py", line 154, in get_object
    return qs.get(self.field.get_reverse_related_filter(instance))
  File "e:\MealMate\backend\venv\lib\site-packages\django\db\models\query.py", line 424, in get
    clone = self._chain() if self.query.combinator else self.filter(*args, **kwargs)
  File "e:\MealMate\backend\venv\lib\site-packages\django\db\models\query.py", line 941, in filter
    return self._filter_or_exclude(False, args, kwargs)
  File "e:\MealMate\backend\venv\lib\site-packages\django\db\models\query.py", line 961, in _filter_or_exclude
    clone._filter_or_exclude_inplace(negate, args, kwargs)
  File "e:\MealMate\backend\venv\lib\site-packages\django\db\models\query.py", line 968, in _filter_or_exclude_inplace
    self._query.add_q(Q(*args, **kwargs))
  File "e:\MealMate\backend\venv\lib\site-packages\django\db\models\sql\query.py", line 1416, in add_q
    clause, _ = self._add_q(q_object, self.used_aliases)
  File "e:\MealMate\backend\venv\lib\site-packages\django\db\models\sql\query.py", line 1435, in _add_q
    child_clause, needed_inner = self.build_filter(
  File "e:\MealMate\backend\venv\lib\site-packages\django\db\models\sql\query.py", line 1288, in build_filter
    return self._add_q(
  File "e:\MealMate\backend\venv\lib\site-packages\django\db\models\sql\query.py", line 1435, in _add_q
    child_clause, needed_inner = self.build_filter(
  File "e:\MealMate\backend\venv\lib\site-packages\django\db\models\sql\query.py", line 1370, in build_filter
    condition = self.build_lookup(lookups, col, value)
  File "e:\MealMate\backend\venv\lib\site-packages\django\db\models\sql\query.py", line 1216, in build_lookup
    lookup = lookup_class(lhs, rhs)
  File "e:\MealMate\backend\venv\lib\site-packages\django\db\models\lookups.py", line 25, in __init__
    self.rhs = self.get_prep_lookup()
  File "e:\MealMate\backend\venv\lib\site-packages\django\db\models\lookups.py", line 77, in get_prep_lookup
    return self.lhs.output_field.get_prep_value(self.rhs)
  File "e:\MealMate\backend\venv\lib\site-packages\django\db\models\fields\__init__.py", line 1825, in get_prep_value
    raise e.__class__(
TypeError: Field 'id' expected a number but got ObjectId('6a7404d11ae9e6f649ac615b').
--------------------------------------------------------------------------------
Exception on /api/customer/restaurants/:
Traceback (most recent call last):
  File "e:\MealMate\backend\venv\lib\site-packages\django\db\models\fields\related_descriptors.py", line 173, in __get__
    rel_obj = self.field.get_cached_value(instance)
  File "e:\MealMate\backend\venv\lib\site-packages\django\db\models\fields\mixins.py", line 15, in get_cached_value
    return instance._state.fields_cache[cache_name]
KeyError: 'owner'

During handling of the above exception, another exception occurred:

Traceback (most recent call last):
  File "e:\MealMate\backend\venv\lib\site-packages\django\db\models\fields\__init__.py", line 1823, in get_prep_value
    return int(value)
TypeError: int() argument must be a string, a bytes-like object or a real number, not 'ObjectId'

The above exception was the direct cause of the following exception:

Traceback (most recent call last):
  File "e:\MealMate\backend\venv\lib\site-packages\django\core\handlers\base.py", line 181, in _get_response
    response = wrapped_callback(request, *callback_args, **callback_kwargs)
  File "e:\MealMate\backend\venv\lib\site-packages\django\views\decorators\csrf.py", line 54, in wrapped_view
    return view_func(*args, **kwargs)
  File "e:\MealMate\backend\venv\lib\site-packages\rest_framework\viewsets.py", line 125, in view
    return self.dispatch(request, *args, **kwargs)
  File "e:\MealMate\backend\venv\lib\site-packages\rest_framework\views.py", line 509, in dispatch
    response = self.handle_exception(exc)
  File "e:\MealMate\backend\venv\lib\site-packages\rest_framework\views.py", line 469, in handle_exception
    self.raise_uncaught_exception(exc)
  File "e:\MealMate\backend\venv\lib\site-packages\rest_framework\views.py", line 480, in raise_uncaught_exception
    raise exc
  File "e:\MealMate\backend\venv\lib\site-packages\rest_framework\views.py", line 506, in dispatch
    response = handler(request, *args, **kwargs)
  File "e:\MealMate\backend\venv\lib\site-packages\rest_framework\mixins.py", line 46, in list
    return Response(serializer.data)
  File "e:\MealMate\backend\venv\lib\site-packages\rest_framework\serializers.py", line 768, in data
    ret = super().data
  File "e:\MealMate\backend\venv\lib\site-packages\rest_framework\serializers.py", line 253, in data
    self._data = self.to_representation(self.instance)
  File "e:\MealMate\backend\venv\lib\site-packages\rest_framework\serializers.py", line 686, in to_representation
    return [
  File "e:\MealMate\backend\venv\lib\site-packages\rest_framework\serializers.py", line 687, in <listcomp>
    self.child.to_representation(item) for item in iterable
  File "e:\MealMate\backend\venv\lib\site-packages\rest_framework\serializers.py", line 509, in to_representation
    attribute = field.get_attribute(instance)
  File "e:\MealMate\backend\venv\lib\site-packages\rest_framework\fields.py", line 446, in get_attribute
    return get_attribute(instance, self.source_attrs)
  File "e:\MealMate\backend\venv\lib\site-packages\rest_framework\fields.py", line 96, in get_attribute
    instance = getattr(instance, attr)
  File "e:\MealMate\backend\venv\lib\site-packages\django\db\models\fields\related_descriptors.py", line 187, in __get__
    rel_obj = self.get_object(instance)
  File "e:\MealMate\backend\venv\lib\site-packages\django\db\models\fields\related_descriptors.py", line 307, in get_object
    return super().get_object(instance)
  File "e:\MealMate\backend\venv\lib\site-packages\django\db\models\fields\related_descriptors.py", line 154, in get_object
    return qs.get(self.field.get_reverse_related_filter(instance))
  File "e:\MealMate\backend\venv\lib\site-packages\django\db\models\query.py", line 424, in get
    clone = self._chain() if self.query.combinator else self.filter(*args, **kwargs)
  File "e:\MealMate\backend\venv\lib\site-packages\django\db\models\query.py", line 941, in filter
    return self._filter_or_exclude(False, args, kwargs)
  File "e:\MealMate\backend\venv\lib\site-packages\django\db\models\query.py", line 961, in _filter_or_exclude
    clone._filter_or_exclude_inplace(negate, args, kwargs)
  File "e:\MealMate\backend\venv\lib\site-packages\django\db\models\query.py", line 968, in _filter_or_exclude_inplace
    self._query.add_q(Q(*args, **kwargs))
  File "e:\MealMate\backend\venv\lib\site-packages\django\db\models\sql\query.py", line 1416, in add_q
    clause, _ = self._add_q(q_object, self.used_aliases)
  File "e:\MealMate\backend\venv\lib\site-packages\django\db\models\sql\query.py", line 1435, in _add_q
    child_clause, needed_inner = self.build_filter(
  File "e:\MealMate\backend\venv\lib\site-packages\django\db\models\sql\query.py", line 1288, in build_filter
    return self._add_q(
  File "e:\MealMate\backend\venv\lib\site-packages\django\db\models\sql\query.py", line 1435, in _add_q
    child_clause, needed_inner = self.build_filter(
  File "e:\MealMate\backend\venv\lib\site-packages\django\db\models\sql\query.py", line 1370, in build_filter
    condition = self.build_lookup(lookups, col, value)
  File "e:\MealMate\backend\venv\lib\site-packages\django\db\models\sql\query.py", line 1216, in build_lookup
    lookup = lookup_class(lhs, rhs)
  File "e:\MealMate\backend\venv\lib\site-packages\django\db\models\lookups.py", line 25, in __init__
    self.rhs = self.get_prep_lookup()
  File "e:\MealMate\backend\venv\lib\site-packages\django\db\models\lookups.py", line 77, in get_prep_lookup
    return self.lhs.output_field.get_prep_value(self.rhs)
  File "e:\MealMate\backend\venv\lib\site-packages\django\db\models\fields\__init__.py", line 1825, in get_prep_value
    raise e.__class__(
TypeError: Field 'id' expected a number but got ObjectId('6a7404d11ae9e6f649ac615b').
--------------------------------------------------------------------------------
Exception on /api/customer/restaurants/:
Traceback (most recent call last):
  File "e:\MealMate\backend\venv\lib\site-packages\django\db\models\fields\related_descriptors.py", line 173, in __get__
    rel_obj = self.field.get_cached_value(instance)
  File "e:\MealMate\backend\venv\lib\site-packages\django\db\models\fields\mixins.py", line 15, in get_cached_value
    return instance._state.fields_cache[cache_name]
KeyError: 'owner'

During handling of the above exception, another exception occurred:

Traceback (most recent call last):
  File "e:\MealMate\backend\venv\lib\site-packages\django\db\models\fields\__init__.py", line 1823, in get_prep_value
    return int(value)
TypeError: int() argument must be a string, a bytes-like object or a real number, not 'ObjectId'

The above exception was the direct cause of the following exception:

Traceback (most recent call last):
  File "e:\MealMate\backend\venv\lib\site-packages\django\core\handlers\base.py", line 181, in _get_response
    response = wrapped_callback(request, *callback_args, **callback_kwargs)
  File "e:\MealMate\backend\venv\lib\site-packages\django\views\decorators\csrf.py", line 54, in wrapped_view
    return view_func(*args, **kwargs)
  File "e:\MealMate\backend\venv\lib\site-packages\rest_framework\viewsets.py", line 125, in view
    return self.dispatch(request, *args, **kwargs)
  File "e:\MealMate\backend\venv\lib\site-packages\rest_framework\views.py", line 509, in dispatch
    response = self.handle_exception(exc)
  File "e:\MealMate\backend\venv\lib\site-packages\rest_framework\views.py", line 469, in handle_exception
    self.raise_uncaught_exception(exc)
  File "e:\MealMate\backend\venv\lib\site-packages\rest_framework\views.py", line 480, in raise_uncaught_exception
    raise exc
  File "e:\MealMate\backend\venv\lib\site-packages\rest_framework\views.py", line 506, in dispatch
    response = handler(request, *args, **kwargs)
  File "e:\MealMate\backend\venv\lib\site-packages\rest_framework\mixins.py", line 46, in list
    return Response(serializer.data)
  File "e:\MealMate\backend\venv\lib\site-packages\rest_framework\serializers.py", line 768, in data
    ret = super().data
  File "e:\MealMate\backend\venv\lib\site-packages\rest_framework\serializers.py", line 253, in data
    self._data = self.to_representation(self.instance)
  File "e:\MealMate\backend\venv\lib\site-packages\rest_framework\serializers.py", line 686, in to_representation
    return [
  File "e:\MealMate\backend\venv\lib\site-packages\rest_framework\serializers.py", line 687, in <listcomp>
    self.child.to_representation(item) for item in iterable
  File "e:\MealMate\backend\venv\lib\site-packages\rest_framework\serializers.py", line 509, in to_representation
    attribute = field.get_attribute(instance)
  File "e:\MealMate\backend\venv\lib\site-packages\rest_framework\fields.py", line 446, in get_attribute
    return get_attribute(instance, self.source_attrs)
  File "e:\MealMate\backend\venv\lib\site-packages\rest_framework\fields.py", line 96, in get_attribute
    instance = getattr(instance, attr)
  File "e:\MealMate\backend\venv\lib\site-packages\django\db\models\fields\related_descriptors.py", line 187, in __get__
    rel_obj = self.get_object(instance)
  File "e:\MealMate\backend\venv\lib\site-packages\django\db\models\fields\related_descriptors.py", line 307, in get_object
    return super().get_object(instance)
  File "e:\MealMate\backend\venv\lib\site-packages\django\db\models\fields\related_descriptors.py", line 154, in get_object
    return qs.get(self.field.get_reverse_related_filter(instance))
  File "e:\MealMate\backend\venv\lib\site-packages\django\db\models\query.py", line 424, in get
    clone = self._chain() if self.query.combinator else self.filter(*args, **kwargs)
  File "e:\MealMate\backend\venv\lib\site-packages\django\db\models\query.py", line 941, in filter
    return self._filter_or_exclude(False, args, kwargs)
  File "e:\MealMate\backend\venv\lib\site-packages\django\db\models\query.py", line 961, in _filter_or_exclude
    clone._filter_or_exclude_inplace(negate, args, kwargs)
  File "e:\MealMate\backend\venv\lib\site-packages\django\db\models\query.py", line 968, in _filter_or_exclude_inplace
    self._query.add_q(Q(*args, **kwargs))
  File "e:\MealMate\backend\venv\lib\site-packages\django\db\models\sql\query.py", line 1416, in add_q
    clause, _ = self._add_q(q_object, self.used_aliases)
  File "e:\MealMate\backend\venv\lib\site-packages\django\db\models\sql\query.py", line 1435, in _add_q
    child_clause, needed_inner = self.build_filter(
  File "e:\MealMate\backend\venv\lib\site-packages\django\db\models\sql\query.py", line 1288, in build_filter
    return self._add_q(
  File "e:\MealMate\backend\venv\lib\site-packages\django\db\models\sql\query.py", line 1435, in _add_q
    child_clause, needed_inner = self.build_filter(
  File "e:\MealMate\backend\venv\lib\site-packages\django\db\models\sql\query.py", line 1370, in build_filter
    condition = self.build_lookup(lookups, col, value)
  File "e:\MealMate\backend\venv\lib\site-packages\django\db\models\sql\query.py", line 1216, in build_lookup
    lookup = lookup_class(lhs, rhs)
  File "e:\MealMate\backend\venv\lib\site-packages\django\db\models\lookups.py", line 25, in __init__
    self.rhs = self.get_prep_lookup()
  File "e:\MealMate\backend\venv\lib\site-packages\django\db\models\lookups.py", line 77, in get_prep_lookup
    return self.lhs.output_field.get_prep_value(self.rhs)
  File "e:\MealMate\backend\venv\lib\site-packages\django\db\models\fields\__init__.py", line 1825, in get_prep_value
    raise e.__class__(
TypeError: Field 'id' expected a number but got ObjectId('6a7404d11ae9e6f649ac615b').
--------------------------------------------------------------------------------
Exception on /api/customer/restaurants/:
Traceback (most recent call last):
  File "e:\MealMate\backend\venv\lib\site-packages\django\db\models\fields\related_descriptors.py", line 173, in __get__
    rel_obj = self.field.get_cached_value(instance)
  File "e:\MealMate\backend\venv\lib\site-packages\django\db\models\fields\mixins.py", line 15, in get_cached_value
    return instance._state.fields_cache[cache_name]
KeyError: 'owner'

During handling of the above exception, another exception occurred:

Traceback (most recent call last):
  File "e:\MealMate\backend\venv\lib\site-packages\django\db\models\fields\__init__.py", line 1823, in get_prep_value
    return int(value)
TypeError: int() argument must be a string, a bytes-like object or a real number, not 'ObjectId'

The above exception was the direct cause of the following exception:

Traceback (most recent call last):
  File "e:\MealMate\backend\venv\lib\site-packages\django\core\handlers\base.py", line 181, in _get_response
    response = wrapped_callback(request, *callback_args, **callback_kwargs)
  File "e:\MealMate\backend\venv\lib\site-packages\django\views\decorators\csrf.py", line 54, in wrapped_view
    return view_func(*args, **kwargs)
  File "e:\MealMate\backend\venv\lib\site-packages\rest_framework\viewsets.py", line 125, in view
    return self.dispatch(request, *args, **kwargs)
  File "e:\MealMate\backend\venv\lib\site-packages\rest_framework\views.py", line 509, in dispatch
    response = self.handle_exception(exc)
  File "e:\MealMate\backend\venv\lib\site-packages\rest_framework\views.py", line 469, in handle_exception
    self.raise_uncaught_exception(exc)
  File "e:\MealMate\backend\venv\lib\site-packages\rest_framework\views.py", line 480, in raise_uncaught_exception
    raise exc
  File "e:\MealMate\backend\venv\lib\site-packages\rest_framework\views.py", line 506, in dispatch
    response = handler(request, *args, **kwargs)
  File "e:\MealMate\backend\venv\lib\site-packages\rest_framework\mixins.py", line 46, in list
    return Response(serializer.data)
  File "e:\MealMate\backend\venv\lib\site-packages\rest_framework\serializers.py", line 768, in data
    ret = super().data
  File "e:\MealMate\backend\venv\lib\site-packages\rest_framework\serializers.py", line 253, in data
    self._data = self.to_representation(self.instance)
  File "e:\MealMate\backend\venv\lib\site-packages\rest_framework\serializers.py", line 686, in to_representation
    return [
  File "e:\MealMate\backend\venv\lib\site-packages\rest_framework\serializers.py", line 687, in <listcomp>
    self.child.to_representation(item) for item in iterable
  File "e:\MealMate\backend\venv\lib\site-packages\rest_framework\serializers.py", line 509, in to_representation
    attribute = field.get_attribute(instance)
  File "e:\MealMate\backend\venv\lib\site-packages\rest_framework\fields.py", line 446, in get_attribute
    return get_attribute(instance, self.source_attrs)
  File "e:\MealMate\backend\venv\lib\site-packages\rest_framework\fields.py", line 96, in get_attribute
    instance = getattr(instance, attr)
  File "e:\MealMate\backend\venv\lib\site-packages\django\db\models\fields\related_descriptors.py", line 187, in __get__
    rel_obj = self.get_object(instance)
  File "e:\MealMate\backend\venv\lib\site-packages\django\db\models\fields\related_descriptors.py", line 307, in get_object
    return super().get_object(instance)
  File "e:\MealMate\backend\venv\lib\site-packages\django\db\models\fields\related_descriptors.py", line 154, in get_object
    return qs.get(self.field.get_reverse_related_filter(instance))
  File "e:\MealMate\backend\venv\lib\site-packages\django\db\models\query.py", line 424, in get
    clone = self._chain() if self.query.combinator else self.filter(*args, **kwargs)
  File "e:\MealMate\backend\venv\lib\site-packages\django\db\models\query.py", line 941, in filter
    return self._filter_or_exclude(False, args, kwargs)
  File "e:\MealMate\backend\venv\lib\site-packages\django\db\models\query.py", line 961, in _filter_or_exclude
    clone._filter_or_exclude_inplace(negate, args, kwargs)
  File "e:\MealMate\backend\venv\lib\site-packages\django\db\models\query.py", line 968, in _filter_or_exclude_inplace
    self._query.add_q(Q(*args, **kwargs))
  File "e:\MealMate\backend\venv\lib\site-packages\django\db\models\sql\query.py", line 1416, in add_q
    clause, _ = self._add_q(q_object, self.used_aliases)
  File "e:\MealMate\backend\venv\lib\site-packages\django\db\models\sql\query.py", line 1435, in _add_q
    child_clause, needed_inner = self.build_filter(
  File "e:\MealMate\backend\venv\lib\site-packages\django\db\models\sql\query.py", line 1288, in build_filter
    return self._add_q(
  File "e:\MealMate\backend\venv\lib\site-packages\django\db\models\sql\query.py", line 1435, in _add_q
    child_clause, needed_inner = self.build_filter(
  File "e:\MealMate\backend\venv\lib\site-packages\django\db\models\sql\query.py", line 1370, in build_filter
    condition = self.build_lookup(lookups, col, value)
  File "e:\MealMate\backend\venv\lib\site-packages\django\db\models\sql\query.py", line 1216, in build_lookup
    lookup = lookup_class(lhs, rhs)
  File "e:\MealMate\backend\venv\lib\site-packages\django\db\models\lookups.py", line 25, in __init__
    self.rhs = self.get_prep_lookup()
  File "e:\MealMate\backend\venv\lib\site-packages\django\db\models\lookups.py", line 77, in get_prep_lookup
    return self.lhs.output_field.get_prep_value(self.rhs)
  File "e:\MealMate\backend\venv\lib\site-packages\django\db\models\fields\__init__.py", line 1825, in get_prep_value
    raise e.__class__(
TypeError: Field 'id' expected a number but got ObjectId('6a7404d11ae9e6f649ac615b').
--------------------------------------------------------------------------------
Exception on /api/customer/restaurants/:
Traceback (most recent call last):
  File "e:\MealMate\backend\venv\lib\site-packages\django\db\models\fields\related_descriptors.py", line 173, in __get__
    rel_obj = self.field.get_cached_value(instance)
  File "e:\MealMate\backend\venv\lib\site-packages\django\db\models\fields\mixins.py", line 15, in get_cached_value
    return instance._state.fields_cache[cache_name]
KeyError: 'owner'

During handling of the above exception, another exception occurred:

Traceback (most recent call last):
  File "e:\MealMate\backend\venv\lib\site-packages\django\db\models\fields\__init__.py", line 1823, in get_prep_value
    return int(value)
TypeError: int() argument must be a string, a bytes-like object or a real number, not 'ObjectId'

The above exception was the direct cause of the following exception:

Traceback (most recent call last):
  File "e:\MealMate\backend\venv\lib\site-packages\django\core\handlers\base.py", line 181, in _get_response
    response = wrapped_callback(request, *callback_args, **callback_kwargs)
  File "e:\MealMate\backend\venv\lib\site-packages\django\views\decorators\csrf.py", line 54, in wrapped_view
    return view_func(*args, **kwargs)
  File "e:\MealMate\backend\venv\lib\site-packages\rest_framework\viewsets.py", line 125, in view
    return self.dispatch(request, *args, **kwargs)
  File "e:\MealMate\backend\venv\lib\site-packages\rest_framework\views.py", line 509, in dispatch
    response = self.handle_exception(exc)
  File "e:\MealMate\backend\venv\lib\site-packages\rest_framework\views.py", line 469, in handle_exception
    self.raise_uncaught_exception(exc)
  File "e:\MealMate\backend\venv\lib\site-packages\rest_framework\views.py", line 480, in raise_uncaught_exception
    raise exc
  File "e:\MealMate\backend\venv\lib\site-packages\rest_framework\views.py", line 506, in dispatch
    response = handler(request, *args, **kwargs)
  File "e:\MealMate\backend\venv\lib\site-packages\rest_framework\mixins.py", line 46, in list
    return Response(serializer.data)
  File "e:\MealMate\backend\venv\lib\site-packages\rest_framework\serializers.py", line 768, in data
    ret = super().data
  File "e:\MealMate\backend\venv\lib\site-packages\rest_framework\serializers.py", line 253, in data
    self._data = self.to_representation(self.instance)
  File "e:\MealMate\backend\venv\lib\site-packages\rest_framework\serializers.py", line 686, in to_representation
    return [
  File "e:\MealMate\backend\venv\lib\site-packages\rest_framework\serializers.py", line 687, in <listcomp>
    self.child.to_representation(item) for item in iterable
  File "e:\MealMate\backend\venv\lib\site-packages\rest_framework\serializers.py", line 509, in to_representation
    attribute = field.get_attribute(instance)
  File "e:\MealMate\backend\venv\lib\site-packages\rest_framework\fields.py", line 446, in get_attribute
    return get_attribute(instance, self.source_attrs)
  File "e:\MealMate\backend\venv\lib\site-packages\rest_framework\fields.py", line 96, in get_attribute
    instance = getattr(instance, attr)
  File "e:\MealMate\backend\venv\lib\site-packages\django\db\models\fields\related_descriptors.py", line 187, in __get__
    rel_obj = self.get_object(instance)
  File "e:\MealMate\backend\venv\lib\site-packages\django\db\models\fields\related_descriptors.py", line 307, in get_object
    return super().get_object(instance)
  File "e:\MealMate\backend\venv\lib\site-packages\django\db\models\fields\related_descriptors.py", line 154, in get_object
    return qs.get(self.field.get_reverse_related_filter(instance))
  File "e:\MealMate\backend\venv\lib\site-packages\django\db\models\query.py", line 424, in get
    clone = self._chain() if self.query.combinator else self.filter(*args, **kwargs)
  File "e:\MealMate\backend\venv\lib\site-packages\django\db\models\query.py", line 941, in filter
    return self._filter_or_exclude(False, args, kwargs)
  File "e:\MealMate\backend\venv\lib\site-packages\django\db\models\query.py", line 961, in _filter_or_exclude
    clone._filter_or_exclude_inplace(negate, args, kwargs)
  File "e:\MealMate\backend\venv\lib\site-packages\django\db\models\query.py", line 968, in _filter_or_exclude_inplace
    self._query.add_q(Q(*args, **kwargs))
  File "e:\MealMate\backend\venv\lib\site-packages\django\db\models\sql\query.py", line 1416, in add_q
    clause, _ = self._add_q(q_object, self.used_aliases)
  File "e:\MealMate\backend\venv\lib\site-packages\django\db\models\sql\query.py", line 1435, in _add_q
    child_clause, needed_inner = self.build_filter(
  File "e:\MealMate\backend\venv\lib\site-packages\django\db\models\sql\query.py", line 1288, in build_filter
    return self._add_q(
  File "e:\MealMate\backend\venv\lib\site-packages\django\db\models\sql\query.py", line 1435, in _add_q
    child_clause, needed_inner = self.build_filter(
  File "e:\MealMate\backend\venv\lib\site-packages\django\db\models\sql\query.py", line 1370, in build_filter
    condition = self.build_lookup(lookups, col, value)
  File "e:\MealMate\backend\venv\lib\site-packages\django\db\models\sql\query.py", line 1216, in build_lookup
    lookup = lookup_class(lhs, rhs)
  File "e:\MealMate\backend\venv\lib\site-packages\django\db\models\lookups.py", line 25, in __init__
    self.rhs = self.get_prep_lookup()
  File "e:\MealMate\backend\venv\lib\site-packages\django\db\models\lookups.py", line 77, in get_prep_lookup
    return self.lhs.output_field.get_prep_value(self.rhs)
  File "e:\MealMate\backend\venv\lib\site-packages\django\db\models\fields\__init__.py", line 1825, in get_prep_value
    raise e.__class__(
TypeError: Field 'id' expected a number but got ObjectId('6a7404d11ae9e6f649ac615b').
--------------------------------------------------------------------------------
Exception on /api/customer/restaurants/:
Traceback (most recent call last):
  File "e:\MealMate\backend\venv\lib\site-packages\django\db\models\fields\related_descriptors.py", line 173, in __get__
    rel_obj = self.field.get_cached_value(instance)
  File "e:\MealMate\backend\venv\lib\site-packages\django\db\models\fields\mixins.py", line 15, in get_cached_value
    return instance._state.fields_cache[cache_name]
KeyError: 'owner'

During handling of the above exception, another exception occurred:

Traceback (most recent call last):
  File "e:\MealMate\backend\venv\lib\site-packages\django\db\models\fields\__init__.py", line 1823, in get_prep_value
    return int(value)
TypeError: int() argument must be a string, a bytes-like object or a real number, not 'ObjectId'

The above exception was the direct cause of the following exception:

Traceback (most recent call last):
  File "e:\MealMate\backend\venv\lib\site-packages\django\core\handlers\base.py", line 181, in _get_response
    response = wrapped_callback(request, *callback_args, **callback_kwargs)
  File "e:\MealMate\backend\venv\lib\site-packages\django\views\decorators\csrf.py", line 54, in wrapped_view
    return view_func(*args, **kwargs)
  File "e:\MealMate\backend\venv\lib\site-packages\rest_framework\viewsets.py", line 125, in view
    return self.dispatch(request, *args, **kwargs)
  File "e:\MealMate\backend\venv\lib\site-packages\rest_framework\views.py", line 509, in dispatch
    response = self.handle_exception(exc)
  File "e:\MealMate\backend\venv\lib\site-packages\rest_framework\views.py", line 469, in handle_exception
    self.raise_uncaught_exception(exc)
  File "e:\MealMate\backend\venv\lib\site-packages\rest_framework\views.py", line 480, in raise_uncaught_exception
    raise exc
  File "e:\MealMate\backend\venv\lib\site-packages\rest_framework\views.py", line 506, in dispatch
    response = handler(request, *args, **kwargs)
  File "e:\MealMate\backend\venv\lib\site-packages\rest_framework\mixins.py", line 46, in list
    return Response(serializer.data)
  File "e:\MealMate\backend\venv\lib\site-packages\rest_framework\serializers.py", line 768, in data
    ret = super().data
  File "e:\MealMate\backend\venv\lib\site-packages\rest_framework\serializers.py", line 253, in data
    self._data = self.to_representation(self.instance)
  File "e:\MealMate\backend\venv\lib\site-packages\rest_framework\serializers.py", line 686, in to_representation
    return [
  File "e:\MealMate\backend\venv\lib\site-packages\rest_framework\serializers.py", line 687, in <listcomp>
    self.child.to_representation(item) for item in iterable
  File "e:\MealMate\backend\venv\lib\site-packages\rest_framework\serializers.py", line 509, in to_representation
    attribute = field.get_attribute(instance)
  File "e:\MealMate\backend\venv\lib\site-packages\rest_framework\fields.py", line 446, in get_attribute
    return get_attribute(instance, self.source_attrs)
  File "e:\MealMate\backend\venv\lib\site-packages\rest_framework\fields.py", line 96, in get_attribute
    instance = getattr(instance, attr)
  File "e:\MealMate\backend\venv\lib\site-packages\django\db\models\fields\related_descriptors.py", line 187, in __get__
    rel_obj = self.get_object(instance)
  File "e:\MealMate\backend\venv\lib\site-packages\django\db\models\fields\related_descriptors.py", line 307, in get_object
    return super().get_object(instance)
  File "e:\MealMate\backend\venv\lib\site-packages\django\db\models\fields\related_descriptors.py", line 154, in get_object
    return qs.get(self.field.get_reverse_related_filter(instance))
  File "e:\MealMate\backend\venv\lib\site-packages\django\db\models\query.py", line 424, in get
    clone = self._chain() if self.query.combinator else self.filter(*args, **kwargs)
  File "e:\MealMate\backend\venv\lib\site-packages\django\db\models\query.py", line 941, in filter
    return self._filter_or_exclude(False, args, kwargs)
  File "e:\MealMate\backend\venv\lib\site-packages\django\db\models\query.py", line 961, in _filter_or_exclude
    clone._filter_or_exclude_inplace(negate, args, kwargs)
  File "e:\MealMate\backend\venv\lib\site-packages\django\db\models\query.py", line 968, in _filter_or_exclude_inplace
    self._query.add_q(Q(*args, **kwargs))
  File "e:\MealMate\backend\venv\lib\site-packages\django\db\models\sql\query.py", line 1416, in add_q
    clause, _ = self._add_q(q_object, self.used_aliases)
  File "e:\MealMate\backend\venv\lib\site-packages\django\db\models\sql\query.py", line 1435, in _add_q
    child_clause, needed_inner = self.build_filter(
  File "e:\MealMate\backend\venv\lib\site-packages\django\db\models\sql\query.py", line 1288, in build_filter
    return self._add_q(
  File "e:\MealMate\backend\venv\lib\site-packages\django\db\models\sql\query.py", line 1435, in _add_q
    child_clause, needed_inner = self.build_filter(
  File "e:\MealMate\backend\venv\lib\site-packages\django\db\models\sql\query.py", line 1370, in build_filter
    condition = self.build_lookup(lookups, col, value)
  File "e:\MealMate\backend\venv\lib\site-packages\django\db\models\sql\query.py", line 1216, in build_lookup
    lookup = lookup_class(lhs, rhs)
  File "e:\MealMate\backend\venv\lib\site-packages\django\db\models\lookups.py", line 25, in __init__
    self.rhs = self.get_prep_lookup()
  File "e:\MealMate\backend\venv\lib\site-packages\django\db\models\lookups.py", line 77, in get_prep_lookup
    return self.lhs.output_field.get_prep_value(self.rhs)
  File "e:\MealMate\backend\venv\lib\site-packages\django\db\models\fields\__init__.py", line 1825, in get_prep_value
    raise e.__class__(
TypeError: Field 'id' expected a number but got ObjectId('6a7404d11ae9e6f649ac615b').
--------------------------------------------------------------------------------
Exception on /api/customer/restaurants/:
Traceback (most recent call last):
  File "e:\MealMate\backend\venv\lib\site-packages\django\db\models\fields\related_descriptors.py", line 173, in __get__
    rel_obj = self.field.get_cached_value(instance)
  File "e:\MealMate\backend\venv\lib\site-packages\django\db\models\fields\mixins.py", line 15, in get_cached_value
    return instance._state.fields_cache[cache_name]
KeyError: 'owner'

During handling of the above exception, another exception occurred:

Traceback (most recent call last):
  File "e:\MealMate\backend\venv\lib\site-packages\django\db\models\fields\__init__.py", line 1823, in get_prep_value
    return int(value)
TypeError: int() argument must be a string, a bytes-like object or a real number, not 'ObjectId'

The above exception was the direct cause of the following exception:

Traceback (most recent call last):
  File "e:\MealMate\backend\venv\lib\site-packages\django\core\handlers\base.py", line 181, in _get_response
    response = wrapped_callback(request, *callback_args, **callback_kwargs)
  File "e:\MealMate\backend\venv\lib\site-packages\django\views\decorators\csrf.py", line 54, in wrapped_view
    return view_func(*args, **kwargs)
  File "e:\MealMate\backend\venv\lib\site-packages\rest_framework\viewsets.py", line 125, in view
    return self.dispatch(request, *args, **kwargs)
  File "e:\MealMate\backend\venv\lib\site-packages\rest_framework\views.py", line 509, in dispatch
    response = self.handle_exception(exc)
  File "e:\MealMate\backend\venv\lib\site-packages\rest_framework\views.py", line 469, in handle_exception
    self.raise_uncaught_exception(exc)
  File "e:\MealMate\backend\venv\lib\site-packages\rest_framework\views.py", line 480, in raise_uncaught_exception
    raise exc
  File "e:\MealMate\backend\venv\lib\site-packages\rest_framework\views.py", line 506, in dispatch
    response = handler(request, *args, **kwargs)
  File "e:\MealMate\backend\venv\lib\site-packages\rest_framework\mixins.py", line 46, in list
    return Response(serializer.data)
  File "e:\MealMate\backend\venv\lib\site-packages\rest_framework\serializers.py", line 768, in data
    ret = super().data
  File "e:\MealMate\backend\venv\lib\site-packages\rest_framework\serializers.py", line 253, in data
    self._data = self.to_representation(self.instance)
  File "e:\MealMate\backend\venv\lib\site-packages\rest_framework\serializers.py", line 686, in to_representation
    return [
  File "e:\MealMate\backend\venv\lib\site-packages\rest_framework\serializers.py", line 687, in <listcomp>
    self.child.to_representation(item) for item in iterable
  File "e:\MealMate\backend\venv\lib\site-packages\rest_framework\serializers.py", line 509, in to_representation
    attribute = field.get_attribute(instance)
  File "e:\MealMate\backend\venv\lib\site-packages\rest_framework\fields.py", line 446, in get_attribute
    return get_attribute(instance, self.source_attrs)
  File "e:\MealMate\backend\venv\lib\site-packages\rest_framework\fields.py", line 96, in get_attribute
    instance = getattr(instance, attr)
  File "e:\MealMate\backend\venv\lib\site-packages\django\db\models\fields\related_descriptors.py", line 187, in __get__
    rel_obj = self.get_object(instance)
  File "e:\MealMate\backend\venv\lib\site-packages\django\db\models\fields\related_descriptors.py", line 307, in get_object
    return super().get_object(instance)
  File "e:\MealMate\backend\venv\lib\site-packages\django\db\models\fields\related_descriptors.py", line 154, in get_object
    return qs.get(self.field.get_reverse_related_filter(instance))
  File "e:\MealMate\backend\venv\lib\site-packages\django\db\models\query.py", line 424, in get
    clone = self._chain() if self.query.combinator else self.filter(*args, **kwargs)
  File "e:\MealMate\backend\venv\lib\site-packages\django\db\models\query.py", line 941, in filter
    return self._filter_or_exclude(False, args, kwargs)
  File "e:\MealMate\backend\venv\lib\site-packages\django\db\models\query.py", line 961, in _filter_or_exclude
    clone._filter_or_exclude_inplace(negate, args, kwargs)
  File "e:\MealMate\backend\venv\lib\site-packages\django\db\models\query.py", line 968, in _filter_or_exclude_inplace
    self._query.add_q(Q(*args, **kwargs))
  File "e:\MealMate\backend\venv\lib\site-packages\django\db\models\sql\query.py", line 1416, in add_q
    clause, _ = self._add_q(q_object, self.used_aliases)
  File "e:\MealMate\backend\venv\lib\site-packages\django\db\models\sql\query.py", line 1435, in _add_q
    child_clause, needed_inner = self.build_filter(
  File "e:\MealMate\backend\venv\lib\site-packages\django\db\models\sql\query.py", line 1288, in build_filter
    return self._add_q(
  File "e:\MealMate\backend\venv\lib\site-packages\django\db\models\sql\query.py", line 1435, in _add_q
    child_clause, needed_inner = self.build_filter(
  File "e:\MealMate\backend\venv\lib\site-packages\django\db\models\sql\query.py", line 1370, in build_filter
    condition = self.build_lookup(lookups, col, value)
  File "e:\MealMate\backend\venv\lib\site-packages\django\db\models\sql\query.py", line 1216, in build_lookup
    lookup = lookup_class(lhs, rhs)
  File "e:\MealMate\backend\venv\lib\site-packages\django\db\models\lookups.py", line 25, in __init__
    self.rhs = self.get_prep_lookup()
  File "e:\MealMate\backend\venv\lib\site-packages\django\db\models\lookups.py", line 77, in get_prep_lookup
    return self.lhs.output_field.get_prep_value(self.rhs)
  File "e:\MealMate\backend\venv\lib\site-packages\django\db\models\fields\__init__.py", line 1825, in get_prep_value
    raise e.__class__(
TypeError: Field 'id' expected a number but got ObjectId('6a7404d11ae9e6f649ac615b').
--------------------------------------------------------------------------------
Exception on /api/customer/restaurants/:
Traceback (most recent call last):
  File "e:\MealMate\backend\venv\lib\site-packages\django\db\models\fields\related_descriptors.py", line 173, in __get__
    rel_obj = self.field.get_cached_value(instance)
  File "e:\MealMate\backend\venv\lib\site-packages\django\db\models\fields\mixins.py", line 15, in get_cached_value
    return instance._state.fields_cache[cache_name]
KeyError: 'owner'

During handling of the above exception, another exception occurred:

Traceback (most recent call last):
  File "e:\MealMate\backend\venv\lib\site-packages\django\db\models\fields\__init__.py", line 1823, in get_prep_value
    return int(value)
TypeError: int() argument must be a string, a bytes-like object or a real number, not 'ObjectId'

The above exception was the direct cause of the following exception:

Traceback (most recent call last):
  File "e:\MealMate\backend\venv\lib\site-packages\django\core\handlers\base.py", line 181, in _get_response
    response = wrapped_callback(request, *callback_args, **callback_kwargs)
  File "e:\MealMate\backend\venv\lib\site-packages\django\views\decorators\csrf.py", line 54, in wrapped_view
    return view_func(*args, **kwargs)
  File "e:\MealMate\backend\venv\lib\site-packages\rest_framework\viewsets.py", line 125, in view
    return self.dispatch(request, *args, **kwargs)
  File "e:\MealMate\backend\venv\lib\site-packages\rest_framework\views.py", line 509, in dispatch
    response = self.handle_exception(exc)
  File "e:\MealMate\backend\venv\lib\site-packages\rest_framework\views.py", line 469, in handle_exception
    self.raise_uncaught_exception(exc)
  File "e:\MealMate\backend\venv\lib\site-packages\rest_framework\views.py", line 480, in raise_uncaught_exception
    raise exc
  File "e:\MealMate\backend\venv\lib\site-packages\rest_framework\views.py", line 506, in dispatch
    response = handler(request, *args, **kwargs)
  File "e:\MealMate\backend\venv\lib\site-packages\rest_framework\mixins.py", line 46, in list
    return Response(serializer.data)
  File "e:\MealMate\backend\venv\lib\site-packages\rest_framework\serializers.py", line 768, in data
    ret = super().data
  File "e:\MealMate\backend\venv\lib\site-packages\rest_framework\serializers.py", line 253, in data
    self._data = self.to_representation(self.instance)
  File "e:\MealMate\backend\venv\lib\site-packages\rest_framework\serializers.py", line 686, in to_representation
    return [
  File "e:\MealMate\backend\venv\lib\site-packages\rest_framework\serializers.py", line 687, in <listcomp>
    self.child.to_representation(item) for item in iterable
  File "e:\MealMate\backend\venv\lib\site-packages\rest_framework\serializers.py", line 509, in to_representation
    attribute = field.get_attribute(instance)
  File "e:\MealMate\backend\venv\lib\site-packages\rest_framework\fields.py", line 446, in get_attribute
    return get_attribute(instance, self.source_attrs)
  File "e:\MealMate\backend\venv\lib\site-packages\rest_framework\fields.py", line 96, in get_attribute
    instance = getattr(instance, attr)
  File "e:\MealMate\backend\venv\lib\site-packages\django\db\models\fields\related_descriptors.py", line 187, in __get__
    rel_obj = self.get_object(instance)
  File "e:\MealMate\backend\venv\lib\site-packages\django\db\models\fields\related_descriptors.py", line 307, in get_object
    return super().get_object(instance)
  File "e:\MealMate\backend\venv\lib\site-packages\django\db\models\fields\related_descriptors.py", line 154, in get_object
    return qs.get(self.field.get_reverse_related_filter(instance))
  File "e:\MealMate\backend\venv\lib\site-packages\django\db\models\query.py", line 424, in get
    clone = self._chain() if self.query.combinator else self.filter(*args, **kwargs)
  File "e:\MealMate\backend\venv\lib\site-packages\django\db\models\query.py", line 941, in filter
    return self._filter_or_exclude(False, args, kwargs)
  File "e:\MealMate\backend\venv\lib\site-packages\django\db\models\query.py", line 961, in _filter_or_exclude
    clone._filter_or_exclude_inplace(negate, args, kwargs)
  File "e:\MealMate\backend\venv\lib\site-packages\django\db\models\query.py", line 968, in _filter_or_exclude_inplace
    self._query.add_q(Q(*args, **kwargs))
  File "e:\MealMate\backend\venv\lib\site-packages\django\db\models\sql\query.py", line 1416, in add_q
    clause, _ = self._add_q(q_object, self.used_aliases)
  File "e:\MealMate\backend\venv\lib\site-packages\django\db\models\sql\query.py", line 1435, in _add_q
    child_clause, needed_inner = self.build_filter(
  File "e:\MealMate\backend\venv\lib\site-packages\django\db\models\sql\query.py", line 1288, in build_filter
    return self._add_q(
  File "e:\MealMate\backend\venv\lib\site-packages\django\db\models\sql\query.py", line 1435, in _add_q
    child_clause, needed_inner = self.build_filter(
  File "e:\MealMate\backend\venv\lib\site-packages\django\db\models\sql\query.py", line 1370, in build_filter
    condition = self.build_lookup(lookups, col, value)
  File "e:\MealMate\backend\venv\lib\site-packages\django\db\models\sql\query.py", line 1216, in build_lookup
    lookup = lookup_class(lhs, rhs)
  File "e:\MealMate\backend\venv\lib\site-packages\django\db\models\lookups.py", line 25, in __init__
    self.rhs = self.get_prep_lookup()
  File "e:\MealMate\backend\venv\lib\site-packages\django\db\models\lookups.py", line 77, in get_prep_lookup
    return self.lhs.output_field.get_prep_value(self.rhs)
  File "e:\MealMate\backend\venv\lib\site-packages\django\db\models\fields\__init__.py", line 1825, in get_prep_value
    raise e.__class__(
TypeError: Field 'id' expected a number but got ObjectId('6a7404d11ae9e6f649ac615b').
--------------------------------------------------------------------------------
Exception on /api/customer/restaurants/:
Traceback (most recent call last):
  File "e:\MealMate\backend\venv\lib\site-packages\django\db\models\fields\related_descriptors.py", line 173, in __get__
    rel_obj = self.field.get_cached_value(instance)
  File "e:\MealMate\backend\venv\lib\site-packages\django\db\models\fields\mixins.py", line 15, in get_cached_value
    return instance._state.fields_cache[cache_name]
KeyError: 'owner'

During handling of the above exception, another exception occurred:

Traceback (most recent call last):
  File "e:\MealMate\backend\venv\lib\site-packages\django\db\models\fields\__init__.py", line 1823, in get_prep_value
    return int(value)
TypeError: int() argument must be a string, a bytes-like object or a real number, not 'ObjectId'

The above exception was the direct cause of the following exception:

Traceback (most recent call last):
  File "e:\MealMate\backend\venv\lib\site-packages\django\core\handlers\base.py", line 181, in _get_response
    response = wrapped_callback(request, *callback_args, **callback_kwargs)
  File "e:\MealMate\backend\venv\lib\site-packages\django\views\decorators\csrf.py", line 54, in wrapped_view
    return view_func(*args, **kwargs)
  File "e:\MealMate\backend\venv\lib\site-packages\rest_framework\viewsets.py", line 125, in view
    return self.dispatch(request, *args, **kwargs)
  File "e:\MealMate\backend\venv\lib\site-packages\rest_framework\views.py", line 509, in dispatch
    response = self.handle_exception(exc)
  File "e:\MealMate\backend\venv\lib\site-packages\rest_framework\views.py", line 469, in handle_exception
    self.raise_uncaught_exception(exc)
  File "e:\MealMate\backend\venv\lib\site-packages\rest_framework\views.py", line 480, in raise_uncaught_exception
    raise exc
  File "e:\MealMate\backend\venv\lib\site-packages\rest_framework\views.py", line 506, in dispatch
    response = handler(request, *args, **kwargs)
  File "e:\MealMate\backend\venv\lib\site-packages\rest_framework\mixins.py", line 46, in list
    return Response(serializer.data)
  File "e:\MealMate\backend\venv\lib\site-packages\rest_framework\serializers.py", line 768, in data
    ret = super().data
  File "e:\MealMate\backend\venv\lib\site-packages\rest_framework\serializers.py", line 253, in data
    self._data = self.to_representation(self.instance)
  File "e:\MealMate\backend\venv\lib\site-packages\rest_framework\serializers.py", line 686, in to_representation
    return [
  File "e:\MealMate\backend\venv\lib\site-packages\rest_framework\serializers.py", line 687, in <listcomp>
    self.child.to_representation(item) for item in iterable
  File "e:\MealMate\backend\venv\lib\site-packages\rest_framework\serializers.py", line 509, in to_representation
    attribute = field.get_attribute(instance)
  File "e:\MealMate\backend\venv\lib\site-packages\rest_framework\fields.py", line 446, in get_attribute
    return get_attribute(instance, self.source_attrs)
  File "e:\MealMate\backend\venv\lib\site-packages\rest_framework\fields.py", line 96, in get_attribute
    instance = getattr(instance, attr)
  File "e:\MealMate\backend\venv\lib\site-packages\django\db\models\fields\related_descriptors.py", line 187, in __get__
    rel_obj = self.get_object(instance)
  File "e:\MealMate\backend\venv\lib\site-packages\django\db\models\fields\related_descriptors.py", line 307, in get_object
    return super().get_object(instance)
  File "e:\MealMate\backend\venv\lib\site-packages\django\db\models\fields\related_descriptors.py", line 154, in get_object
    return qs.get(self.field.get_reverse_related_filter(instance))
  File "e:\MealMate\backend\venv\lib\site-packages\django\db\models\query.py", line 424, in get
    clone = self._chain() if self.query.combinator else self.filter(*args, **kwargs)
  File "e:\MealMate\backend\venv\lib\site-packages\django\db\models\query.py", line 941, in filter
    return self._filter_or_exclude(False, args, kwargs)
  File "e:\MealMate\backend\venv\lib\site-packages\django\db\models\query.py", line 961, in _filter_or_exclude
    clone._filter_or_exclude_inplace(negate, args, kwargs)
  File "e:\MealMate\backend\venv\lib\site-packages\django\db\models\query.py", line 968, in _filter_or_exclude_inplace
    self._query.add_q(Q(*args, **kwargs))
  File "e:\MealMate\backend\venv\lib\site-packages\django\db\models\sql\query.py", line 1416, in add_q
    clause, _ = self._add_q(q_object, self.used_aliases)
  File "e:\MealMate\backend\venv\lib\site-packages\django\db\models\sql\query.py", line 1435, in _add_q
    child_clause, needed_inner = self.build_filter(
  File "e:\MealMate\backend\venv\lib\site-packages\django\db\models\sql\query.py", line 1288, in build_filter
    return self._add_q(
  File "e:\MealMate\backend\venv\lib\site-packages\django\db\models\sql\query.py", line 1435, in _add_q
    child_clause, needed_inner = self.build_filter(
  File "e:\MealMate\backend\venv\lib\site-packages\django\db\models\sql\query.py", line 1370, in build_filter
    condition = self.build_lookup(lookups, col, value)
  File "e:\MealMate\backend\venv\lib\site-packages\django\db\models\sql\query.py", line 1216, in build_lookup
    lookup = lookup_class(lhs, rhs)
  File "e:\MealMate\backend\venv\lib\site-packages\django\db\models\lookups.py", line 25, in __init__
    self.rhs = self.get_prep_lookup()
  File "e:\MealMate\backend\venv\lib\site-packages\django\db\models\lookups.py", line 77, in get_prep_lookup
    return self.lhs.output_field.get_prep_value(self.rhs)
  File "e:\MealMate\backend\venv\lib\site-packages\django\db\models\fields\__init__.py", line 1825, in get_prep_value
    raise e.__class__(
TypeError: Field 'id' expected a number but got ObjectId('6a7404d11ae9e6f649ac615b').
--------------------------------------------------------------------------------
Exception on /api/customer/restaurants/:
Traceback (most recent call last):
  File "e:\MealMate\backend\venv\lib\site-packages\django\db\models\fields\related_descriptors.py", line 173, in __get__
    rel_obj = self.field.get_cached_value(instance)
  File "e:\MealMate\backend\venv\lib\site-packages\django\db\models\fields\mixins.py", line 15, in get_cached_value
    return instance._state.fields_cache[cache_name]
KeyError: 'owner'

During handling of the above exception, another exception occurred:

Traceback (most recent call last):
  File "e:\MealMate\backend\venv\lib\site-packages\django\db\models\fields\__init__.py", line 1823, in get_prep_value
    return int(value)
TypeError: int() argument must be a string, a bytes-like object or a real number, not 'ObjectId'

The above exception was the direct cause of the following exception:

Traceback (most recent call last):
  File "e:\MealMate\backend\venv\lib\site-packages\django\core\handlers\base.py", line 181, in _get_response
    response = wrapped_callback(request, *callback_args, **callback_kwargs)
  File "e:\MealMate\backend\venv\lib\site-packages\django\views\decorators\csrf.py", line 54, in wrapped_view
    return view_func(*args, **kwargs)
  File "e:\MealMate\backend\venv\lib\site-packages\rest_framework\viewsets.py", line 125, in view
    return self.dispatch(request, *args, **kwargs)
  File "e:\MealMate\backend\venv\lib\site-packages\rest_framework\views.py", line 509, in dispatch
    response = self.handle_exception(exc)
  File "e:\MealMate\backend\venv\lib\site-packages\rest_framework\views.py", line 469, in handle_exception
    self.raise_uncaught_exception(exc)
  File "e:\MealMate\backend\venv\lib\site-packages\rest_framework\views.py", line 480, in raise_uncaught_exception
    raise exc
  File "e:\MealMate\backend\venv\lib\site-packages\rest_framework\views.py", line 506, in dispatch
    response = handler(request, *args, **kwargs)
  File "e:\MealMate\backend\venv\lib\site-packages\rest_framework\mixins.py", line 46, in list
    return Response(serializer.data)
  File "e:\MealMate\backend\venv\lib\site-packages\rest_framework\serializers.py", line 768, in data
    ret = super().data
  File "e:\MealMate\backend\venv\lib\site-packages\rest_framework\serializers.py", line 253, in data
    self._data = self.to_representation(self.instance)
  File "e:\MealMate\backend\venv\lib\site-packages\rest_framework\serializers.py", line 686, in to_representation
    return [
  File "e:\MealMate\backend\venv\lib\site-packages\rest_framework\serializers.py", line 687, in <listcomp>
    self.child.to_representation(item) for item in iterable
  File "e:\MealMate\backend\venv\lib\site-packages\rest_framework\serializers.py", line 509, in to_representation
    attribute = field.get_attribute(instance)
  File "e:\MealMate\backend\venv\lib\site-packages\rest_framework\fields.py", line 446, in get_attribute
    return get_attribute(instance, self.source_attrs)
  File "e:\MealMate\backend\venv\lib\site-packages\rest_framework\fields.py", line 96, in get_attribute
    instance = getattr(instance, attr)
  File "e:\MealMate\backend\venv\lib\site-packages\django\db\models\fields\related_descriptors.py", line 187, in __get__
    rel_obj = self.get_object(instance)
  File "e:\MealMate\backend\venv\lib\site-packages\django\db\models\fields\related_descriptors.py", line 307, in get_object
    return super().get_object(instance)
  File "e:\MealMate\backend\venv\lib\site-packages\django\db\models\fields\related_descriptors.py", line 154, in get_object
    return qs.get(self.field.get_reverse_related_filter(instance))
  File "e:\MealMate\backend\venv\lib\site-packages\django\db\models\query.py", line 424, in get
    clone = self._chain() if self.query.combinator else self.filter(*args, **kwargs)
  File "e:\MealMate\backend\venv\lib\site-packages\django\db\models\query.py", line 941, in filter
    return self._filter_or_exclude(False, args, kwargs)
  File "e:\MealMate\backend\venv\lib\site-packages\django\db\models\query.py", line 961, in _filter_or_exclude
    clone._filter_or_exclude_inplace(negate, args, kwargs)
  File "e:\MealMate\backend\venv\lib\site-packages\django\db\models\query.py", line 968, in _filter_or_exclude_inplace
    self._query.add_q(Q(*args, **kwargs))
  File "e:\MealMate\backend\venv\lib\site-packages\django\db\models\sql\query.py", line 1416, in add_q
    clause, _ = self._add_q(q_object, self.used_aliases)
  File "e:\MealMate\backend\venv\lib\site-packages\django\db\models\sql\query.py", line 1435, in _add_q
    child_clause, needed_inner = self.build_filter(
  File "e:\MealMate\backend\venv\lib\site-packages\django\db\models\sql\query.py", line 1288, in build_filter
    return self._add_q(
  File "e:\MealMate\backend\venv\lib\site-packages\django\db\models\sql\query.py", line 1435, in _add_q
    child_clause, needed_inner = self.build_filter(
  File "e:\MealMate\backend\venv\lib\site-packages\django\db\models\sql\query.py", line 1370, in build_filter
    condition = self.build_lookup(lookups, col, value)
  File "e:\MealMate\backend\venv\lib\site-packages\django\db\models\sql\query.py", line 1216, in build_lookup
    lookup = lookup_class(lhs, rhs)
  File "e:\MealMate\backend\venv\lib\site-packages\django\db\models\lookups.py", line 25, in __init__
    self.rhs = self.get_prep_lookup()
  File "e:\MealMate\backend\venv\lib\site-packages\django\db\models\lookups.py", line 77, in get_prep_lookup
    return self.lhs.output_field.get_prep_value(self.rhs)
  File "e:\MealMate\backend\venv\lib\site-packages\django\db\models\fields\__init__.py", line 1825, in get_prep_value
    raise e.__class__(
TypeError: Field 'id' expected a number but got ObjectId('6a7404d11ae9e6f649ac615b').
--------------------------------------------------------------------------------
Exception on /api/customer/restaurants/:
Traceback (most recent call last):
  File "e:\MealMate\backend\venv\lib\site-packages\django\db\models\fields\related_descriptors.py", line 173, in __get__
    rel_obj = self.field.get_cached_value(instance)
  File "e:\MealMate\backend\venv\lib\site-packages\django\db\models\fields\mixins.py", line 15, in get_cached_value
    return instance._state.fields_cache[cache_name]
KeyError: 'owner'

During handling of the above exception, another exception occurred:

Traceback (most recent call last):
  File "e:\MealMate\backend\venv\lib\site-packages\django\db\models\fields\__init__.py", line 1823, in get_prep_value
    return int(value)
TypeError: int() argument must be a string, a bytes-like object or a real number, not 'ObjectId'

The above exception was the direct cause of the following exception:

Traceback (most recent call last):
  File "e:\MealMate\backend\venv\lib\site-packages\django\core\handlers\base.py", line 181, in _get_response
    response = wrapped_callback(request, *callback_args, **callback_kwargs)
  File "e:\MealMate\backend\venv\lib\site-packages\django\views\decorators\csrf.py", line 54, in wrapped_view
    return view_func(*args, **kwargs)
  File "e:\MealMate\backend\venv\lib\site-packages\rest_framework\viewsets.py", line 125, in view
    return self.dispatch(request, *args, **kwargs)
  File "e:\MealMate\backend\venv\lib\site-packages\rest_framework\views.py", line 509, in dispatch
    response = self.handle_exception(exc)
  File "e:\MealMate\backend\venv\lib\site-packages\rest_framework\views.py", line 469, in handle_exception
    self.raise_uncaught_exception(exc)
  File "e:\MealMate\backend\venv\lib\site-packages\rest_framework\views.py", line 480, in raise_uncaught_exception
    raise exc
  File "e:\MealMate\backend\venv\lib\site-packages\rest_framework\views.py", line 506, in dispatch
    response = handler(request, *args, **kwargs)
  File "e:\MealMate\backend\venv\lib\site-packages\rest_framework\mixins.py", line 46, in list
    return Response(serializer.data)
  File "e:\MealMate\backend\venv\lib\site-packages\rest_framework\serializers.py", line 768, in data
    ret = super().data
  File "e:\MealMate\backend\venv\lib\site-packages\rest_framework\serializers.py", line 253, in data
    self._data = self.to_representation(self.instance)
  File "e:\MealMate\backend\venv\lib\site-packages\rest_framework\serializers.py", line 686, in to_representation
    return [
  File "e:\MealMate\backend\venv\lib\site-packages\rest_framework\serializers.py", line 687, in <listcomp>
    self.child.to_representation(item) for item in iterable
  File "e:\MealMate\backend\venv\lib\site-packages\rest_framework\serializers.py", line 509, in to_representation
    attribute = field.get_attribute(instance)
  File "e:\MealMate\backend\venv\lib\site-packages\rest_framework\fields.py", line 446, in get_attribute
    return get_attribute(instance, self.source_attrs)
  File "e:\MealMate\backend\venv\lib\site-packages\rest_framework\fields.py", line 96, in get_attribute
    instance = getattr(instance, attr)
  File "e:\MealMate\backend\venv\lib\site-packages\django\db\models\fields\related_descriptors.py", line 187, in __get__
    rel_obj = self.get_object(instance)
  File "e:\MealMate\backend\venv\lib\site-packages\django\db\models\fields\related_descriptors.py", line 307, in get_object
    return super().get_object(instance)
  File "e:\MealMate\backend\venv\lib\site-packages\django\db\models\fields\related_descriptors.py", line 154, in get_object
    return qs.get(self.field.get_reverse_related_filter(instance))
  File "e:\MealMate\backend\venv\lib\site-packages\django\db\models\query.py", line 424, in get
    clone = self._chain() if self.query.combinator else self.filter(*args, **kwargs)
  File "e:\MealMate\backend\venv\lib\site-packages\django\db\models\query.py", line 941, in filter
    return self._filter_or_exclude(False, args, kwargs)
  File "e:\MealMate\backend\venv\lib\site-packages\django\db\models\query.py", line 961, in _filter_or_exclude
    clone._filter_or_exclude_inplace(negate, args, kwargs)
  File "e:\MealMate\backend\venv\lib\site-packages\django\db\models\query.py", line 968, in _filter_or_exclude_inplace
    self._query.add_q(Q(*args, **kwargs))
  File "e:\MealMate\backend\venv\lib\site-packages\django\db\models\sql\query.py", line 1416, in add_q
    clause, _ = self._add_q(q_object, self.used_aliases)
  File "e:\MealMate\backend\venv\lib\site-packages\django\db\models\sql\query.py", line 1435, in _add_q
    child_clause, needed_inner = self.build_filter(
  File "e:\MealMate\backend\venv\lib\site-packages\django\db\models\sql\query.py", line 1288, in build_filter
    return self._add_q(
  File "e:\MealMate\backend\venv\lib\site-packages\django\db\models\sql\query.py", line 1435, in _add_q
    child_clause, needed_inner = self.build_filter(
  File "e:\MealMate\backend\venv\lib\site-packages\django\db\models\sql\query.py", line 1370, in build_filter
    condition = self.build_lookup(lookups, col, value)
  File "e:\MealMate\backend\venv\lib\site-packages\django\db\models\sql\query.py", line 1216, in build_lookup
    lookup = lookup_class(lhs, rhs)
  File "e:\MealMate\backend\venv\lib\site-packages\django\db\models\lookups.py", line 25, in __init__
    self.rhs = self.get_prep_lookup()
  File "e:\MealMate\backend\venv\lib\site-packages\django\db\models\lookups.py", line 77, in get_prep_lookup
    return self.lhs.output_field.get_prep_value(self.rhs)
  File "e:\MealMate\backend\venv\lib\site-packages\django\db\models\fields\__init__.py", line 1825, in get_prep_value
    raise e.__class__(
TypeError: Field 'id' expected a number but got ObjectId('6a7404d11ae9e6f649ac615b').
--------------------------------------------------------------------------------
Exception on /api/customer/restaurants/:
Traceback (most recent call last):
  File "e:\MealMate\backend\venv\lib\site-packages\django\db\models\fields\related_descriptors.py", line 173, in __get__
    rel_obj = self.field.get_cached_value(instance)
  File "e:\MealMate\backend\venv\lib\site-packages\django\db\models\fields\mixins.py", line 15, in get_cached_value
    return instance._state.fields_cache[cache_name]
KeyError: 'owner'

During handling of the above exception, another exception occurred:

Traceback (most recent call last):
  File "e:\MealMate\backend\venv\lib\site-packages\django\db\models\fields\__init__.py", line 1823, in get_prep_value
    return int(value)
TypeError: int() argument must be a string, a bytes-like object or a real number, not 'ObjectId'

The above exception was the direct cause of the following exception:

Traceback (most recent call last):
  File "e:\MealMate\backend\venv\lib\site-packages\django\core\handlers\base.py", line 181, in _get_response
    response = wrapped_callback(request, *callback_args, **callback_kwargs)
  File "e:\MealMate\backend\venv\lib\site-packages\django\views\decorators\csrf.py", line 54, in wrapped_view
    return view_func(*args, **kwargs)
  File "e:\MealMate\backend\venv\lib\site-packages\rest_framework\viewsets.py", line 125, in view
    return self.dispatch(request, *args, **kwargs)
  File "e:\MealMate\backend\venv\lib\site-packages\rest_framework\views.py", line 509, in dispatch
    response = self.handle_exception(exc)
  File "e:\MealMate\backend\venv\lib\site-packages\rest_framework\views.py", line 469, in handle_exception
    self.raise_uncaught_exception(exc)
  File "e:\MealMate\backend\venv\lib\site-packages\rest_framework\views.py", line 480, in raise_uncaught_exception
    raise exc
  File "e:\MealMate\backend\venv\lib\site-packages\rest_framework\views.py", line 506, in dispatch
    response = handler(request, *args, **kwargs)
  File "e:\MealMate\backend\venv\lib\site-packages\rest_framework\mixins.py", line 46, in list
    return Response(serializer.data)
  File "e:\MealMate\backend\venv\lib\site-packages\rest_framework\serializers.py", line 768, in data
    ret = super().data
  File "e:\MealMate\backend\venv\lib\site-packages\rest_framework\serializers.py", line 253, in data
    self._data = self.to_representation(self.instance)
  File "e:\MealMate\backend\venv\lib\site-packages\rest_framework\serializers.py", line 686, in to_representation
    return [
  File "e:\MealMate\backend\venv\lib\site-packages\rest_framework\serializers.py", line 687, in <listcomp>
    self.child.to_representation(item) for item in iterable
  File "e:\MealMate\backend\venv\lib\site-packages\rest_framework\serializers.py", line 509, in to_representation
    attribute = field.get_attribute(instance)
  File "e:\MealMate\backend\venv\lib\site-packages\rest_framework\fields.py", line 446, in get_attribute
    return get_attribute(instance, self.source_attrs)
  File "e:\MealMate\backend\venv\lib\site-packages\rest_framework\fields.py", line 96, in get_attribute
    instance = getattr(instance, attr)
  File "e:\MealMate\backend\venv\lib\site-packages\django\db\models\fields\related_descriptors.py", line 187, in __get__
    rel_obj = self.get_object(instance)
  File "e:\MealMate\backend\venv\lib\site-packages\django\db\models\fields\related_descriptors.py", line 307, in get_object
    return super().get_object(instance)
  File "e:\MealMate\backend\venv\lib\site-packages\django\db\models\fields\related_descriptors.py", line 154, in get_object
    return qs.get(self.field.get_reverse_related_filter(instance))
  File "e:\MealMate\backend\venv\lib\site-packages\django\db\models\query.py", line 424, in get
    clone = self._chain() if self.query.combinator else self.filter(*args, **kwargs)
  File "e:\MealMate\backend\venv\lib\site-packages\django\db\models\query.py", line 941, in filter
    return self._filter_or_exclude(False, args, kwargs)
  File "e:\MealMate\backend\venv\lib\site-packages\django\db\models\query.py", line 961, in _filter_or_exclude
    clone._filter_or_exclude_inplace(negate, args, kwargs)
  File "e:\MealMate\backend\venv\lib\site-packages\django\db\models\query.py", line 968, in _filter_or_exclude_inplace
    self._query.add_q(Q(*args, **kwargs))
  File "e:\MealMate\backend\venv\lib\site-packages\django\db\models\sql\query.py", line 1416, in add_q
    clause, _ = self._add_q(q_object, self.used_aliases)
  File "e:\MealMate\backend\venv\lib\site-packages\django\db\models\sql\query.py", line 1435, in _add_q
    child_clause, needed_inner = self.build_filter(
  File "e:\MealMate\backend\venv\lib\site-packages\django\db\models\sql\query.py", line 1288, in build_filter
    return self._add_q(
  File "e:\MealMate\backend\venv\lib\site-packages\django\db\models\sql\query.py", line 1435, in _add_q
    child_clause, needed_inner = self.build_filter(
  File "e:\MealMate\backend\venv\lib\site-packages\django\db\models\sql\query.py", line 1370, in build_filter
    condition = self.build_lookup(lookups, col, value)
  File "e:\MealMate\backend\venv\lib\site-packages\django\db\models\sql\query.py", line 1216, in build_lookup
    lookup = lookup_class(lhs, rhs)
  File "e:\MealMate\backend\venv\lib\site-packages\django\db\models\lookups.py", line 25, in __init__
    self.rhs = self.get_prep_lookup()
  File "e:\MealMate\backend\venv\lib\site-packages\django\db\models\lookups.py", line 77, in get_prep_lookup
    return self.lhs.output_field.get_prep_value(self.rhs)
  File "e:\MealMate\backend\venv\lib\site-packages\django\db\models\fields\__init__.py", line 1825, in get_prep_value
    raise e.__class__(
TypeError: Field 'id' expected a number but got ObjectId('6a7404d11ae9e6f649ac615b').
--------------------------------------------------------------------------------
Exception on /api/customer/restaurants/:
Traceback (most recent call last):
  File "e:\MealMate\backend\venv\lib\site-packages\django\db\models\fields\related_descriptors.py", line 173, in __get__
    rel_obj = self.field.get_cached_value(instance)
  File "e:\MealMate\backend\venv\lib\site-packages\django\db\models\fields\mixins.py", line 15, in get_cached_value
    return instance._state.fields_cache[cache_name]
KeyError: 'owner'

During handling of the above exception, another exception occurred:

Traceback (most recent call last):
  File "e:\MealMate\backend\venv\lib\site-packages\django\db\models\fields\__init__.py", line 1823, in get_prep_value
    return int(value)
TypeError: int() argument must be a string, a bytes-like object or a real number, not 'ObjectId'

The above exception was the direct cause of the following exception:

Traceback (most recent call last):
  File "e:\MealMate\backend\venv\lib\site-packages\django\core\handlers\base.py", line 181, in _get_response
    response = wrapped_callback(request, *callback_args, **callback_kwargs)
  File "e:\MealMate\backend\venv\lib\site-packages\django\views\decorators\csrf.py", line 54, in wrapped_view
    return view_func(*args, **kwargs)
  File "e:\MealMate\backend\venv\lib\site-packages\rest_framework\viewsets.py", line 125, in view
    return self.dispatch(request, *args, **kwargs)
  File "e:\MealMate\backend\venv\lib\site-packages\rest_framework\views.py", line 509, in dispatch
    response = self.handle_exception(exc)
  File "e:\MealMate\backend\venv\lib\site-packages\rest_framework\views.py", line 469, in handle_exception
    self.raise_uncaught_exception(exc)
  File "e:\MealMate\backend\venv\lib\site-packages\rest_framework\views.py", line 480, in raise_uncaught_exception
    raise exc
  File "e:\MealMate\backend\venv\lib\site-packages\rest_framework\views.py", line 506, in dispatch
    response = handler(request, *args, **kwargs)
  File "e:\MealMate\backend\venv\lib\site-packages\rest_framework\mixins.py", line 46, in list
    return Response(serializer.data)
  File "e:\MealMate\backend\venv\lib\site-packages\rest_framework\serializers.py", line 768, in data
    ret = super().data
  File "e:\MealMate\backend\venv\lib\site-packages\rest_framework\serializers.py", line 253, in data
    self._data = self.to_representation(self.instance)
  File "e:\MealMate\backend\venv\lib\site-packages\rest_framework\serializers.py", line 686, in to_representation
    return [
  File "e:\MealMate\backend\venv\lib\site-packages\rest_framework\serializers.py", line 687, in <listcomp>
    self.child.to_representation(item) for item in iterable
  File "e:\MealMate\backend\venv\lib\site-packages\rest_framework\serializers.py", line 509, in to_representation
    attribute = field.get_attribute(instance)
  File "e:\MealMate\backend\venv\lib\site-packages\rest_framework\fields.py", line 446, in get_attribute
    return get_attribute(instance, self.source_attrs)
  File "e:\MealMate\backend\venv\lib\site-packages\rest_framework\fields.py", line 96, in get_attribute
    instance = getattr(instance, attr)
  File "e:\MealMate\backend\venv\lib\site-packages\django\db\models\fields\related_descriptors.py", line 187, in __get__
    rel_obj = self.get_object(instance)
  File "e:\MealMate\backend\venv\lib\site-packages\django\db\models\fields\related_descriptors.py", line 307, in get_object
    return super().get_object(instance)
  File "e:\MealMate\backend\venv\lib\site-packages\django\db\models\fields\related_descriptors.py", line 154, in get_object
    return qs.get(self.field.get_reverse_related_filter(instance))
  File "e:\MealMate\backend\venv\lib\site-packages\django\db\models\query.py", line 424, in get
    clone = self._chain() if self.query.combinator else self.filter(*args, **kwargs)
  File "e:\MealMate\backend\venv\lib\site-packages\django\db\models\query.py", line 941, in filter
    return self._filter_or_exclude(False, args, kwargs)
  File "e:\MealMate\backend\venv\lib\site-packages\django\db\models\query.py", line 961, in _filter_or_exclude
    clone._filter_or_exclude_inplace(negate, args, kwargs)
  File "e:\MealMate\backend\venv\lib\site-packages\django\db\models\query.py", line 968, in _filter_or_exclude_inplace
    self._query.add_q(Q(*args, **kwargs))
  File "e:\MealMate\backend\venv\lib\site-packages\django\db\models\sql\query.py", line 1416, in add_q
    clause, _ = self._add_q(q_object, self.used_aliases)
  File "e:\MealMate\backend\venv\lib\site-packages\django\db\models\sql\query.py", line 1435, in _add_q
    child_clause, needed_inner = self.build_filter(
  File "e:\MealMate\backend\venv\lib\site-packages\django\db\models\sql\query.py", line 1288, in build_filter
    return self._add_q(
  File "e:\MealMate\backend\venv\lib\site-packages\django\db\models\sql\query.py", line 1435, in _add_q
    child_clause, needed_inner = self.build_filter(
  File "e:\MealMate\backend\venv\lib\site-packages\django\db\models\sql\query.py", line 1370, in build_filter
    condition = self.build_lookup(lookups, col, value)
  File "e:\MealMate\backend\venv\lib\site-packages\django\db\models\sql\query.py", line 1216, in build_lookup
    lookup = lookup_class(lhs, rhs)
  File "e:\MealMate\backend\venv\lib\site-packages\django\db\models\lookups.py", line 25, in __init__
    self.rhs = self.get_prep_lookup()
  File "e:\MealMate\backend\venv\lib\site-packages\django\db\models\lookups.py", line 77, in get_prep_lookup
    return self.lhs.output_field.get_prep_value(self.rhs)
  File "e:\MealMate\backend\venv\lib\site-packages\django\db\models\fields\__init__.py", line 1825, in get_prep_value
    raise e.__class__(
TypeError: Field 'id' expected a number but got ObjectId('6a7404d11ae9e6f649ac615b').
--------------------------------------------------------------------------------
Exception on /api/customer/restaurants/:
Traceback (most recent call last):
  File "e:\MealMate\backend\venv\lib\site-packages\django\core\handlers\base.py", line 204, in _get_response
    response = response.render()
  File "e:\MealMate\backend\venv\lib\site-packages\django\template\response.py", line 105, in render
    self.content = self.rendered_content
  File "e:\MealMate\backend\venv\lib\site-packages\rest_framework\response.py", line 70, in rendered_content
    ret = renderer.render(self.data, accepted_media_type, context)
  File "e:\MealMate\backend\venv\lib\site-packages\rest_framework\renderers.py", line 99, in render
    ret = json.dumps(
  File "e:\MealMate\backend\venv\lib\site-packages\rest_framework\utils\json.py", line 25, in dumps
    return json.dumps(*args, **kwargs)
  File "C:\Users\SOHAM\AppData\Local\Programs\Python\Python310\lib\json\__init__.py", line 238, in dumps
    **kw).encode(obj)
  File "C:\Users\SOHAM\AppData\Local\Programs\Python\Python310\lib\json\encoder.py", line 199, in encode
    chunks = self.iterencode(o, _one_shot=True)
  File "C:\Users\SOHAM\AppData\Local\Programs\Python\Python310\lib\json\encoder.py", line 257, in iterencode
    return _iterencode(o, 0)
  File "e:\MealMate\backend\venv\lib\site-packages\rest_framework\utils\encoders.py", line 67, in default
    return super().default(obj)
  File "C:\Users\SOHAM\AppData\Local\Programs\Python\Python310\lib\json\encoder.py", line 179, in default
    raise TypeError(f'Object of type {o.__class__.__name__} '
TypeError: Object of type ObjectId is not JSON serializable
--------------------------------------------------------------------------------
Exception on /api/customer/restaurants/:
Traceback (most recent call last):
  File "e:\MealMate\backend\venv\lib\site-packages\django\core\handlers\base.py", line 204, in _get_response
    response = response.render()
  File "e:\MealMate\backend\venv\lib\site-packages\django\template\response.py", line 105, in render
    self.content = self.rendered_content
  File "e:\MealMate\backend\venv\lib\site-packages\rest_framework\response.py", line 70, in rendered_content
    ret = renderer.render(self.data, accepted_media_type, context)
  File "e:\MealMate\backend\venv\lib\site-packages\rest_framework\renderers.py", line 99, in render
    ret = json.dumps(
  File "e:\MealMate\backend\venv\lib\site-packages\rest_framework\utils\json.py", line 25, in dumps
    return json.dumps(*args, **kwargs)
  File "C:\Users\SOHAM\AppData\Local\Programs\Python\Python310\lib\json\__init__.py", line 238, in dumps
    **kw).encode(obj)
  File "C:\Users\SOHAM\AppData\Local\Programs\Python\Python310\lib\json\encoder.py", line 199, in encode
    chunks = self.iterencode(o, _one_shot=True)
  File "C:\Users\SOHAM\AppData\Local\Programs\Python\Python310\lib\json\encoder.py", line 257, in iterencode
    return _iterencode(o, 0)
  File "e:\MealMate\backend\venv\lib\site-packages\rest_framework\utils\encoders.py", line 67, in default
    return super().default(obj)
  File "C:\Users\SOHAM\AppData\Local\Programs\Python\Python310\lib\json\encoder.py", line 179, in default
    raise TypeError(f'Object of type {o.__class__.__name__} '
TypeError: Object of type ObjectId is not JSON serializable
--------------------------------------------------------------------------------
Exception on /api/customer/restaurants/:
Traceback (most recent call last):
  File "e:\MealMate\backend\venv\lib\site-packages\django\core\handlers\base.py", line 204, in _get_response
    response = response.render()
  File "e:\MealMate\backend\venv\lib\site-packages\django\template\response.py", line 105, in render
    self.content = self.rendered_content
  File "e:\MealMate\backend\venv\lib\site-packages\rest_framework\response.py", line 70, in rendered_content
    ret = renderer.render(self.data, accepted_media_type, context)
  File "e:\MealMate\backend\venv\lib\site-packages\rest_framework\renderers.py", line 99, in render
    ret = json.dumps(
  File "e:\MealMate\backend\venv\lib\site-packages\rest_framework\utils\json.py", line 25, in dumps
    return json.dumps(*args, **kwargs)
  File "C:\Users\SOHAM\AppData\Local\Programs\Python\Python310\lib\json\__init__.py", line 238, in dumps
    **kw).encode(obj)
  File "C:\Users\SOHAM\AppData\Local\Programs\Python\Python310\lib\json\encoder.py", line 199, in encode
    chunks = self.iterencode(o, _one_shot=True)
  File "C:\Users\SOHAM\AppData\Local\Programs\Python\Python310\lib\json\encoder.py", line 257, in iterencode
    return _iterencode(o, 0)
  File "e:\MealMate\backend\venv\lib\site-packages\rest_framework\utils\encoders.py", line 67, in default
    return super().default(obj)
  File "C:\Users\SOHAM\AppData\Local\Programs\Python\Python310\lib\json\encoder.py", line 179, in default
    raise TypeError(f'Object of type {o.__class__.__name__} '
TypeError: Object of type ObjectId is not JSON serializable
--------------------------------------------------------------------------------
Exception on /api/customer/restaurants/:
Traceback (most recent call last):
  File "e:\MealMate\backend\venv\lib\site-packages\django\core\handlers\base.py", line 204, in _get_response
    response = response.render()
  File "e:\MealMate\backend\venv\lib\site-packages\django\template\response.py", line 105, in render
    self.content = self.rendered_content
  File "e:\MealMate\backend\venv\lib\site-packages\rest_framework\response.py", line 70, in rendered_content
    ret = renderer.render(self.data, accepted_media_type, context)
  File "e:\MealMate\backend\venv\lib\site-packages\rest_framework\renderers.py", line 99, in render
    ret = json.dumps(
  File "e:\MealMate\backend\venv\lib\site-packages\rest_framework\utils\json.py", line 25, in dumps
    return json.dumps(*args, **kwargs)
  File "C:\Users\SOHAM\AppData\Local\Programs\Python\Python310\lib\json\__init__.py", line 238, in dumps
    **kw).encode(obj)
  File "C:\Users\SOHAM\AppData\Local\Programs\Python\Python310\lib\json\encoder.py", line 199, in encode
    chunks = self.iterencode(o, _one_shot=True)
  File "C:\Users\SOHAM\AppData\Local\Programs\Python\Python310\lib\json\encoder.py", line 257, in iterencode
    return _iterencode(o, 0)
  File "e:\MealMate\backend\venv\lib\site-packages\rest_framework\utils\encoders.py", line 67, in default
    return super().default(obj)
  File "C:\Users\SOHAM\AppData\Local\Programs\Python\Python310\lib\json\encoder.py", line 179, in default
    raise TypeError(f'Object of type {o.__class__.__name__} '
TypeError: Object of type ObjectId is not JSON serializable
--------------------------------------------------------------------------------
Exception on /api/customer/restaurants/:
Traceback (most recent call last):
  File "e:\MealMate\backend\venv\lib\site-packages\django\core\handlers\base.py", line 204, in _get_response
    response = response.render()
  File "e:\MealMate\backend\venv\lib\site-packages\django\template\response.py", line 105, in render
    self.content = self.rendered_content
  File "e:\MealMate\backend\venv\lib\site-packages\rest_framework\response.py", line 70, in rendered_content
    ret = renderer.render(self.data, accepted_media_type, context)
  File "e:\MealMate\backend\venv\lib\site-packages\rest_framework\renderers.py", line 99, in render
    ret = json.dumps(
  File "e:\MealMate\backend\venv\lib\site-packages\rest_framework\utils\json.py", line 25, in dumps
    return json.dumps(*args, **kwargs)
  File "C:\Users\SOHAM\AppData\Local\Programs\Python\Python310\lib\json\__init__.py", line 238, in dumps
    **kw).encode(obj)
  File "C:\Users\SOHAM\AppData\Local\Programs\Python\Python310\lib\json\encoder.py", line 199, in encode
    chunks = self.iterencode(o, _one_shot=True)
  File "C:\Users\SOHAM\AppData\Local\Programs\Python\Python310\lib\json\encoder.py", line 257, in iterencode
    return _iterencode(o, 0)
  File "e:\MealMate\backend\venv\lib\site-packages\rest_framework\utils\encoders.py", line 67, in default
    return super().default(obj)
  File "C:\Users\SOHAM\AppData\Local\Programs\Python\Python310\lib\json\encoder.py", line 179, in default
    raise TypeError(f'Object of type {o.__class__.__name__} '
TypeError: Object of type ObjectId is not JSON serializable
--------------------------------------------------------------------------------
Exception on /api/customer/restaurants/:
Traceback (most recent call last):
  File "e:\MealMate\backend\venv\lib\site-packages\django\core\handlers\base.py", line 204, in _get_response
    response = response.render()
  File "e:\MealMate\backend\venv\lib\site-packages\django\template\response.py", line 105, in render
    self.content = self.rendered_content
  File "e:\MealMate\backend\venv\lib\site-packages\rest_framework\response.py", line 70, in rendered_content
    ret = renderer.render(self.data, accepted_media_type, context)
  File "e:\MealMate\backend\venv\lib\site-packages\rest_framework\renderers.py", line 99, in render
    ret = json.dumps(
  File "e:\MealMate\backend\venv\lib\site-packages\rest_framework\utils\json.py", line 25, in dumps
    return json.dumps(*args, **kwargs)
  File "C:\Users\SOHAM\AppData\Local\Programs\Python\Python310\lib\json\__init__.py", line 238, in dumps
    **kw).encode(obj)
  File "C:\Users\SOHAM\AppData\Local\Programs\Python\Python310\lib\json\encoder.py", line 199, in encode
    chunks = self.iterencode(o, _one_shot=True)
  File "C:\Users\SOHAM\AppData\Local\Programs\Python\Python310\lib\json\encoder.py", line 257, in iterencode
    return _iterencode(o, 0)
  File "e:\MealMate\backend\venv\lib\site-packages\rest_framework\utils\encoders.py", line 67, in default
    return super().default(obj)
  File "C:\Users\SOHAM\AppData\Local\Programs\Python\Python310\lib\json\encoder.py", line 179, in default
    raise TypeError(f'Object of type {o.__class__.__name__} '
TypeError: Object of type ObjectId is not JSON serializable
--------------------------------------------------------------------------------
Exception on /api/customer/restaurants/:
Traceback (most recent call last):
  File "e:\MealMate\backend\venv\lib\site-packages\django\core\handlers\base.py", line 204, in _get_response
    response = response.render()
  File "e:\MealMate\backend\venv\lib\site-packages\django\template\response.py", line 105, in render
    self.content = self.rendered_content
  File "e:\MealMate\backend\venv\lib\site-packages\rest_framework\response.py", line 70, in rendered_content
    ret = renderer.render(self.data, accepted_media_type, context)
  File "e:\MealMate\backend\venv\lib\site-packages\rest_framework\renderers.py", line 99, in render
    ret = json.dumps(
  File "e:\MealMate\backend\venv\lib\site-packages\rest_framework\utils\json.py", line 25, in dumps
    return json.dumps(*args, **kwargs)
  File "C:\Users\SOHAM\AppData\Local\Programs\Python\Python310\lib\json\__init__.py", line 238, in dumps
    **kw).encode(obj)
  File "C:\Users\SOHAM\AppData\Local\Programs\Python\Python310\lib\json\encoder.py", line 199, in encode
    chunks = self.iterencode(o, _one_shot=True)
  File "C:\Users\SOHAM\AppData\Local\Programs\Python\Python310\lib\json\encoder.py", line 257, in iterencode
    return _iterencode(o, 0)
  File "e:\MealMate\backend\venv\lib\site-packages\rest_framework\utils\encoders.py", line 67, in default
    return super().default(obj)
  File "C:\Users\SOHAM\AppData\Local\Programs\Python\Python310\lib\json\encoder.py", line 179, in default
    raise TypeError(f'Object of type {o.__class__.__name__} '
TypeError: Object of type ObjectId is not JSON serializable
--------------------------------------------------------------------------------
